=============Test Result==========
Test Sample 0 - Label : 7, Result : 7 -> True
Test Sample 1 - Label : 2, Result : 2 -> True
Test Sample 2 - Label : 1, Result : 1 -> True
Test Sample 3 - Label : 0, Result : 0 -> True
Test Sample 4 - Label : 4, Result : 4 -> True
Test Sample 5 - Label : 1, Result : 1 -> True
Test Sample 6 - Label : 4, Result : 4 -> True
Test Sample 7 - Label : 9, Result : 9 -> True
Test Sample 8 - Label : 5, Result : 5 -> True
Test Sample 9 - Label : 9, Result : 9 -> True
Test Sample 10 - Label : 0, Result : 0 -> True
Test Sample 11 - Label : 6, Result : 6 -> True
Test Sample 12 - Label : 9, Result : 9 -> True
Test Sample 13 - Label : 0, Result : 0 -> True
Test Sample 14 - Label : 1, Result : 1 -> True
Test Sample 15 - Label : 5, Result : 5 -> True
Test Sample 16 - Label : 9, Result : 9 -> True
Test Sample 17 - Label : 7, Result : 7 -> True
Test Sample 18 - Label : 3, Result : 3 -> True
Test Sample 19 - Label : 4, Result : 4 -> True
Test Sample 20 - Label : 9, Result : 9 -> True
Test Sample 21 - Label : 6, Result : 6 -> True
Test Sample 22 - Label : 6, Result : 6 -> True
Test Sample 23 - Label : 5, Result : 5 -> True
Test Sample 24 - Label : 4, Result : 4 -> True
Test Sample 25 - Label : 0, Result : 0 -> True
Test Sample 26 - Label : 7, Result : 7 -> True
Test Sample 27 - Label : 4, Result : 4 -> True
Test Sample 28 - Label : 0, Result : 0 -> True
Test Sample 29 - Label : 1, Result : 1 -> True
Test Sample 30 - Label : 3, Result : 3 -> True
Test Sample 31 - Label : 1, Result : 1 -> True
Test Sample 32 - Label : 3, Result : 3 -> True
Test Sample 33 - Label : 4, Result : 4 -> True
Test Sample 34 - Label : 7, Result : 7 -> True
Test Sample 35 - Label : 2, Result : 2 -> True
Test Sample 36 - Label : 7, Result : 7 -> True
Test Sample 37 - Label : 1, Result : 1 -> True
Test Sample 38 - Label : 2, Result : 2 -> True
Test Sample 39 - Label : 1, Result : 1 -> True
Test Sample 40 - Label : 1, Result : 1 -> True
Test Sample 41 - Label : 7, Result : 7 -> True
Test Sample 42 - Label : 4, Result : 4 -> True
Test Sample 43 - Label : 2, Result : 2 -> True
Test Sample 44 - Label : 3, Result : 3 -> True
Test Sample 45 - Label : 5, Result : 5 -> True
Test Sample 46 - Label : 1, Result : 1 -> True
Test Sample 47 - Label : 2, Result : 2 -> True
Test Sample 48 - Label : 4, Result : 4 -> True
Test Sample 49 - Label : 4, Result : 4 -> True
Test Sample 50 - Label : 6, Result : 6 -> True
Test Sample 51 - Label : 3, Result : 3 -> True
Test Sample 52 - Label : 5, Result : 5 -> True
Test Sample 53 - Label : 5, Result : 5 -> True
Test Sample 54 - Label : 6, Result : 6 -> True
Test Sample 55 - Label : 0, Result : 0 -> True
Test Sample 56 - Label : 4, Result : 4 -> True
Test Sample 57 - Label : 1, Result : 1 -> True
Test Sample 58 - Label : 9, Result : 9 -> True
Test Sample 59 - Label : 5, Result : 5 -> True
Test Sample 60 - Label : 7, Result : 7 -> True
Test Sample 61 - Label : 8, Result : 8 -> True
Test Sample 62 - Label : 9, Result : 9 -> True
Test Sample 63 - Label : 3, Result : 3 -> True
Test Sample 64 - Label : 7, Result : 7 -> True
Test Sample 65 - Label : 4, Result : 4 -> True
Test Sample 66 - Label : 6, Result : 6 -> True
Test Sample 67 - Label : 4, Result : 4 -> True
Test Sample 68 - Label : 3, Result : 3 -> True
Test Sample 69 - Label : 0, Result : 0 -> True
Test Sample 70 - Label : 7, Result : 7 -> True
Test Sample 71 - Label : 0, Result : 0 -> True
Test Sample 72 - Label : 2, Result : 2 -> True
Test Sample 73 - Label : 9, Result : 9 -> True
Test Sample 74 - Label : 1, Result : 1 -> True
Test Sample 75 - Label : 7, Result : 7 -> True
Test Sample 76 - Label : 3, Result : 3 -> True
Test Sample 77 - Label : 2, Result : 2 -> True
Test Sample 78 - Label : 9, Result : 9 -> True
Test Sample 79 - Label : 7, Result : 7 -> True
Test Sample 80 - Label : 7, Result : 7 -> True
Test Sample 81 - Label : 6, Result : 6 -> True
Test Sample 82 - Label : 2, Result : 2 -> True
Test Sample 83 - Label : 7, Result : 7 -> True
Test Sample 84 - Label : 8, Result : 8 -> True
Test Sample 85 - Label : 4, Result : 4 -> True
Test Sample 86 - Label : 7, Result : 7 -> True
Test Sample 87 - Label : 3, Result : 3 -> True
Test Sample 88 - Label : 6, Result : 6 -> True
Test Sample 89 - Label : 1, Result : 1 -> True
Test Sample 90 - Label : 3, Result : 3 -> True
Test Sample 91 - Label : 6, Result : 6 -> True
Test Sample 92 - Label : 9, Result : 9 -> True
Test Sample 93 - Label : 3, Result : 3 -> True
Test Sample 94 - Label : 1, Result : 1 -> True
Test Sample 95 - Label : 4, Result : 4 -> True
Test Sample 96 - Label : 1, Result : 1 -> True
Test Sample 97 - Label : 7, Result : 7 -> True
Test Sample 98 - Label : 6, Result : 6 -> True
Test Sample 99 - Label : 9, Result : 9 -> True
Test Sample 100 - Label : 6, Result : 6 -> True
Test Sample 101 - Label : 0, Result : 0 -> True
Test Sample 102 - Label : 5, Result : 5 -> True
Test Sample 103 - Label : 4, Result : 4 -> True
Test Sample 104 - Label : 9, Result : 9 -> True
Test Sample 105 - Label : 9, Result : 9 -> True
Test Sample 106 - Label : 2, Result : 2 -> True
Test Sample 107 - Label : 1, Result : 1 -> True
Test Sample 108 - Label : 9, Result : 9 -> True
Test Sample 109 - Label : 4, Result : 4 -> True
Test Sample 110 - Label : 8, Result : 8 -> True
Test Sample 111 - Label : 7, Result : 7 -> True
Test Sample 112 - Label : 3, Result : 3 -> True
Test Sample 113 - Label : 9, Result : 9 -> True
Test Sample 114 - Label : 7, Result : 7 -> True
Test Sample 115 - Label : 4, Result : 4 -> True
Test Sample 116 - Label : 4, Result : 4 -> True
Test Sample 117 - Label : 4, Result : 4 -> True
Test Sample 118 - Label : 9, Result : 9 -> True
Test Sample 119 - Label : 2, Result : 2 -> True
Test Sample 120 - Label : 5, Result : 5 -> True
Test Sample 121 - Label : 4, Result : 4 -> True
Test Sample 122 - Label : 7, Result : 7 -> True
Test Sample 123 - Label : 6, Result : 6 -> True
Test Sample 124 - Label : 7, Result : 7 -> True
Test Sample 125 - Label : 9, Result : 9 -> True
Test Sample 126 - Label : 0, Result : 0 -> True
Test Sample 127 - Label : 5, Result : 5 -> True
Test Sample 128 - Label : 8, Result : 8 -> True
Test Sample 129 - Label : 5, Result : 5 -> True
Test Sample 130 - Label : 6, Result : 6 -> True
Test Sample 131 - Label : 6, Result : 6 -> True
Test Sample 132 - Label : 5, Result : 5 -> True
Test Sample 133 - Label : 7, Result : 7 -> True
Test Sample 134 - Label : 8, Result : 8 -> True
Test Sample 135 - Label : 1, Result : 1 -> True
Test Sample 136 - Label : 0, Result : 0 -> True
Test Sample 137 - Label : 1, Result : 1 -> True
Test Sample 138 - Label : 6, Result : 6 -> True
Test Sample 139 - Label : 4, Result : 4 -> True
Test Sample 140 - Label : 6, Result : 6 -> True
Test Sample 141 - Label : 7, Result : 7 -> True
Test Sample 142 - Label : 3, Result : 3 -> True
Test Sample 143 - Label : 1, Result : 1 -> True
Test Sample 144 - Label : 7, Result : 7 -> True
Test Sample 145 - Label : 1, Result : 1 -> True
Test Sample 146 - Label : 8, Result : 8 -> True
Test Sample 147 - Label : 2, Result : 2 -> True
Test Sample 148 - Label : 0, Result : 0 -> True
Test Sample 149 - Label : 2, Result : 2 -> True
Test Sample 150 - Label : 9, Result : 9 -> True
Test Sample 151 - Label : 9, Result : 9 -> True
Test Sample 152 - Label : 5, Result : 5 -> True
Test Sample 153 - Label : 5, Result : 5 -> True
Test Sample 154 - Label : 1, Result : 1 -> True
Test Sample 155 - Label : 5, Result : 5 -> True
Test Sample 156 - Label : 6, Result : 6 -> True
Test Sample 157 - Label : 0, Result : 0 -> True
Test Sample 158 - Label : 3, Result : 3 -> True
Test Sample 159 - Label : 4, Result : 4 -> True
Test Sample 160 - Label : 4, Result : 4 -> True
Test Sample 161 - Label : 6, Result : 6 -> True
Test Sample 162 - Label : 5, Result : 5 -> True
Test Sample 163 - Label : 4, Result : 4 -> True
Test Sample 164 - Label : 6, Result : 6 -> True
Test Sample 165 - Label : 5, Result : 5 -> True
Test Sample 166 - Label : 4, Result : 4 -> True
Test Sample 167 - Label : 5, Result : 5 -> True
Test Sample 168 - Label : 1, Result : 1 -> True
Test Sample 169 - Label : 4, Result : 4 -> True
Test Sample 170 - Label : 4, Result : 4 -> True
Test Sample 171 - Label : 7, Result : 7 -> True
Test Sample 172 - Label : 2, Result : 2 -> True
Test Sample 173 - Label : 3, Result : 3 -> True
Test Sample 174 - Label : 2, Result : 2 -> True
Test Sample 175 - Label : 7, Result : 7 -> True
Test Sample 176 - Label : 1, Result : 1 -> True
Test Sample 177 - Label : 8, Result : 8 -> True
Test Sample 178 - Label : 1, Result : 1 -> True
Test Sample 179 - Label : 8, Result : 8 -> True
Test Sample 180 - Label : 1, Result : 1 -> True
Test Sample 181 - Label : 8, Result : 8 -> True
Test Sample 182 - Label : 5, Result : 5 -> True
Test Sample 183 - Label : 0, Result : 0 -> True
Test Sample 184 - Label : 8, Result : 8 -> True
Test Sample 185 - Label : 9, Result : 9 -> True
Test Sample 186 - Label : 2, Result : 2 -> True
Test Sample 187 - Label : 5, Result : 5 -> True
Test Sample 188 - Label : 0, Result : 0 -> True
Test Sample 189 - Label : 1, Result : 1 -> True
Test Sample 190 - Label : 1, Result : 1 -> True
Test Sample 191 - Label : 1, Result : 1 -> True
Test Sample 192 - Label : 0, Result : 0 -> True
Test Sample 193 - Label : 9, Result : 9 -> True
Test Sample 194 - Label : 0, Result : 0 -> True
Test Sample 195 - Label : 3, Result : 3 -> True
Test Sample 196 - Label : 1, Result : 1 -> True
Test Sample 197 - Label : 6, Result : 6 -> True
Test Sample 198 - Label : 4, Result : 4 -> True
Test Sample 199 - Label : 2, Result : 2 -> True
Test Sample 200 - Label : 3, Result : 3 -> True
Test Sample 201 - Label : 6, Result : 6 -> True
Test Sample 202 - Label : 1, Result : 1 -> True
Test Sample 203 - Label : 1, Result : 1 -> True
Test Sample 204 - Label : 1, Result : 1 -> True
Test Sample 205 - Label : 3, Result : 3 -> True
Test Sample 206 - Label : 9, Result : 9 -> True
Test Sample 207 - Label : 5, Result : 5 -> True
Test Sample 208 - Label : 2, Result : 2 -> True
Test Sample 209 - Label : 9, Result : 9 -> True
Test Sample 210 - Label : 4, Result : 4 -> True
Test Sample 211 - Label : 5, Result : 5 -> True
Test Sample 212 - Label : 9, Result : 9 -> True
Test Sample 213 - Label : 3, Result : 3 -> True
Test Sample 214 - Label : 9, Result : 9 -> True
Test Sample 215 - Label : 0, Result : 0 -> True
Test Sample 216 - Label : 3, Result : 3 -> True
Test Sample 217 - Label : 6, Result : 6 -> True
Test Sample 218 - Label : 5, Result : 5 -> True
Test Sample 219 - Label : 5, Result : 5 -> True
Test Sample 220 - Label : 7, Result : 7 -> True
Test Sample 221 - Label : 2, Result : 2 -> True
Test Sample 222 - Label : 2, Result : 2 -> True
Test Sample 223 - Label : 7, Result : 7 -> True
Test Sample 224 - Label : 1, Result : 1 -> True
Test Sample 225 - Label : 2, Result : 2 -> True
Test Sample 226 - Label : 8, Result : 8 -> True
Test Sample 227 - Label : 4, Result : 4 -> True
Test Sample 228 - Label : 1, Result : 1 -> True
Test Sample 229 - Label : 7, Result : 7 -> True
Test Sample 230 - Label : 3, Result : 3 -> True
Test Sample 231 - Label : 3, Result : 3 -> True
Test Sample 232 - Label : 8, Result : 8 -> True
Test Sample 233 - Label : 8, Result : 8 -> True
Test Sample 234 - Label : 7, Result : 7 -> True
Test Sample 235 - Label : 9, Result : 9 -> True
Test Sample 236 - Label : 2, Result : 2 -> True
Test Sample 237 - Label : 2, Result : 2 -> True
Test Sample 238 - Label : 4, Result : 4 -> True
Test Sample 239 - Label : 1, Result : 1 -> True
Test Sample 240 - Label : 5, Result : 5 -> True
Test Sample 241 - Label : 9, Result : 9 -> True
Test Sample 242 - Label : 8, Result : 8 -> True
Test Sample 243 - Label : 7, Result : 7 -> True
Test Sample 244 - Label : 2, Result : 2 -> True
Test Sample 245 - Label : 3, Result : 3 -> True
Test Sample 246 - Label : 0, Result : 0 -> True
Test Sample 247 - Label : 4, Result : 4 -> True
Test Sample 248 - Label : 4, Result : 4 -> True
Test Sample 249 - Label : 2, Result : 2 -> True
Test Sample 250 - Label : 4, Result : 4 -> True
Test Sample 251 - Label : 1, Result : 1 -> True
Test Sample 252 - Label : 9, Result : 9 -> True
Test Sample 253 - Label : 5, Result : 5 -> True
Test Sample 254 - Label : 7, Result : 7 -> True
Test Sample 255 - Label : 7, Result : 7 -> True
Test Sample 256 - Label : 2, Result : 2 -> True
Test Sample 257 - Label : 8, Result : 8 -> True
Test Sample 258 - Label : 2, Result : 2 -> True
Test Sample 259 - Label : 6, Result : 0 -> False
Test Sample 260 - Label : 8, Result : 8 -> True
Test Sample 261 - Label : 5, Result : 5 -> True
Test Sample 262 - Label : 7, Result : 7 -> True
Test Sample 263 - Label : 7, Result : 7 -> True
Test Sample 264 - Label : 9, Result : 9 -> True
Test Sample 265 - Label : 1, Result : 1 -> True
Test Sample 266 - Label : 8, Result : 8 -> True
Test Sample 267 - Label : 1, Result : 1 -> True
Test Sample 268 - Label : 8, Result : 8 -> True
Test Sample 269 - Label : 0, Result : 0 -> True
Test Sample 270 - Label : 3, Result : 3 -> True
Test Sample 271 - Label : 0, Result : 0 -> True
Test Sample 272 - Label : 1, Result : 1 -> True
Test Sample 273 - Label : 9, Result : 9 -> True
Test Sample 274 - Label : 9, Result : 9 -> True
Test Sample 275 - Label : 4, Result : 4 -> True
Test Sample 276 - Label : 1, Result : 1 -> True
Test Sample 277 - Label : 8, Result : 8 -> True
Test Sample 278 - Label : 2, Result : 2 -> True
Test Sample 279 - Label : 1, Result : 1 -> True
Test Sample 280 - Label : 2, Result : 2 -> True
Test Sample 281 - Label : 9, Result : 9 -> True
Test Sample 282 - Label : 7, Result : 7 -> True
Test Sample 283 - Label : 5, Result : 5 -> True
Test Sample 284 - Label : 9, Result : 9 -> True
Test Sample 285 - Label : 2, Result : 2 -> True
Test Sample 286 - Label : 6, Result : 6 -> True
Test Sample 287 - Label : 4, Result : 4 -> True
Test Sample 288 - Label : 1, Result : 1 -> True
Test Sample 289 - Label : 5, Result : 5 -> True
Test Sample 290 - Label : 8, Result : 4 -> False
Test Sample 291 - Label : 2, Result : 2 -> True
Test Sample 292 - Label : 9, Result : 9 -> True
Test Sample 293 - Label : 2, Result : 2 -> True
Test Sample 294 - Label : 0, Result : 0 -> True
Test Sample 295 - Label : 4, Result : 4 -> True
Test Sample 296 - Label : 0, Result : 0 -> True
Test Sample 297 - Label : 0, Result : 0 -> True
Test Sample 298 - Label : 2, Result : 2 -> True
Test Sample 299 - Label : 8, Result : 8 -> True
Test Sample 300 - Label : 4, Result : 4 -> True
Test Sample 301 - Label : 7, Result : 7 -> True
Test Sample 302 - Label : 1, Result : 1 -> True
Test Sample 303 - Label : 2, Result : 2 -> True
Test Sample 304 - Label : 4, Result : 4 -> True
Test Sample 305 - Label : 0, Result : 0 -> True
Test Sample 306 - Label : 2, Result : 2 -> True
Test Sample 307 - Label : 7, Result : 7 -> True
Test Sample 308 - Label : 4, Result : 4 -> True
Test Sample 309 - Label : 3, Result : 3 -> True
Test Sample 310 - Label : 3, Result : 3 -> True
Test Sample 311 - Label : 0, Result : 0 -> True
Test Sample 312 - Label : 0, Result : 0 -> True
Test Sample 313 - Label : 3, Result : 3 -> True
Test Sample 314 - Label : 1, Result : 1 -> True
Test Sample 315 - Label : 9, Result : 9 -> True
Test Sample 316 - Label : 6, Result : 6 -> True
Test Sample 317 - Label : 5, Result : 5 -> True
Test Sample 318 - Label : 2, Result : 2 -> True
Test Sample 319 - Label : 5, Result : 5 -> True
Test Sample 320 - Label : 9, Result : 9 -> True
Test Sample 321 - Label : 2, Result : 7 -> False
Test Sample 322 - Label : 9, Result : 9 -> True
Test Sample 323 - Label : 3, Result : 3 -> True
Test Sample 324 - Label : 0, Result : 0 -> True
Test Sample 325 - Label : 4, Result : 4 -> True
Test Sample 326 - Label : 2, Result : 2 -> True
Test Sample 327 - Label : 0, Result : 0 -> True
Test Sample 328 - Label : 7, Result : 7 -> True
Test Sample 329 - Label : 1, Result : 1 -> True
Test Sample 330 - Label : 1, Result : 1 -> True
Test Sample 331 - Label : 2, Result : 2 -> True
Test Sample 332 - Label : 1, Result : 1 -> True
Test Sample 333 - Label : 5, Result : 5 -> True
Test Sample 334 - Label : 3, Result : 3 -> True
Test Sample 335 - Label : 3, Result : 3 -> True
Test Sample 336 - Label : 9, Result : 9 -> True
Test Sample 337 - Label : 7, Result : 7 -> True
Test Sample 338 - Label : 8, Result : 8 -> True
Test Sample 339 - Label : 6, Result : 6 -> True
Test Sample 340 - Label : 5, Result : 3 -> False
Test Sample 341 - Label : 6, Result : 6 -> True
Test Sample 342 - Label : 1, Result : 1 -> True
Test Sample 343 - Label : 3, Result : 3 -> True
Test Sample 344 - Label : 8, Result : 8 -> True
Test Sample 345 - Label : 1, Result : 1 -> True
Test Sample 346 - Label : 0, Result : 0 -> True
Test Sample 347 - Label : 5, Result : 5 -> True
Test Sample 348 - Label : 1, Result : 1 -> True
Test Sample 349 - Label : 3, Result : 3 -> True
Test Sample 350 - Label : 1, Result : 1 -> True
Test Sample 351 - Label : 5, Result : 5 -> True
Test Sample 352 - Label : 5, Result : 5 -> True
Test Sample 353 - Label : 6, Result : 6 -> True
Test Sample 354 - Label : 1, Result : 1 -> True
Test Sample 355 - Label : 8, Result : 8 -> True
Test Sample 356 - Label : 5, Result : 5 -> True
Test Sample 357 - Label : 1, Result : 1 -> True
Test Sample 358 - Label : 7, Result : 7 -> True
Test Sample 359 - Label : 9, Result : 4 -> False
Test Sample 360 - Label : 4, Result : 4 -> True
Test Sample 361 - Label : 6, Result : 6 -> True
Test Sample 362 - Label : 2, Result : 2 -> True
Test Sample 363 - Label : 2, Result : 2 -> True
Test Sample 364 - Label : 5, Result : 5 -> True
Test Sample 365 - Label : 0, Result : 0 -> True
Test Sample 366 - Label : 6, Result : 6 -> True
Test Sample 367 - Label : 5, Result : 5 -> True
Test Sample 368 - Label : 6, Result : 6 -> True
Test Sample 369 - Label : 3, Result : 3 -> True
Test Sample 370 - Label : 7, Result : 7 -> True
Test Sample 371 - Label : 2, Result : 2 -> True
Test Sample 372 - Label : 0, Result : 0 -> True
Test Sample 373 - Label : 8, Result : 8 -> True
Test Sample 374 - Label : 8, Result : 8 -> True
Test Sample 375 - Label : 5, Result : 5 -> True
Test Sample 376 - Label : 4, Result : 4 -> True
Test Sample 377 - Label : 1, Result : 1 -> True
Test Sample 378 - Label : 1, Result : 1 -> True
Test Sample 379 - Label : 4, Result : 4 -> True
Test Sample 380 - Label : 0, Result : 0 -> True
Test Sample 381 - Label : 3, Result : 3 -> True
Test Sample 382 - Label : 3, Result : 3 -> True
Test Sample 383 - Label : 7, Result : 7 -> True
Test Sample 384 - Label : 6, Result : 6 -> True
Test Sample 385 - Label : 1, Result : 1 -> True
Test Sample 386 - Label : 6, Result : 6 -> True
Test Sample 387 - Label : 2, Result : 2 -> True
Test Sample 388 - Label : 1, Result : 1 -> True
Test Sample 389 - Label : 9, Result : 9 -> True
Test Sample 390 - Label : 2, Result : 2 -> True
Test Sample 391 - Label : 8, Result : 8 -> True
Test Sample 392 - Label : 6, Result : 6 -> True
Test Sample 393 - Label : 1, Result : 1 -> True
Test Sample 394 - Label : 9, Result : 9 -> True
Test Sample 395 - Label : 5, Result : 5 -> True
Test Sample 396 - Label : 2, Result : 2 -> True
Test Sample 397 - Label : 5, Result : 5 -> True
Test Sample 398 - Label : 4, Result : 4 -> True
Test Sample 399 - Label : 4, Result : 4 -> True
Test Sample 400 - Label : 2, Result : 2 -> True
Test Sample 401 - Label : 8, Result : 8 -> True
Test Sample 402 - Label : 3, Result : 3 -> True
Test Sample 403 - Label : 8, Result : 8 -> True
Test Sample 404 - Label : 2, Result : 2 -> True
Test Sample 405 - Label : 4, Result : 4 -> True
Test Sample 406 - Label : 5, Result : 5 -> True
Test Sample 407 - Label : 0, Result : 0 -> True
Test Sample 408 - Label : 3, Result : 3 -> True
Test Sample 409 - Label : 1, Result : 1 -> True
Test Sample 410 - Label : 7, Result : 7 -> True
Test Sample 411 - Label : 7, Result : 7 -> True
Test Sample 412 - Label : 5, Result : 5 -> True
Test Sample 413 - Label : 7, Result : 7 -> True
Test Sample 414 - Label : 9, Result : 9 -> True
Test Sample 415 - Label : 7, Result : 7 -> True
Test Sample 416 - Label : 1, Result : 1 -> True
Test Sample 417 - Label : 9, Result : 9 -> True
Test Sample 418 - Label : 2, Result : 2 -> True
Test Sample 419 - Label : 1, Result : 1 -> True
Test Sample 420 - Label : 4, Result : 4 -> True
Test Sample 421 - Label : 2, Result : 2 -> True
Test Sample 422 - Label : 9, Result : 9 -> True
Test Sample 423 - Label : 2, Result : 2 -> True
Test Sample 424 - Label : 0, Result : 0 -> True
Test Sample 425 - Label : 4, Result : 4 -> True
Test Sample 426 - Label : 9, Result : 9 -> True
Test Sample 427 - Label : 1, Result : 1 -> True
Test Sample 428 - Label : 4, Result : 4 -> True
Test Sample 429 - Label : 8, Result : 8 -> True
Test Sample 430 - Label : 1, Result : 1 -> True
Test Sample 431 - Label : 8, Result : 8 -> True
Test Sample 432 - Label : 4, Result : 4 -> True
Test Sample 433 - Label : 5, Result : 5 -> True
Test Sample 434 - Label : 9, Result : 9 -> True
Test Sample 435 - Label : 8, Result : 8 -> True
Test Sample 436 - Label : 8, Result : 8 -> True
Test Sample 437 - Label : 3, Result : 3 -> True
Test Sample 438 - Label : 7, Result : 7 -> True
Test Sample 439 - Label : 6, Result : 6 -> True
Test Sample 440 - Label : 0, Result : 0 -> True
Test Sample 441 - Label : 0, Result : 0 -> True
Test Sample 442 - Label : 3, Result : 3 -> True
Test Sample 443 - Label : 0, Result : 0 -> True
Test Sample 444 - Label : 2, Result : 2 -> True
Test Sample 445 - Label : 6, Result : 0 -> False
Test Sample 446 - Label : 6, Result : 6 -> True
Test Sample 447 - Label : 4, Result : 4 -> True
Test Sample 448 - Label : 9, Result : 9 -> True
Test Sample 449 - Label : 3, Result : 3 -> True
Test Sample 450 - Label : 3, Result : 3 -> True
Test Sample 451 - Label : 3, Result : 3 -> True
Test Sample 452 - Label : 2, Result : 2 -> True
Test Sample 453 - Label : 3, Result : 3 -> True
Test Sample 454 - Label : 9, Result : 9 -> True
Test Sample 455 - Label : 1, Result : 1 -> True
Test Sample 456 - Label : 2, Result : 2 -> True
Test Sample 457 - Label : 6, Result : 6 -> True
Test Sample 458 - Label : 8, Result : 8 -> True
Test Sample 459 - Label : 0, Result : 0 -> True
Test Sample 460 - Label : 5, Result : 5 -> True
Test Sample 461 - Label : 6, Result : 6 -> True
Test Sample 462 - Label : 6, Result : 6 -> True
Test Sample 463 - Label : 6, Result : 6 -> True
Test Sample 464 - Label : 3, Result : 3 -> True
Test Sample 465 - Label : 8, Result : 8 -> True
Test Sample 466 - Label : 8, Result : 8 -> True
Test Sample 467 - Label : 2, Result : 2 -> True
Test Sample 468 - Label : 7, Result : 7 -> True
Test Sample 469 - Label : 5, Result : 5 -> True
Test Sample 470 - Label : 8, Result : 8 -> True
Test Sample 471 - Label : 9, Result : 9 -> True
Test Sample 472 - Label : 6, Result : 6 -> True
Test Sample 473 - Label : 1, Result : 1 -> True
Test Sample 474 - Label : 8, Result : 8 -> True
Test Sample 475 - Label : 4, Result : 4 -> True
Test Sample 476 - Label : 1, Result : 1 -> True
Test Sample 477 - Label : 2, Result : 2 -> True
Test Sample 478 - Label : 5, Result : 5 -> True
Test Sample 479 - Label : 9, Result : 8 -> False
Test Sample 480 - Label : 1, Result : 1 -> True
Test Sample 481 - Label : 9, Result : 9 -> True
Test Sample 482 - Label : 7, Result : 7 -> True
Test Sample 483 - Label : 5, Result : 5 -> True
Test Sample 484 - Label : 4, Result : 4 -> True
Test Sample 485 - Label : 0, Result : 0 -> True
Test Sample 486 - Label : 8, Result : 8 -> True
Test Sample 487 - Label : 9, Result : 9 -> True
Test Sample 488 - Label : 9, Result : 9 -> True
Test Sample 489 - Label : 1, Result : 1 -> True
Test Sample 490 - Label : 0, Result : 0 -> True
Test Sample 491 - Label : 5, Result : 5 -> True
Test Sample 492 - Label : 2, Result : 2 -> True
Test Sample 493 - Label : 3, Result : 3 -> True
Test Sample 494 - Label : 7, Result : 7 -> True
Test Sample 495 - Label : 8, Result : 8 -> True
Test Sample 496 - Label : 9, Result : 9 -> True
Test Sample 497 - Label : 4, Result : 4 -> True
Test Sample 498 - Label : 0, Result : 0 -> True
Test Sample 499 - Label : 6, Result : 6 -> True
Test Sample 500 - Label : 3, Result : 3 -> True
Test Sample 501 - Label : 9, Result : 9 -> True
Test Sample 502 - Label : 5, Result : 5 -> True
Test Sample 503 - Label : 2, Result : 2 -> True
Test Sample 504 - Label : 1, Result : 1 -> True
Test Sample 505 - Label : 3, Result : 3 -> True
Test Sample 506 - Label : 1, Result : 1 -> True
Test Sample 507 - Label : 3, Result : 3 -> True
Test Sample 508 - Label : 6, Result : 6 -> True
Test Sample 509 - Label : 5, Result : 5 -> True
Test Sample 510 - Label : 7, Result : 7 -> True
Test Sample 511 - Label : 4, Result : 4 -> True
Test Sample 512 - Label : 2, Result : 2 -> True
Test Sample 513 - Label : 2, Result : 2 -> True
Test Sample 514 - Label : 6, Result : 6 -> True
Test Sample 515 - Label : 3, Result : 3 -> True
Test Sample 516 - Label : 2, Result : 2 -> True
Test Sample 517 - Label : 6, Result : 6 -> True
Test Sample 518 - Label : 5, Result : 5 -> True
Test Sample 519 - Label : 4, Result : 4 -> True
Test Sample 520 - Label : 8, Result : 8 -> True
Test Sample 521 - Label : 9, Result : 9 -> True
Test Sample 522 - Label : 7, Result : 7 -> True
Test Sample 523 - Label : 1, Result : 1 -> True
Test Sample 524 - Label : 3, Result : 3 -> True
Test Sample 525 - Label : 0, Result : 0 -> True
Test Sample 526 - Label : 3, Result : 3 -> True
Test Sample 527 - Label : 8, Result : 8 -> True
Test Sample 528 - Label : 3, Result : 3 -> True
Test Sample 529 - Label : 1, Result : 1 -> True
Test Sample 530 - Label : 9, Result : 9 -> True
Test Sample 531 - Label : 3, Result : 3 -> True
Test Sample 532 - Label : 4, Result : 4 -> True
Test Sample 533 - Label : 4, Result : 4 -> True
Test Sample 534 - Label : 6, Result : 6 -> True
Test Sample 535 - Label : 4, Result : 4 -> True
Test Sample 536 - Label : 2, Result : 2 -> True
Test Sample 537 - Label : 1, Result : 1 -> True
Test Sample 538 - Label : 8, Result : 8 -> True
Test Sample 539 - Label : 2, Result : 2 -> True
Test Sample 540 - Label : 5, Result : 5 -> True
Test Sample 541 - Label : 4, Result : 4 -> True
Test Sample 542 - Label : 8, Result : 8 -> True
Test Sample 543 - Label : 8, Result : 8 -> True
Test Sample 544 - Label : 4, Result : 4 -> True
Test Sample 545 - Label : 0, Result : 0 -> True
Test Sample 546 - Label : 0, Result : 0 -> True
Test Sample 547 - Label : 2, Result : 2 -> True
Test Sample 548 - Label : 3, Result : 3 -> True
Test Sample 549 - Label : 2, Result : 2 -> True
Test Sample 550 - Label : 7, Result : 7 -> True
Test Sample 551 - Label : 7, Result : 7 -> True
Test Sample 552 - Label : 0, Result : 0 -> True
Test Sample 553 - Label : 8, Result : 8 -> True
Test Sample 554 - Label : 7, Result : 7 -> True
Test Sample 555 - Label : 4, Result : 4 -> True
Test Sample 556 - Label : 4, Result : 4 -> True
Test Sample 557 - Label : 7, Result : 7 -> True
Test Sample 558 - Label : 9, Result : 9 -> True
Test Sample 559 - Label : 6, Result : 6 -> True
Test Sample 560 - Label : 9, Result : 9 -> True
Test Sample 561 - Label : 0, Result : 0 -> True
Test Sample 562 - Label : 9, Result : 9 -> True
Test Sample 563 - Label : 8, Result : 8 -> True
Test Sample 564 - Label : 0, Result : 0 -> True
Test Sample 565 - Label : 4, Result : 4 -> True
Test Sample 566 - Label : 6, Result : 6 -> True
Test Sample 567 - Label : 0, Result : 0 -> True
Test Sample 568 - Label : 6, Result : 6 -> True
Test Sample 569 - Label : 3, Result : 3 -> True
Test Sample 570 - Label : 5, Result : 5 -> True
Test Sample 571 - Label : 4, Result : 4 -> True
Test Sample 572 - Label : 8, Result : 8 -> True
Test Sample 573 - Label : 3, Result : 3 -> True
Test Sample 574 - Label : 3, Result : 3 -> True
Test Sample 575 - Label : 9, Result : 9 -> True
Test Sample 576 - Label : 3, Result : 3 -> True
Test Sample 577 - Label : 3, Result : 3 -> True
Test Sample 578 - Label : 3, Result : 3 -> True
Test Sample 579 - Label : 7, Result : 7 -> True
Test Sample 580 - Label : 8, Result : 8 -> True
Test Sample 581 - Label : 0, Result : 0 -> True
Test Sample 582 - Label : 8, Result : 2 -> False
Test Sample 583 - Label : 2, Result : 2 -> True
Test Sample 584 - Label : 1, Result : 1 -> True
Test Sample 585 - Label : 7, Result : 7 -> True
Test Sample 586 - Label : 0, Result : 0 -> True
Test Sample 587 - Label : 6, Result : 6 -> True
Test Sample 588 - Label : 5, Result : 5 -> True
Test Sample 589 - Label : 4, Result : 4 -> True
Test Sample 590 - Label : 3, Result : 3 -> True
Test Sample 591 - Label : 8, Result : 2 -> False
Test Sample 592 - Label : 0, Result : 0 -> True
Test Sample 593 - Label : 9, Result : 9 -> True
Test Sample 594 - Label : 6, Result : 6 -> True
Test Sample 595 - Label : 3, Result : 3 -> True
Test Sample 596 - Label : 8, Result : 8 -> True
Test Sample 597 - Label : 0, Result : 0 -> True
Test Sample 598 - Label : 9, Result : 9 -> True
Test Sample 599 - Label : 9, Result : 9 -> True
Test Sample 600 - Label : 6, Result : 6 -> True
Test Sample 601 - Label : 8, Result : 8 -> True
Test Sample 602 - Label : 6, Result : 6 -> True
Test Sample 603 - Label : 8, Result : 8 -> True
Test Sample 604 - Label : 5, Result : 5 -> True
Test Sample 605 - Label : 7, Result : 7 -> True
Test Sample 606 - Label : 8, Result : 8 -> True
Test Sample 607 - Label : 6, Result : 6 -> True
Test Sample 608 - Label : 0, Result : 0 -> True
Test Sample 609 - Label : 2, Result : 2 -> True
Test Sample 610 - Label : 4, Result : 4 -> True
Test Sample 611 - Label : 0, Result : 0 -> True
Test Sample 612 - Label : 2, Result : 2 -> True
Test Sample 613 - Label : 2, Result : 8 -> False
Test Sample 614 - Label : 3, Result : 3 -> True
Test Sample 615 - Label : 1, Result : 1 -> True
Test Sample 616 - Label : 9, Result : 9 -> True
Test Sample 617 - Label : 7, Result : 7 -> True
Test Sample 618 - Label : 5, Result : 5 -> True
Test Sample 619 - Label : 1, Result : 8 -> False
Test Sample 620 - Label : 0, Result : 0 -> True
Test Sample 621 - Label : 8, Result : 8 -> True
Test Sample 622 - Label : 4, Result : 4 -> True
Test Sample 623 - Label : 6, Result : 6 -> True
Test Sample 624 - Label : 2, Result : 2 -> True
Test Sample 625 - Label : 6, Result : 6 -> True
Test Sample 626 - Label : 7, Result : 7 -> True
Test Sample 627 - Label : 9, Result : 9 -> True
Test Sample 628 - Label : 3, Result : 3 -> True
Test Sample 629 - Label : 2, Result : 2 -> True
Test Sample 630 - Label : 9, Result : 9 -> True
Test Sample 631 - Label : 8, Result : 8 -> True
Test Sample 632 - Label : 2, Result : 2 -> True
Test Sample 633 - Label : 2, Result : 2 -> True
Test Sample 634 - Label : 9, Result : 9 -> True
Test Sample 635 - Label : 2, Result : 2 -> True
Test Sample 636 - Label : 7, Result : 7 -> True
Test Sample 637 - Label : 3, Result : 3 -> True
Test Sample 638 - Label : 5, Result : 5 -> True
Test Sample 639 - Label : 9, Result : 9 -> True
Test Sample 640 - Label : 1, Result : 1 -> True
Test Sample 641 - Label : 8, Result : 8 -> True
Test Sample 642 - Label : 0, Result : 0 -> True
Test Sample 643 - Label : 2, Result : 2 -> True
Test Sample 644 - Label : 0, Result : 0 -> True
Test Sample 645 - Label : 5, Result : 5 -> True
Test Sample 646 - Label : 2, Result : 2 -> True
Test Sample 647 - Label : 1, Result : 1 -> True
Test Sample 648 - Label : 3, Result : 3 -> True
Test Sample 649 - Label : 7, Result : 7 -> True
Test Sample 650 - Label : 6, Result : 6 -> True
Test Sample 651 - Label : 7, Result : 7 -> True
Test Sample 652 - Label : 1, Result : 1 -> True
Test Sample 653 - Label : 2, Result : 2 -> True
Test Sample 654 - Label : 5, Result : 5 -> True
Test Sample 655 - Label : 8, Result : 8 -> True
Test Sample 656 - Label : 0, Result : 0 -> True
Test Sample 657 - Label : 3, Result : 3 -> True
Test Sample 658 - Label : 7, Result : 7 -> True
Test Sample 659 - Label : 2, Result : 1 -> False
Test Sample 660 - Label : 4, Result : 4 -> True
Test Sample 661 - Label : 0, Result : 0 -> True
Test Sample 662 - Label : 9, Result : 9 -> True
Test Sample 663 - Label : 1, Result : 1 -> True
Test Sample 664 - Label : 8, Result : 8 -> True
Test Sample 665 - Label : 6, Result : 6 -> True
Test Sample 666 - Label : 7, Result : 7 -> True
Test Sample 667 - Label : 7, Result : 7 -> True
Test Sample 668 - Label : 4, Result : 4 -> True
Test Sample 669 - Label : 3, Result : 3 -> True
Test Sample 670 - Label : 4, Result : 4 -> True
Test Sample 671 - Label : 9, Result : 9 -> True
Test Sample 672 - Label : 1, Result : 1 -> True
Test Sample 673 - Label : 9, Result : 9 -> True
Test Sample 674 - Label : 5, Result : 5 -> True
Test Sample 675 - Label : 1, Result : 1 -> True
Test Sample 676 - Label : 7, Result : 7 -> True
Test Sample 677 - Label : 3, Result : 3 -> True
Test Sample 678 - Label : 9, Result : 9 -> True
Test Sample 679 - Label : 7, Result : 7 -> True
Test Sample 680 - Label : 6, Result : 6 -> True
Test Sample 681 - Label : 9, Result : 9 -> True
Test Sample 682 - Label : 1, Result : 1 -> True
Test Sample 683 - Label : 3, Result : 3 -> True
Test Sample 684 - Label : 7, Result : 7 -> True
Test Sample 685 - Label : 8, Result : 8 -> True
Test Sample 686 - Label : 3, Result : 3 -> True
Test Sample 687 - Label : 3, Result : 3 -> True
Test Sample 688 - Label : 6, Result : 6 -> True
Test Sample 689 - Label : 7, Result : 7 -> True
Test Sample 690 - Label : 2, Result : 2 -> True
Test Sample 691 - Label : 8, Result : 4 -> False
Test Sample 692 - Label : 5, Result : 5 -> True
Test Sample 693 - Label : 8, Result : 8 -> True
Test Sample 694 - Label : 5, Result : 5 -> True
Test Sample 695 - Label : 1, Result : 1 -> True
Test Sample 696 - Label : 1, Result : 1 -> True
Test Sample 697 - Label : 4, Result : 4 -> True
Test Sample 698 - Label : 4, Result : 4 -> True
Test Sample 699 - Label : 3, Result : 3 -> True
Test Sample 700 - Label : 1, Result : 1 -> True
Test Sample 701 - Label : 0, Result : 0 -> True
Test Sample 702 - Label : 7, Result : 7 -> True
Test Sample 703 - Label : 7, Result : 7 -> True
Test Sample 704 - Label : 0, Result : 0 -> True
Test Sample 705 - Label : 7, Result : 7 -> True
Test Sample 706 - Label : 9, Result : 9 -> True
Test Sample 707 - Label : 4, Result : 4 -> True
Test Sample 708 - Label : 4, Result : 4 -> True
Test Sample 709 - Label : 8, Result : 8 -> True
Test Sample 710 - Label : 5, Result : 5 -> True
Test Sample 711 - Label : 5, Result : 5 -> True
Test Sample 712 - Label : 4, Result : 4 -> True
Test Sample 713 - Label : 0, Result : 0 -> True
Test Sample 714 - Label : 8, Result : 8 -> True
Test Sample 715 - Label : 2, Result : 2 -> True
Test Sample 716 - Label : 1, Result : 1 -> True
Test Sample 717 - Label : 0, Result : 6 -> False
Test Sample 718 - Label : 8, Result : 8 -> True
Test Sample 719 - Label : 4, Result : 4 -> True
Test Sample 720 - Label : 5, Result : 5 -> True
Test Sample 721 - Label : 0, Result : 0 -> True
Test Sample 722 - Label : 4, Result : 4 -> True
Test Sample 723 - Label : 0, Result : 0 -> True
Test Sample 724 - Label : 6, Result : 6 -> True
Test Sample 725 - Label : 1, Result : 1 -> True
Test Sample 726 - Label : 7, Result : 7 -> True
Test Sample 727 - Label : 3, Result : 3 -> True
Test Sample 728 - Label : 2, Result : 2 -> True
Test Sample 729 - Label : 6, Result : 6 -> True
Test Sample 730 - Label : 7, Result : 7 -> True
Test Sample 731 - Label : 2, Result : 2 -> True
Test Sample 732 - Label : 6, Result : 6 -> True
Test Sample 733 - Label : 9, Result : 9 -> True
Test Sample 734 - Label : 3, Result : 3 -> True
Test Sample 735 - Label : 1, Result : 1 -> True
Test Sample 736 - Label : 4, Result : 4 -> True
Test Sample 737 - Label : 6, Result : 6 -> True
Test Sample 738 - Label : 2, Result : 2 -> True
Test Sample 739 - Label : 5, Result : 5 -> True
Test Sample 740 - Label : 4, Result : 9 -> False
Test Sample 741 - Label : 2, Result : 2 -> True
Test Sample 742 - Label : 0, Result : 0 -> True
Test Sample 743 - Label : 6, Result : 6 -> True
Test Sample 744 - Label : 2, Result : 2 -> True
Test Sample 745 - Label : 1, Result : 1 -> True
Test Sample 746 - Label : 7, Result : 7 -> True
Test Sample 747 - Label : 3, Result : 3 -> True
Test Sample 748 - Label : 4, Result : 4 -> True
Test Sample 749 - Label : 1, Result : 1 -> True
Test Sample 750 - Label : 0, Result : 0 -> True
Test Sample 751 - Label : 5, Result : 5 -> True
Test Sample 752 - Label : 4, Result : 4 -> True
Test Sample 753 - Label : 3, Result : 3 -> True
Test Sample 754 - Label : 1, Result : 1 -> True
Test Sample 755 - Label : 1, Result : 1 -> True
Test Sample 756 - Label : 7, Result : 7 -> True
Test Sample 757 - Label : 4, Result : 4 -> True
Test Sample 758 - Label : 9, Result : 9 -> True
Test Sample 759 - Label : 9, Result : 9 -> True
Test Sample 760 - Label : 4, Result : 4 -> True
Test Sample 761 - Label : 8, Result : 8 -> True
Test Sample 762 - Label : 4, Result : 4 -> True
Test Sample 763 - Label : 0, Result : 0 -> True
Test Sample 764 - Label : 2, Result : 2 -> True
Test Sample 765 - Label : 4, Result : 4 -> True
Test Sample 766 - Label : 5, Result : 5 -> True
Test Sample 767 - Label : 1, Result : 1 -> True
Test Sample 768 - Label : 1, Result : 1 -> True
Test Sample 769 - Label : 6, Result : 6 -> True
Test Sample 770 - Label : 4, Result : 4 -> True
Test Sample 771 - Label : 7, Result : 7 -> True
Test Sample 772 - Label : 1, Result : 1 -> True
Test Sample 773 - Label : 9, Result : 9 -> True
Test Sample 774 - Label : 4, Result : 4 -> True
Test Sample 775 - Label : 2, Result : 2 -> True
Test Sample 776 - Label : 4, Result : 4 -> True
Test Sample 777 - Label : 1, Result : 1 -> True
Test Sample 778 - Label : 5, Result : 5 -> True
Test Sample 779 - Label : 5, Result : 5 -> True
Test Sample 780 - Label : 3, Result : 3 -> True
Test Sample 781 - Label : 8, Result : 8 -> True
Test Sample 782 - Label : 3, Result : 3 -> True
Test Sample 783 - Label : 1, Result : 1 -> True
Test Sample 784 - Label : 4, Result : 4 -> True
Test Sample 785 - Label : 5, Result : 5 -> True
Test Sample 786 - Label : 6, Result : 6 -> True
Test Sample 787 - Label : 8, Result : 8 -> True
Test Sample 788 - Label : 9, Result : 9 -> True
Test Sample 789 - Label : 4, Result : 4 -> True
Test Sample 790 - Label : 1, Result : 1 -> True
Test Sample 791 - Label : 5, Result : 5 -> True
Test Sample 792 - Label : 3, Result : 3 -> True
Test Sample 793 - Label : 8, Result : 8 -> True
Test Sample 794 - Label : 0, Result : 0 -> True
Test Sample 795 - Label : 3, Result : 3 -> True
Test Sample 796 - Label : 2, Result : 2 -> True
Test Sample 797 - Label : 5, Result : 5 -> True
Test Sample 798 - Label : 1, Result : 1 -> True
Test Sample 799 - Label : 2, Result : 2 -> True
Test Sample 800 - Label : 8, Result : 8 -> True
Test Sample 801 - Label : 3, Result : 3 -> True
Test Sample 802 - Label : 4, Result : 4 -> True
Test Sample 803 - Label : 4, Result : 4 -> True
Test Sample 804 - Label : 0, Result : 0 -> True
Test Sample 805 - Label : 8, Result : 8 -> True
Test Sample 806 - Label : 8, Result : 8 -> True
Test Sample 807 - Label : 3, Result : 3 -> True
Test Sample 808 - Label : 3, Result : 3 -> True
Test Sample 809 - Label : 1, Result : 1 -> True
Test Sample 810 - Label : 7, Result : 7 -> True
Test Sample 811 - Label : 3, Result : 3 -> True
Test Sample 812 - Label : 5, Result : 5 -> True
Test Sample 813 - Label : 9, Result : 8 -> False
Test Sample 814 - Label : 6, Result : 6 -> True
Test Sample 815 - Label : 3, Result : 3 -> True
Test Sample 816 - Label : 2, Result : 2 -> True
Test Sample 817 - Label : 6, Result : 6 -> True
Test Sample 818 - Label : 1, Result : 1 -> True
Test Sample 819 - Label : 3, Result : 3 -> True
Test Sample 820 - Label : 6, Result : 6 -> True
Test Sample 821 - Label : 0, Result : 0 -> True
Test Sample 822 - Label : 7, Result : 7 -> True
Test Sample 823 - Label : 2, Result : 2 -> True
Test Sample 824 - Label : 1, Result : 1 -> True
Test Sample 825 - Label : 7, Result : 7 -> True
Test Sample 826 - Label : 1, Result : 1 -> True
Test Sample 827 - Label : 4, Result : 4 -> True
Test Sample 828 - Label : 2, Result : 2 -> True
Test Sample 829 - Label : 4, Result : 4 -> True
Test Sample 830 - Label : 2, Result : 2 -> True
Test Sample 831 - Label : 1, Result : 1 -> True
Test Sample 832 - Label : 7, Result : 7 -> True
Test Sample 833 - Label : 9, Result : 9 -> True
Test Sample 834 - Label : 6, Result : 6 -> True
Test Sample 835 - Label : 1, Result : 1 -> True
Test Sample 836 - Label : 1, Result : 1 -> True
Test Sample 837 - Label : 2, Result : 2 -> True
Test Sample 838 - Label : 4, Result : 4 -> True
Test Sample 839 - Label : 8, Result : 3 -> False
Test Sample 840 - Label : 1, Result : 1 -> True
Test Sample 841 - Label : 7, Result : 7 -> True
Test Sample 842 - Label : 7, Result : 7 -> True
Test Sample 843 - Label : 4, Result : 4 -> True
Test Sample 844 - Label : 8, Result : 7 -> False
Test Sample 845 - Label : 0, Result : 0 -> True
Test Sample 846 - Label : 7, Result : 7 -> True
Test Sample 847 - Label : 3, Result : 3 -> True
Test Sample 848 - Label : 1, Result : 1 -> True
Test Sample 849 - Label : 3, Result : 3 -> True
Test Sample 850 - Label : 1, Result : 1 -> True
Test Sample 851 - Label : 0, Result : 0 -> True
Test Sample 852 - Label : 7, Result : 7 -> True
Test Sample 853 - Label : 7, Result : 7 -> True
Test Sample 854 - Label : 0, Result : 0 -> True
Test Sample 855 - Label : 3, Result : 3 -> True
Test Sample 856 - Label : 5, Result : 5 -> True
Test Sample 857 - Label : 5, Result : 5 -> True
Test Sample 858 - Label : 2, Result : 2 -> True
Test Sample 859 - Label : 7, Result : 7 -> True
Test Sample 860 - Label : 6, Result : 6 -> True
Test Sample 861 - Label : 6, Result : 6 -> True
Test Sample 862 - Label : 9, Result : 9 -> True
Test Sample 863 - Label : 2, Result : 2 -> True
Test Sample 864 - Label : 8, Result : 8 -> True
Test Sample 865 - Label : 3, Result : 3 -> True
Test Sample 866 - Label : 5, Result : 5 -> True
Test Sample 867 - Label : 2, Result : 2 -> True
Test Sample 868 - Label : 2, Result : 2 -> True
Test Sample 869 - Label : 5, Result : 5 -> True
Test Sample 870 - Label : 6, Result : 6 -> True
Test Sample 871 - Label : 0, Result : 0 -> True
Test Sample 872 - Label : 8, Result : 8 -> True
Test Sample 873 - Label : 2, Result : 2 -> True
Test Sample 874 - Label : 9, Result : 9 -> True
Test Sample 875 - Label : 2, Result : 2 -> True
Test Sample 876 - Label : 8, Result : 8 -> True
Test Sample 877 - Label : 8, Result : 8 -> True
Test Sample 878 - Label : 8, Result : 8 -> True
Test Sample 879 - Label : 8, Result : 8 -> True
Test Sample 880 - Label : 7, Result : 7 -> True
Test Sample 881 - Label : 4, Result : 4 -> True
Test Sample 882 - Label : 9, Result : 7 -> False
Test Sample 883 - Label : 3, Result : 5 -> False
Test Sample 884 - Label : 0, Result : 0 -> True
Test Sample 885 - Label : 6, Result : 6 -> True
Test Sample 886 - Label : 6, Result : 6 -> True
Test Sample 887 - Label : 3, Result : 3 -> True
Test Sample 888 - Label : 2, Result : 2 -> True
Test Sample 889 - Label : 1, Result : 1 -> True
Test Sample 890 - Label : 3, Result : 3 -> True
Test Sample 891 - Label : 2, Result : 2 -> True
Test Sample 892 - Label : 2, Result : 2 -> True
Test Sample 893 - Label : 9, Result : 9 -> True
Test Sample 894 - Label : 3, Result : 3 -> True
Test Sample 895 - Label : 0, Result : 0 -> True
Test Sample 896 - Label : 0, Result : 0 -> True
Test Sample 897 - Label : 5, Result : 5 -> True
Test Sample 898 - Label : 7, Result : 7 -> True
Test Sample 899 - Label : 8, Result : 8 -> True
Test Sample 900 - Label : 1, Result : 1 -> True
Test Sample 901 - Label : 4, Result : 4 -> True
Test Sample 902 - Label : 4, Result : 4 -> True
Test Sample 903 - Label : 6, Result : 6 -> True
Test Sample 904 - Label : 0, Result : 0 -> True
Test Sample 905 - Label : 2, Result : 2 -> True
Test Sample 906 - Label : 9, Result : 9 -> True
Test Sample 907 - Label : 1, Result : 1 -> True
Test Sample 908 - Label : 4, Result : 4 -> True
Test Sample 909 - Label : 7, Result : 7 -> True
Test Sample 910 - Label : 4, Result : 4 -> True
Test Sample 911 - Label : 7, Result : 7 -> True
Test Sample 912 - Label : 3, Result : 3 -> True
Test Sample 913 - Label : 9, Result : 9 -> True
Test Sample 914 - Label : 8, Result : 8 -> True
Test Sample 915 - Label : 8, Result : 8 -> True
Test Sample 916 - Label : 4, Result : 4 -> True
Test Sample 917 - Label : 7, Result : 7 -> True
Test Sample 918 - Label : 1, Result : 1 -> True
Test Sample 919 - Label : 2, Result : 2 -> True
Test Sample 920 - Label : 1, Result : 1 -> True
Test Sample 921 - Label : 2, Result : 2 -> True
Test Sample 922 - Label : 2, Result : 2 -> True
Test Sample 923 - Label : 3, Result : 3 -> True
Test Sample 924 - Label : 2, Result : 2 -> True
Test Sample 925 - Label : 3, Result : 3 -> True
Test Sample 926 - Label : 2, Result : 2 -> True
Test Sample 927 - Label : 3, Result : 3 -> True
Test Sample 928 - Label : 9, Result : 9 -> True
Test Sample 929 - Label : 1, Result : 1 -> True
Test Sample 930 - Label : 7, Result : 7 -> True
Test Sample 931 - Label : 4, Result : 4 -> True
Test Sample 932 - Label : 0, Result : 0 -> True
Test Sample 933 - Label : 3, Result : 3 -> True
Test Sample 934 - Label : 5, Result : 5 -> True
Test Sample 935 - Label : 5, Result : 5 -> True
Test Sample 936 - Label : 8, Result : 8 -> True
Test Sample 937 - Label : 6, Result : 6 -> True
Test Sample 938 - Label : 3, Result : 5 -> False
Test Sample 939 - Label : 2, Result : 2 -> True
Test Sample 940 - Label : 6, Result : 6 -> True
Test Sample 941 - Label : 7, Result : 7 -> True
Test Sample 942 - Label : 6, Result : 6 -> True
Test Sample 943 - Label : 6, Result : 6 -> True
Test Sample 944 - Label : 3, Result : 3 -> True
Test Sample 945 - Label : 2, Result : 2 -> True
Test Sample 946 - Label : 7, Result : 7 -> True
Test Sample 947 - Label : 8, Result : 9 -> False
Test Sample 948 - Label : 1, Result : 1 -> True
Test Sample 949 - Label : 1, Result : 1 -> True
Test Sample 950 - Label : 7, Result : 7 -> True
Test Sample 951 - Label : 5, Result : 5 -> True
Test Sample 952 - Label : 6, Result : 6 -> True
Test Sample 953 - Label : 4, Result : 4 -> True
Test Sample 954 - Label : 9, Result : 9 -> True
Test Sample 955 - Label : 5, Result : 5 -> True
Test Sample 956 - Label : 1, Result : 1 -> True
Test Sample 957 - Label : 3, Result : 3 -> True
Test Sample 958 - Label : 3, Result : 3 -> True
Test Sample 959 - Label : 4, Result : 4 -> True
Test Sample 960 - Label : 7, Result : 7 -> True
Test Sample 961 - Label : 8, Result : 8 -> True
Test Sample 962 - Label : 9, Result : 9 -> True
Test Sample 963 - Label : 1, Result : 1 -> True
Test Sample 964 - Label : 1, Result : 1 -> True
Test Sample 965 - Label : 6, Result : 0 -> False
Test Sample 966 - Label : 9, Result : 9 -> True
Test Sample 967 - Label : 1, Result : 1 -> True
Test Sample 968 - Label : 4, Result : 4 -> True
Test Sample 969 - Label : 4, Result : 4 -> True
Test Sample 970 - Label : 5, Result : 5 -> True
Test Sample 971 - Label : 4, Result : 4 -> True
Test Sample 972 - Label : 0, Result : 0 -> True
Test Sample 973 - Label : 6, Result : 6 -> True
Test Sample 974 - Label : 2, Result : 2 -> True
Test Sample 975 - Label : 2, Result : 2 -> True
Test Sample 976 - Label : 3, Result : 3 -> True
Test Sample 977 - Label : 1, Result : 1 -> True
Test Sample 978 - Label : 5, Result : 5 -> True
Test Sample 979 - Label : 1, Result : 1 -> True
Test Sample 980 - Label : 2, Result : 2 -> True
Test Sample 981 - Label : 0, Result : 0 -> True
Test Sample 982 - Label : 3, Result : 3 -> True
Test Sample 983 - Label : 8, Result : 8 -> True
Test Sample 984 - Label : 1, Result : 1 -> True
Test Sample 985 - Label : 2, Result : 2 -> True
Test Sample 986 - Label : 6, Result : 6 -> True
Test Sample 987 - Label : 7, Result : 7 -> True
Test Sample 988 - Label : 1, Result : 1 -> True
Test Sample 989 - Label : 6, Result : 6 -> True
Test Sample 990 - Label : 2, Result : 2 -> True
Test Sample 991 - Label : 3, Result : 3 -> True
Test Sample 992 - Label : 9, Result : 9 -> True
Test Sample 993 - Label : 0, Result : 0 -> True
Test Sample 994 - Label : 1, Result : 1 -> True
Test Sample 995 - Label : 2, Result : 2 -> True
Test Sample 996 - Label : 2, Result : 2 -> True
Test Sample 997 - Label : 0, Result : 0 -> True
Test Sample 998 - Label : 8, Result : 8 -> True
Test Sample 999 - Label : 9, Result : 9 -> True
Test Sample 1000 - Label : 9, Result : 9 -> True
Test Sample 1001 - Label : 0, Result : 0 -> True
Test Sample 1002 - Label : 2, Result : 2 -> True
Test Sample 1003 - Label : 5, Result : 5 -> True
Test Sample 1004 - Label : 1, Result : 1 -> True
Test Sample 1005 - Label : 9, Result : 9 -> True
Test Sample 1006 - Label : 7, Result : 7 -> True
Test Sample 1007 - Label : 8, Result : 8 -> True
Test Sample 1008 - Label : 1, Result : 1 -> True
Test Sample 1009 - Label : 0, Result : 0 -> True
Test Sample 1010 - Label : 4, Result : 4 -> True
Test Sample 1011 - Label : 1, Result : 1 -> True
Test Sample 1012 - Label : 7, Result : 7 -> True
Test Sample 1013 - Label : 9, Result : 9 -> True
Test Sample 1014 - Label : 6, Result : 5 -> False
Test Sample 1015 - Label : 4, Result : 4 -> True
Test Sample 1016 - Label : 2, Result : 2 -> True
Test Sample 1017 - Label : 6, Result : 6 -> True
Test Sample 1018 - Label : 8, Result : 8 -> True
Test Sample 1019 - Label : 1, Result : 1 -> True
Test Sample 1020 - Label : 3, Result : 3 -> True
Test Sample 1021 - Label : 7, Result : 7 -> True
Test Sample 1022 - Label : 5, Result : 5 -> True
Test Sample 1023 - Label : 4, Result : 4 -> True
Test Sample 1024 - Label : 4, Result : 4 -> True
Test Sample 1025 - Label : 1, Result : 1 -> True
Test Sample 1026 - Label : 8, Result : 8 -> True
Test Sample 1027 - Label : 1, Result : 1 -> True
Test Sample 1028 - Label : 3, Result : 3 -> True
Test Sample 1029 - Label : 8, Result : 8 -> True
Test Sample 1030 - Label : 1, Result : 1 -> True
Test Sample 1031 - Label : 2, Result : 2 -> True
Test Sample 1032 - Label : 5, Result : 5 -> True
Test Sample 1033 - Label : 8, Result : 1 -> False
Test Sample 1034 - Label : 0, Result : 0 -> True
Test Sample 1035 - Label : 6, Result : 6 -> True
Test Sample 1036 - Label : 2, Result : 2 -> True
Test Sample 1037 - Label : 1, Result : 1 -> True
Test Sample 1038 - Label : 1, Result : 1 -> True
Test Sample 1039 - Label : 7, Result : 1 -> False
Test Sample 1040 - Label : 1, Result : 1 -> True
Test Sample 1041 - Label : 5, Result : 5 -> True
Test Sample 1042 - Label : 3, Result : 3 -> True
Test Sample 1043 - Label : 4, Result : 4 -> True
Test Sample 1044 - Label : 6, Result : 6 -> True
Test Sample 1045 - Label : 9, Result : 9 -> True
Test Sample 1046 - Label : 5, Result : 5 -> True
Test Sample 1047 - Label : 0, Result : 0 -> True
Test Sample 1048 - Label : 9, Result : 9 -> True
Test Sample 1049 - Label : 2, Result : 2 -> True
Test Sample 1050 - Label : 2, Result : 2 -> True
Test Sample 1051 - Label : 4, Result : 4 -> True
Test Sample 1052 - Label : 8, Result : 8 -> True
Test Sample 1053 - Label : 2, Result : 2 -> True
Test Sample 1054 - Label : 1, Result : 1 -> True
Test Sample 1055 - Label : 7, Result : 7 -> True
Test Sample 1056 - Label : 2, Result : 2 -> True
Test Sample 1057 - Label : 4, Result : 4 -> True
Test Sample 1058 - Label : 9, Result : 9 -> True
Test Sample 1059 - Label : 4, Result : 4 -> True
Test Sample 1060 - Label : 4, Result : 4 -> True
Test Sample 1061 - Label : 0, Result : 0 -> True
Test Sample 1062 - Label : 3, Result : 3 -> True
Test Sample 1063 - Label : 9, Result : 9 -> True
Test Sample 1064 - Label : 2, Result : 2 -> True
Test Sample 1065 - Label : 2, Result : 2 -> True
Test Sample 1066 - Label : 3, Result : 3 -> True
Test Sample 1067 - Label : 3, Result : 3 -> True
Test Sample 1068 - Label : 8, Result : 4 -> False
Test Sample 1069 - Label : 3, Result : 3 -> True
Test Sample 1070 - Label : 5, Result : 5 -> True
Test Sample 1071 - Label : 7, Result : 7 -> True
Test Sample 1072 - Label : 3, Result : 3 -> True
Test Sample 1073 - Label : 5, Result : 5 -> True
Test Sample 1074 - Label : 8, Result : 8 -> True
Test Sample 1075 - Label : 1, Result : 1 -> True
Test Sample 1076 - Label : 2, Result : 2 -> True
Test Sample 1077 - Label : 4, Result : 4 -> True
Test Sample 1078 - Label : 4, Result : 4 -> True
Test Sample 1079 - Label : 6, Result : 6 -> True
Test Sample 1080 - Label : 4, Result : 4 -> True
Test Sample 1081 - Label : 9, Result : 9 -> True
Test Sample 1082 - Label : 5, Result : 5 -> True
Test Sample 1083 - Label : 1, Result : 1 -> True
Test Sample 1084 - Label : 0, Result : 0 -> True
Test Sample 1085 - Label : 6, Result : 6 -> True
Test Sample 1086 - Label : 9, Result : 9 -> True
Test Sample 1087 - Label : 5, Result : 5 -> True
Test Sample 1088 - Label : 9, Result : 9 -> True
Test Sample 1089 - Label : 5, Result : 5 -> True
Test Sample 1090 - Label : 9, Result : 9 -> True
Test Sample 1091 - Label : 7, Result : 7 -> True
Test Sample 1092 - Label : 3, Result : 3 -> True
Test Sample 1093 - Label : 8, Result : 8 -> True
Test Sample 1094 - Label : 0, Result : 0 -> True
Test Sample 1095 - Label : 3, Result : 3 -> True
Test Sample 1096 - Label : 7, Result : 7 -> True
Test Sample 1097 - Label : 1, Result : 1 -> True
Test Sample 1098 - Label : 3, Result : 3 -> True
Test Sample 1099 - Label : 6, Result : 6 -> True
Test Sample 1100 - Label : 7, Result : 7 -> True
Test Sample 1101 - Label : 8, Result : 8 -> True
Test Sample 1102 - Label : 5, Result : 5 -> True
Test Sample 1103 - Label : 9, Result : 9 -> True
Test Sample 1104 - Label : 7, Result : 7 -> True
Test Sample 1105 - Label : 9, Result : 9 -> True
Test Sample 1106 - Label : 6, Result : 6 -> True
Test Sample 1107 - Label : 9, Result : 9 -> True
Test Sample 1108 - Label : 6, Result : 6 -> True
Test Sample 1109 - Label : 3, Result : 3 -> True
Test Sample 1110 - Label : 7, Result : 7 -> True
Test Sample 1111 - Label : 4, Result : 4 -> True
Test Sample 1112 - Label : 4, Result : 4 -> True
Test Sample 1113 - Label : 5, Result : 5 -> True
Test Sample 1114 - Label : 3, Result : 3 -> True
Test Sample 1115 - Label : 5, Result : 5 -> True
Test Sample 1116 - Label : 4, Result : 4 -> True
Test Sample 1117 - Label : 7, Result : 7 -> True
Test Sample 1118 - Label : 8, Result : 8 -> True
Test Sample 1119 - Label : 7, Result : 7 -> True
Test Sample 1120 - Label : 8, Result : 8 -> True
Test Sample 1121 - Label : 0, Result : 0 -> True
Test Sample 1122 - Label : 7, Result : 7 -> True
Test Sample 1123 - Label : 6, Result : 6 -> True
Test Sample 1124 - Label : 8, Result : 8 -> True
Test Sample 1125 - Label : 8, Result : 8 -> True
Test Sample 1126 - Label : 7, Result : 7 -> True
Test Sample 1127 - Label : 3, Result : 3 -> True
Test Sample 1128 - Label : 3, Result : 3 -> True
Test Sample 1129 - Label : 1, Result : 1 -> True
Test Sample 1130 - Label : 9, Result : 9 -> True
Test Sample 1131 - Label : 5, Result : 5 -> True
Test Sample 1132 - Label : 2, Result : 2 -> True
Test Sample 1133 - Label : 7, Result : 7 -> True
Test Sample 1134 - Label : 3, Result : 3 -> True
Test Sample 1135 - Label : 5, Result : 5 -> True
Test Sample 1136 - Label : 1, Result : 1 -> True
Test Sample 1137 - Label : 1, Result : 1 -> True
Test Sample 1138 - Label : 2, Result : 2 -> True
Test Sample 1139 - Label : 1, Result : 1 -> True
Test Sample 1140 - Label : 4, Result : 4 -> True
Test Sample 1141 - Label : 7, Result : 7 -> True
Test Sample 1142 - Label : 4, Result : 4 -> True
Test Sample 1143 - Label : 7, Result : 7 -> True
Test Sample 1144 - Label : 5, Result : 5 -> True
Test Sample 1145 - Label : 4, Result : 4 -> True
Test Sample 1146 - Label : 5, Result : 5 -> True
Test Sample 1147 - Label : 4, Result : 4 -> True
Test Sample 1148 - Label : 0, Result : 0 -> True
Test Sample 1149 - Label : 8, Result : 8 -> True
Test Sample 1150 - Label : 3, Result : 3 -> True
Test Sample 1151 - Label : 6, Result : 6 -> True
Test Sample 1152 - Label : 9, Result : 9 -> True
Test Sample 1153 - Label : 6, Result : 6 -> True
Test Sample 1154 - Label : 0, Result : 0 -> True
Test Sample 1155 - Label : 2, Result : 2 -> True
Test Sample 1156 - Label : 7, Result : 7 -> True
Test Sample 1157 - Label : 4, Result : 4 -> True
Test Sample 1158 - Label : 4, Result : 4 -> True
Test Sample 1159 - Label : 4, Result : 4 -> True
Test Sample 1160 - Label : 4, Result : 4 -> True
Test Sample 1161 - Label : 6, Result : 6 -> True
Test Sample 1162 - Label : 6, Result : 6 -> True
Test Sample 1163 - Label : 4, Result : 4 -> True
Test Sample 1164 - Label : 7, Result : 7 -> True
Test Sample 1165 - Label : 9, Result : 9 -> True
Test Sample 1166 - Label : 3, Result : 3 -> True
Test Sample 1167 - Label : 4, Result : 4 -> True
Test Sample 1168 - Label : 5, Result : 5 -> True
Test Sample 1169 - Label : 5, Result : 5 -> True
Test Sample 1170 - Label : 8, Result : 8 -> True
Test Sample 1171 - Label : 7, Result : 7 -> True
Test Sample 1172 - Label : 3, Result : 3 -> True
Test Sample 1173 - Label : 7, Result : 7 -> True
Test Sample 1174 - Label : 2, Result : 2 -> True
Test Sample 1175 - Label : 7, Result : 7 -> True
Test Sample 1176 - Label : 0, Result : 0 -> True
Test Sample 1177 - Label : 2, Result : 2 -> True
Test Sample 1178 - Label : 4, Result : 4 -> True
Test Sample 1179 - Label : 1, Result : 1 -> True
Test Sample 1180 - Label : 1, Result : 1 -> True
Test Sample 1181 - Label : 6, Result : 1 -> False
Test Sample 1182 - Label : 6, Result : 6 -> True
Test Sample 1183 - Label : 9, Result : 9 -> True
Test Sample 1184 - Label : 2, Result : 2 -> True
Test Sample 1185 - Label : 8, Result : 8 -> True
Test Sample 1186 - Label : 7, Result : 7 -> True
Test Sample 1187 - Label : 2, Result : 2 -> True
Test Sample 1188 - Label : 0, Result : 0 -> True
Test Sample 1189 - Label : 1, Result : 1 -> True
Test Sample 1190 - Label : 5, Result : 5 -> True
Test Sample 1191 - Label : 0, Result : 0 -> True
Test Sample 1192 - Label : 9, Result : 9 -> True
Test Sample 1193 - Label : 1, Result : 1 -> True
Test Sample 1194 - Label : 7, Result : 7 -> True
Test Sample 1195 - Label : 0, Result : 0 -> True
Test Sample 1196 - Label : 6, Result : 6 -> True
Test Sample 1197 - Label : 0, Result : 0 -> True
Test Sample 1198 - Label : 8, Result : 8 -> True
Test Sample 1199 - Label : 6, Result : 6 -> True
Test Sample 1200 - Label : 8, Result : 8 -> True
Test Sample 1201 - Label : 1, Result : 1 -> True
Test Sample 1202 - Label : 8, Result : 8 -> True
Test Sample 1203 - Label : 0, Result : 0 -> True
Test Sample 1204 - Label : 3, Result : 3 -> True
Test Sample 1205 - Label : 3, Result : 3 -> True
Test Sample 1206 - Label : 7, Result : 7 -> True
Test Sample 1207 - Label : 2, Result : 2 -> True
Test Sample 1208 - Label : 3, Result : 3 -> True
Test Sample 1209 - Label : 6, Result : 6 -> True
Test Sample 1210 - Label : 2, Result : 2 -> True
Test Sample 1211 - Label : 1, Result : 1 -> True
Test Sample 1212 - Label : 6, Result : 6 -> True
Test Sample 1213 - Label : 1, Result : 1 -> True
Test Sample 1214 - Label : 1, Result : 1 -> True
Test Sample 1215 - Label : 3, Result : 3 -> True
Test Sample 1216 - Label : 7, Result : 7 -> True
Test Sample 1217 - Label : 9, Result : 9 -> True
Test Sample 1218 - Label : 0, Result : 0 -> True
Test Sample 1219 - Label : 8, Result : 8 -> True
Test Sample 1220 - Label : 0, Result : 0 -> True
Test Sample 1221 - Label : 5, Result : 5 -> True
Test Sample 1222 - Label : 4, Result : 4 -> True
Test Sample 1223 - Label : 0, Result : 0 -> True
Test Sample 1224 - Label : 2, Result : 2 -> True
Test Sample 1225 - Label : 8, Result : 8 -> True
Test Sample 1226 - Label : 7, Result : 2 -> False
Test Sample 1227 - Label : 2, Result : 2 -> True
Test Sample 1228 - Label : 9, Result : 9 -> True
Test Sample 1229 - Label : 8, Result : 8 -> True
Test Sample 1230 - Label : 4, Result : 4 -> True
Test Sample 1231 - Label : 0, Result : 0 -> True
Test Sample 1232 - Label : 9, Result : 4 -> False
Test Sample 1233 - Label : 5, Result : 5 -> True
Test Sample 1234 - Label : 8, Result : 8 -> True
Test Sample 1235 - Label : 5, Result : 5 -> True
Test Sample 1236 - Label : 1, Result : 1 -> True
Test Sample 1237 - Label : 2, Result : 2 -> True
Test Sample 1238 - Label : 1, Result : 1 -> True
Test Sample 1239 - Label : 3, Result : 3 -> True
Test Sample 1240 - Label : 1, Result : 1 -> True
Test Sample 1241 - Label : 7, Result : 7 -> True
Test Sample 1242 - Label : 4, Result : 4 -> True
Test Sample 1243 - Label : 5, Result : 5 -> True
Test Sample 1244 - Label : 7, Result : 7 -> True
Test Sample 1245 - Label : 2, Result : 2 -> True
Test Sample 1246 - Label : 0, Result : 0 -> True
Test Sample 1247 - Label : 9, Result : 0 -> False
Test Sample 1248 - Label : 8, Result : 8 -> True
Test Sample 1249 - Label : 8, Result : 8 -> True
Test Sample 1250 - Label : 6, Result : 6 -> True
Test Sample 1251 - Label : 2, Result : 2 -> True
Test Sample 1252 - Label : 5, Result : 5 -> True
Test Sample 1253 - Label : 4, Result : 4 -> True
Test Sample 1254 - Label : 1, Result : 1 -> True
Test Sample 1255 - Label : 9, Result : 9 -> True
Test Sample 1256 - Label : 2, Result : 2 -> True
Test Sample 1257 - Label : 1, Result : 1 -> True
Test Sample 1258 - Label : 5, Result : 5 -> True
Test Sample 1259 - Label : 8, Result : 8 -> True
Test Sample 1260 - Label : 7, Result : 1 -> False
Test Sample 1261 - Label : 0, Result : 0 -> True
Test Sample 1262 - Label : 2, Result : 2 -> True
Test Sample 1263 - Label : 4, Result : 4 -> True
Test Sample 1264 - Label : 4, Result : 4 -> True
Test Sample 1265 - Label : 3, Result : 3 -> True
Test Sample 1266 - Label : 6, Result : 6 -> True
Test Sample 1267 - Label : 8, Result : 8 -> True
Test Sample 1268 - Label : 8, Result : 8 -> True
Test Sample 1269 - Label : 2, Result : 2 -> True
Test Sample 1270 - Label : 4, Result : 4 -> True
Test Sample 1271 - Label : 0, Result : 0 -> True
Test Sample 1272 - Label : 5, Result : 5 -> True
Test Sample 1273 - Label : 0, Result : 0 -> True
Test Sample 1274 - Label : 4, Result : 4 -> True
Test Sample 1275 - Label : 4, Result : 4 -> True
Test Sample 1276 - Label : 7, Result : 7 -> True
Test Sample 1277 - Label : 9, Result : 9 -> True
Test Sample 1278 - Label : 3, Result : 3 -> True
Test Sample 1279 - Label : 4, Result : 4 -> True
Test Sample 1280 - Label : 1, Result : 1 -> True
Test Sample 1281 - Label : 5, Result : 5 -> True
Test Sample 1282 - Label : 9, Result : 9 -> True
Test Sample 1283 - Label : 7, Result : 7 -> True
Test Sample 1284 - Label : 3, Result : 3 -> True
Test Sample 1285 - Label : 5, Result : 5 -> True
Test Sample 1286 - Label : 8, Result : 8 -> True
Test Sample 1287 - Label : 8, Result : 8 -> True
Test Sample 1288 - Label : 0, Result : 0 -> True
Test Sample 1289 - Label : 5, Result : 5 -> True
Test Sample 1290 - Label : 3, Result : 5 -> False
Test Sample 1291 - Label : 3, Result : 3 -> True
Test Sample 1292 - Label : 6, Result : 6 -> True
Test Sample 1293 - Label : 6, Result : 6 -> True
Test Sample 1294 - Label : 0, Result : 0 -> True
Test Sample 1295 - Label : 1, Result : 1 -> True
Test Sample 1296 - Label : 6, Result : 6 -> True
Test Sample 1297 - Label : 0, Result : 0 -> True
Test Sample 1298 - Label : 3, Result : 3 -> True
Test Sample 1299 - Label : 5, Result : 7 -> False
Test Sample 1300 - Label : 4, Result : 4 -> True
Test Sample 1301 - Label : 4, Result : 4 -> True
Test Sample 1302 - Label : 1, Result : 1 -> True
Test Sample 1303 - Label : 2, Result : 2 -> True
Test Sample 1304 - Label : 9, Result : 9 -> True
Test Sample 1305 - Label : 1, Result : 1 -> True
Test Sample 1306 - Label : 4, Result : 4 -> True
Test Sample 1307 - Label : 6, Result : 6 -> True
Test Sample 1308 - Label : 9, Result : 9 -> True
Test Sample 1309 - Label : 9, Result : 9 -> True
Test Sample 1310 - Label : 3, Result : 3 -> True
Test Sample 1311 - Label : 9, Result : 9 -> True
Test Sample 1312 - Label : 8, Result : 8 -> True
Test Sample 1313 - Label : 4, Result : 4 -> True
Test Sample 1314 - Label : 4, Result : 4 -> True
Test Sample 1315 - Label : 3, Result : 3 -> True
Test Sample 1316 - Label : 1, Result : 1 -> True
Test Sample 1317 - Label : 3, Result : 3 -> True
Test Sample 1318 - Label : 1, Result : 1 -> True
Test Sample 1319 - Label : 8, Result : 3 -> False
Test Sample 1320 - Label : 8, Result : 8 -> True
Test Sample 1321 - Label : 7, Result : 7 -> True
Test Sample 1322 - Label : 9, Result : 9 -> True
Test Sample 1323 - Label : 4, Result : 4 -> True
Test Sample 1324 - Label : 8, Result : 8 -> True
Test Sample 1325 - Label : 8, Result : 8 -> True
Test Sample 1326 - Label : 7, Result : 7 -> True
Test Sample 1327 - Label : 9, Result : 9 -> True
Test Sample 1328 - Label : 7, Result : 7 -> True
Test Sample 1329 - Label : 1, Result : 1 -> True
Test Sample 1330 - Label : 4, Result : 4 -> True
Test Sample 1331 - Label : 5, Result : 5 -> True
Test Sample 1332 - Label : 6, Result : 6 -> True
Test Sample 1333 - Label : 0, Result : 0 -> True
Test Sample 1334 - Label : 5, Result : 5 -> True
Test Sample 1335 - Label : 2, Result : 2 -> True
Test Sample 1336 - Label : 2, Result : 2 -> True
Test Sample 1337 - Label : 2, Result : 2 -> True
Test Sample 1338 - Label : 1, Result : 1 -> True
Test Sample 1339 - Label : 5, Result : 5 -> True
Test Sample 1340 - Label : 5, Result : 5 -> True
Test Sample 1341 - Label : 2, Result : 2 -> True
Test Sample 1342 - Label : 4, Result : 4 -> True
Test Sample 1343 - Label : 9, Result : 9 -> True
Test Sample 1344 - Label : 6, Result : 6 -> True
Test Sample 1345 - Label : 2, Result : 2 -> True
Test Sample 1346 - Label : 7, Result : 7 -> True
Test Sample 1347 - Label : 7, Result : 7 -> True
Test Sample 1348 - Label : 2, Result : 2 -> True
Test Sample 1349 - Label : 2, Result : 2 -> True
Test Sample 1350 - Label : 1, Result : 1 -> True
Test Sample 1351 - Label : 1, Result : 1 -> True
Test Sample 1352 - Label : 2, Result : 2 -> True
Test Sample 1353 - Label : 8, Result : 8 -> True
Test Sample 1354 - Label : 3, Result : 3 -> True
Test Sample 1355 - Label : 7, Result : 7 -> True
Test Sample 1356 - Label : 2, Result : 2 -> True
Test Sample 1357 - Label : 4, Result : 4 -> True
Test Sample 1358 - Label : 1, Result : 1 -> True
Test Sample 1359 - Label : 7, Result : 7 -> True
Test Sample 1360 - Label : 1, Result : 1 -> True
Test Sample 1361 - Label : 7, Result : 7 -> True
Test Sample 1362 - Label : 6, Result : 6 -> True
Test Sample 1363 - Label : 7, Result : 7 -> True
Test Sample 1364 - Label : 8, Result : 2 -> False
Test Sample 1365 - Label : 2, Result : 2 -> True
Test Sample 1366 - Label : 7, Result : 7 -> True
Test Sample 1367 - Label : 3, Result : 3 -> True
Test Sample 1368 - Label : 1, Result : 1 -> True
Test Sample 1369 - Label : 7, Result : 7 -> True
Test Sample 1370 - Label : 5, Result : 5 -> True
Test Sample 1371 - Label : 8, Result : 8 -> True
Test Sample 1372 - Label : 2, Result : 2 -> True
Test Sample 1373 - Label : 6, Result : 6 -> True
Test Sample 1374 - Label : 2, Result : 2 -> True
Test Sample 1375 - Label : 2, Result : 2 -> True
Test Sample 1376 - Label : 5, Result : 5 -> True
Test Sample 1377 - Label : 6, Result : 6 -> True
Test Sample 1378 - Label : 5, Result : 5 -> True
Test Sample 1379 - Label : 0, Result : 0 -> True
Test Sample 1380 - Label : 9, Result : 9 -> True
Test Sample 1381 - Label : 2, Result : 2 -> True
Test Sample 1382 - Label : 4, Result : 4 -> True
Test Sample 1383 - Label : 3, Result : 3 -> True
Test Sample 1384 - Label : 3, Result : 3 -> True
Test Sample 1385 - Label : 9, Result : 9 -> True
Test Sample 1386 - Label : 7, Result : 7 -> True
Test Sample 1387 - Label : 6, Result : 6 -> True
Test Sample 1388 - Label : 6, Result : 6 -> True
Test Sample 1389 - Label : 8, Result : 8 -> True
Test Sample 1390 - Label : 0, Result : 0 -> True
Test Sample 1391 - Label : 4, Result : 4 -> True
Test Sample 1392 - Label : 1, Result : 1 -> True
Test Sample 1393 - Label : 5, Result : 3 -> False
Test Sample 1394 - Label : 8, Result : 8 -> True
Test Sample 1395 - Label : 2, Result : 2 -> True
Test Sample 1396 - Label : 9, Result : 9 -> True
Test Sample 1397 - Label : 1, Result : 1 -> True
Test Sample 1398 - Label : 8, Result : 8 -> True
Test Sample 1399 - Label : 0, Result : 0 -> True
Test Sample 1400 - Label : 6, Result : 6 -> True
Test Sample 1401 - Label : 7, Result : 7 -> True
Test Sample 1402 - Label : 2, Result : 2 -> True
Test Sample 1403 - Label : 1, Result : 1 -> True
Test Sample 1404 - Label : 0, Result : 0 -> True
Test Sample 1405 - Label : 5, Result : 5 -> True
Test Sample 1406 - Label : 5, Result : 5 -> True
Test Sample 1407 - Label : 2, Result : 2 -> True
Test Sample 1408 - Label : 0, Result : 0 -> True
Test Sample 1409 - Label : 2, Result : 2 -> True
Test Sample 1410 - Label : 2, Result : 2 -> True
Test Sample 1411 - Label : 0, Result : 0 -> True
Test Sample 1412 - Label : 2, Result : 2 -> True
Test Sample 1413 - Label : 4, Result : 4 -> True
Test Sample 1414 - Label : 9, Result : 7 -> False
Test Sample 1415 - Label : 8, Result : 8 -> True
Test Sample 1416 - Label : 0, Result : 0 -> True
Test Sample 1417 - Label : 9, Result : 9 -> True
Test Sample 1418 - Label : 9, Result : 9 -> True
Test Sample 1419 - Label : 4, Result : 4 -> True
Test Sample 1420 - Label : 6, Result : 6 -> True
Test Sample 1421 - Label : 5, Result : 5 -> True
Test Sample 1422 - Label : 4, Result : 4 -> True
Test Sample 1423 - Label : 9, Result : 9 -> True
Test Sample 1424 - Label : 1, Result : 1 -> True
Test Sample 1425 - Label : 8, Result : 4 -> False
Test Sample 1426 - Label : 3, Result : 3 -> True
Test Sample 1427 - Label : 4, Result : 4 -> True
Test Sample 1428 - Label : 9, Result : 9 -> True
Test Sample 1429 - Label : 9, Result : 9 -> True
Test Sample 1430 - Label : 1, Result : 1 -> True
Test Sample 1431 - Label : 2, Result : 2 -> True
Test Sample 1432 - Label : 2, Result : 2 -> True
Test Sample 1433 - Label : 8, Result : 8 -> True
Test Sample 1434 - Label : 1, Result : 1 -> True
Test Sample 1435 - Label : 9, Result : 9 -> True
Test Sample 1436 - Label : 6, Result : 6 -> True
Test Sample 1437 - Label : 4, Result : 4 -> True
Test Sample 1438 - Label : 0, Result : 0 -> True
Test Sample 1439 - Label : 9, Result : 9 -> True
Test Sample 1440 - Label : 4, Result : 4 -> True
Test Sample 1441 - Label : 8, Result : 2 -> False
Test Sample 1442 - Label : 3, Result : 3 -> True
Test Sample 1443 - Label : 8, Result : 8 -> True
Test Sample 1444 - Label : 6, Result : 6 -> True
Test Sample 1445 - Label : 0, Result : 0 -> True
Test Sample 1446 - Label : 2, Result : 2 -> True
Test Sample 1447 - Label : 5, Result : 5 -> True
Test Sample 1448 - Label : 1, Result : 1 -> True
Test Sample 1449 - Label : 9, Result : 9 -> True
Test Sample 1450 - Label : 6, Result : 6 -> True
Test Sample 1451 - Label : 2, Result : 2 -> True
Test Sample 1452 - Label : 9, Result : 9 -> True
Test Sample 1453 - Label : 4, Result : 4 -> True
Test Sample 1454 - Label : 0, Result : 0 -> True
Test Sample 1455 - Label : 9, Result : 9 -> True
Test Sample 1456 - Label : 6, Result : 6 -> True
Test Sample 1457 - Label : 0, Result : 0 -> True
Test Sample 1458 - Label : 6, Result : 6 -> True
Test Sample 1459 - Label : 2, Result : 2 -> True
Test Sample 1460 - Label : 5, Result : 5 -> True
Test Sample 1461 - Label : 4, Result : 4 -> True
Test Sample 1462 - Label : 2, Result : 2 -> True
Test Sample 1463 - Label : 3, Result : 3 -> True
Test Sample 1464 - Label : 8, Result : 8 -> True
Test Sample 1465 - Label : 4, Result : 4 -> True
Test Sample 1466 - Label : 5, Result : 5 -> True
Test Sample 1467 - Label : 5, Result : 5 -> True
Test Sample 1468 - Label : 0, Result : 0 -> True
Test Sample 1469 - Label : 3, Result : 3 -> True
Test Sample 1470 - Label : 8, Result : 8 -> True
Test Sample 1471 - Label : 5, Result : 5 -> True
Test Sample 1472 - Label : 3, Result : 3 -> True
Test Sample 1473 - Label : 5, Result : 5 -> True
Test Sample 1474 - Label : 8, Result : 8 -> True
Test Sample 1475 - Label : 6, Result : 6 -> True
Test Sample 1476 - Label : 5, Result : 5 -> True
Test Sample 1477 - Label : 7, Result : 7 -> True
Test Sample 1478 - Label : 6, Result : 6 -> True
Test Sample 1479 - Label : 3, Result : 3 -> True
Test Sample 1480 - Label : 3, Result : 3 -> True
Test Sample 1481 - Label : 9, Result : 9 -> True
Test Sample 1482 - Label : 6, Result : 6 -> True
Test Sample 1483 - Label : 1, Result : 1 -> True
Test Sample 1484 - Label : 1, Result : 1 -> True
Test Sample 1485 - Label : 2, Result : 2 -> True
Test Sample 1486 - Label : 9, Result : 9 -> True
Test Sample 1487 - Label : 0, Result : 0 -> True
Test Sample 1488 - Label : 4, Result : 4 -> True
Test Sample 1489 - Label : 3, Result : 3 -> True
Test Sample 1490 - Label : 3, Result : 3 -> True
Test Sample 1491 - Label : 6, Result : 6 -> True
Test Sample 1492 - Label : 9, Result : 9 -> True
Test Sample 1493 - Label : 5, Result : 5 -> True
Test Sample 1494 - Label : 7, Result : 7 -> True
Test Sample 1495 - Label : 3, Result : 3 -> True
Test Sample 1496 - Label : 7, Result : 7 -> True
Test Sample 1497 - Label : 7, Result : 7 -> True
Test Sample 1498 - Label : 7, Result : 7 -> True
Test Sample 1499 - Label : 8, Result : 8 -> True
Test Sample 1500 - Label : 7, Result : 1 -> False
Test Sample 1501 - Label : 9, Result : 9 -> True
Test Sample 1502 - Label : 8, Result : 8 -> True
Test Sample 1503 - Label : 3, Result : 3 -> True
Test Sample 1504 - Label : 0, Result : 0 -> True
Test Sample 1505 - Label : 7, Result : 7 -> True
Test Sample 1506 - Label : 2, Result : 2 -> True
Test Sample 1507 - Label : 7, Result : 7 -> True
Test Sample 1508 - Label : 9, Result : 9 -> True
Test Sample 1509 - Label : 4, Result : 4 -> True
Test Sample 1510 - Label : 5, Result : 5 -> True
Test Sample 1511 - Label : 4, Result : 4 -> True
Test Sample 1512 - Label : 9, Result : 9 -> True
Test Sample 1513 - Label : 3, Result : 3 -> True
Test Sample 1514 - Label : 2, Result : 2 -> True
Test Sample 1515 - Label : 1, Result : 1 -> True
Test Sample 1516 - Label : 4, Result : 4 -> True
Test Sample 1517 - Label : 0, Result : 0 -> True
Test Sample 1518 - Label : 2, Result : 2 -> True
Test Sample 1519 - Label : 3, Result : 3 -> True
Test Sample 1520 - Label : 7, Result : 7 -> True
Test Sample 1521 - Label : 5, Result : 5 -> True
Test Sample 1522 - Label : 7, Result : 7 -> True
Test Sample 1523 - Label : 8, Result : 8 -> True
Test Sample 1524 - Label : 8, Result : 8 -> True
Test Sample 1525 - Label : 5, Result : 5 -> True
Test Sample 1526 - Label : 0, Result : 0 -> True
Test Sample 1527 - Label : 1, Result : 1 -> True
Test Sample 1528 - Label : 1, Result : 1 -> True
Test Sample 1529 - Label : 4, Result : 4 -> True
Test Sample 1530 - Label : 8, Result : 7 -> False
Test Sample 1531 - Label : 3, Result : 3 -> True
Test Sample 1532 - Label : 9, Result : 9 -> True
Test Sample 1533 - Label : 0, Result : 0 -> True
Test Sample 1534 - Label : 0, Result : 0 -> True
Test Sample 1535 - Label : 0, Result : 0 -> True
Test Sample 1536 - Label : 6, Result : 6 -> True
Test Sample 1537 - Label : 6, Result : 6 -> True
Test Sample 1538 - Label : 2, Result : 2 -> True
Test Sample 1539 - Label : 3, Result : 3 -> True
Test Sample 1540 - Label : 7, Result : 7 -> True
Test Sample 1541 - Label : 8, Result : 8 -> True
Test Sample 1542 - Label : 4, Result : 4 -> True
Test Sample 1543 - Label : 7, Result : 7 -> True
Test Sample 1544 - Label : 7, Result : 7 -> True
Test Sample 1545 - Label : 9, Result : 9 -> True
Test Sample 1546 - Label : 2, Result : 2 -> True
Test Sample 1547 - Label : 4, Result : 4 -> True
Test Sample 1548 - Label : 1, Result : 1 -> True
Test Sample 1549 - Label : 4, Result : 4 -> True
Test Sample 1550 - Label : 5, Result : 5 -> True
Test Sample 1551 - Label : 2, Result : 2 -> True
Test Sample 1552 - Label : 4, Result : 4 -> True
Test Sample 1553 - Label : 9, Result : 9 -> True
Test Sample 1554 - Label : 9, Result : 9 -> True
Test Sample 1555 - Label : 1, Result : 1 -> True
Test Sample 1556 - Label : 8, Result : 8 -> True
Test Sample 1557 - Label : 4, Result : 4 -> True
Test Sample 1558 - Label : 0, Result : 0 -> True
Test Sample 1559 - Label : 9, Result : 9 -> True
Test Sample 1560 - Label : 8, Result : 8 -> True
Test Sample 1561 - Label : 4, Result : 4 -> True
Test Sample 1562 - Label : 8, Result : 8 -> True
Test Sample 1563 - Label : 7, Result : 7 -> True
Test Sample 1564 - Label : 7, Result : 7 -> True
Test Sample 1565 - Label : 0, Result : 0 -> True
Test Sample 1566 - Label : 7, Result : 7 -> True
Test Sample 1567 - Label : 8, Result : 8 -> True
Test Sample 1568 - Label : 8, Result : 8 -> True
Test Sample 1569 - Label : 6, Result : 4 -> False
Test Sample 1570 - Label : 0, Result : 0 -> True
Test Sample 1571 - Label : 4, Result : 4 -> True
Test Sample 1572 - Label : 8, Result : 8 -> True
Test Sample 1573 - Label : 8, Result : 8 -> True
Test Sample 1574 - Label : 2, Result : 2 -> True
Test Sample 1575 - Label : 4, Result : 4 -> True
Test Sample 1576 - Label : 7, Result : 7 -> True
Test Sample 1577 - Label : 6, Result : 6 -> True
Test Sample 1578 - Label : 6, Result : 6 -> True
Test Sample 1579 - Label : 6, Result : 6 -> True
Test Sample 1580 - Label : 4, Result : 4 -> True
Test Sample 1581 - Label : 7, Result : 7 -> True
Test Sample 1582 - Label : 1, Result : 1 -> True
Test Sample 1583 - Label : 8, Result : 8 -> True
Test Sample 1584 - Label : 8, Result : 8 -> True
Test Sample 1585 - Label : 2, Result : 2 -> True
Test Sample 1586 - Label : 3, Result : 3 -> True
Test Sample 1587 - Label : 6, Result : 6 -> True
Test Sample 1588 - Label : 3, Result : 3 -> True
Test Sample 1589 - Label : 0, Result : 0 -> True
Test Sample 1590 - Label : 0, Result : 0 -> True
Test Sample 1591 - Label : 3, Result : 3 -> True
Test Sample 1592 - Label : 7, Result : 7 -> True
Test Sample 1593 - Label : 6, Result : 6 -> True
Test Sample 1594 - Label : 9, Result : 9 -> True
Test Sample 1595 - Label : 7, Result : 7 -> True
Test Sample 1596 - Label : 9, Result : 9 -> True
Test Sample 1597 - Label : 9, Result : 9 -> True
Test Sample 1598 - Label : 5, Result : 5 -> True
Test Sample 1599 - Label : 4, Result : 4 -> True
Test Sample 1600 - Label : 3, Result : 3 -> True
Test Sample 1601 - Label : 3, Result : 3 -> True
Test Sample 1602 - Label : 6, Result : 6 -> True
Test Sample 1603 - Label : 1, Result : 1 -> True
Test Sample 1604 - Label : 2, Result : 2 -> True
Test Sample 1605 - Label : 3, Result : 3 -> True
Test Sample 1606 - Label : 7, Result : 7 -> True
Test Sample 1607 - Label : 3, Result : 3 -> True
Test Sample 1608 - Label : 3, Result : 3 -> True
Test Sample 1609 - Label : 2, Result : 2 -> True
Test Sample 1610 - Label : 0, Result : 0 -> True
Test Sample 1611 - Label : 3, Result : 3 -> True
Test Sample 1612 - Label : 3, Result : 3 -> True
Test Sample 1613 - Label : 8, Result : 8 -> True
Test Sample 1614 - Label : 4, Result : 4 -> True
Test Sample 1615 - Label : 3, Result : 3 -> True
Test Sample 1616 - Label : 6, Result : 6 -> True
Test Sample 1617 - Label : 3, Result : 3 -> True
Test Sample 1618 - Label : 5, Result : 5 -> True
Test Sample 1619 - Label : 0, Result : 0 -> True
Test Sample 1620 - Label : 2, Result : 2 -> True
Test Sample 1621 - Label : 0, Result : 0 -> True
Test Sample 1622 - Label : 9, Result : 9 -> True
Test Sample 1623 - Label : 0, Result : 0 -> True
Test Sample 1624 - Label : 7, Result : 7 -> True
Test Sample 1625 - Label : 4, Result : 4 -> True
Test Sample 1626 - Label : 6, Result : 6 -> True
Test Sample 1627 - Label : 9, Result : 9 -> True
Test Sample 1628 - Label : 3, Result : 3 -> True
Test Sample 1629 - Label : 5, Result : 5 -> True
Test Sample 1630 - Label : 1, Result : 1 -> True
Test Sample 1631 - Label : 9, Result : 9 -> True
Test Sample 1632 - Label : 6, Result : 6 -> True
Test Sample 1633 - Label : 1, Result : 1 -> True
Test Sample 1634 - Label : 4, Result : 4 -> True
Test Sample 1635 - Label : 5, Result : 5 -> True
Test Sample 1636 - Label : 4, Result : 4 -> True
Test Sample 1637 - Label : 5, Result : 5 -> True
Test Sample 1638 - Label : 0, Result : 0 -> True
Test Sample 1639 - Label : 5, Result : 5 -> True
Test Sample 1640 - Label : 9, Result : 9 -> True
Test Sample 1641 - Label : 5, Result : 5 -> True
Test Sample 1642 - Label : 2, Result : 2 -> True
Test Sample 1643 - Label : 1, Result : 1 -> True
Test Sample 1644 - Label : 2, Result : 2 -> True
Test Sample 1645 - Label : 9, Result : 9 -> True
Test Sample 1646 - Label : 1, Result : 1 -> True
Test Sample 1647 - Label : 9, Result : 9 -> True
Test Sample 1648 - Label : 9, Result : 9 -> True
Test Sample 1649 - Label : 4, Result : 4 -> True
Test Sample 1650 - Label : 0, Result : 0 -> True
Test Sample 1651 - Label : 8, Result : 8 -> True
Test Sample 1652 - Label : 4, Result : 4 -> True
Test Sample 1653 - Label : 5, Result : 5 -> True
Test Sample 1654 - Label : 2, Result : 2 -> True
Test Sample 1655 - Label : 9, Result : 9 -> True
Test Sample 1656 - Label : 2, Result : 2 -> True
Test Sample 1657 - Label : 1, Result : 1 -> True
Test Sample 1658 - Label : 2, Result : 2 -> True
Test Sample 1659 - Label : 1, Result : 1 -> True
Test Sample 1660 - Label : 7, Result : 7 -> True
Test Sample 1661 - Label : 3, Result : 3 -> True
Test Sample 1662 - Label : 6, Result : 6 -> True
Test Sample 1663 - Label : 8, Result : 8 -> True
Test Sample 1664 - Label : 8, Result : 8 -> True
Test Sample 1665 - Label : 4, Result : 4 -> True
Test Sample 1666 - Label : 9, Result : 9 -> True
Test Sample 1667 - Label : 1, Result : 1 -> True
Test Sample 1668 - Label : 9, Result : 9 -> True
Test Sample 1669 - Label : 8, Result : 8 -> True
Test Sample 1670 - Label : 5, Result : 5 -> True
Test Sample 1671 - Label : 7, Result : 7 -> True
Test Sample 1672 - Label : 5, Result : 5 -> True
Test Sample 1673 - Label : 1, Result : 1 -> True
Test Sample 1674 - Label : 1, Result : 1 -> True
Test Sample 1675 - Label : 8, Result : 8 -> True
Test Sample 1676 - Label : 6, Result : 6 -> True
Test Sample 1677 - Label : 5, Result : 5 -> True
Test Sample 1678 - Label : 2, Result : 2 -> True
Test Sample 1679 - Label : 4, Result : 4 -> True
Test Sample 1680 - Label : 4, Result : 4 -> True
Test Sample 1681 - Label : 3, Result : 7 -> False
Test Sample 1682 - Label : 2, Result : 2 -> True
Test Sample 1683 - Label : 3, Result : 3 -> True
Test Sample 1684 - Label : 5, Result : 5 -> True
Test Sample 1685 - Label : 6, Result : 6 -> True
Test Sample 1686 - Label : 8, Result : 8 -> True
Test Sample 1687 - Label : 8, Result : 8 -> True
Test Sample 1688 - Label : 6, Result : 6 -> True
Test Sample 1689 - Label : 2, Result : 2 -> True
Test Sample 1690 - Label : 3, Result : 3 -> True
Test Sample 1691 - Label : 1, Result : 1 -> True
Test Sample 1692 - Label : 0, Result : 0 -> True
Test Sample 1693 - Label : 5, Result : 5 -> True
Test Sample 1694 - Label : 8, Result : 8 -> True
Test Sample 1695 - Label : 9, Result : 9 -> True
Test Sample 1696 - Label : 2, Result : 2 -> True
Test Sample 1697 - Label : 9, Result : 9 -> True
Test Sample 1698 - Label : 6, Result : 6 -> True
Test Sample 1699 - Label : 7, Result : 7 -> True
Test Sample 1700 - Label : 0, Result : 0 -> True
Test Sample 1701 - Label : 4, Result : 4 -> True
Test Sample 1702 - Label : 8, Result : 8 -> True
Test Sample 1703 - Label : 7, Result : 7 -> True
Test Sample 1704 - Label : 1, Result : 1 -> True
Test Sample 1705 - Label : 7, Result : 7 -> True
Test Sample 1706 - Label : 4, Result : 4 -> True
Test Sample 1707 - Label : 1, Result : 1 -> True
Test Sample 1708 - Label : 0, Result : 0 -> True
Test Sample 1709 - Label : 9, Result : 5 -> False
Test Sample 1710 - Label : 7, Result : 7 -> True
Test Sample 1711 - Label : 2, Result : 2 -> True
Test Sample 1712 - Label : 0, Result : 0 -> True
Test Sample 1713 - Label : 0, Result : 0 -> True
Test Sample 1714 - Label : 9, Result : 9 -> True
Test Sample 1715 - Label : 1, Result : 1 -> True
Test Sample 1716 - Label : 7, Result : 7 -> True
Test Sample 1717 - Label : 8, Result : 0 -> False
Test Sample 1718 - Label : 7, Result : 7 -> True
Test Sample 1719 - Label : 8, Result : 8 -> True
Test Sample 1720 - Label : 4, Result : 4 -> True
Test Sample 1721 - Label : 7, Result : 7 -> True
Test Sample 1722 - Label : 2, Result : 2 -> True
Test Sample 1723 - Label : 0, Result : 0 -> True
Test Sample 1724 - Label : 4, Result : 4 -> True
Test Sample 1725 - Label : 6, Result : 6 -> True
Test Sample 1726 - Label : 0, Result : 0 -> True
Test Sample 1727 - Label : 3, Result : 3 -> True
Test Sample 1728 - Label : 1, Result : 1 -> True
Test Sample 1729 - Label : 1, Result : 1 -> True
Test Sample 1730 - Label : 3, Result : 3 -> True
Test Sample 1731 - Label : 3, Result : 3 -> True
Test Sample 1732 - Label : 9, Result : 9 -> True
Test Sample 1733 - Label : 6, Result : 6 -> True
Test Sample 1734 - Label : 7, Result : 7 -> True
Test Sample 1735 - Label : 4, Result : 4 -> True
Test Sample 1736 - Label : 1, Result : 1 -> True
Test Sample 1737 - Label : 5, Result : 5 -> True
Test Sample 1738 - Label : 3, Result : 3 -> True
Test Sample 1739 - Label : 0, Result : 0 -> True
Test Sample 1740 - Label : 8, Result : 8 -> True
Test Sample 1741 - Label : 7, Result : 7 -> True
Test Sample 1742 - Label : 3, Result : 3 -> True
Test Sample 1743 - Label : 9, Result : 9 -> True
Test Sample 1744 - Label : 6, Result : 6 -> True
Test Sample 1745 - Label : 9, Result : 9 -> True
Test Sample 1746 - Label : 3, Result : 3 -> True
Test Sample 1747 - Label : 5, Result : 5 -> True
Test Sample 1748 - Label : 0, Result : 0 -> True
Test Sample 1749 - Label : 2, Result : 2 -> True
Test Sample 1750 - Label : 7, Result : 7 -> True
Test Sample 1751 - Label : 4, Result : 4 -> True
Test Sample 1752 - Label : 5, Result : 5 -> True
Test Sample 1753 - Label : 1, Result : 1 -> True
Test Sample 1754 - Label : 7, Result : 2 -> False
Test Sample 1755 - Label : 5, Result : 5 -> True
Test Sample 1756 - Label : 8, Result : 8 -> True
Test Sample 1757 - Label : 0, Result : 0 -> True
Test Sample 1758 - Label : 8, Result : 8 -> True
Test Sample 1759 - Label : 8, Result : 8 -> True
Test Sample 1760 - Label : 1, Result : 1 -> True
Test Sample 1761 - Label : 5, Result : 5 -> True
Test Sample 1762 - Label : 0, Result : 0 -> True
Test Sample 1763 - Label : 3, Result : 3 -> True
Test Sample 1764 - Label : 0, Result : 0 -> True
Test Sample 1765 - Label : 3, Result : 3 -> True
Test Sample 1766 - Label : 1, Result : 1 -> True
Test Sample 1767 - Label : 4, Result : 4 -> True
Test Sample 1768 - Label : 0, Result : 0 -> True
Test Sample 1769 - Label : 3, Result : 3 -> True
Test Sample 1770 - Label : 7, Result : 7 -> True
Test Sample 1771 - Label : 2, Result : 2 -> True
Test Sample 1772 - Label : 7, Result : 7 -> True
Test Sample 1773 - Label : 1, Result : 1 -> True
Test Sample 1774 - Label : 8, Result : 8 -> True
Test Sample 1775 - Label : 0, Result : 0 -> True
Test Sample 1776 - Label : 7, Result : 7 -> True
Test Sample 1777 - Label : 0, Result : 0 -> True
Test Sample 1778 - Label : 4, Result : 4 -> True
Test Sample 1779 - Label : 3, Result : 3 -> True
Test Sample 1780 - Label : 1, Result : 1 -> True
Test Sample 1781 - Label : 9, Result : 9 -> True
Test Sample 1782 - Label : 8, Result : 8 -> True
Test Sample 1783 - Label : 7, Result : 7 -> True
Test Sample 1784 - Label : 7, Result : 7 -> True
Test Sample 1785 - Label : 1, Result : 1 -> True
Test Sample 1786 - Label : 4, Result : 4 -> True
Test Sample 1787 - Label : 9, Result : 9 -> True
Test Sample 1788 - Label : 9, Result : 9 -> True
Test Sample 1789 - Label : 3, Result : 3 -> True
Test Sample 1790 - Label : 2, Result : 2 -> True
Test Sample 1791 - Label : 1, Result : 1 -> True
Test Sample 1792 - Label : 7, Result : 7 -> True
Test Sample 1793 - Label : 9, Result : 9 -> True
Test Sample 1794 - Label : 0, Result : 0 -> True
Test Sample 1795 - Label : 2, Result : 2 -> True
Test Sample 1796 - Label : 0, Result : 0 -> True
Test Sample 1797 - Label : 3, Result : 3 -> True
Test Sample 1798 - Label : 3, Result : 3 -> True
Test Sample 1799 - Label : 7, Result : 7 -> True
Test Sample 1800 - Label : 6, Result : 6 -> True
Test Sample 1801 - Label : 9, Result : 9 -> True
Test Sample 1802 - Label : 2, Result : 2 -> True
Test Sample 1803 - Label : 3, Result : 3 -> True
Test Sample 1804 - Label : 3, Result : 3 -> True
Test Sample 1805 - Label : 7, Result : 7 -> True
Test Sample 1806 - Label : 7, Result : 7 -> True
Test Sample 1807 - Label : 0, Result : 0 -> True
Test Sample 1808 - Label : 0, Result : 0 -> True
Test Sample 1809 - Label : 7, Result : 7 -> True
Test Sample 1810 - Label : 5, Result : 5 -> True
Test Sample 1811 - Label : 2, Result : 2 -> True
Test Sample 1812 - Label : 9, Result : 9 -> True
Test Sample 1813 - Label : 8, Result : 8 -> True
Test Sample 1814 - Label : 7, Result : 7 -> True
Test Sample 1815 - Label : 4, Result : 4 -> True
Test Sample 1816 - Label : 4, Result : 4 -> True
Test Sample 1817 - Label : 2, Result : 2 -> True
Test Sample 1818 - Label : 6, Result : 6 -> True
Test Sample 1819 - Label : 6, Result : 6 -> True
Test Sample 1820 - Label : 1, Result : 1 -> True
Test Sample 1821 - Label : 9, Result : 9 -> True
Test Sample 1822 - Label : 6, Result : 6 -> True
Test Sample 1823 - Label : 8, Result : 8 -> True
Test Sample 1824 - Label : 2, Result : 2 -> True
Test Sample 1825 - Label : 9, Result : 9 -> True
Test Sample 1826 - Label : 0, Result : 0 -> True
Test Sample 1827 - Label : 8, Result : 8 -> True
Test Sample 1828 - Label : 3, Result : 7 -> False
Test Sample 1829 - Label : 1, Result : 1 -> True
Test Sample 1830 - Label : 1, Result : 1 -> True
Test Sample 1831 - Label : 6, Result : 6 -> True
Test Sample 1832 - Label : 3, Result : 3 -> True
Test Sample 1833 - Label : 5, Result : 5 -> True
Test Sample 1834 - Label : 1, Result : 1 -> True
Test Sample 1835 - Label : 1, Result : 1 -> True
Test Sample 1836 - Label : 1, Result : 1 -> True
Test Sample 1837 - Label : 3, Result : 3 -> True
Test Sample 1838 - Label : 1, Result : 1 -> True
Test Sample 1839 - Label : 2, Result : 2 -> True
Test Sample 1840 - Label : 3, Result : 3 -> True
Test Sample 1841 - Label : 0, Result : 0 -> True
Test Sample 1842 - Label : 2, Result : 2 -> True
Test Sample 1843 - Label : 0, Result : 0 -> True
Test Sample 1844 - Label : 1, Result : 1 -> True
Test Sample 1845 - Label : 3, Result : 3 -> True
Test Sample 1846 - Label : 5, Result : 5 -> True
Test Sample 1847 - Label : 5, Result : 5 -> True
Test Sample 1848 - Label : 7, Result : 7 -> True
Test Sample 1849 - Label : 4, Result : 4 -> True
Test Sample 1850 - Label : 8, Result : 8 -> True
Test Sample 1851 - Label : 9, Result : 9 -> True
Test Sample 1852 - Label : 6, Result : 6 -> True
Test Sample 1853 - Label : 9, Result : 9 -> True
Test Sample 1854 - Label : 6, Result : 6 -> True
Test Sample 1855 - Label : 8, Result : 8 -> True
Test Sample 1856 - Label : 3, Result : 3 -> True
Test Sample 1857 - Label : 6, Result : 6 -> True
Test Sample 1858 - Label : 6, Result : 6 -> True
Test Sample 1859 - Label : 8, Result : 8 -> True
Test Sample 1860 - Label : 5, Result : 5 -> True
Test Sample 1861 - Label : 1, Result : 1 -> True
Test Sample 1862 - Label : 4, Result : 4 -> True
Test Sample 1863 - Label : 2, Result : 2 -> True
Test Sample 1864 - Label : 4, Result : 4 -> True
Test Sample 1865 - Label : 4, Result : 4 -> True
Test Sample 1866 - Label : 5, Result : 5 -> True
Test Sample 1867 - Label : 1, Result : 1 -> True
Test Sample 1868 - Label : 1, Result : 1 -> True
Test Sample 1869 - Label : 9, Result : 9 -> True
Test Sample 1870 - Label : 0, Result : 0 -> True
Test Sample 1871 - Label : 2, Result : 2 -> True
Test Sample 1872 - Label : 4, Result : 4 -> True
Test Sample 1873 - Label : 9, Result : 9 -> True
Test Sample 1874 - Label : 5, Result : 5 -> True
Test Sample 1875 - Label : 7, Result : 7 -> True
Test Sample 1876 - Label : 1, Result : 1 -> True
Test Sample 1877 - Label : 8, Result : 8 -> True
Test Sample 1878 - Label : 8, Result : 3 -> False
Test Sample 1879 - Label : 5, Result : 5 -> True
Test Sample 1880 - Label : 6, Result : 6 -> True
Test Sample 1881 - Label : 9, Result : 9 -> True
Test Sample 1882 - Label : 8, Result : 8 -> True
Test Sample 1883 - Label : 7, Result : 7 -> True
Test Sample 1884 - Label : 1, Result : 1 -> True
Test Sample 1885 - Label : 1, Result : 1 -> True
Test Sample 1886 - Label : 6, Result : 6 -> True
Test Sample 1887 - Label : 7, Result : 7 -> True
Test Sample 1888 - Label : 6, Result : 6 -> True
Test Sample 1889 - Label : 3, Result : 3 -> True
Test Sample 1890 - Label : 2, Result : 2 -> True
Test Sample 1891 - Label : 2, Result : 2 -> True
Test Sample 1892 - Label : 0, Result : 0 -> True
Test Sample 1893 - Label : 8, Result : 8 -> True
Test Sample 1894 - Label : 9, Result : 9 -> True
Test Sample 1895 - Label : 2, Result : 2 -> True
Test Sample 1896 - Label : 5, Result : 5 -> True
Test Sample 1897 - Label : 1, Result : 1 -> True
Test Sample 1898 - Label : 0, Result : 0 -> True
Test Sample 1899 - Label : 8, Result : 8 -> True
Test Sample 1900 - Label : 1, Result : 1 -> True
Test Sample 1901 - Label : 9, Result : 4 -> False
Test Sample 1902 - Label : 5, Result : 5 -> True
Test Sample 1903 - Label : 7, Result : 2 -> False
Test Sample 1904 - Label : 9, Result : 9 -> True
Test Sample 1905 - Label : 6, Result : 6 -> True
Test Sample 1906 - Label : 9, Result : 9 -> True
Test Sample 1907 - Label : 0, Result : 0 -> True
Test Sample 1908 - Label : 6, Result : 6 -> True
Test Sample 1909 - Label : 1, Result : 1 -> True
Test Sample 1910 - Label : 5, Result : 5 -> True
Test Sample 1911 - Label : 5, Result : 5 -> True
Test Sample 1912 - Label : 8, Result : 8 -> True
Test Sample 1913 - Label : 3, Result : 3 -> True
Test Sample 1914 - Label : 8, Result : 8 -> True
Test Sample 1915 - Label : 2, Result : 2 -> True
Test Sample 1916 - Label : 6, Result : 6 -> True
Test Sample 1917 - Label : 5, Result : 5 -> True
Test Sample 1918 - Label : 0, Result : 0 -> True
Test Sample 1919 - Label : 7, Result : 7 -> True
Test Sample 1920 - Label : 4, Result : 4 -> True
Test Sample 1921 - Label : 6, Result : 6 -> True
Test Sample 1922 - Label : 1, Result : 1 -> True
Test Sample 1923 - Label : 3, Result : 3 -> True
Test Sample 1924 - Label : 4, Result : 4 -> True
Test Sample 1925 - Label : 7, Result : 7 -> True
Test Sample 1926 - Label : 3, Result : 3 -> True
Test Sample 1927 - Label : 2, Result : 2 -> True
Test Sample 1928 - Label : 3, Result : 3 -> True
Test Sample 1929 - Label : 4, Result : 4 -> True
Test Sample 1930 - Label : 2, Result : 2 -> True
Test Sample 1931 - Label : 5, Result : 5 -> True
Test Sample 1932 - Label : 2, Result : 2 -> True
Test Sample 1933 - Label : 7, Result : 7 -> True
Test Sample 1934 - Label : 1, Result : 1 -> True
Test Sample 1935 - Label : 7, Result : 7 -> True
Test Sample 1936 - Label : 2, Result : 2 -> True
Test Sample 1937 - Label : 6, Result : 6 -> True
Test Sample 1938 - Label : 4, Result : 4 -> True
Test Sample 1939 - Label : 1, Result : 1 -> True
Test Sample 1940 - Label : 5, Result : 5 -> True
Test Sample 1941 - Label : 7, Result : 7 -> True
Test Sample 1942 - Label : 8, Result : 8 -> True
Test Sample 1943 - Label : 6, Result : 6 -> True
Test Sample 1944 - Label : 0, Result : 0 -> True
Test Sample 1945 - Label : 1, Result : 1 -> True
Test Sample 1946 - Label : 8, Result : 8 -> True
Test Sample 1947 - Label : 2, Result : 2 -> True
Test Sample 1948 - Label : 5, Result : 5 -> True
Test Sample 1949 - Label : 7, Result : 7 -> True
Test Sample 1950 - Label : 7, Result : 7 -> True
Test Sample 1951 - Label : 6, Result : 6 -> True
Test Sample 1952 - Label : 9, Result : 9 -> True
Test Sample 1953 - Label : 3, Result : 3 -> True
Test Sample 1954 - Label : 5, Result : 5 -> True
Test Sample 1955 - Label : 8, Result : 8 -> True
Test Sample 1956 - Label : 4, Result : 4 -> True
Test Sample 1957 - Label : 2, Result : 2 -> True
Test Sample 1958 - Label : 4, Result : 4 -> True
Test Sample 1959 - Label : 0, Result : 0 -> True
Test Sample 1960 - Label : 8, Result : 8 -> True
Test Sample 1961 - Label : 8, Result : 8 -> True
Test Sample 1962 - Label : 3, Result : 3 -> True
Test Sample 1963 - Label : 4, Result : 4 -> True
Test Sample 1964 - Label : 9, Result : 9 -> True
Test Sample 1965 - Label : 2, Result : 2 -> True
Test Sample 1966 - Label : 7, Result : 7 -> True
Test Sample 1967 - Label : 5, Result : 5 -> True
Test Sample 1968 - Label : 8, Result : 1 -> False
Test Sample 1969 - Label : 6, Result : 6 -> True
Test Sample 1970 - Label : 5, Result : 5 -> True
Test Sample 1971 - Label : 6, Result : 6 -> True
Test Sample 1972 - Label : 0, Result : 0 -> True
Test Sample 1973 - Label : 8, Result : 8 -> True
Test Sample 1974 - Label : 6, Result : 6 -> True
Test Sample 1975 - Label : 7, Result : 7 -> True
Test Sample 1976 - Label : 3, Result : 3 -> True
Test Sample 1977 - Label : 6, Result : 6 -> True
Test Sample 1978 - Label : 4, Result : 4 -> True
Test Sample 1979 - Label : 9, Result : 9 -> True
Test Sample 1980 - Label : 4, Result : 4 -> True
Test Sample 1981 - Label : 6, Result : 6 -> True
Test Sample 1982 - Label : 6, Result : 6 -> True
Test Sample 1983 - Label : 3, Result : 3 -> True
Test Sample 1984 - Label : 2, Result : 2 -> True
Test Sample 1985 - Label : 4, Result : 4 -> True
Test Sample 1986 - Label : 1, Result : 1 -> True
Test Sample 1987 - Label : 0, Result : 0 -> True
Test Sample 1988 - Label : 1, Result : 1 -> True
Test Sample 1989 - Label : 4, Result : 4 -> True
Test Sample 1990 - Label : 6, Result : 6 -> True
Test Sample 1991 - Label : 2, Result : 2 -> True
Test Sample 1992 - Label : 9, Result : 9 -> True
Test Sample 1993 - Label : 1, Result : 1 -> True
Test Sample 1994 - Label : 1, Result : 1 -> True
Test Sample 1995 - Label : 0, Result : 0 -> True
Test Sample 1996 - Label : 6, Result : 6 -> True
Test Sample 1997 - Label : 3, Result : 3 -> True
Test Sample 1998 - Label : 9, Result : 9 -> True
Test Sample 1999 - Label : 5, Result : 5 -> True
Test Sample 2000 - Label : 6, Result : 6 -> True
Test Sample 2001 - Label : 5, Result : 5 -> True
Test Sample 2002 - Label : 6, Result : 6 -> True
Test Sample 2003 - Label : 5, Result : 5 -> True
Test Sample 2004 - Label : 8, Result : 8 -> True
Test Sample 2005 - Label : 4, Result : 4 -> True
Test Sample 2006 - Label : 6, Result : 6 -> True
Test Sample 2007 - Label : 4, Result : 4 -> True
Test Sample 2008 - Label : 3, Result : 3 -> True
Test Sample 2009 - Label : 9, Result : 9 -> True
Test Sample 2010 - Label : 1, Result : 1 -> True
Test Sample 2011 - Label : 3, Result : 3 -> True
Test Sample 2012 - Label : 4, Result : 4 -> True
Test Sample 2013 - Label : 1, Result : 1 -> True
Test Sample 2014 - Label : 9, Result : 9 -> True
Test Sample 2015 - Label : 1, Result : 1 -> True
Test Sample 2016 - Label : 7, Result : 7 -> True
Test Sample 2017 - Label : 1, Result : 1 -> True
Test Sample 2018 - Label : 1, Result : 1 -> True
Test Sample 2019 - Label : 9, Result : 9 -> True
Test Sample 2020 - Label : 3, Result : 3 -> True
Test Sample 2021 - Label : 5, Result : 5 -> True
Test Sample 2022 - Label : 4, Result : 4 -> True
Test Sample 2023 - Label : 0, Result : 0 -> True
Test Sample 2024 - Label : 7, Result : 7 -> True
Test Sample 2025 - Label : 3, Result : 3 -> True
Test Sample 2026 - Label : 6, Result : 6 -> True
Test Sample 2027 - Label : 1, Result : 1 -> True
Test Sample 2028 - Label : 7, Result : 7 -> True
Test Sample 2029 - Label : 5, Result : 5 -> True
Test Sample 2030 - Label : 5, Result : 5 -> True
Test Sample 2031 - Label : 3, Result : 3 -> True
Test Sample 2032 - Label : 3, Result : 3 -> True
Test Sample 2033 - Label : 0, Result : 0 -> True
Test Sample 2034 - Label : 1, Result : 1 -> True
Test Sample 2035 - Label : 5, Result : 3 -> False
Test Sample 2036 - Label : 7, Result : 7 -> True
Test Sample 2037 - Label : 5, Result : 5 -> True
Test Sample 2038 - Label : 8, Result : 8 -> True
Test Sample 2039 - Label : 6, Result : 6 -> True
Test Sample 2040 - Label : 5, Result : 5 -> True
Test Sample 2041 - Label : 1, Result : 1 -> True
Test Sample 2042 - Label : 0, Result : 0 -> True
Test Sample 2043 - Label : 4, Result : 8 -> False
Test Sample 2044 - Label : 2, Result : 2 -> True
Test Sample 2045 - Label : 3, Result : 3 -> True
Test Sample 2046 - Label : 4, Result : 4 -> True
Test Sample 2047 - Label : 6, Result : 6 -> True
Test Sample 2048 - Label : 7, Result : 7 -> True
Test Sample 2049 - Label : 9, Result : 9 -> True
Test Sample 2050 - Label : 8, Result : 8 -> True
Test Sample 2051 - Label : 1, Result : 1 -> True
Test Sample 2052 - Label : 8, Result : 8 -> True
Test Sample 2053 - Label : 4, Result : 9 -> False
Test Sample 2054 - Label : 9, Result : 9 -> True
Test Sample 2055 - Label : 2, Result : 2 -> True
Test Sample 2056 - Label : 8, Result : 8 -> True
Test Sample 2057 - Label : 6, Result : 6 -> True
Test Sample 2058 - Label : 2, Result : 2 -> True
Test Sample 2059 - Label : 7, Result : 7 -> True
Test Sample 2060 - Label : 0, Result : 0 -> True
Test Sample 2061 - Label : 0, Result : 0 -> True
Test Sample 2062 - Label : 6, Result : 6 -> True
Test Sample 2063 - Label : 7, Result : 7 -> True
Test Sample 2064 - Label : 5, Result : 5 -> True
Test Sample 2065 - Label : 8, Result : 8 -> True
Test Sample 2066 - Label : 6, Result : 6 -> True
Test Sample 2067 - Label : 0, Result : 0 -> True
Test Sample 2068 - Label : 9, Result : 9 -> True
Test Sample 2069 - Label : 3, Result : 3 -> True
Test Sample 2070 - Label : 7, Result : 7 -> True
Test Sample 2071 - Label : 1, Result : 1 -> True
Test Sample 2072 - Label : 3, Result : 3 -> True
Test Sample 2073 - Label : 5, Result : 5 -> True
Test Sample 2074 - Label : 4, Result : 4 -> True
Test Sample 2075 - Label : 3, Result : 3 -> True
Test Sample 2076 - Label : 3, Result : 3 -> True
Test Sample 2077 - Label : 5, Result : 5 -> True
Test Sample 2078 - Label : 5, Result : 5 -> True
Test Sample 2079 - Label : 6, Result : 6 -> True
Test Sample 2080 - Label : 3, Result : 3 -> True
Test Sample 2081 - Label : 0, Result : 0 -> True
Test Sample 2082 - Label : 2, Result : 2 -> True
Test Sample 2083 - Label : 3, Result : 3 -> True
Test Sample 2084 - Label : 4, Result : 4 -> True
Test Sample 2085 - Label : 2, Result : 2 -> True
Test Sample 2086 - Label : 3, Result : 3 -> True
Test Sample 2087 - Label : 0, Result : 0 -> True
Test Sample 2088 - Label : 9, Result : 9 -> True
Test Sample 2089 - Label : 9, Result : 9 -> True
Test Sample 2090 - Label : 4, Result : 4 -> True
Test Sample 2091 - Label : 7, Result : 7 -> True
Test Sample 2092 - Label : 2, Result : 2 -> True
Test Sample 2093 - Label : 8, Result : 1 -> False
Test Sample 2094 - Label : 4, Result : 4 -> True
Test Sample 2095 - Label : 7, Result : 7 -> True
Test Sample 2096 - Label : 0, Result : 0 -> True
Test Sample 2097 - Label : 6, Result : 6 -> True
Test Sample 2098 - Label : 2, Result : 0 -> False
Test Sample 2099 - Label : 8, Result : 8 -> True
Test Sample 2100 - Label : 5, Result : 5 -> True
Test Sample 2101 - Label : 2, Result : 2 -> True
Test Sample 2102 - Label : 8, Result : 8 -> True
Test Sample 2103 - Label : 5, Result : 5 -> True
Test Sample 2104 - Label : 7, Result : 7 -> True
Test Sample 2105 - Label : 3, Result : 3 -> True
Test Sample 2106 - Label : 0, Result : 0 -> True
Test Sample 2107 - Label : 8, Result : 0 -> False
Test Sample 2108 - Label : 2, Result : 2 -> True
Test Sample 2109 - Label : 3, Result : 8 -> False
Test Sample 2110 - Label : 2, Result : 2 -> True
Test Sample 2111 - Label : 8, Result : 8 -> True
Test Sample 2112 - Label : 2, Result : 2 -> True
Test Sample 2113 - Label : 5, Result : 5 -> True
Test Sample 2114 - Label : 5, Result : 5 -> True
Test Sample 2115 - Label : 7, Result : 7 -> True
Test Sample 2116 - Label : 6, Result : 6 -> True
Test Sample 2117 - Label : 4, Result : 4 -> True
Test Sample 2118 - Label : 6, Result : 0 -> False
Test Sample 2119 - Label : 8, Result : 8 -> True
Test Sample 2120 - Label : 4, Result : 4 -> True
Test Sample 2121 - Label : 8, Result : 8 -> True
Test Sample 2122 - Label : 2, Result : 2 -> True
Test Sample 2123 - Label : 7, Result : 7 -> True
Test Sample 2124 - Label : 4, Result : 4 -> True
Test Sample 2125 - Label : 5, Result : 9 -> False
Test Sample 2126 - Label : 2, Result : 2 -> True
Test Sample 2127 - Label : 0, Result : 0 -> True
Test Sample 2128 - Label : 3, Result : 3 -> True
Test Sample 2129 - Label : 9, Result : 2 -> False
Test Sample 2130 - Label : 4, Result : 9 -> False
Test Sample 2131 - Label : 6, Result : 6 -> True
Test Sample 2132 - Label : 7, Result : 7 -> True
Test Sample 2133 - Label : 2, Result : 2 -> True
Test Sample 2134 - Label : 5, Result : 5 -> True
Test Sample 2135 - Label : 6, Result : 1 -> False
Test Sample 2136 - Label : 1, Result : 1 -> True
Test Sample 2137 - Label : 1, Result : 1 -> True
Test Sample 2138 - Label : 2, Result : 2 -> True
Test Sample 2139 - Label : 3, Result : 3 -> True
Test Sample 2140 - Label : 6, Result : 6 -> True
Test Sample 2141 - Label : 7, Result : 7 -> True
Test Sample 2142 - Label : 8, Result : 8 -> True
Test Sample 2143 - Label : 7, Result : 7 -> True
Test Sample 2144 - Label : 6, Result : 6 -> True
Test Sample 2145 - Label : 4, Result : 4 -> True
Test Sample 2146 - Label : 8, Result : 8 -> True
Test Sample 2147 - Label : 9, Result : 9 -> True
Test Sample 2148 - Label : 4, Result : 4 -> True
Test Sample 2149 - Label : 8, Result : 8 -> True
Test Sample 2150 - Label : 6, Result : 6 -> True
Test Sample 2151 - Label : 3, Result : 3 -> True
Test Sample 2152 - Label : 8, Result : 8 -> True
Test Sample 2153 - Label : 3, Result : 3 -> True
Test Sample 2154 - Label : 1, Result : 1 -> True
Test Sample 2155 - Label : 0, Result : 0 -> True
Test Sample 2156 - Label : 6, Result : 6 -> True
Test Sample 2157 - Label : 2, Result : 2 -> True
Test Sample 2158 - Label : 2, Result : 2 -> True
Test Sample 2159 - Label : 5, Result : 5 -> True
Test Sample 2160 - Label : 6, Result : 6 -> True
Test Sample 2161 - Label : 9, Result : 9 -> True
Test Sample 2162 - Label : 5, Result : 5 -> True
Test Sample 2163 - Label : 8, Result : 8 -> True
Test Sample 2164 - Label : 1, Result : 1 -> True
Test Sample 2165 - Label : 4, Result : 4 -> True
Test Sample 2166 - Label : 1, Result : 1 -> True
Test Sample 2167 - Label : 7, Result : 7 -> True
Test Sample 2168 - Label : 8, Result : 8 -> True
Test Sample 2169 - Label : 4, Result : 4 -> True
Test Sample 2170 - Label : 6, Result : 6 -> True
Test Sample 2171 - Label : 1, Result : 1 -> True
Test Sample 2172 - Label : 8, Result : 8 -> True
Test Sample 2173 - Label : 4, Result : 4 -> True
Test Sample 2174 - Label : 3, Result : 3 -> True
Test Sample 2175 - Label : 1, Result : 1 -> True
Test Sample 2176 - Label : 2, Result : 2 -> True
Test Sample 2177 - Label : 8, Result : 8 -> True
Test Sample 2178 - Label : 0, Result : 0 -> True
Test Sample 2179 - Label : 8, Result : 8 -> True
Test Sample 2180 - Label : 5, Result : 5 -> True
Test Sample 2181 - Label : 9, Result : 9 -> True
Test Sample 2182 - Label : 1, Result : 2 -> False
Test Sample 2183 - Label : 4, Result : 4 -> True
Test Sample 2184 - Label : 2, Result : 2 -> True
Test Sample 2185 - Label : 0, Result : 0 -> True
Test Sample 2186 - Label : 2, Result : 3 -> False
Test Sample 2187 - Label : 7, Result : 7 -> True
Test Sample 2188 - Label : 0, Result : 0 -> True
Test Sample 2189 - Label : 9, Result : 1 -> False
Test Sample 2190 - Label : 0, Result : 0 -> True
Test Sample 2191 - Label : 2, Result : 2 -> True
Test Sample 2192 - Label : 5, Result : 5 -> True
Test Sample 2193 - Label : 7, Result : 7 -> True
Test Sample 2194 - Label : 6, Result : 6 -> True
Test Sample 2195 - Label : 7, Result : 7 -> True
Test Sample 2196 - Label : 9, Result : 9 -> True
Test Sample 2197 - Label : 4, Result : 4 -> True
Test Sample 2198 - Label : 2, Result : 2 -> True
Test Sample 2199 - Label : 6, Result : 6 -> True
Test Sample 2200 - Label : 2, Result : 2 -> True
Test Sample 2201 - Label : 4, Result : 4 -> True
Test Sample 2202 - Label : 4, Result : 4 -> True
Test Sample 2203 - Label : 8, Result : 8 -> True
Test Sample 2204 - Label : 0, Result : 0 -> True
Test Sample 2205 - Label : 4, Result : 4 -> True
Test Sample 2206 - Label : 4, Result : 4 -> True
Test Sample 2207 - Label : 5, Result : 5 -> True
Test Sample 2208 - Label : 8, Result : 8 -> True
Test Sample 2209 - Label : 0, Result : 0 -> True
Test Sample 2210 - Label : 6, Result : 6 -> True
Test Sample 2211 - Label : 8, Result : 8 -> True
Test Sample 2212 - Label : 9, Result : 9 -> True
Test Sample 2213 - Label : 8, Result : 8 -> True
Test Sample 2214 - Label : 5, Result : 5 -> True
Test Sample 2215 - Label : 6, Result : 6 -> True
Test Sample 2216 - Label : 9, Result : 9 -> True
Test Sample 2217 - Label : 0, Result : 0 -> True
Test Sample 2218 - Label : 4, Result : 4 -> True
Test Sample 2219 - Label : 8, Result : 8 -> True
Test Sample 2220 - Label : 7, Result : 7 -> True
Test Sample 2221 - Label : 1, Result : 1 -> True
Test Sample 2222 - Label : 3, Result : 3 -> True
Test Sample 2223 - Label : 4, Result : 4 -> True
Test Sample 2224 - Label : 5, Result : 5 -> True
Test Sample 2225 - Label : 8, Result : 8 -> True
Test Sample 2226 - Label : 0, Result : 0 -> True
Test Sample 2227 - Label : 9, Result : 9 -> True
Test Sample 2228 - Label : 1, Result : 1 -> True
Test Sample 2229 - Label : 3, Result : 3 -> True
Test Sample 2230 - Label : 3, Result : 3 -> True
Test Sample 2231 - Label : 6, Result : 6 -> True
Test Sample 2232 - Label : 9, Result : 9 -> True
Test Sample 2233 - Label : 8, Result : 8 -> True
Test Sample 2234 - Label : 7, Result : 7 -> True
Test Sample 2235 - Label : 1, Result : 1 -> True
Test Sample 2236 - Label : 0, Result : 0 -> True
Test Sample 2237 - Label : 5, Result : 5 -> True
Test Sample 2238 - Label : 7, Result : 7 -> True
Test Sample 2239 - Label : 1, Result : 1 -> True
Test Sample 2240 - Label : 7, Result : 7 -> True
Test Sample 2241 - Label : 5, Result : 5 -> True
Test Sample 2242 - Label : 2, Result : 2 -> True
Test Sample 2243 - Label : 7, Result : 7 -> True
Test Sample 2244 - Label : 9, Result : 9 -> True
Test Sample 2245 - Label : 1, Result : 1 -> True
Test Sample 2246 - Label : 8, Result : 8 -> True
Test Sample 2247 - Label : 5, Result : 5 -> True
Test Sample 2248 - Label : 2, Result : 2 -> True
Test Sample 2249 - Label : 4, Result : 4 -> True
Test Sample 2250 - Label : 9, Result : 9 -> True
Test Sample 2251 - Label : 4, Result : 4 -> True
Test Sample 2252 - Label : 7, Result : 7 -> True
Test Sample 2253 - Label : 2, Result : 2 -> True
Test Sample 2254 - Label : 2, Result : 2 -> True
Test Sample 2255 - Label : 3, Result : 3 -> True
Test Sample 2256 - Label : 4, Result : 4 -> True
Test Sample 2257 - Label : 9, Result : 9 -> True
Test Sample 2258 - Label : 1, Result : 1 -> True
Test Sample 2259 - Label : 9, Result : 9 -> True
Test Sample 2260 - Label : 2, Result : 2 -> True
Test Sample 2261 - Label : 1, Result : 1 -> True
Test Sample 2262 - Label : 7, Result : 7 -> True
Test Sample 2263 - Label : 9, Result : 9 -> True
Test Sample 2264 - Label : 4, Result : 4 -> True
Test Sample 2265 - Label : 4, Result : 4 -> True
Test Sample 2266 - Label : 1, Result : 1 -> True
Test Sample 2267 - Label : 6, Result : 6 -> True
Test Sample 2268 - Label : 7, Result : 7 -> True
Test Sample 2269 - Label : 2, Result : 2 -> True
Test Sample 2270 - Label : 7, Result : 7 -> True
Test Sample 2271 - Label : 8, Result : 8 -> True
Test Sample 2272 - Label : 8, Result : 0 -> False
Test Sample 2273 - Label : 1, Result : 1 -> True
Test Sample 2274 - Label : 9, Result : 9 -> True
Test Sample 2275 - Label : 7, Result : 7 -> True
Test Sample 2276 - Label : 1, Result : 1 -> True
Test Sample 2277 - Label : 1, Result : 1 -> True
Test Sample 2278 - Label : 7, Result : 7 -> True
Test Sample 2279 - Label : 5, Result : 5 -> True
Test Sample 2280 - Label : 3, Result : 3 -> True
Test Sample 2281 - Label : 3, Result : 3 -> True
Test Sample 2282 - Label : 5, Result : 5 -> True
Test Sample 2283 - Label : 1, Result : 1 -> True
Test Sample 2284 - Label : 3, Result : 3 -> True
Test Sample 2285 - Label : 7, Result : 7 -> True
Test Sample 2286 - Label : 6, Result : 6 -> True
Test Sample 2287 - Label : 1, Result : 1 -> True
Test Sample 2288 - Label : 3, Result : 3 -> True
Test Sample 2289 - Label : 8, Result : 8 -> True
Test Sample 2290 - Label : 7, Result : 7 -> True
Test Sample 2291 - Label : 5, Result : 5 -> True
Test Sample 2292 - Label : 9, Result : 9 -> True
Test Sample 2293 - Label : 9, Result : 0 -> False
Test Sample 2294 - Label : 0, Result : 0 -> True
Test Sample 2295 - Label : 0, Result : 0 -> True
Test Sample 2296 - Label : 2, Result : 2 -> True
Test Sample 2297 - Label : 8, Result : 8 -> True
Test Sample 2298 - Label : 8, Result : 8 -> True
Test Sample 2299 - Label : 2, Result : 2 -> True
Test Sample 2300 - Label : 3, Result : 3 -> True
Test Sample 2301 - Label : 7, Result : 7 -> True
Test Sample 2302 - Label : 1, Result : 1 -> True
Test Sample 2303 - Label : 3, Result : 3 -> True
Test Sample 2304 - Label : 0, Result : 0 -> True
Test Sample 2305 - Label : 3, Result : 3 -> True
Test Sample 2306 - Label : 4, Result : 4 -> True
Test Sample 2307 - Label : 4, Result : 4 -> True
Test Sample 2308 - Label : 3, Result : 3 -> True
Test Sample 2309 - Label : 8, Result : 8 -> True
Test Sample 2310 - Label : 9, Result : 9 -> True
Test Sample 2311 - Label : 2, Result : 2 -> True
Test Sample 2312 - Label : 3, Result : 3 -> True
Test Sample 2313 - Label : 9, Result : 9 -> True
Test Sample 2314 - Label : 7, Result : 7 -> True
Test Sample 2315 - Label : 1, Result : 1 -> True
Test Sample 2316 - Label : 1, Result : 1 -> True
Test Sample 2317 - Label : 7, Result : 7 -> True
Test Sample 2318 - Label : 0, Result : 0 -> True
Test Sample 2319 - Label : 4, Result : 4 -> True
Test Sample 2320 - Label : 9, Result : 9 -> True
Test Sample 2321 - Label : 6, Result : 6 -> True
Test Sample 2322 - Label : 5, Result : 5 -> True
Test Sample 2323 - Label : 9, Result : 9 -> True
Test Sample 2324 - Label : 1, Result : 1 -> True
Test Sample 2325 - Label : 7, Result : 7 -> True
Test Sample 2326 - Label : 0, Result : 0 -> True
Test Sample 2327 - Label : 2, Result : 2 -> True
Test Sample 2328 - Label : 0, Result : 0 -> True
Test Sample 2329 - Label : 0, Result : 0 -> True
Test Sample 2330 - Label : 4, Result : 4 -> True
Test Sample 2331 - Label : 6, Result : 6 -> True
Test Sample 2332 - Label : 7, Result : 7 -> True
Test Sample 2333 - Label : 0, Result : 0 -> True
Test Sample 2334 - Label : 7, Result : 7 -> True
Test Sample 2335 - Label : 1, Result : 1 -> True
Test Sample 2336 - Label : 4, Result : 4 -> True
Test Sample 2337 - Label : 6, Result : 6 -> True
Test Sample 2338 - Label : 4, Result : 4 -> True
Test Sample 2339 - Label : 5, Result : 5 -> True
Test Sample 2340 - Label : 4, Result : 4 -> True
Test Sample 2341 - Label : 9, Result : 9 -> True
Test Sample 2342 - Label : 9, Result : 9 -> True
Test Sample 2343 - Label : 1, Result : 1 -> True
Test Sample 2344 - Label : 7, Result : 7 -> True
Test Sample 2345 - Label : 9, Result : 9 -> True
Test Sample 2346 - Label : 5, Result : 5 -> True
Test Sample 2347 - Label : 3, Result : 3 -> True
Test Sample 2348 - Label : 3, Result : 3 -> True
Test Sample 2349 - Label : 8, Result : 8 -> True
Test Sample 2350 - Label : 2, Result : 2 -> True
Test Sample 2351 - Label : 3, Result : 3 -> True
Test Sample 2352 - Label : 6, Result : 6 -> True
Test Sample 2353 - Label : 2, Result : 2 -> True
Test Sample 2354 - Label : 2, Result : 2 -> True
Test Sample 2355 - Label : 1, Result : 1 -> True
Test Sample 2356 - Label : 1, Result : 1 -> True
Test Sample 2357 - Label : 1, Result : 1 -> True
Test Sample 2358 - Label : 1, Result : 1 -> True
Test Sample 2359 - Label : 1, Result : 1 -> True
Test Sample 2360 - Label : 6, Result : 6 -> True
Test Sample 2361 - Label : 9, Result : 9 -> True
Test Sample 2362 - Label : 8, Result : 8 -> True
Test Sample 2363 - Label : 4, Result : 4 -> True
Test Sample 2364 - Label : 3, Result : 3 -> True
Test Sample 2365 - Label : 7, Result : 7 -> True
Test Sample 2366 - Label : 1, Result : 1 -> True
Test Sample 2367 - Label : 6, Result : 6 -> True
Test Sample 2368 - Label : 4, Result : 4 -> True
Test Sample 2369 - Label : 5, Result : 8 -> False
Test Sample 2370 - Label : 0, Result : 0 -> True
Test Sample 2371 - Label : 4, Result : 4 -> True
Test Sample 2372 - Label : 7, Result : 7 -> True
Test Sample 2373 - Label : 4, Result : 4 -> True
Test Sample 2374 - Label : 2, Result : 2 -> True
Test Sample 2375 - Label : 4, Result : 4 -> True
Test Sample 2376 - Label : 0, Result : 0 -> True
Test Sample 2377 - Label : 7, Result : 7 -> True
Test Sample 2378 - Label : 0, Result : 0 -> True
Test Sample 2379 - Label : 1, Result : 1 -> True
Test Sample 2380 - Label : 9, Result : 0 -> False
Test Sample 2381 - Label : 8, Result : 8 -> True
Test Sample 2382 - Label : 8, Result : 8 -> True
Test Sample 2383 - Label : 6, Result : 6 -> True
Test Sample 2384 - Label : 0, Result : 0 -> True
Test Sample 2385 - Label : 0, Result : 0 -> True
Test Sample 2386 - Label : 4, Result : 4 -> True
Test Sample 2387 - Label : 9, Result : 1 -> False
Test Sample 2388 - Label : 6, Result : 6 -> True
Test Sample 2389 - Label : 8, Result : 8 -> True
Test Sample 2390 - Label : 2, Result : 2 -> True
Test Sample 2391 - Label : 2, Result : 2 -> True
Test Sample 2392 - Label : 3, Result : 3 -> True
Test Sample 2393 - Label : 8, Result : 3 -> False
Test Sample 2394 - Label : 4, Result : 4 -> True
Test Sample 2395 - Label : 8, Result : 3 -> False
Test Sample 2396 - Label : 2, Result : 2 -> True
Test Sample 2397 - Label : 2, Result : 2 -> True
Test Sample 2398 - Label : 1, Result : 1 -> True
Test Sample 2399 - Label : 7, Result : 7 -> True
Test Sample 2400 - Label : 5, Result : 5 -> True
Test Sample 2401 - Label : 4, Result : 4 -> True
Test Sample 2402 - Label : 4, Result : 4 -> True
Test Sample 2403 - Label : 0, Result : 0 -> True
Test Sample 2404 - Label : 4, Result : 4 -> True
Test Sample 2405 - Label : 3, Result : 3 -> True
Test Sample 2406 - Label : 9, Result : 1 -> False
Test Sample 2407 - Label : 7, Result : 7 -> True
Test Sample 2408 - Label : 3, Result : 3 -> True
Test Sample 2409 - Label : 1, Result : 1 -> True
Test Sample 2410 - Label : 0, Result : 0 -> True
Test Sample 2411 - Label : 1, Result : 1 -> True
Test Sample 2412 - Label : 2, Result : 2 -> True
Test Sample 2413 - Label : 5, Result : 5 -> True
Test Sample 2414 - Label : 9, Result : 4 -> False
Test Sample 2415 - Label : 2, Result : 2 -> True
Test Sample 2416 - Label : 1, Result : 1 -> True
Test Sample 2417 - Label : 0, Result : 0 -> True
Test Sample 2418 - Label : 1, Result : 1 -> True
Test Sample 2419 - Label : 8, Result : 8 -> True
Test Sample 2420 - Label : 9, Result : 9 -> True
Test Sample 2421 - Label : 1, Result : 1 -> True
Test Sample 2422 - Label : 6, Result : 4 -> False
Test Sample 2423 - Label : 8, Result : 8 -> True
Test Sample 2424 - Label : 3, Result : 3 -> True
Test Sample 2425 - Label : 8, Result : 8 -> True
Test Sample 2426 - Label : 9, Result : 9 -> True
Test Sample 2427 - Label : 3, Result : 3 -> True
Test Sample 2428 - Label : 6, Result : 6 -> True
Test Sample 2429 - Label : 2, Result : 2 -> True
Test Sample 2430 - Label : 8, Result : 8 -> True
Test Sample 2431 - Label : 3, Result : 3 -> True
Test Sample 2432 - Label : 2, Result : 2 -> True
Test Sample 2433 - Label : 2, Result : 1 -> False
Test Sample 2434 - Label : 1, Result : 1 -> True
Test Sample 2435 - Label : 0, Result : 0 -> True
Test Sample 2436 - Label : 4, Result : 4 -> True
Test Sample 2437 - Label : 2, Result : 2 -> True
Test Sample 2438 - Label : 9, Result : 9 -> True
Test Sample 2439 - Label : 2, Result : 2 -> True
Test Sample 2440 - Label : 4, Result : 4 -> True
Test Sample 2441 - Label : 3, Result : 3 -> True
Test Sample 2442 - Label : 7, Result : 7 -> True
Test Sample 2443 - Label : 9, Result : 9 -> True
Test Sample 2444 - Label : 1, Result : 1 -> True
Test Sample 2445 - Label : 5, Result : 5 -> True
Test Sample 2446 - Label : 2, Result : 2 -> True
Test Sample 2447 - Label : 4, Result : 4 -> True
Test Sample 2448 - Label : 9, Result : 9 -> True
Test Sample 2449 - Label : 0, Result : 0 -> True
Test Sample 2450 - Label : 3, Result : 3 -> True
Test Sample 2451 - Label : 8, Result : 8 -> True
Test Sample 2452 - Label : 5, Result : 5 -> True
Test Sample 2453 - Label : 3, Result : 3 -> True
Test Sample 2454 - Label : 6, Result : 6 -> True
Test Sample 2455 - Label : 0, Result : 0 -> True
Test Sample 2456 - Label : 9, Result : 9 -> True
Test Sample 2457 - Label : 4, Result : 4 -> True
Test Sample 2458 - Label : 6, Result : 6 -> True
Test Sample 2459 - Label : 2, Result : 2 -> True
Test Sample 2460 - Label : 5, Result : 5 -> True
Test Sample 2461 - Label : 0, Result : 0 -> True
Test Sample 2462 - Label : 2, Result : 0 -> False
Test Sample 2463 - Label : 7, Result : 7 -> True
Test Sample 2464 - Label : 4, Result : 4 -> True
Test Sample 2465 - Label : 6, Result : 6 -> True
Test Sample 2466 - Label : 6, Result : 6 -> True
Test Sample 2467 - Label : 8, Result : 8 -> True
Test Sample 2468 - Label : 6, Result : 6 -> True
Test Sample 2469 - Label : 6, Result : 6 -> True
Test Sample 2470 - Label : 8, Result : 8 -> True
Test Sample 2471 - Label : 6, Result : 6 -> True
Test Sample 2472 - Label : 9, Result : 9 -> True
Test Sample 2473 - Label : 1, Result : 1 -> True
Test Sample 2474 - Label : 7, Result : 7 -> True
Test Sample 2475 - Label : 2, Result : 2 -> True
Test Sample 2476 - Label : 5, Result : 5 -> True
Test Sample 2477 - Label : 9, Result : 9 -> True
Test Sample 2478 - Label : 9, Result : 9 -> True
Test Sample 2479 - Label : 0, Result : 0 -> True
Test Sample 2480 - Label : 7, Result : 7 -> True
Test Sample 2481 - Label : 2, Result : 2 -> True
Test Sample 2482 - Label : 7, Result : 7 -> True
Test Sample 2483 - Label : 6, Result : 6 -> True
Test Sample 2484 - Label : 7, Result : 7 -> True
Test Sample 2485 - Label : 0, Result : 0 -> True
Test Sample 2486 - Label : 6, Result : 6 -> True
Test Sample 2487 - Label : 5, Result : 5 -> True
Test Sample 2488 - Label : 2, Result : 2 -> True
Test Sample 2489 - Label : 4, Result : 4 -> True
Test Sample 2490 - Label : 7, Result : 7 -> True
Test Sample 2491 - Label : 2, Result : 2 -> True
Test Sample 2492 - Label : 0, Result : 0 -> True
Test Sample 2493 - Label : 9, Result : 9 -> True
Test Sample 2494 - Label : 9, Result : 9 -> True
Test Sample 2495 - Label : 2, Result : 2 -> True
Test Sample 2496 - Label : 2, Result : 2 -> True
Test Sample 2497 - Label : 9, Result : 9 -> True
Test Sample 2498 - Label : 4, Result : 4 -> True
Test Sample 2499 - Label : 4, Result : 4 -> True
Test Sample 2500 - Label : 2, Result : 2 -> True
Test Sample 2501 - Label : 3, Result : 3 -> True
Test Sample 2502 - Label : 3, Result : 3 -> True
Test Sample 2503 - Label : 2, Result : 2 -> True
Test Sample 2504 - Label : 1, Result : 1 -> True
Test Sample 2505 - Label : 7, Result : 7 -> True
Test Sample 2506 - Label : 0, Result : 0 -> True
Test Sample 2507 - Label : 7, Result : 7 -> True
Test Sample 2508 - Label : 6, Result : 6 -> True
Test Sample 2509 - Label : 4, Result : 4 -> True
Test Sample 2510 - Label : 1, Result : 1 -> True
Test Sample 2511 - Label : 3, Result : 3 -> True
Test Sample 2512 - Label : 8, Result : 8 -> True
Test Sample 2513 - Label : 7, Result : 7 -> True
Test Sample 2514 - Label : 4, Result : 4 -> True
Test Sample 2515 - Label : 5, Result : 5 -> True
Test Sample 2516 - Label : 9, Result : 9 -> True
Test Sample 2517 - Label : 2, Result : 2 -> True
Test Sample 2518 - Label : 5, Result : 5 -> True
Test Sample 2519 - Label : 1, Result : 1 -> True
Test Sample 2520 - Label : 8, Result : 8 -> True
Test Sample 2521 - Label : 7, Result : 7 -> True
Test Sample 2522 - Label : 3, Result : 3 -> True
Test Sample 2523 - Label : 7, Result : 7 -> True
Test Sample 2524 - Label : 1, Result : 1 -> True
Test Sample 2525 - Label : 5, Result : 5 -> True
Test Sample 2526 - Label : 5, Result : 5 -> True
Test Sample 2527 - Label : 0, Result : 0 -> True
Test Sample 2528 - Label : 9, Result : 9 -> True
Test Sample 2529 - Label : 1, Result : 1 -> True
Test Sample 2530 - Label : 4, Result : 4 -> True
Test Sample 2531 - Label : 0, Result : 0 -> True
Test Sample 2532 - Label : 6, Result : 6 -> True
Test Sample 2533 - Label : 3, Result : 3 -> True
Test Sample 2534 - Label : 3, Result : 3 -> True
Test Sample 2535 - Label : 6, Result : 6 -> True
Test Sample 2536 - Label : 0, Result : 0 -> True
Test Sample 2537 - Label : 4, Result : 4 -> True
Test Sample 2538 - Label : 9, Result : 9 -> True
Test Sample 2539 - Label : 7, Result : 7 -> True
Test Sample 2540 - Label : 5, Result : 5 -> True
Test Sample 2541 - Label : 1, Result : 1 -> True
Test Sample 2542 - Label : 6, Result : 6 -> True
Test Sample 2543 - Label : 8, Result : 8 -> True
Test Sample 2544 - Label : 9, Result : 9 -> True
Test Sample 2545 - Label : 5, Result : 5 -> True
Test Sample 2546 - Label : 5, Result : 5 -> True
Test Sample 2547 - Label : 7, Result : 7 -> True
Test Sample 2548 - Label : 9, Result : 9 -> True
Test Sample 2549 - Label : 3, Result : 3 -> True
Test Sample 2550 - Label : 8, Result : 8 -> True
Test Sample 2551 - Label : 3, Result : 3 -> True
Test Sample 2552 - Label : 8, Result : 8 -> True
Test Sample 2553 - Label : 1, Result : 1 -> True
Test Sample 2554 - Label : 5, Result : 5 -> True
Test Sample 2555 - Label : 3, Result : 3 -> True
Test Sample 2556 - Label : 5, Result : 5 -> True
Test Sample 2557 - Label : 0, Result : 0 -> True
Test Sample 2558 - Label : 5, Result : 5 -> True
Test Sample 2559 - Label : 5, Result : 5 -> True
Test Sample 2560 - Label : 3, Result : 3 -> True
Test Sample 2561 - Label : 8, Result : 8 -> True
Test Sample 2562 - Label : 6, Result : 6 -> True
Test Sample 2563 - Label : 7, Result : 7 -> True
Test Sample 2564 - Label : 7, Result : 7 -> True
Test Sample 2565 - Label : 7, Result : 7 -> True
Test Sample 2566 - Label : 3, Result : 3 -> True
Test Sample 2567 - Label : 7, Result : 7 -> True
Test Sample 2568 - Label : 0, Result : 0 -> True
Test Sample 2569 - Label : 5, Result : 5 -> True
Test Sample 2570 - Label : 9, Result : 9 -> True
Test Sample 2571 - Label : 0, Result : 0 -> True
Test Sample 2572 - Label : 2, Result : 2 -> True
Test Sample 2573 - Label : 5, Result : 5 -> True
Test Sample 2574 - Label : 5, Result : 5 -> True
Test Sample 2575 - Label : 3, Result : 3 -> True
Test Sample 2576 - Label : 1, Result : 1 -> True
Test Sample 2577 - Label : 7, Result : 7 -> True
Test Sample 2578 - Label : 7, Result : 7 -> True
Test Sample 2579 - Label : 8, Result : 8 -> True
Test Sample 2580 - Label : 6, Result : 6 -> True
Test Sample 2581 - Label : 5, Result : 5 -> True
Test Sample 2582 - Label : 9, Result : 9 -> True
Test Sample 2583 - Label : 3, Result : 3 -> True
Test Sample 2584 - Label : 8, Result : 8 -> True
Test Sample 2585 - Label : 9, Result : 9 -> True
Test Sample 2586 - Label : 5, Result : 5 -> True
Test Sample 2587 - Label : 3, Result : 3 -> True
Test Sample 2588 - Label : 7, Result : 7 -> True
Test Sample 2589 - Label : 9, Result : 9 -> True
Test Sample 2590 - Label : 1, Result : 1 -> True
Test Sample 2591 - Label : 7, Result : 7 -> True
Test Sample 2592 - Label : 0, Result : 0 -> True
Test Sample 2593 - Label : 0, Result : 0 -> True
Test Sample 2594 - Label : 3, Result : 3 -> True
Test Sample 2595 - Label : 7, Result : 7 -> True
Test Sample 2596 - Label : 2, Result : 2 -> True
Test Sample 2597 - Label : 5, Result : 5 -> True
Test Sample 2598 - Label : 8, Result : 8 -> True
Test Sample 2599 - Label : 1, Result : 1 -> True
Test Sample 2600 - Label : 8, Result : 8 -> True
Test Sample 2601 - Label : 6, Result : 6 -> True
Test Sample 2602 - Label : 2, Result : 2 -> True
Test Sample 2603 - Label : 9, Result : 9 -> True
Test Sample 2604 - Label : 5, Result : 5 -> True
Test Sample 2605 - Label : 7, Result : 7 -> True
Test Sample 2606 - Label : 5, Result : 5 -> True
Test Sample 2607 - Label : 7, Result : 7 -> True
Test Sample 2608 - Label : 8, Result : 8 -> True
Test Sample 2609 - Label : 6, Result : 6 -> True
Test Sample 2610 - Label : 2, Result : 2 -> True
Test Sample 2611 - Label : 5, Result : 5 -> True
Test Sample 2612 - Label : 1, Result : 1 -> True
Test Sample 2613 - Label : 4, Result : 4 -> True
Test Sample 2614 - Label : 8, Result : 8 -> True
Test Sample 2615 - Label : 4, Result : 4 -> True
Test Sample 2616 - Label : 5, Result : 5 -> True
Test Sample 2617 - Label : 8, Result : 8 -> True
Test Sample 2618 - Label : 3, Result : 3 -> True
Test Sample 2619 - Label : 0, Result : 0 -> True
Test Sample 2620 - Label : 6, Result : 6 -> True
Test Sample 2621 - Label : 2, Result : 2 -> True
Test Sample 2622 - Label : 7, Result : 7 -> True
Test Sample 2623 - Label : 3, Result : 3 -> True
Test Sample 2624 - Label : 3, Result : 3 -> True
Test Sample 2625 - Label : 2, Result : 2 -> True
Test Sample 2626 - Label : 1, Result : 1 -> True
Test Sample 2627 - Label : 0, Result : 0 -> True
Test Sample 2628 - Label : 7, Result : 7 -> True
Test Sample 2629 - Label : 3, Result : 3 -> True
Test Sample 2630 - Label : 4, Result : 4 -> True
Test Sample 2631 - Label : 0, Result : 0 -> True
Test Sample 2632 - Label : 3, Result : 3 -> True
Test Sample 2633 - Label : 9, Result : 9 -> True
Test Sample 2634 - Label : 3, Result : 3 -> True
Test Sample 2635 - Label : 2, Result : 2 -> True
Test Sample 2636 - Label : 8, Result : 8 -> True
Test Sample 2637 - Label : 9, Result : 9 -> True
Test Sample 2638 - Label : 0, Result : 0 -> True
Test Sample 2639 - Label : 3, Result : 3 -> True
Test Sample 2640 - Label : 8, Result : 8 -> True
Test Sample 2641 - Label : 0, Result : 0 -> True
Test Sample 2642 - Label : 7, Result : 7 -> True
Test Sample 2643 - Label : 6, Result : 6 -> True
Test Sample 2644 - Label : 5, Result : 5 -> True
Test Sample 2645 - Label : 4, Result : 4 -> True
Test Sample 2646 - Label : 7, Result : 7 -> True
Test Sample 2647 - Label : 3, Result : 3 -> True
Test Sample 2648 - Label : 9, Result : 9 -> True
Test Sample 2649 - Label : 0, Result : 0 -> True
Test Sample 2650 - Label : 8, Result : 8 -> True
Test Sample 2651 - Label : 6, Result : 6 -> True
Test Sample 2652 - Label : 2, Result : 2 -> True
Test Sample 2653 - Label : 5, Result : 5 -> True
Test Sample 2654 - Label : 6, Result : 1 -> False
Test Sample 2655 - Label : 1, Result : 1 -> True
Test Sample 2656 - Label : 0, Result : 0 -> True
Test Sample 2657 - Label : 0, Result : 0 -> True
Test Sample 2658 - Label : 4, Result : 4 -> True
Test Sample 2659 - Label : 4, Result : 4 -> True
Test Sample 2660 - Label : 0, Result : 0 -> True
Test Sample 2661 - Label : 1, Result : 1 -> True
Test Sample 2662 - Label : 2, Result : 2 -> True
Test Sample 2663 - Label : 3, Result : 3 -> True
Test Sample 2664 - Label : 2, Result : 2 -> True
Test Sample 2665 - Label : 7, Result : 7 -> True
Test Sample 2666 - Label : 7, Result : 7 -> True
Test Sample 2667 - Label : 8, Result : 8 -> True
Test Sample 2668 - Label : 5, Result : 5 -> True
Test Sample 2669 - Label : 2, Result : 2 -> True
Test Sample 2670 - Label : 5, Result : 5 -> True
Test Sample 2671 - Label : 7, Result : 7 -> True
Test Sample 2672 - Label : 6, Result : 6 -> True
Test Sample 2673 - Label : 9, Result : 9 -> True
Test Sample 2674 - Label : 1, Result : 1 -> True
Test Sample 2675 - Label : 4, Result : 4 -> True
Test Sample 2676 - Label : 1, Result : 1 -> True
Test Sample 2677 - Label : 6, Result : 6 -> True
Test Sample 2678 - Label : 4, Result : 4 -> True
Test Sample 2679 - Label : 2, Result : 2 -> True
Test Sample 2680 - Label : 4, Result : 4 -> True
Test Sample 2681 - Label : 3, Result : 3 -> True
Test Sample 2682 - Label : 5, Result : 5 -> True
Test Sample 2683 - Label : 4, Result : 4 -> True
Test Sample 2684 - Label : 3, Result : 3 -> True
Test Sample 2685 - Label : 9, Result : 9 -> True
Test Sample 2686 - Label : 5, Result : 5 -> True
Test Sample 2687 - Label : 0, Result : 0 -> True
Test Sample 2688 - Label : 1, Result : 1 -> True
Test Sample 2689 - Label : 5, Result : 5 -> True
Test Sample 2690 - Label : 3, Result : 3 -> True
Test Sample 2691 - Label : 8, Result : 8 -> True
Test Sample 2692 - Label : 9, Result : 9 -> True
Test Sample 2693 - Label : 1, Result : 1 -> True
Test Sample 2694 - Label : 9, Result : 9 -> True
Test Sample 2695 - Label : 7, Result : 7 -> True
Test Sample 2696 - Label : 9, Result : 9 -> True
Test Sample 2697 - Label : 5, Result : 5 -> True
Test Sample 2698 - Label : 5, Result : 5 -> True
Test Sample 2699 - Label : 2, Result : 2 -> True
Test Sample 2700 - Label : 7, Result : 7 -> True
Test Sample 2701 - Label : 4, Result : 4 -> True
Test Sample 2702 - Label : 6, Result : 6 -> True
Test Sample 2703 - Label : 0, Result : 0 -> True
Test Sample 2704 - Label : 1, Result : 1 -> True
Test Sample 2705 - Label : 1, Result : 1 -> True
Test Sample 2706 - Label : 1, Result : 1 -> True
Test Sample 2707 - Label : 0, Result : 0 -> True
Test Sample 2708 - Label : 4, Result : 4 -> True
Test Sample 2709 - Label : 4, Result : 4 -> True
Test Sample 2710 - Label : 7, Result : 7 -> True
Test Sample 2711 - Label : 6, Result : 6 -> True
Test Sample 2712 - Label : 3, Result : 3 -> True
Test Sample 2713 - Label : 0, Result : 0 -> True
Test Sample 2714 - Label : 0, Result : 0 -> True
Test Sample 2715 - Label : 4, Result : 4 -> True
Test Sample 2716 - Label : 3, Result : 3 -> True
Test Sample 2717 - Label : 0, Result : 0 -> True
Test Sample 2718 - Label : 6, Result : 6 -> True
Test Sample 2719 - Label : 1, Result : 1 -> True
Test Sample 2720 - Label : 9, Result : 4 -> False
Test Sample 2721 - Label : 6, Result : 6 -> True
Test Sample 2722 - Label : 1, Result : 1 -> True
Test Sample 2723 - Label : 3, Result : 3 -> True
Test Sample 2724 - Label : 8, Result : 8 -> True
Test Sample 2725 - Label : 1, Result : 1 -> True
Test Sample 2726 - Label : 2, Result : 2 -> True
Test Sample 2727 - Label : 5, Result : 5 -> True
Test Sample 2728 - Label : 6, Result : 6 -> True
Test Sample 2729 - Label : 2, Result : 2 -> True
Test Sample 2730 - Label : 7, Result : 7 -> True
Test Sample 2731 - Label : 3, Result : 3 -> True
Test Sample 2732 - Label : 6, Result : 6 -> True
Test Sample 2733 - Label : 0, Result : 0 -> True
Test Sample 2734 - Label : 1, Result : 1 -> True
Test Sample 2735 - Label : 9, Result : 9 -> True
Test Sample 2736 - Label : 7, Result : 7 -> True
Test Sample 2737 - Label : 6, Result : 6 -> True
Test Sample 2738 - Label : 6, Result : 6 -> True
Test Sample 2739 - Label : 8, Result : 8 -> True
Test Sample 2740 - Label : 9, Result : 9 -> True
Test Sample 2741 - Label : 2, Result : 2 -> True
Test Sample 2742 - Label : 9, Result : 7 -> False
Test Sample 2743 - Label : 5, Result : 5 -> True
Test Sample 2744 - Label : 8, Result : 8 -> True
Test Sample 2745 - Label : 3, Result : 3 -> True
Test Sample 2746 - Label : 1, Result : 1 -> True
Test Sample 2747 - Label : 0, Result : 0 -> True
Test Sample 2748 - Label : 0, Result : 0 -> True
Test Sample 2749 - Label : 7, Result : 7 -> True
Test Sample 2750 - Label : 6, Result : 6 -> True
Test Sample 2751 - Label : 6, Result : 6 -> True
Test Sample 2752 - Label : 2, Result : 2 -> True
Test Sample 2753 - Label : 1, Result : 1 -> True
Test Sample 2754 - Label : 6, Result : 6 -> True
Test Sample 2755 - Label : 9, Result : 9 -> True
Test Sample 2756 - Label : 3, Result : 3 -> True
Test Sample 2757 - Label : 1, Result : 1 -> True
Test Sample 2758 - Label : 8, Result : 0 -> False
Test Sample 2759 - Label : 6, Result : 6 -> True
Test Sample 2760 - Label : 9, Result : 4 -> False
Test Sample 2761 - Label : 0, Result : 0 -> True
Test Sample 2762 - Label : 6, Result : 6 -> True
Test Sample 2763 - Label : 0, Result : 0 -> True
Test Sample 2764 - Label : 0, Result : 0 -> True
Test Sample 2765 - Label : 0, Result : 0 -> True
Test Sample 2766 - Label : 6, Result : 6 -> True
Test Sample 2767 - Label : 3, Result : 3 -> True
Test Sample 2768 - Label : 5, Result : 5 -> True
Test Sample 2769 - Label : 9, Result : 9 -> True
Test Sample 2770 - Label : 3, Result : 3 -> True
Test Sample 2771 - Label : 4, Result : 4 -> True
Test Sample 2772 - Label : 5, Result : 5 -> True
Test Sample 2773 - Label : 5, Result : 5 -> True
Test Sample 2774 - Label : 8, Result : 8 -> True
Test Sample 2775 - Label : 5, Result : 5 -> True
Test Sample 2776 - Label : 3, Result : 3 -> True
Test Sample 2777 - Label : 0, Result : 0 -> True
Test Sample 2778 - Label : 4, Result : 4 -> True
Test Sample 2779 - Label : 0, Result : 0 -> True
Test Sample 2780 - Label : 2, Result : 3 -> False
Test Sample 2781 - Label : 9, Result : 9 -> True
Test Sample 2782 - Label : 6, Result : 6 -> True
Test Sample 2783 - Label : 8, Result : 8 -> True
Test Sample 2784 - Label : 2, Result : 2 -> True
Test Sample 2785 - Label : 3, Result : 3 -> True
Test Sample 2786 - Label : 1, Result : 1 -> True
Test Sample 2787 - Label : 2, Result : 2 -> True
Test Sample 2788 - Label : 1, Result : 1 -> True
Test Sample 2789 - Label : 1, Result : 1 -> True
Test Sample 2790 - Label : 5, Result : 5 -> True
Test Sample 2791 - Label : 6, Result : 6 -> True
Test Sample 2792 - Label : 9, Result : 9 -> True
Test Sample 2793 - Label : 8, Result : 8 -> True
Test Sample 2794 - Label : 0, Result : 0 -> True
Test Sample 2795 - Label : 6, Result : 6 -> True
Test Sample 2796 - Label : 6, Result : 6 -> True
Test Sample 2797 - Label : 5, Result : 5 -> True
Test Sample 2798 - Label : 5, Result : 5 -> True
Test Sample 2799 - Label : 3, Result : 3 -> True
Test Sample 2800 - Label : 8, Result : 8 -> True
Test Sample 2801 - Label : 6, Result : 6 -> True
Test Sample 2802 - Label : 2, Result : 2 -> True
Test Sample 2803 - Label : 1, Result : 1 -> True
Test Sample 2804 - Label : 4, Result : 4 -> True
Test Sample 2805 - Label : 5, Result : 5 -> True
Test Sample 2806 - Label : 4, Result : 4 -> True
Test Sample 2807 - Label : 3, Result : 3 -> True
Test Sample 2808 - Label : 7, Result : 7 -> True
Test Sample 2809 - Label : 8, Result : 8 -> True
Test Sample 2810 - Label : 5, Result : 5 -> True
Test Sample 2811 - Label : 0, Result : 0 -> True
Test Sample 2812 - Label : 9, Result : 9 -> True
Test Sample 2813 - Label : 3, Result : 3 -> True
Test Sample 2814 - Label : 5, Result : 5 -> True
Test Sample 2815 - Label : 1, Result : 1 -> True
Test Sample 2816 - Label : 1, Result : 1 -> True
Test Sample 2817 - Label : 0, Result : 0 -> True
Test Sample 2818 - Label : 4, Result : 4 -> True
Test Sample 2819 - Label : 4, Result : 4 -> True
Test Sample 2820 - Label : 7, Result : 7 -> True
Test Sample 2821 - Label : 0, Result : 0 -> True
Test Sample 2822 - Label : 1, Result : 1 -> True
Test Sample 2823 - Label : 7, Result : 7 -> True
Test Sample 2824 - Label : 0, Result : 0 -> True
Test Sample 2825 - Label : 1, Result : 1 -> True
Test Sample 2826 - Label : 6, Result : 6 -> True
Test Sample 2827 - Label : 1, Result : 1 -> True
Test Sample 2828 - Label : 4, Result : 4 -> True
Test Sample 2829 - Label : 5, Result : 5 -> True
Test Sample 2830 - Label : 6, Result : 6 -> True
Test Sample 2831 - Label : 6, Result : 6 -> True
Test Sample 2832 - Label : 5, Result : 5 -> True
Test Sample 2833 - Label : 7, Result : 7 -> True
Test Sample 2834 - Label : 8, Result : 8 -> True
Test Sample 2835 - Label : 4, Result : 4 -> True
Test Sample 2836 - Label : 4, Result : 4 -> True
Test Sample 2837 - Label : 7, Result : 7 -> True
Test Sample 2838 - Label : 2, Result : 2 -> True
Test Sample 2839 - Label : 5, Result : 5 -> True
Test Sample 2840 - Label : 3, Result : 3 -> True
Test Sample 2841 - Label : 7, Result : 7 -> True
Test Sample 2842 - Label : 0, Result : 0 -> True
Test Sample 2843 - Label : 7, Result : 7 -> True
Test Sample 2844 - Label : 7, Result : 7 -> True
Test Sample 2845 - Label : 9, Result : 9 -> True
Test Sample 2846 - Label : 6, Result : 6 -> True
Test Sample 2847 - Label : 4, Result : 4 -> True
Test Sample 2848 - Label : 2, Result : 2 -> True
Test Sample 2849 - Label : 8, Result : 8 -> True
Test Sample 2850 - Label : 5, Result : 5 -> True
Test Sample 2851 - Label : 7, Result : 7 -> True
Test Sample 2852 - Label : 8, Result : 8 -> True
Test Sample 2853 - Label : 3, Result : 3 -> True
Test Sample 2854 - Label : 9, Result : 9 -> True
Test Sample 2855 - Label : 5, Result : 5 -> True
Test Sample 2856 - Label : 8, Result : 8 -> True
Test Sample 2857 - Label : 9, Result : 9 -> True
Test Sample 2858 - Label : 9, Result : 9 -> True
Test Sample 2859 - Label : 8, Result : 8 -> True
Test Sample 2860 - Label : 6, Result : 6 -> True
Test Sample 2861 - Label : 2, Result : 2 -> True
Test Sample 2862 - Label : 8, Result : 8 -> True
Test Sample 2863 - Label : 9, Result : 9 -> True
Test Sample 2864 - Label : 2, Result : 2 -> True
Test Sample 2865 - Label : 3, Result : 3 -> True
Test Sample 2866 - Label : 6, Result : 6 -> True
Test Sample 2867 - Label : 1, Result : 1 -> True
Test Sample 2868 - Label : 1, Result : 1 -> True
Test Sample 2869 - Label : 8, Result : 8 -> True
Test Sample 2870 - Label : 9, Result : 9 -> True
Test Sample 2871 - Label : 3, Result : 3 -> True
Test Sample 2872 - Label : 4, Result : 4 -> True
Test Sample 2873 - Label : 0, Result : 0 -> True
Test Sample 2874 - Label : 7, Result : 7 -> True
Test Sample 2875 - Label : 9, Result : 9 -> True
Test Sample 2876 - Label : 6, Result : 6 -> True
Test Sample 2877 - Label : 4, Result : 4 -> True
Test Sample 2878 - Label : 1, Result : 1 -> True
Test Sample 2879 - Label : 4, Result : 4 -> True
Test Sample 2880 - Label : 1, Result : 1 -> True
Test Sample 2881 - Label : 3, Result : 3 -> True
Test Sample 2882 - Label : 4, Result : 4 -> True
Test Sample 2883 - Label : 9, Result : 9 -> True
Test Sample 2884 - Label : 3, Result : 3 -> True
Test Sample 2885 - Label : 1, Result : 1 -> True
Test Sample 2886 - Label : 4, Result : 4 -> True
Test Sample 2887 - Label : 7, Result : 7 -> True
Test Sample 2888 - Label : 7, Result : 7 -> True
Test Sample 2889 - Label : 4, Result : 4 -> True
Test Sample 2890 - Label : 7, Result : 7 -> True
Test Sample 2891 - Label : 2, Result : 2 -> True
Test Sample 2892 - Label : 9, Result : 9 -> True
Test Sample 2893 - Label : 3, Result : 3 -> True
Test Sample 2894 - Label : 0, Result : 0 -> True
Test Sample 2895 - Label : 8, Result : 8 -> True
Test Sample 2896 - Label : 8, Result : 0 -> False
Test Sample 2897 - Label : 8, Result : 8 -> True
Test Sample 2898 - Label : 4, Result : 4 -> True
Test Sample 2899 - Label : 0, Result : 0 -> True
Test Sample 2900 - Label : 4, Result : 4 -> True
Test Sample 2901 - Label : 4, Result : 4 -> True
Test Sample 2902 - Label : 1, Result : 1 -> True
Test Sample 2903 - Label : 5, Result : 5 -> True
Test Sample 2904 - Label : 2, Result : 2 -> True
Test Sample 2905 - Label : 8, Result : 8 -> True
Test Sample 2906 - Label : 3, Result : 3 -> True
Test Sample 2907 - Label : 4, Result : 4 -> True
Test Sample 2908 - Label : 9, Result : 9 -> True
Test Sample 2909 - Label : 5, Result : 5 -> True
Test Sample 2910 - Label : 2, Result : 2 -> True
Test Sample 2911 - Label : 8, Result : 8 -> True
Test Sample 2912 - Label : 1, Result : 1 -> True
Test Sample 2913 - Label : 5, Result : 5 -> True
Test Sample 2914 - Label : 3, Result : 3 -> True
Test Sample 2915 - Label : 7, Result : 7 -> True
Test Sample 2916 - Label : 9, Result : 9 -> True
Test Sample 2917 - Label : 4, Result : 4 -> True
Test Sample 2918 - Label : 2, Result : 2 -> True
Test Sample 2919 - Label : 5, Result : 5 -> True
Test Sample 2920 - Label : 6, Result : 6 -> True
Test Sample 2921 - Label : 3, Result : 2 -> False
Test Sample 2922 - Label : 5, Result : 5 -> True
Test Sample 2923 - Label : 9, Result : 9 -> True
Test Sample 2924 - Label : 3, Result : 3 -> True
Test Sample 2925 - Label : 5, Result : 5 -> True
Test Sample 2926 - Label : 9, Result : 9 -> True
Test Sample 2927 - Label : 3, Result : 7 -> False
Test Sample 2928 - Label : 1, Result : 1 -> True
Test Sample 2929 - Label : 9, Result : 9 -> True
Test Sample 2930 - Label : 5, Result : 5 -> True
Test Sample 2931 - Label : 3, Result : 3 -> True
Test Sample 2932 - Label : 0, Result : 0 -> True
Test Sample 2933 - Label : 6, Result : 6 -> True
Test Sample 2934 - Label : 9, Result : 9 -> True
Test Sample 2935 - Label : 8, Result : 8 -> True
Test Sample 2936 - Label : 4, Result : 4 -> True
Test Sample 2937 - Label : 0, Result : 0 -> True
Test Sample 2938 - Label : 4, Result : 4 -> True
Test Sample 2939 - Label : 9, Result : 5 -> False
Test Sample 2940 - Label : 2, Result : 2 -> True
Test Sample 2941 - Label : 9, Result : 9 -> True
Test Sample 2942 - Label : 0, Result : 0 -> True
Test Sample 2943 - Label : 1, Result : 1 -> True
Test Sample 2944 - Label : 0, Result : 0 -> True
Test Sample 2945 - Label : 3, Result : 3 -> True
Test Sample 2946 - Label : 1, Result : 1 -> True
Test Sample 2947 - Label : 6, Result : 6 -> True
Test Sample 2948 - Label : 5, Result : 5 -> True
Test Sample 2949 - Label : 8, Result : 8 -> True
Test Sample 2950 - Label : 1, Result : 1 -> True
Test Sample 2951 - Label : 5, Result : 5 -> True
Test Sample 2952 - Label : 3, Result : 3 -> True
Test Sample 2953 - Label : 3, Result : 5 -> False
Test Sample 2954 - Label : 0, Result : 0 -> True
Test Sample 2955 - Label : 3, Result : 3 -> True
Test Sample 2956 - Label : 5, Result : 5 -> True
Test Sample 2957 - Label : 5, Result : 5 -> True
Test Sample 2958 - Label : 9, Result : 9 -> True
Test Sample 2959 - Label : 2, Result : 2 -> True
Test Sample 2960 - Label : 8, Result : 8 -> True
Test Sample 2961 - Label : 7, Result : 7 -> True
Test Sample 2962 - Label : 0, Result : 0 -> True
Test Sample 2963 - Label : 4, Result : 4 -> True
Test Sample 2964 - Label : 9, Result : 9 -> True
Test Sample 2965 - Label : 1, Result : 1 -> True
Test Sample 2966 - Label : 9, Result : 9 -> True
Test Sample 2967 - Label : 7, Result : 7 -> True
Test Sample 2968 - Label : 7, Result : 7 -> True
Test Sample 2969 - Label : 5, Result : 5 -> True
Test Sample 2970 - Label : 5, Result : 3 -> False
Test Sample 2971 - Label : 2, Result : 2 -> True
Test Sample 2972 - Label : 0, Result : 0 -> True
Test Sample 2973 - Label : 9, Result : 9 -> True
Test Sample 2974 - Label : 1, Result : 1 -> True
Test Sample 2975 - Label : 8, Result : 8 -> True
Test Sample 2976 - Label : 6, Result : 6 -> True
Test Sample 2977 - Label : 2, Result : 2 -> True
Test Sample 2978 - Label : 3, Result : 3 -> True
Test Sample 2979 - Label : 9, Result : 7 -> False
Test Sample 2980 - Label : 6, Result : 6 -> True
Test Sample 2981 - Label : 2, Result : 2 -> True
Test Sample 2982 - Label : 1, Result : 1 -> True
Test Sample 2983 - Label : 9, Result : 9 -> True
Test Sample 2984 - Label : 1, Result : 1 -> True
Test Sample 2985 - Label : 3, Result : 3 -> True
Test Sample 2986 - Label : 5, Result : 5 -> True
Test Sample 2987 - Label : 5, Result : 5 -> True
Test Sample 2988 - Label : 0, Result : 0 -> True
Test Sample 2989 - Label : 3, Result : 3 -> True
Test Sample 2990 - Label : 8, Result : 8 -> True
Test Sample 2991 - Label : 3, Result : 3 -> True
Test Sample 2992 - Label : 3, Result : 3 -> True
Test Sample 2993 - Label : 7, Result : 7 -> True
Test Sample 2994 - Label : 6, Result : 6 -> True
Test Sample 2995 - Label : 6, Result : 8 -> False
Test Sample 2996 - Label : 0, Result : 0 -> True
Test Sample 2997 - Label : 1, Result : 1 -> True
Test Sample 2998 - Label : 4, Result : 4 -> True
Test Sample 2999 - Label : 0, Result : 0 -> True
Test Sample 3000 - Label : 6, Result : 6 -> True
Test Sample 3001 - Label : 9, Result : 9 -> True
Test Sample 3002 - Label : 8, Result : 8 -> True
Test Sample 3003 - Label : 1, Result : 1 -> True
Test Sample 3004 - Label : 2, Result : 2 -> True
Test Sample 3005 - Label : 9, Result : 9 -> True
Test Sample 3006 - Label : 9, Result : 9 -> True
Test Sample 3007 - Label : 5, Result : 5 -> True
Test Sample 3008 - Label : 9, Result : 9 -> True
Test Sample 3009 - Label : 7, Result : 7 -> True
Test Sample 3010 - Label : 3, Result : 3 -> True
Test Sample 3011 - Label : 7, Result : 7 -> True
Test Sample 3012 - Label : 8, Result : 9 -> False
Test Sample 3013 - Label : 0, Result : 0 -> True
Test Sample 3014 - Label : 1, Result : 1 -> True
Test Sample 3015 - Label : 3, Result : 3 -> True
Test Sample 3016 - Label : 0, Result : 0 -> True
Test Sample 3017 - Label : 4, Result : 4 -> True
Test Sample 3018 - Label : 6, Result : 6 -> True
Test Sample 3019 - Label : 1, Result : 1 -> True
Test Sample 3020 - Label : 0, Result : 0 -> True
Test Sample 3021 - Label : 2, Result : 2 -> True
Test Sample 3022 - Label : 5, Result : 5 -> True
Test Sample 3023 - Label : 8, Result : 8 -> True
Test Sample 3024 - Label : 4, Result : 4 -> True
Test Sample 3025 - Label : 4, Result : 4 -> True
Test Sample 3026 - Label : 1, Result : 1 -> True
Test Sample 3027 - Label : 1, Result : 1 -> True
Test Sample 3028 - Label : 5, Result : 5 -> True
Test Sample 3029 - Label : 4, Result : 4 -> True
Test Sample 3030 - Label : 6, Result : 6 -> True
Test Sample 3031 - Label : 6, Result : 6 -> True
Test Sample 3032 - Label : 0, Result : 0 -> True
Test Sample 3033 - Label : 6, Result : 6 -> True
Test Sample 3034 - Label : 9, Result : 9 -> True
Test Sample 3035 - Label : 2, Result : 2 -> True
Test Sample 3036 - Label : 6, Result : 6 -> True
Test Sample 3037 - Label : 2, Result : 2 -> True
Test Sample 3038 - Label : 7, Result : 7 -> True
Test Sample 3039 - Label : 1, Result : 1 -> True
Test Sample 3040 - Label : 7, Result : 7 -> True
Test Sample 3041 - Label : 9, Result : 9 -> True
Test Sample 3042 - Label : 4, Result : 4 -> True
Test Sample 3043 - Label : 0, Result : 0 -> True
Test Sample 3044 - Label : 0, Result : 0 -> True
Test Sample 3045 - Label : 3, Result : 3 -> True
Test Sample 3046 - Label : 8, Result : 8 -> True
Test Sample 3047 - Label : 2, Result : 2 -> True
Test Sample 3048 - Label : 2, Result : 2 -> True
Test Sample 3049 - Label : 3, Result : 3 -> True
Test Sample 3050 - Label : 1, Result : 1 -> True
Test Sample 3051 - Label : 6, Result : 6 -> True
Test Sample 3052 - Label : 0, Result : 0 -> True
Test Sample 3053 - Label : 5, Result : 5 -> True
Test Sample 3054 - Label : 7, Result : 7 -> True
Test Sample 3055 - Label : 7, Result : 7 -> True
Test Sample 3056 - Label : 9, Result : 9 -> True
Test Sample 3057 - Label : 2, Result : 2 -> True
Test Sample 3058 - Label : 6, Result : 6 -> True
Test Sample 3059 - Label : 7, Result : 7 -> True
Test Sample 3060 - Label : 9, Result : 7 -> False
Test Sample 3061 - Label : 7, Result : 7 -> True
Test Sample 3062 - Label : 8, Result : 3 -> False
Test Sample 3063 - Label : 6, Result : 6 -> True
Test Sample 3064 - Label : 8, Result : 8 -> True
Test Sample 3065 - Label : 8, Result : 8 -> True
Test Sample 3066 - Label : 4, Result : 4 -> True
Test Sample 3067 - Label : 6, Result : 6 -> True
Test Sample 3068 - Label : 8, Result : 8 -> True
Test Sample 3069 - Label : 4, Result : 4 -> True
Test Sample 3070 - Label : 1, Result : 1 -> True
Test Sample 3071 - Label : 2, Result : 2 -> True
Test Sample 3072 - Label : 8, Result : 8 -> True
Test Sample 3073 - Label : 1, Result : 2 -> False
Test Sample 3074 - Label : 3, Result : 3 -> True
Test Sample 3075 - Label : 9, Result : 9 -> True
Test Sample 3076 - Label : 4, Result : 4 -> True
Test Sample 3077 - Label : 0, Result : 0 -> True
Test Sample 3078 - Label : 3, Result : 3 -> True
Test Sample 3079 - Label : 7, Result : 7 -> True
Test Sample 3080 - Label : 3, Result : 3 -> True
Test Sample 3081 - Label : 2, Result : 2 -> True
Test Sample 3082 - Label : 3, Result : 3 -> True
Test Sample 3083 - Label : 3, Result : 3 -> True
Test Sample 3084 - Label : 7, Result : 7 -> True
Test Sample 3085 - Label : 3, Result : 3 -> True
Test Sample 3086 - Label : 4, Result : 4 -> True
Test Sample 3087 - Label : 0, Result : 0 -> True
Test Sample 3088 - Label : 6, Result : 6 -> True
Test Sample 3089 - Label : 2, Result : 2 -> True
Test Sample 3090 - Label : 0, Result : 0 -> True
Test Sample 3091 - Label : 8, Result : 8 -> True
Test Sample 3092 - Label : 1, Result : 1 -> True
Test Sample 3093 - Label : 5, Result : 5 -> True
Test Sample 3094 - Label : 3, Result : 3 -> True
Test Sample 3095 - Label : 5, Result : 5 -> True
Test Sample 3096 - Label : 4, Result : 4 -> True
Test Sample 3097 - Label : 1, Result : 1 -> True
Test Sample 3098 - Label : 7, Result : 7 -> True
Test Sample 3099 - Label : 1, Result : 1 -> True
Test Sample 3100 - Label : 5, Result : 5 -> True
Test Sample 3101 - Label : 7, Result : 7 -> True
Test Sample 3102 - Label : 5, Result : 5 -> True
Test Sample 3103 - Label : 7, Result : 7 -> True
Test Sample 3104 - Label : 3, Result : 3 -> True
Test Sample 3105 - Label : 2, Result : 2 -> True
Test Sample 3106 - Label : 2, Result : 2 -> True
Test Sample 3107 - Label : 7, Result : 7 -> True
Test Sample 3108 - Label : 3, Result : 3 -> True
Test Sample 3109 - Label : 7, Result : 7 -> True
Test Sample 3110 - Label : 3, Result : 3 -> True
Test Sample 3111 - Label : 7, Result : 7 -> True
Test Sample 3112 - Label : 8, Result : 8 -> True
Test Sample 3113 - Label : 5, Result : 5 -> True
Test Sample 3114 - Label : 4, Result : 4 -> True
Test Sample 3115 - Label : 5, Result : 5 -> True
Test Sample 3116 - Label : 2, Result : 2 -> True
Test Sample 3117 - Label : 5, Result : 5 -> True
Test Sample 3118 - Label : 6, Result : 6 -> True
Test Sample 3119 - Label : 5, Result : 5 -> True
Test Sample 3120 - Label : 3, Result : 3 -> True
Test Sample 3121 - Label : 6, Result : 6 -> True
Test Sample 3122 - Label : 7, Result : 7 -> True
Test Sample 3123 - Label : 4, Result : 4 -> True
Test Sample 3124 - Label : 1, Result : 1 -> True
Test Sample 3125 - Label : 7, Result : 7 -> True
Test Sample 3126 - Label : 1, Result : 1 -> True
Test Sample 3127 - Label : 5, Result : 5 -> True
Test Sample 3128 - Label : 2, Result : 2 -> True
Test Sample 3129 - Label : 3, Result : 3 -> True
Test Sample 3130 - Label : 6, Result : 6 -> True
Test Sample 3131 - Label : 3, Result : 3 -> True
Test Sample 3132 - Label : 1, Result : 1 -> True
Test Sample 3133 - Label : 4, Result : 4 -> True
Test Sample 3134 - Label : 2, Result : 2 -> True
Test Sample 3135 - Label : 6, Result : 6 -> True
Test Sample 3136 - Label : 7, Result : 7 -> True
Test Sample 3137 - Label : 4, Result : 4 -> True
Test Sample 3138 - Label : 3, Result : 3 -> True
Test Sample 3139 - Label : 8, Result : 8 -> True
Test Sample 3140 - Label : 0, Result : 0 -> True
Test Sample 3141 - Label : 6, Result : 6 -> True
Test Sample 3142 - Label : 2, Result : 2 -> True
Test Sample 3143 - Label : 1, Result : 1 -> True
Test Sample 3144 - Label : 6, Result : 6 -> True
Test Sample 3145 - Label : 5, Result : 5 -> True
Test Sample 3146 - Label : 3, Result : 3 -> True
Test Sample 3147 - Label : 9, Result : 9 -> True
Test Sample 3148 - Label : 1, Result : 1 -> True
Test Sample 3149 - Label : 9, Result : 9 -> True
Test Sample 3150 - Label : 3, Result : 3 -> True
Test Sample 3151 - Label : 2, Result : 2 -> True
Test Sample 3152 - Label : 1, Result : 1 -> True
Test Sample 3153 - Label : 8, Result : 8 -> True
Test Sample 3154 - Label : 4, Result : 4 -> True
Test Sample 3155 - Label : 4, Result : 4 -> True
Test Sample 3156 - Label : 6, Result : 6 -> True
Test Sample 3157 - Label : 5, Result : 5 -> True
Test Sample 3158 - Label : 8, Result : 8 -> True
Test Sample 3159 - Label : 6, Result : 6 -> True
Test Sample 3160 - Label : 9, Result : 9 -> True
Test Sample 3161 - Label : 7, Result : 7 -> True
Test Sample 3162 - Label : 7, Result : 7 -> True
Test Sample 3163 - Label : 8, Result : 8 -> True
Test Sample 3164 - Label : 6, Result : 6 -> True
Test Sample 3165 - Label : 9, Result : 9 -> True
Test Sample 3166 - Label : 7, Result : 7 -> True
Test Sample 3167 - Label : 3, Result : 3 -> True
Test Sample 3168 - Label : 9, Result : 9 -> True
Test Sample 3169 - Label : 4, Result : 4 -> True
Test Sample 3170 - Label : 0, Result : 0 -> True
Test Sample 3171 - Label : 5, Result : 5 -> True
Test Sample 3172 - Label : 4, Result : 4 -> True
Test Sample 3173 - Label : 6, Result : 6 -> True
Test Sample 3174 - Label : 4, Result : 4 -> True
Test Sample 3175 - Label : 1, Result : 1 -> True
Test Sample 3176 - Label : 2, Result : 2 -> True
Test Sample 3177 - Label : 3, Result : 3 -> True
Test Sample 3178 - Label : 0, Result : 0 -> True
Test Sample 3179 - Label : 0, Result : 0 -> True
Test Sample 3180 - Label : 2, Result : 2 -> True
Test Sample 3181 - Label : 6, Result : 6 -> True
Test Sample 3182 - Label : 6, Result : 6 -> True
Test Sample 3183 - Label : 5, Result : 5 -> True
Test Sample 3184 - Label : 7, Result : 7 -> True
Test Sample 3185 - Label : 0, Result : 0 -> True
Test Sample 3186 - Label : 8, Result : 8 -> True
Test Sample 3187 - Label : 6, Result : 6 -> True
Test Sample 3188 - Label : 4, Result : 4 -> True
Test Sample 3189 - Label : 7, Result : 7 -> True
Test Sample 3190 - Label : 9, Result : 9 -> True
Test Sample 3191 - Label : 0, Result : 0 -> True
Test Sample 3192 - Label : 7, Result : 7 -> True
Test Sample 3193 - Label : 3, Result : 3 -> True
Test Sample 3194 - Label : 4, Result : 4 -> True
Test Sample 3195 - Label : 2, Result : 2 -> True
Test Sample 3196 - Label : 1, Result : 1 -> True
Test Sample 3197 - Label : 8, Result : 8 -> True
Test Sample 3198 - Label : 8, Result : 8 -> True
Test Sample 3199 - Label : 5, Result : 5 -> True
Test Sample 3200 - Label : 9, Result : 9 -> True
Test Sample 3201 - Label : 2, Result : 2 -> True
Test Sample 3202 - Label : 7, Result : 7 -> True
Test Sample 3203 - Label : 1, Result : 1 -> True
Test Sample 3204 - Label : 8, Result : 8 -> True
Test Sample 3205 - Label : 8, Result : 8 -> True
Test Sample 3206 - Label : 8, Result : 3 -> False
Test Sample 3207 - Label : 2, Result : 2 -> True
Test Sample 3208 - Label : 7, Result : 7 -> True
Test Sample 3209 - Label : 6, Result : 6 -> True
Test Sample 3210 - Label : 0, Result : 0 -> True
Test Sample 3211 - Label : 1, Result : 1 -> True
Test Sample 3212 - Label : 2, Result : 2 -> True
Test Sample 3213 - Label : 7, Result : 7 -> True
Test Sample 3214 - Label : 1, Result : 1 -> True
Test Sample 3215 - Label : 0, Result : 0 -> True
Test Sample 3216 - Label : 8, Result : 8 -> True
Test Sample 3217 - Label : 3, Result : 3 -> True
Test Sample 3218 - Label : 6, Result : 6 -> True
Test Sample 3219 - Label : 0, Result : 0 -> True
Test Sample 3220 - Label : 5, Result : 5 -> True
Test Sample 3221 - Label : 3, Result : 3 -> True
Test Sample 3222 - Label : 6, Result : 6 -> True
Test Sample 3223 - Label : 2, Result : 2 -> True
Test Sample 3224 - Label : 8, Result : 8 -> True
Test Sample 3225 - Label : 7, Result : 7 -> True
Test Sample 3226 - Label : 0, Result : 0 -> True
Test Sample 3227 - Label : 1, Result : 1 -> True
Test Sample 3228 - Label : 4, Result : 4 -> True
Test Sample 3229 - Label : 2, Result : 2 -> True
Test Sample 3230 - Label : 1, Result : 1 -> True
Test Sample 3231 - Label : 1, Result : 1 -> True
Test Sample 3232 - Label : 4, Result : 4 -> True
Test Sample 3233 - Label : 4, Result : 4 -> True
Test Sample 3234 - Label : 4, Result : 4 -> True
Test Sample 3235 - Label : 4, Result : 4 -> True
Test Sample 3236 - Label : 7, Result : 7 -> True
Test Sample 3237 - Label : 1, Result : 1 -> True
Test Sample 3238 - Label : 6, Result : 6 -> True
Test Sample 3239 - Label : 2, Result : 2 -> True
Test Sample 3240 - Label : 9, Result : 9 -> True
Test Sample 3241 - Label : 9, Result : 9 -> True
Test Sample 3242 - Label : 0, Result : 0 -> True
Test Sample 3243 - Label : 0, Result : 0 -> True
Test Sample 3244 - Label : 1, Result : 1 -> True
Test Sample 3245 - Label : 8, Result : 8 -> True
Test Sample 3246 - Label : 8, Result : 8 -> True
Test Sample 3247 - Label : 4, Result : 4 -> True
Test Sample 3248 - Label : 3, Result : 3 -> True
Test Sample 3249 - Label : 4, Result : 4 -> True
Test Sample 3250 - Label : 2, Result : 2 -> True
Test Sample 3251 - Label : 0, Result : 0 -> True
Test Sample 3252 - Label : 6, Result : 6 -> True
Test Sample 3253 - Label : 1, Result : 1 -> True
Test Sample 3254 - Label : 6, Result : 6 -> True
Test Sample 3255 - Label : 1, Result : 1 -> True
Test Sample 3256 - Label : 2, Result : 2 -> True
Test Sample 3257 - Label : 2, Result : 2 -> True
Test Sample 3258 - Label : 2, Result : 2 -> True
Test Sample 3259 - Label : 1, Result : 1 -> True
Test Sample 3260 - Label : 2, Result : 2 -> True
Test Sample 3261 - Label : 3, Result : 3 -> True
Test Sample 3262 - Label : 7, Result : 7 -> True
Test Sample 3263 - Label : 8, Result : 8 -> True
Test Sample 3264 - Label : 1, Result : 1 -> True
Test Sample 3265 - Label : 0, Result : 0 -> True
Test Sample 3266 - Label : 0, Result : 0 -> True
Test Sample 3267 - Label : 2, Result : 2 -> True
Test Sample 3268 - Label : 1, Result : 1 -> True
Test Sample 3269 - Label : 6, Result : 6 -> True
Test Sample 3270 - Label : 6, Result : 6 -> True
Test Sample 3271 - Label : 0, Result : 0 -> True
Test Sample 3272 - Label : 1, Result : 1 -> True
Test Sample 3273 - Label : 6, Result : 6 -> True
Test Sample 3274 - Label : 2, Result : 2 -> True
Test Sample 3275 - Label : 5, Result : 5 -> True
Test Sample 3276 - Label : 1, Result : 1 -> True
Test Sample 3277 - Label : 7, Result : 7 -> True
Test Sample 3278 - Label : 4, Result : 4 -> True
Test Sample 3279 - Label : 8, Result : 8 -> True
Test Sample 3280 - Label : 2, Result : 2 -> True
Test Sample 3281 - Label : 1, Result : 1 -> True
Test Sample 3282 - Label : 4, Result : 4 -> True
Test Sample 3283 - Label : 3, Result : 3 -> True
Test Sample 3284 - Label : 8, Result : 8 -> True
Test Sample 3285 - Label : 3, Result : 3 -> True
Test Sample 3286 - Label : 9, Result : 9 -> True
Test Sample 3287 - Label : 9, Result : 9 -> True
Test Sample 3288 - Label : 4, Result : 4 -> True
Test Sample 3289 - Label : 8, Result : 8 -> True
Test Sample 3290 - Label : 3, Result : 3 -> True
Test Sample 3291 - Label : 4, Result : 4 -> True
Test Sample 3292 - Label : 7, Result : 7 -> True
Test Sample 3293 - Label : 2, Result : 2 -> True
Test Sample 3294 - Label : 7, Result : 7 -> True
Test Sample 3295 - Label : 5, Result : 5 -> True
Test Sample 3296 - Label : 7, Result : 7 -> True
Test Sample 3297 - Label : 0, Result : 0 -> True
Test Sample 3298 - Label : 4, Result : 4 -> True
Test Sample 3299 - Label : 3, Result : 3 -> True
Test Sample 3300 - Label : 3, Result : 3 -> True
Test Sample 3301 - Label : 2, Result : 2 -> True
Test Sample 3302 - Label : 6, Result : 6 -> True
Test Sample 3303 - Label : 7, Result : 7 -> True
Test Sample 3304 - Label : 6, Result : 6 -> True
Test Sample 3305 - Label : 0, Result : 0 -> True
Test Sample 3306 - Label : 0, Result : 0 -> True
Test Sample 3307 - Label : 6, Result : 6 -> True
Test Sample 3308 - Label : 7, Result : 7 -> True
Test Sample 3309 - Label : 7, Result : 7 -> True
Test Sample 3310 - Label : 0, Result : 0 -> True
Test Sample 3311 - Label : 5, Result : 5 -> True
Test Sample 3312 - Label : 5, Result : 5 -> True
Test Sample 3313 - Label : 8, Result : 8 -> True
Test Sample 3314 - Label : 1, Result : 1 -> True
Test Sample 3315 - Label : 0, Result : 0 -> True
Test Sample 3316 - Label : 7, Result : 7 -> True
Test Sample 3317 - Label : 0, Result : 0 -> True
Test Sample 3318 - Label : 2, Result : 2 -> True
Test Sample 3319 - Label : 8, Result : 8 -> True
Test Sample 3320 - Label : 1, Result : 1 -> True
Test Sample 3321 - Label : 5, Result : 5 -> True
Test Sample 3322 - Label : 0, Result : 0 -> True
Test Sample 3323 - Label : 8, Result : 8 -> True
Test Sample 3324 - Label : 8, Result : 8 -> True
Test Sample 3325 - Label : 0, Result : 0 -> True
Test Sample 3326 - Label : 3, Result : 3 -> True
Test Sample 3327 - Label : 2, Result : 2 -> True
Test Sample 3328 - Label : 7, Result : 7 -> True
Test Sample 3329 - Label : 7, Result : 7 -> True
Test Sample 3330 - Label : 2, Result : 2 -> True
Test Sample 3331 - Label : 6, Result : 6 -> True
Test Sample 3332 - Label : 4, Result : 4 -> True
Test Sample 3333 - Label : 7, Result : 7 -> True
Test Sample 3334 - Label : 5, Result : 5 -> True
Test Sample 3335 - Label : 5, Result : 5 -> True
Test Sample 3336 - Label : 5, Result : 5 -> True
Test Sample 3337 - Label : 2, Result : 2 -> True
Test Sample 3338 - Label : 9, Result : 9 -> True
Test Sample 3339 - Label : 2, Result : 2 -> True
Test Sample 3340 - Label : 8, Result : 8 -> True
Test Sample 3341 - Label : 4, Result : 4 -> True
Test Sample 3342 - Label : 6, Result : 6 -> True
Test Sample 3343 - Label : 8, Result : 8 -> True
Test Sample 3344 - Label : 6, Result : 6 -> True
Test Sample 3345 - Label : 5, Result : 5 -> True
Test Sample 3346 - Label : 0, Result : 0 -> True
Test Sample 3347 - Label : 0, Result : 0 -> True
Test Sample 3348 - Label : 8, Result : 8 -> True
Test Sample 3349 - Label : 7, Result : 7 -> True
Test Sample 3350 - Label : 6, Result : 6 -> True
Test Sample 3351 - Label : 1, Result : 1 -> True
Test Sample 3352 - Label : 7, Result : 7 -> True
Test Sample 3353 - Label : 1, Result : 1 -> True
Test Sample 3354 - Label : 1, Result : 1 -> True
Test Sample 3355 - Label : 2, Result : 2 -> True
Test Sample 3356 - Label : 7, Result : 7 -> True
Test Sample 3357 - Label : 4, Result : 4 -> True
Test Sample 3358 - Label : 0, Result : 0 -> True
Test Sample 3359 - Label : 0, Result : 0 -> True
Test Sample 3360 - Label : 7, Result : 7 -> True
Test Sample 3361 - Label : 7, Result : 7 -> True
Test Sample 3362 - Label : 6, Result : 6 -> True
Test Sample 3363 - Label : 3, Result : 3 -> True
Test Sample 3364 - Label : 8, Result : 8 -> True
Test Sample 3365 - Label : 6, Result : 6 -> True
Test Sample 3366 - Label : 4, Result : 4 -> True
Test Sample 3367 - Label : 2, Result : 2 -> True
Test Sample 3368 - Label : 0, Result : 0 -> True
Test Sample 3369 - Label : 9, Result : 9 -> True
Test Sample 3370 - Label : 4, Result : 4 -> True
Test Sample 3371 - Label : 0, Result : 0 -> True
Test Sample 3372 - Label : 5, Result : 5 -> True
Test Sample 3373 - Label : 7, Result : 7 -> True
Test Sample 3374 - Label : 8, Result : 8 -> True
Test Sample 3375 - Label : 2, Result : 2 -> True
Test Sample 3376 - Label : 7, Result : 7 -> True
Test Sample 3377 - Label : 4, Result : 4 -> True
Test Sample 3378 - Label : 7, Result : 7 -> True
Test Sample 3379 - Label : 1, Result : 1 -> True
Test Sample 3380 - Label : 1, Result : 1 -> True
Test Sample 3381 - Label : 3, Result : 3 -> True
Test Sample 3382 - Label : 6, Result : 6 -> True
Test Sample 3383 - Label : 6, Result : 6 -> True
Test Sample 3384 - Label : 2, Result : 2 -> True
Test Sample 3385 - Label : 9, Result : 9 -> True
Test Sample 3386 - Label : 1, Result : 1 -> True
Test Sample 3387 - Label : 9, Result : 9 -> True
Test Sample 3388 - Label : 4, Result : 4 -> True
Test Sample 3389 - Label : 8, Result : 8 -> True
Test Sample 3390 - Label : 3, Result : 3 -> True
Test Sample 3391 - Label : 6, Result : 6 -> True
Test Sample 3392 - Label : 9, Result : 9 -> True
Test Sample 3393 - Label : 5, Result : 5 -> True
Test Sample 3394 - Label : 9, Result : 9 -> True
Test Sample 3395 - Label : 6, Result : 6 -> True
Test Sample 3396 - Label : 2, Result : 2 -> True
Test Sample 3397 - Label : 4, Result : 4 -> True
Test Sample 3398 - Label : 6, Result : 6 -> True
Test Sample 3399 - Label : 7, Result : 7 -> True
Test Sample 3400 - Label : 7, Result : 7 -> True
Test Sample 3401 - Label : 0, Result : 0 -> True
Test Sample 3402 - Label : 6, Result : 6 -> True
Test Sample 3403 - Label : 6, Result : 6 -> True
Test Sample 3404 - Label : 9, Result : 9 -> True
Test Sample 3405 - Label : 4, Result : 4 -> True
Test Sample 3406 - Label : 8, Result : 8 -> True
Test Sample 3407 - Label : 3, Result : 3 -> True
Test Sample 3408 - Label : 5, Result : 5 -> True
Test Sample 3409 - Label : 3, Result : 3 -> True
Test Sample 3410 - Label : 4, Result : 4 -> True
Test Sample 3411 - Label : 9, Result : 9 -> True
Test Sample 3412 - Label : 0, Result : 0 -> True
Test Sample 3413 - Label : 0, Result : 0 -> True
Test Sample 3414 - Label : 5, Result : 5 -> True
Test Sample 3415 - Label : 2, Result : 2 -> True
Test Sample 3416 - Label : 5, Result : 5 -> True
Test Sample 3417 - Label : 0, Result : 0 -> True
Test Sample 3418 - Label : 7, Result : 7 -> True
Test Sample 3419 - Label : 1, Result : 1 -> True
Test Sample 3420 - Label : 1, Result : 1 -> True
Test Sample 3421 - Label : 1, Result : 1 -> True
Test Sample 3422 - Label : 6, Result : 0 -> False
Test Sample 3423 - Label : 7, Result : 7 -> True
Test Sample 3424 - Label : 6, Result : 6 -> True
Test Sample 3425 - Label : 7, Result : 7 -> True
Test Sample 3426 - Label : 9, Result : 9 -> True
Test Sample 3427 - Label : 6, Result : 6 -> True
Test Sample 3428 - Label : 6, Result : 6 -> True
Test Sample 3429 - Label : 4, Result : 4 -> True
Test Sample 3430 - Label : 1, Result : 1 -> True
Test Sample 3431 - Label : 4, Result : 4 -> True
Test Sample 3432 - Label : 3, Result : 3 -> True
Test Sample 3433 - Label : 1, Result : 1 -> True
Test Sample 3434 - Label : 1, Result : 1 -> True
Test Sample 3435 - Label : 2, Result : 2 -> True
Test Sample 3436 - Label : 2, Result : 2 -> True
Test Sample 3437 - Label : 4, Result : 4 -> True
Test Sample 3438 - Label : 1, Result : 1 -> True
Test Sample 3439 - Label : 0, Result : 0 -> True
Test Sample 3440 - Label : 8, Result : 8 -> True
Test Sample 3441 - Label : 7, Result : 7 -> True
Test Sample 3442 - Label : 6, Result : 6 -> True
Test Sample 3443 - Label : 3, Result : 3 -> True
Test Sample 3444 - Label : 4, Result : 4 -> True
Test Sample 3445 - Label : 0, Result : 0 -> True
Test Sample 3446 - Label : 0, Result : 0 -> True
Test Sample 3447 - Label : 6, Result : 6 -> True
Test Sample 3448 - Label : 3, Result : 3 -> True
Test Sample 3449 - Label : 3, Result : 3 -> True
Test Sample 3450 - Label : 0, Result : 0 -> True
Test Sample 3451 - Label : 7, Result : 7 -> True
Test Sample 3452 - Label : 1, Result : 1 -> True
Test Sample 3453 - Label : 7, Result : 7 -> True
Test Sample 3454 - Label : 1, Result : 1 -> True
Test Sample 3455 - Label : 1, Result : 1 -> True
Test Sample 3456 - Label : 3, Result : 3 -> True
Test Sample 3457 - Label : 1, Result : 1 -> True
Test Sample 3458 - Label : 0, Result : 0 -> True
Test Sample 3459 - Label : 9, Result : 9 -> True
Test Sample 3460 - Label : 9, Result : 9 -> True
Test Sample 3461 - Label : 7, Result : 7 -> True
Test Sample 3462 - Label : 5, Result : 5 -> True
Test Sample 3463 - Label : 4, Result : 4 -> True
Test Sample 3464 - Label : 1, Result : 1 -> True
Test Sample 3465 - Label : 4, Result : 4 -> True
Test Sample 3466 - Label : 8, Result : 8 -> True
Test Sample 3467 - Label : 9, Result : 9 -> True
Test Sample 3468 - Label : 5, Result : 5 -> True
Test Sample 3469 - Label : 3, Result : 3 -> True
Test Sample 3470 - Label : 5, Result : 5 -> True
Test Sample 3471 - Label : 1, Result : 1 -> True
Test Sample 3472 - Label : 9, Result : 9 -> True
Test Sample 3473 - Label : 8, Result : 8 -> True
Test Sample 3474 - Label : 2, Result : 2 -> True
Test Sample 3475 - Label : 3, Result : 7 -> False
Test Sample 3476 - Label : 3, Result : 3 -> True
Test Sample 3477 - Label : 9, Result : 9 -> True
Test Sample 3478 - Label : 9, Result : 9 -> True
Test Sample 3479 - Label : 0, Result : 0 -> True
Test Sample 3480 - Label : 1, Result : 1 -> True
Test Sample 3481 - Label : 0, Result : 0 -> True
Test Sample 3482 - Label : 2, Result : 2 -> True
Test Sample 3483 - Label : 9, Result : 9 -> True
Test Sample 3484 - Label : 3, Result : 3 -> True
Test Sample 3485 - Label : 9, Result : 9 -> True
Test Sample 3486 - Label : 3, Result : 3 -> True
Test Sample 3487 - Label : 3, Result : 3 -> True
Test Sample 3488 - Label : 6, Result : 6 -> True
Test Sample 3489 - Label : 2, Result : 2 -> True
Test Sample 3490 - Label : 4, Result : 4 -> True
Test Sample 3491 - Label : 9, Result : 9 -> True
Test Sample 3492 - Label : 8, Result : 8 -> True
Test Sample 3493 - Label : 3, Result : 3 -> True
Test Sample 3494 - Label : 7, Result : 7 -> True
Test Sample 3495 - Label : 4, Result : 4 -> True
Test Sample 3496 - Label : 0, Result : 0 -> True
Test Sample 3497 - Label : 4, Result : 4 -> True
Test Sample 3498 - Label : 7, Result : 7 -> True
Test Sample 3499 - Label : 8, Result : 8 -> True
Test Sample 3500 - Label : 4, Result : 4 -> True
Test Sample 3501 - Label : 9, Result : 9 -> True
Test Sample 3502 - Label : 8, Result : 8 -> True
Test Sample 3503 - Label : 9, Result : 1 -> False
Test Sample 3504 - Label : 9, Result : 9 -> True
Test Sample 3505 - Label : 7, Result : 7 -> True
Test Sample 3506 - Label : 5, Result : 5 -> True
Test Sample 3507 - Label : 9, Result : 9 -> True
Test Sample 3508 - Label : 2, Result : 2 -> True
Test Sample 3509 - Label : 8, Result : 8 -> True
Test Sample 3510 - Label : 2, Result : 2 -> True
Test Sample 3511 - Label : 2, Result : 2 -> True
Test Sample 3512 - Label : 0, Result : 0 -> True
Test Sample 3513 - Label : 2, Result : 2 -> True
Test Sample 3514 - Label : 2, Result : 2 -> True
Test Sample 3515 - Label : 3, Result : 3 -> True
Test Sample 3516 - Label : 8, Result : 8 -> True
Test Sample 3517 - Label : 4, Result : 4 -> True
Test Sample 3518 - Label : 6, Result : 6 -> True
Test Sample 3519 - Label : 8, Result : 8 -> True
Test Sample 3520 - Label : 6, Result : 4 -> False
Test Sample 3521 - Label : 8, Result : 8 -> True
Test Sample 3522 - Label : 2, Result : 2 -> True
Test Sample 3523 - Label : 4, Result : 4 -> True
Test Sample 3524 - Label : 6, Result : 6 -> True
Test Sample 3525 - Label : 7, Result : 7 -> True
Test Sample 3526 - Label : 9, Result : 9 -> True
Test Sample 3527 - Label : 3, Result : 3 -> True
Test Sample 3528 - Label : 3, Result : 3 -> True
Test Sample 3529 - Label : 9, Result : 9 -> True
Test Sample 3530 - Label : 4, Result : 4 -> True
Test Sample 3531 - Label : 3, Result : 3 -> True
Test Sample 3532 - Label : 1, Result : 1 -> True
Test Sample 3533 - Label : 4, Result : 4 -> True
Test Sample 3534 - Label : 4, Result : 4 -> True
Test Sample 3535 - Label : 7, Result : 7 -> True
Test Sample 3536 - Label : 0, Result : 0 -> True
Test Sample 3537 - Label : 5, Result : 5 -> True
Test Sample 3538 - Label : 9, Result : 9 -> True
Test Sample 3539 - Label : 6, Result : 6 -> True
Test Sample 3540 - Label : 0, Result : 0 -> True
Test Sample 3541 - Label : 4, Result : 4 -> True
Test Sample 3542 - Label : 4, Result : 4 -> True
Test Sample 3543 - Label : 4, Result : 4 -> True
Test Sample 3544 - Label : 4, Result : 4 -> True
Test Sample 3545 - Label : 6, Result : 6 -> True
Test Sample 3546 - Label : 1, Result : 1 -> True
Test Sample 3547 - Label : 2, Result : 2 -> True
Test Sample 3548 - Label : 3, Result : 3 -> True
Test Sample 3549 - Label : 3, Result : 3 -> True
Test Sample 3550 - Label : 6, Result : 6 -> True
Test Sample 3551 - Label : 4, Result : 4 -> True
Test Sample 3552 - Label : 5, Result : 5 -> True
Test Sample 3553 - Label : 9, Result : 9 -> True
Test Sample 3554 - Label : 6, Result : 6 -> True
Test Sample 3555 - Label : 8, Result : 8 -> True
Test Sample 3556 - Label : 5, Result : 5 -> True
Test Sample 3557 - Label : 6, Result : 6 -> True
Test Sample 3558 - Label : 5, Result : 0 -> False
Test Sample 3559 - Label : 8, Result : 5 -> False
Test Sample 3560 - Label : 6, Result : 6 -> True
Test Sample 3561 - Label : 4, Result : 4 -> True
Test Sample 3562 - Label : 1, Result : 1 -> True
Test Sample 3563 - Label : 8, Result : 8 -> True
Test Sample 3564 - Label : 6, Result : 6 -> True
Test Sample 3565 - Label : 5, Result : 5 -> True
Test Sample 3566 - Label : 2, Result : 2 -> True
Test Sample 3567 - Label : 8, Result : 8 -> True
Test Sample 3568 - Label : 4, Result : 4 -> True
Test Sample 3569 - Label : 5, Result : 5 -> True
Test Sample 3570 - Label : 5, Result : 5 -> True
Test Sample 3571 - Label : 4, Result : 4 -> True
Test Sample 3572 - Label : 7, Result : 7 -> True
Test Sample 3573 - Label : 7, Result : 7 -> True
Test Sample 3574 - Label : 0, Result : 0 -> True
Test Sample 3575 - Label : 7, Result : 7 -> True
Test Sample 3576 - Label : 8, Result : 8 -> True
Test Sample 3577 - Label : 2, Result : 2 -> True
Test Sample 3578 - Label : 2, Result : 2 -> True
Test Sample 3579 - Label : 3, Result : 3 -> True
Test Sample 3580 - Label : 7, Result : 7 -> True
Test Sample 3581 - Label : 0, Result : 0 -> True
Test Sample 3582 - Label : 1, Result : 1 -> True
Test Sample 3583 - Label : 8, Result : 8 -> True
Test Sample 3584 - Label : 0, Result : 0 -> True
Test Sample 3585 - Label : 7, Result : 7 -> True
Test Sample 3586 - Label : 1, Result : 1 -> True
Test Sample 3587 - Label : 9, Result : 9 -> True
Test Sample 3588 - Label : 8, Result : 8 -> True
Test Sample 3589 - Label : 7, Result : 7 -> True
Test Sample 3590 - Label : 5, Result : 5 -> True
Test Sample 3591 - Label : 5, Result : 5 -> True
Test Sample 3592 - Label : 9, Result : 9 -> True
Test Sample 3593 - Label : 1, Result : 1 -> True
Test Sample 3594 - Label : 7, Result : 7 -> True
Test Sample 3595 - Label : 5, Result : 5 -> True
Test Sample 3596 - Label : 4, Result : 4 -> True
Test Sample 3597 - Label : 9, Result : 3 -> False
Test Sample 3598 - Label : 1, Result : 1 -> True
Test Sample 3599 - Label : 2, Result : 2 -> True
Test Sample 3600 - Label : 2, Result : 2 -> True
Test Sample 3601 - Label : 1, Result : 1 -> True
Test Sample 3602 - Label : 6, Result : 6 -> True
Test Sample 3603 - Label : 6, Result : 6 -> True
Test Sample 3604 - Label : 7, Result : 7 -> True
Test Sample 3605 - Label : 1, Result : 1 -> True
Test Sample 3606 - Label : 1, Result : 1 -> True
Test Sample 3607 - Label : 4, Result : 4 -> True
Test Sample 3608 - Label : 0, Result : 0 -> True
Test Sample 3609 - Label : 7, Result : 7 -> True
Test Sample 3610 - Label : 4, Result : 4 -> True
Test Sample 3611 - Label : 2, Result : 2 -> True
Test Sample 3612 - Label : 4, Result : 4 -> True
Test Sample 3613 - Label : 0, Result : 0 -> True
Test Sample 3614 - Label : 6, Result : 6 -> True
Test Sample 3615 - Label : 4, Result : 4 -> True
Test Sample 3616 - Label : 7, Result : 7 -> True
Test Sample 3617 - Label : 6, Result : 6 -> True
Test Sample 3618 - Label : 9, Result : 9 -> True
Test Sample 3619 - Label : 5, Result : 5 -> True
Test Sample 3620 - Label : 3, Result : 3 -> True
Test Sample 3621 - Label : 4, Result : 4 -> True
Test Sample 3622 - Label : 6, Result : 6 -> True
Test Sample 3623 - Label : 5, Result : 5 -> True
Test Sample 3624 - Label : 0, Result : 0 -> True
Test Sample 3625 - Label : 1, Result : 1 -> True
Test Sample 3626 - Label : 8, Result : 3 -> False
Test Sample 3627 - Label : 8, Result : 8 -> True
Test Sample 3628 - Label : 2, Result : 2 -> True
Test Sample 3629 - Label : 8, Result : 8 -> True
Test Sample 3630 - Label : 3, Result : 3 -> True
Test Sample 3631 - Label : 5, Result : 5 -> True
Test Sample 3632 - Label : 7, Result : 7 -> True
Test Sample 3633 - Label : 8, Result : 8 -> True
Test Sample 3634 - Label : 0, Result : 0 -> True
Test Sample 3635 - Label : 8, Result : 8 -> True
Test Sample 3636 - Label : 5, Result : 5 -> True
Test Sample 3637 - Label : 7, Result : 7 -> True
Test Sample 3638 - Label : 1, Result : 1 -> True
Test Sample 3639 - Label : 1, Result : 1 -> True
Test Sample 3640 - Label : 0, Result : 0 -> True
Test Sample 3641 - Label : 1, Result : 1 -> True
Test Sample 3642 - Label : 3, Result : 3 -> True
Test Sample 3643 - Label : 7, Result : 7 -> True
Test Sample 3644 - Label : 8, Result : 8 -> True
Test Sample 3645 - Label : 5, Result : 5 -> True
Test Sample 3646 - Label : 0, Result : 0 -> True
Test Sample 3647 - Label : 7, Result : 7 -> True
Test Sample 3648 - Label : 1, Result : 1 -> True
Test Sample 3649 - Label : 1, Result : 1 -> True
Test Sample 3650 - Label : 0, Result : 0 -> True
Test Sample 3651 - Label : 1, Result : 1 -> True
Test Sample 3652 - Label : 1, Result : 1 -> True
Test Sample 3653 - Label : 4, Result : 4 -> True
Test Sample 3654 - Label : 5, Result : 5 -> True
Test Sample 3655 - Label : 2, Result : 2 -> True
Test Sample 3656 - Label : 7, Result : 7 -> True
Test Sample 3657 - Label : 6, Result : 6 -> True
Test Sample 3658 - Label : 2, Result : 2 -> True
Test Sample 3659 - Label : 3, Result : 3 -> True
Test Sample 3660 - Label : 0, Result : 0 -> True
Test Sample 3661 - Label : 2, Result : 2 -> True
Test Sample 3662 - Label : 8, Result : 8 -> True
Test Sample 3663 - Label : 5, Result : 5 -> True
Test Sample 3664 - Label : 9, Result : 9 -> True
Test Sample 3665 - Label : 6, Result : 6 -> True
Test Sample 3666 - Label : 9, Result : 9 -> True
Test Sample 3667 - Label : 7, Result : 7 -> True
Test Sample 3668 - Label : 2, Result : 2 -> True
Test Sample 3669 - Label : 1, Result : 1 -> True
Test Sample 3670 - Label : 3, Result : 3 -> True
Test Sample 3671 - Label : 6, Result : 6 -> True
Test Sample 3672 - Label : 4, Result : 4 -> True
Test Sample 3673 - Label : 1, Result : 1 -> True
Test Sample 3674 - Label : 8, Result : 8 -> True
Test Sample 3675 - Label : 2, Result : 2 -> True
Test Sample 3676 - Label : 4, Result : 4 -> True
Test Sample 3677 - Label : 0, Result : 0 -> True
Test Sample 3678 - Label : 5, Result : 5 -> True
Test Sample 3679 - Label : 1, Result : 1 -> True
Test Sample 3680 - Label : 0, Result : 0 -> True
Test Sample 3681 - Label : 2, Result : 3 -> False
Test Sample 3682 - Label : 2, Result : 2 -> True
Test Sample 3683 - Label : 6, Result : 6 -> True
Test Sample 3684 - Label : 4, Result : 4 -> True
Test Sample 3685 - Label : 4, Result : 4 -> True
Test Sample 3686 - Label : 3, Result : 3 -> True
Test Sample 3687 - Label : 9, Result : 9 -> True
Test Sample 3688 - Label : 6, Result : 6 -> True
Test Sample 3689 - Label : 1, Result : 1 -> True
Test Sample 3690 - Label : 6, Result : 6 -> True
Test Sample 3691 - Label : 5, Result : 5 -> True
Test Sample 3692 - Label : 7, Result : 7 -> True
Test Sample 3693 - Label : 9, Result : 9 -> True
Test Sample 3694 - Label : 2, Result : 2 -> True
Test Sample 3695 - Label : 0, Result : 0 -> True
Test Sample 3696 - Label : 2, Result : 2 -> True
Test Sample 3697 - Label : 6, Result : 6 -> True
Test Sample 3698 - Label : 0, Result : 0 -> True
Test Sample 3699 - Label : 1, Result : 1 -> True
Test Sample 3700 - Label : 4, Result : 4 -> True
Test Sample 3701 - Label : 3, Result : 3 -> True
Test Sample 3702 - Label : 5, Result : 5 -> True
Test Sample 3703 - Label : 2, Result : 2 -> True
Test Sample 3704 - Label : 8, Result : 8 -> True
Test Sample 3705 - Label : 8, Result : 8 -> True
Test Sample 3706 - Label : 0, Result : 0 -> True
Test Sample 3707 - Label : 8, Result : 8 -> True
Test Sample 3708 - Label : 8, Result : 8 -> True
Test Sample 3709 - Label : 9, Result : 9 -> True
Test Sample 3710 - Label : 0, Result : 0 -> True
Test Sample 3711 - Label : 9, Result : 9 -> True
Test Sample 3712 - Label : 6, Result : 6 -> True
Test Sample 3713 - Label : 7, Result : 7 -> True
Test Sample 3714 - Label : 6, Result : 6 -> True
Test Sample 3715 - Label : 3, Result : 3 -> True
Test Sample 3716 - Label : 9, Result : 9 -> True
Test Sample 3717 - Label : 3, Result : 3 -> True
Test Sample 3718 - Label : 4, Result : 4 -> True
Test Sample 3719 - Label : 7, Result : 7 -> True
Test Sample 3720 - Label : 7, Result : 7 -> True
Test Sample 3721 - Label : 7, Result : 7 -> True
Test Sample 3722 - Label : 4, Result : 4 -> True
Test Sample 3723 - Label : 9, Result : 9 -> True
Test Sample 3724 - Label : 0, Result : 0 -> True
Test Sample 3725 - Label : 6, Result : 6 -> True
Test Sample 3726 - Label : 4, Result : 4 -> True
Test Sample 3727 - Label : 8, Result : 3 -> False
Test Sample 3728 - Label : 4, Result : 4 -> True
Test Sample 3729 - Label : 2, Result : 2 -> True
Test Sample 3730 - Label : 7, Result : 7 -> True
Test Sample 3731 - Label : 2, Result : 2 -> True
Test Sample 3732 - Label : 8, Result : 8 -> True
Test Sample 3733 - Label : 1, Result : 1 -> True
Test Sample 3734 - Label : 0, Result : 0 -> True
Test Sample 3735 - Label : 0, Result : 0 -> True
Test Sample 3736 - Label : 7, Result : 7 -> True
Test Sample 3737 - Label : 8, Result : 8 -> True
Test Sample 3738 - Label : 3, Result : 3 -> True
Test Sample 3739 - Label : 3, Result : 3 -> True
Test Sample 3740 - Label : 3, Result : 3 -> True
Test Sample 3741 - Label : 1, Result : 1 -> True
Test Sample 3742 - Label : 3, Result : 3 -> True
Test Sample 3743 - Label : 7, Result : 7 -> True
Test Sample 3744 - Label : 6, Result : 6 -> True
Test Sample 3745 - Label : 1, Result : 1 -> True
Test Sample 3746 - Label : 3, Result : 3 -> True
Test Sample 3747 - Label : 1, Result : 1 -> True
Test Sample 3748 - Label : 6, Result : 6 -> True
Test Sample 3749 - Label : 6, Result : 6 -> True
Test Sample 3750 - Label : 5, Result : 5 -> True
Test Sample 3751 - Label : 7, Result : 2 -> False
Test Sample 3752 - Label : 4, Result : 4 -> True
Test Sample 3753 - Label : 7, Result : 7 -> True
Test Sample 3754 - Label : 5, Result : 5 -> True
Test Sample 3755 - Label : 9, Result : 9 -> True
Test Sample 3756 - Label : 5, Result : 5 -> True
Test Sample 3757 - Label : 8, Result : 3 -> False
Test Sample 3758 - Label : 4, Result : 4 -> True
Test Sample 3759 - Label : 9, Result : 9 -> True
Test Sample 3760 - Label : 9, Result : 9 -> True
Test Sample 3761 - Label : 1, Result : 1 -> True
Test Sample 3762 - Label : 6, Result : 6 -> True
Test Sample 3763 - Label : 5, Result : 5 -> True
Test Sample 3764 - Label : 0, Result : 0 -> True
Test Sample 3765 - Label : 1, Result : 1 -> True
Test Sample 3766 - Label : 3, Result : 3 -> True
Test Sample 3767 - Label : 7, Result : 2 -> False
Test Sample 3768 - Label : 0, Result : 0 -> True
Test Sample 3769 - Label : 3, Result : 3 -> True
Test Sample 3770 - Label : 4, Result : 4 -> True
Test Sample 3771 - Label : 8, Result : 8 -> True
Test Sample 3772 - Label : 2, Result : 2 -> True
Test Sample 3773 - Label : 2, Result : 2 -> True
Test Sample 3774 - Label : 0, Result : 0 -> True
Test Sample 3775 - Label : 2, Result : 2 -> True
Test Sample 3776 - Label : 5, Result : 5 -> True
Test Sample 3777 - Label : 1, Result : 1 -> True
Test Sample 3778 - Label : 5, Result : 5 -> True
Test Sample 3779 - Label : 1, Result : 1 -> True
Test Sample 3780 - Label : 4, Result : 6 -> False
Test Sample 3781 - Label : 8, Result : 8 -> True
Test Sample 3782 - Label : 8, Result : 8 -> True
Test Sample 3783 - Label : 9, Result : 9 -> True
Test Sample 3784 - Label : 1, Result : 1 -> True
Test Sample 3785 - Label : 2, Result : 2 -> True
Test Sample 3786 - Label : 1, Result : 1 -> True
Test Sample 3787 - Label : 3, Result : 3 -> True
Test Sample 3788 - Label : 5, Result : 5 -> True
Test Sample 3789 - Label : 1, Result : 1 -> True
Test Sample 3790 - Label : 0, Result : 0 -> True
Test Sample 3791 - Label : 9, Result : 9 -> True
Test Sample 3792 - Label : 4, Result : 4 -> True
Test Sample 3793 - Label : 4, Result : 4 -> True
Test Sample 3794 - Label : 8, Result : 8 -> True
Test Sample 3795 - Label : 3, Result : 3 -> True
Test Sample 3796 - Label : 2, Result : 1 -> False
Test Sample 3797 - Label : 5, Result : 5 -> True
Test Sample 3798 - Label : 9, Result : 9 -> True
Test Sample 3799 - Label : 7, Result : 7 -> True
Test Sample 3800 - Label : 6, Result : 6 -> True
Test Sample 3801 - Label : 6, Result : 0 -> False
Test Sample 3802 - Label : 2, Result : 2 -> True
Test Sample 3803 - Label : 0, Result : 0 -> True
Test Sample 3804 - Label : 0, Result : 0 -> True
Test Sample 3805 - Label : 0, Result : 0 -> True
Test Sample 3806 - Label : 5, Result : 5 -> True
Test Sample 3807 - Label : 8, Result : 8 -> True
Test Sample 3808 - Label : 7, Result : 8 -> False
Test Sample 3809 - Label : 1, Result : 1 -> True
Test Sample 3810 - Label : 5, Result : 5 -> True
Test Sample 3811 - Label : 2, Result : 2 -> True
Test Sample 3812 - Label : 3, Result : 3 -> True
Test Sample 3813 - Label : 8, Result : 8 -> True
Test Sample 3814 - Label : 5, Result : 5 -> True
Test Sample 3815 - Label : 1, Result : 1 -> True
Test Sample 3816 - Label : 8, Result : 8 -> True
Test Sample 3817 - Label : 2, Result : 2 -> True
Test Sample 3818 - Label : 0, Result : 0 -> True
Test Sample 3819 - Label : 4, Result : 4 -> True
Test Sample 3820 - Label : 9, Result : 9 -> True
Test Sample 3821 - Label : 9, Result : 9 -> True
Test Sample 3822 - Label : 6, Result : 6 -> True
Test Sample 3823 - Label : 2, Result : 2 -> True
Test Sample 3824 - Label : 3, Result : 3 -> True
Test Sample 3825 - Label : 3, Result : 3 -> True
Test Sample 3826 - Label : 5, Result : 5 -> True
Test Sample 3827 - Label : 6, Result : 6 -> True
Test Sample 3828 - Label : 4, Result : 4 -> True
Test Sample 3829 - Label : 8, Result : 8 -> True
Test Sample 3830 - Label : 0, Result : 0 -> True
Test Sample 3831 - Label : 9, Result : 9 -> True
Test Sample 3832 - Label : 2, Result : 2 -> True
Test Sample 3833 - Label : 8, Result : 8 -> True
Test Sample 3834 - Label : 3, Result : 3 -> True
Test Sample 3835 - Label : 6, Result : 6 -> True
Test Sample 3836 - Label : 7, Result : 9 -> False
Test Sample 3837 - Label : 5, Result : 5 -> True
Test Sample 3838 - Label : 7, Result : 1 -> False
Test Sample 3839 - Label : 2, Result : 2 -> True
Test Sample 3840 - Label : 9, Result : 9 -> True
Test Sample 3841 - Label : 4, Result : 4 -> True
Test Sample 3842 - Label : 9, Result : 9 -> True
Test Sample 3843 - Label : 1, Result : 1 -> True
Test Sample 3844 - Label : 2, Result : 2 -> True
Test Sample 3845 - Label : 8, Result : 8 -> True
Test Sample 3846 - Label : 6, Result : 6 -> True
Test Sample 3847 - Label : 0, Result : 0 -> True
Test Sample 3848 - Label : 7, Result : 7 -> True
Test Sample 3849 - Label : 0, Result : 0 -> True
Test Sample 3850 - Label : 9, Result : 4 -> False
Test Sample 3851 - Label : 1, Result : 1 -> True
Test Sample 3852 - Label : 1, Result : 1 -> True
Test Sample 3853 - Label : 6, Result : 0 -> False
Test Sample 3854 - Label : 7, Result : 7 -> True
Test Sample 3855 - Label : 5, Result : 5 -> True
Test Sample 3856 - Label : 9, Result : 9 -> True
Test Sample 3857 - Label : 9, Result : 9 -> True
Test Sample 3858 - Label : 1, Result : 1 -> True
Test Sample 3859 - Label : 9, Result : 9 -> True
Test Sample 3860 - Label : 5, Result : 5 -> True
Test Sample 3861 - Label : 9, Result : 9 -> True
Test Sample 3862 - Label : 2, Result : 2 -> True
Test Sample 3863 - Label : 5, Result : 5 -> True
Test Sample 3864 - Label : 0, Result : 0 -> True
Test Sample 3865 - Label : 4, Result : 4 -> True
Test Sample 3866 - Label : 1, Result : 1 -> True
Test Sample 3867 - Label : 0, Result : 0 -> True
Test Sample 3868 - Label : 8, Result : 8 -> True
Test Sample 3869 - Label : 9, Result : 4 -> False
Test Sample 3870 - Label : 0, Result : 0 -> True
Test Sample 3871 - Label : 8, Result : 8 -> True
Test Sample 3872 - Label : 9, Result : 9 -> True
Test Sample 3873 - Label : 8, Result : 8 -> True
Test Sample 3874 - Label : 9, Result : 9 -> True
Test Sample 3875 - Label : 4, Result : 4 -> True
Test Sample 3876 - Label : 2, Result : 2 -> True
Test Sample 3877 - Label : 5, Result : 5 -> True
Test Sample 3878 - Label : 7, Result : 7 -> True
Test Sample 3879 - Label : 9, Result : 9 -> True
Test Sample 3880 - Label : 8, Result : 8 -> True
Test Sample 3881 - Label : 9, Result : 9 -> True
Test Sample 3882 - Label : 8, Result : 8 -> True
Test Sample 3883 - Label : 0, Result : 0 -> True
Test Sample 3884 - Label : 9, Result : 9 -> True
Test Sample 3885 - Label : 9, Result : 9 -> True
Test Sample 3886 - Label : 6, Result : 6 -> True
Test Sample 3887 - Label : 8, Result : 8 -> True
Test Sample 3888 - Label : 9, Result : 9 -> True
Test Sample 3889 - Label : 9, Result : 9 -> True
Test Sample 3890 - Label : 5, Result : 5 -> True
Test Sample 3891 - Label : 9, Result : 9 -> True
Test Sample 3892 - Label : 8, Result : 8 -> True
Test Sample 3893 - Label : 5, Result : 5 -> True
Test Sample 3894 - Label : 1, Result : 1 -> True
Test Sample 3895 - Label : 0, Result : 0 -> True
Test Sample 3896 - Label : 3, Result : 3 -> True
Test Sample 3897 - Label : 3, Result : 3 -> True
Test Sample 3898 - Label : 5, Result : 5 -> True
Test Sample 3899 - Label : 2, Result : 2 -> True
Test Sample 3900 - Label : 1, Result : 1 -> True
Test Sample 3901 - Label : 6, Result : 6 -> True
Test Sample 3902 - Label : 5, Result : 5 -> True
Test Sample 3903 - Label : 0, Result : 0 -> True
Test Sample 3904 - Label : 2, Result : 2 -> True
Test Sample 3905 - Label : 8, Result : 8 -> True
Test Sample 3906 - Label : 1, Result : 2 -> False
Test Sample 3907 - Label : 5, Result : 5 -> True
Test Sample 3908 - Label : 6, Result : 6 -> True
Test Sample 3909 - Label : 2, Result : 2 -> True
Test Sample 3910 - Label : 3, Result : 3 -> True
Test Sample 3911 - Label : 0, Result : 0 -> True
Test Sample 3912 - Label : 2, Result : 2 -> True
Test Sample 3913 - Label : 2, Result : 2 -> True
Test Sample 3914 - Label : 6, Result : 6 -> True
Test Sample 3915 - Label : 4, Result : 4 -> True
Test Sample 3916 - Label : 3, Result : 3 -> True
Test Sample 3917 - Label : 5, Result : 5 -> True
Test Sample 3918 - Label : 5, Result : 5 -> True
Test Sample 3919 - Label : 1, Result : 1 -> True
Test Sample 3920 - Label : 7, Result : 7 -> True
Test Sample 3921 - Label : 2, Result : 2 -> True
Test Sample 3922 - Label : 1, Result : 1 -> True
Test Sample 3923 - Label : 6, Result : 6 -> True
Test Sample 3924 - Label : 9, Result : 9 -> True
Test Sample 3925 - Label : 1, Result : 1 -> True
Test Sample 3926 - Label : 9, Result : 9 -> True
Test Sample 3927 - Label : 9, Result : 9 -> True
Test Sample 3928 - Label : 5, Result : 5 -> True
Test Sample 3929 - Label : 5, Result : 5 -> True
Test Sample 3930 - Label : 1, Result : 1 -> True
Test Sample 3931 - Label : 6, Result : 6 -> True
Test Sample 3932 - Label : 2, Result : 2 -> True
Test Sample 3933 - Label : 2, Result : 2 -> True
Test Sample 3934 - Label : 8, Result : 8 -> True
Test Sample 3935 - Label : 6, Result : 6 -> True
Test Sample 3936 - Label : 7, Result : 7 -> True
Test Sample 3937 - Label : 1, Result : 1 -> True
Test Sample 3938 - Label : 4, Result : 4 -> True
Test Sample 3939 - Label : 6, Result : 6 -> True
Test Sample 3940 - Label : 0, Result : 0 -> True
Test Sample 3941 - Label : 4, Result : 4 -> True
Test Sample 3942 - Label : 0, Result : 0 -> True
Test Sample 3943 - Label : 3, Result : 5 -> False
Test Sample 3944 - Label : 3, Result : 3 -> True
Test Sample 3945 - Label : 2, Result : 2 -> True
Test Sample 3946 - Label : 2, Result : 2 -> True
Test Sample 3947 - Label : 3, Result : 3 -> True
Test Sample 3948 - Label : 6, Result : 6 -> True
Test Sample 3949 - Label : 8, Result : 8 -> True
Test Sample 3950 - Label : 9, Result : 9 -> True
Test Sample 3951 - Label : 8, Result : 8 -> True
Test Sample 3952 - Label : 5, Result : 5 -> True
Test Sample 3953 - Label : 3, Result : 3 -> True
Test Sample 3954 - Label : 8, Result : 8 -> True
Test Sample 3955 - Label : 5, Result : 5 -> True
Test Sample 3956 - Label : 4, Result : 4 -> True
Test Sample 3957 - Label : 5, Result : 5 -> True
Test Sample 3958 - Label : 2, Result : 2 -> True
Test Sample 3959 - Label : 0, Result : 0 -> True
Test Sample 3960 - Label : 5, Result : 5 -> True
Test Sample 3961 - Label : 6, Result : 6 -> True
Test Sample 3962 - Label : 3, Result : 3 -> True
Test Sample 3963 - Label : 2, Result : 2 -> True
Test Sample 3964 - Label : 8, Result : 8 -> True
Test Sample 3965 - Label : 3, Result : 3 -> True
Test Sample 3966 - Label : 9, Result : 9 -> True
Test Sample 3967 - Label : 9, Result : 9 -> True
Test Sample 3968 - Label : 5, Result : 5 -> True
Test Sample 3969 - Label : 7, Result : 7 -> True
Test Sample 3970 - Label : 9, Result : 9 -> True
Test Sample 3971 - Label : 4, Result : 4 -> True
Test Sample 3972 - Label : 6, Result : 6 -> True
Test Sample 3973 - Label : 7, Result : 7 -> True
Test Sample 3974 - Label : 1, Result : 1 -> True
Test Sample 3975 - Label : 3, Result : 3 -> True
Test Sample 3976 - Label : 7, Result : 7 -> True
Test Sample 3977 - Label : 3, Result : 3 -> True
Test Sample 3978 - Label : 6, Result : 6 -> True
Test Sample 3979 - Label : 6, Result : 6 -> True
Test Sample 3980 - Label : 0, Result : 0 -> True
Test Sample 3981 - Label : 9, Result : 9 -> True
Test Sample 3982 - Label : 0, Result : 0 -> True
Test Sample 3983 - Label : 1, Result : 1 -> True
Test Sample 3984 - Label : 9, Result : 9 -> True
Test Sample 3985 - Label : 9, Result : 9 -> True
Test Sample 3986 - Label : 2, Result : 2 -> True
Test Sample 3987 - Label : 8, Result : 8 -> True
Test Sample 3988 - Label : 8, Result : 8 -> True
Test Sample 3989 - Label : 0, Result : 0 -> True
Test Sample 3990 - Label : 1, Result : 1 -> True
Test Sample 3991 - Label : 6, Result : 6 -> True
Test Sample 3992 - Label : 9, Result : 9 -> True
Test Sample 3993 - Label : 7, Result : 7 -> True
Test Sample 3994 - Label : 5, Result : 5 -> True
Test Sample 3995 - Label : 3, Result : 3 -> True
Test Sample 3996 - Label : 4, Result : 4 -> True
Test Sample 3997 - Label : 7, Result : 7 -> True
Test Sample 3998 - Label : 4, Result : 4 -> True
Test Sample 3999 - Label : 9, Result : 9 -> True
Test Sample 4000 - Label : 9, Result : 9 -> True
Test Sample 4001 - Label : 4, Result : 4 -> True
Test Sample 4002 - Label : 3, Result : 3 -> True
Test Sample 4003 - Label : 6, Result : 6 -> True
Test Sample 4004 - Label : 3, Result : 3 -> True
Test Sample 4005 - Label : 1, Result : 1 -> True
Test Sample 4006 - Label : 1, Result : 1 -> True
Test Sample 4007 - Label : 7, Result : 7 -> True
Test Sample 4008 - Label : 6, Result : 6 -> True
Test Sample 4009 - Label : 9, Result : 9 -> True
Test Sample 4010 - Label : 1, Result : 1 -> True
Test Sample 4011 - Label : 8, Result : 8 -> True
Test Sample 4012 - Label : 4, Result : 4 -> True
Test Sample 4013 - Label : 1, Result : 1 -> True
Test Sample 4014 - Label : 1, Result : 1 -> True
Test Sample 4015 - Label : 9, Result : 9 -> True
Test Sample 4016 - Label : 9, Result : 9 -> True
Test Sample 4017 - Label : 4, Result : 4 -> True
Test Sample 4018 - Label : 3, Result : 3 -> True
Test Sample 4019 - Label : 6, Result : 6 -> True
Test Sample 4020 - Label : 8, Result : 8 -> True
Test Sample 4021 - Label : 1, Result : 1 -> True
Test Sample 4022 - Label : 6, Result : 6 -> True
Test Sample 4023 - Label : 0, Result : 0 -> True
Test Sample 4024 - Label : 4, Result : 4 -> True
Test Sample 4025 - Label : 1, Result : 1 -> True
Test Sample 4026 - Label : 3, Result : 3 -> True
Test Sample 4027 - Label : 7, Result : 7 -> True
Test Sample 4028 - Label : 7, Result : 7 -> True
Test Sample 4029 - Label : 4, Result : 4 -> True
Test Sample 4030 - Label : 9, Result : 9 -> True
Test Sample 4031 - Label : 5, Result : 5 -> True
Test Sample 4032 - Label : 1, Result : 1 -> True
Test Sample 4033 - Label : 0, Result : 0 -> True
Test Sample 4034 - Label : 0, Result : 0 -> True
Test Sample 4035 - Label : 1, Result : 1 -> True
Test Sample 4036 - Label : 1, Result : 1 -> True
Test Sample 4037 - Label : 6, Result : 6 -> True
Test Sample 4038 - Label : 2, Result : 2 -> True
Test Sample 4039 - Label : 1, Result : 1 -> True
Test Sample 4040 - Label : 9, Result : 9 -> True
Test Sample 4041 - Label : 8, Result : 8 -> True
Test Sample 4042 - Label : 4, Result : 4 -> True
Test Sample 4043 - Label : 0, Result : 0 -> True
Test Sample 4044 - Label : 3, Result : 3 -> True
Test Sample 4045 - Label : 6, Result : 6 -> True
Test Sample 4046 - Label : 4, Result : 4 -> True
Test Sample 4047 - Label : 9, Result : 9 -> True
Test Sample 4048 - Label : 0, Result : 0 -> True
Test Sample 4049 - Label : 7, Result : 7 -> True
Test Sample 4050 - Label : 1, Result : 1 -> True
Test Sample 4051 - Label : 6, Result : 6 -> True
Test Sample 4052 - Label : 5, Result : 5 -> True
Test Sample 4053 - Label : 7, Result : 7 -> True
Test Sample 4054 - Label : 5, Result : 5 -> True
Test Sample 4055 - Label : 2, Result : 2 -> True
Test Sample 4056 - Label : 5, Result : 5 -> True
Test Sample 4057 - Label : 1, Result : 1 -> True
Test Sample 4058 - Label : 8, Result : 8 -> True
Test Sample 4059 - Label : 5, Result : 5 -> True
Test Sample 4060 - Label : 4, Result : 4 -> True
Test Sample 4061 - Label : 7, Result : 7 -> True
Test Sample 4062 - Label : 0, Result : 0 -> True
Test Sample 4063 - Label : 6, Result : 6 -> True
Test Sample 4064 - Label : 7, Result : 7 -> True
Test Sample 4065 - Label : 0, Result : 2 -> False
Test Sample 4066 - Label : 2, Result : 2 -> True
Test Sample 4067 - Label : 5, Result : 5 -> True
Test Sample 4068 - Label : 8, Result : 8 -> True
Test Sample 4069 - Label : 1, Result : 1 -> True
Test Sample 4070 - Label : 0, Result : 0 -> True
Test Sample 4071 - Label : 4, Result : 4 -> True
Test Sample 4072 - Label : 5, Result : 5 -> True
Test Sample 4073 - Label : 7, Result : 7 -> True
Test Sample 4074 - Label : 1, Result : 1 -> True
Test Sample 4075 - Label : 8, Result : 0 -> False
Test Sample 4076 - Label : 5, Result : 5 -> True
Test Sample 4077 - Label : 1, Result : 1 -> True
Test Sample 4078 - Label : 9, Result : 7 -> False
Test Sample 4079 - Label : 0, Result : 0 -> True
Test Sample 4080 - Label : 0, Result : 0 -> True
Test Sample 4081 - Label : 6, Result : 6 -> True
Test Sample 4082 - Label : 0, Result : 0 -> True
Test Sample 4083 - Label : 7, Result : 7 -> True
Test Sample 4084 - Label : 3, Result : 3 -> True
Test Sample 4085 - Label : 1, Result : 1 -> True
Test Sample 4086 - Label : 8, Result : 8 -> True
Test Sample 4087 - Label : 3, Result : 3 -> True
Test Sample 4088 - Label : 9, Result : 9 -> True
Test Sample 4089 - Label : 7, Result : 7 -> True
Test Sample 4090 - Label : 0, Result : 0 -> True
Test Sample 4091 - Label : 0, Result : 0 -> True
Test Sample 4092 - Label : 8, Result : 8 -> True
Test Sample 4093 - Label : 9, Result : 9 -> True
Test Sample 4094 - Label : 5, Result : 5 -> True
Test Sample 4095 - Label : 9, Result : 9 -> True
Test Sample 4096 - Label : 8, Result : 8 -> True
Test Sample 4097 - Label : 3, Result : 3 -> True
Test Sample 4098 - Label : 2, Result : 2 -> True
Test Sample 4099 - Label : 7, Result : 7 -> True
Test Sample 4100 - Label : 2, Result : 3 -> False
Test Sample 4101 - Label : 9, Result : 9 -> True
Test Sample 4102 - Label : 7, Result : 9 -> False
Test Sample 4103 - Label : 2, Result : 2 -> True
Test Sample 4104 - Label : 1, Result : 1 -> True
Test Sample 4105 - Label : 1, Result : 1 -> True
Test Sample 4106 - Label : 3, Result : 3 -> True
Test Sample 4107 - Label : 7, Result : 7 -> True
Test Sample 4108 - Label : 5, Result : 5 -> True
Test Sample 4109 - Label : 3, Result : 3 -> True
Test Sample 4110 - Label : 1, Result : 1 -> True
Test Sample 4111 - Label : 9, Result : 9 -> True
Test Sample 4112 - Label : 8, Result : 8 -> True
Test Sample 4113 - Label : 2, Result : 2 -> True
Test Sample 4114 - Label : 2, Result : 2 -> True
Test Sample 4115 - Label : 2, Result : 2 -> True
Test Sample 4116 - Label : 8, Result : 8 -> True
Test Sample 4117 - Label : 8, Result : 8 -> True
Test Sample 4118 - Label : 5, Result : 5 -> True
Test Sample 4119 - Label : 7, Result : 7 -> True
Test Sample 4120 - Label : 3, Result : 3 -> True
Test Sample 4121 - Label : 8, Result : 8 -> True
Test Sample 4122 - Label : 9, Result : 9 -> True
Test Sample 4123 - Label : 8, Result : 8 -> True
Test Sample 4124 - Label : 8, Result : 8 -> True
Test Sample 4125 - Label : 6, Result : 6 -> True
Test Sample 4126 - Label : 8, Result : 8 -> True
Test Sample 4127 - Label : 2, Result : 2 -> True
Test Sample 4128 - Label : 3, Result : 3 -> True
Test Sample 4129 - Label : 9, Result : 9 -> True
Test Sample 4130 - Label : 7, Result : 7 -> True
Test Sample 4131 - Label : 5, Result : 5 -> True
Test Sample 4132 - Label : 6, Result : 6 -> True
Test Sample 4133 - Label : 2, Result : 2 -> True
Test Sample 4134 - Label : 9, Result : 9 -> True
Test Sample 4135 - Label : 2, Result : 2 -> True
Test Sample 4136 - Label : 8, Result : 8 -> True
Test Sample 4137 - Label : 8, Result : 8 -> True
Test Sample 4138 - Label : 1, Result : 1 -> True
Test Sample 4139 - Label : 6, Result : 6 -> True
Test Sample 4140 - Label : 8, Result : 2 -> False
Test Sample 4141 - Label : 8, Result : 8 -> True
Test Sample 4142 - Label : 7, Result : 7 -> True
Test Sample 4143 - Label : 9, Result : 9 -> True
Test Sample 4144 - Label : 1, Result : 1 -> True
Test Sample 4145 - Label : 8, Result : 8 -> True
Test Sample 4146 - Label : 0, Result : 0 -> True
Test Sample 4147 - Label : 1, Result : 1 -> True
Test Sample 4148 - Label : 7, Result : 7 -> True
Test Sample 4149 - Label : 2, Result : 2 -> True
Test Sample 4150 - Label : 0, Result : 0 -> True
Test Sample 4151 - Label : 7, Result : 7 -> True
Test Sample 4152 - Label : 5, Result : 5 -> True
Test Sample 4153 - Label : 1, Result : 1 -> True
Test Sample 4154 - Label : 9, Result : 9 -> True
Test Sample 4155 - Label : 0, Result : 0 -> True
Test Sample 4156 - Label : 2, Result : 2 -> True
Test Sample 4157 - Label : 0, Result : 0 -> True
Test Sample 4158 - Label : 9, Result : 9 -> True
Test Sample 4159 - Label : 8, Result : 8 -> True
Test Sample 4160 - Label : 6, Result : 6 -> True
Test Sample 4161 - Label : 2, Result : 2 -> True
Test Sample 4162 - Label : 3, Result : 3 -> True
Test Sample 4163 - Label : 9, Result : 0 -> False
Test Sample 4164 - Label : 3, Result : 3 -> True
Test Sample 4165 - Label : 8, Result : 8 -> True
Test Sample 4166 - Label : 0, Result : 0 -> True
Test Sample 4167 - Label : 2, Result : 2 -> True
Test Sample 4168 - Label : 1, Result : 1 -> True
Test Sample 4169 - Label : 1, Result : 1 -> True
Test Sample 4170 - Label : 1, Result : 1 -> True
Test Sample 4171 - Label : 1, Result : 1 -> True
Test Sample 4172 - Label : 4, Result : 4 -> True
Test Sample 4173 - Label : 2, Result : 2 -> True
Test Sample 4174 - Label : 9, Result : 9 -> True
Test Sample 4175 - Label : 7, Result : 7 -> True
Test Sample 4176 - Label : 2, Result : 2 -> True
Test Sample 4177 - Label : 5, Result : 5 -> True
Test Sample 4178 - Label : 1, Result : 1 -> True
Test Sample 4179 - Label : 1, Result : 1 -> True
Test Sample 4180 - Label : 2, Result : 2 -> True
Test Sample 4181 - Label : 1, Result : 1 -> True
Test Sample 4182 - Label : 9, Result : 9 -> True
Test Sample 4183 - Label : 9, Result : 9 -> True
Test Sample 4184 - Label : 9, Result : 9 -> True
Test Sample 4185 - Label : 1, Result : 1 -> True
Test Sample 4186 - Label : 0, Result : 0 -> True
Test Sample 4187 - Label : 2, Result : 2 -> True
Test Sample 4188 - Label : 0, Result : 0 -> True
Test Sample 4189 - Label : 2, Result : 2 -> True
Test Sample 4190 - Label : 1, Result : 1 -> True
Test Sample 4191 - Label : 1, Result : 1 -> True
Test Sample 4192 - Label : 4, Result : 4 -> True
Test Sample 4193 - Label : 6, Result : 6 -> True
Test Sample 4194 - Label : 4, Result : 4 -> True
Test Sample 4195 - Label : 1, Result : 1 -> True
Test Sample 4196 - Label : 5, Result : 5 -> True
Test Sample 4197 - Label : 4, Result : 4 -> True
Test Sample 4198 - Label : 9, Result : 9 -> True
Test Sample 4199 - Label : 7, Result : 7 -> True
Test Sample 4200 - Label : 7, Result : 7 -> True
Test Sample 4201 - Label : 1, Result : 1 -> True
Test Sample 4202 - Label : 5, Result : 5 -> True
Test Sample 4203 - Label : 6, Result : 6 -> True
Test Sample 4204 - Label : 2, Result : 2 -> True
Test Sample 4205 - Label : 2, Result : 1 -> False
Test Sample 4206 - Label : 2, Result : 2 -> True
Test Sample 4207 - Label : 8, Result : 2 -> False
Test Sample 4208 - Label : 0, Result : 0 -> True
Test Sample 4209 - Label : 6, Result : 6 -> True
Test Sample 4210 - Label : 9, Result : 9 -> True
Test Sample 4211 - Label : 6, Result : 6 -> True
Test Sample 4212 - Label : 1, Result : 1 -> True
Test Sample 4213 - Label : 9, Result : 9 -> True
Test Sample 4214 - Label : 7, Result : 7 -> True
Test Sample 4215 - Label : 7, Result : 7 -> True
Test Sample 4216 - Label : 1, Result : 1 -> True
Test Sample 4217 - Label : 4, Result : 4 -> True
Test Sample 4218 - Label : 8, Result : 8 -> True
Test Sample 4219 - Label : 5, Result : 5 -> True
Test Sample 4220 - Label : 3, Result : 3 -> True
Test Sample 4221 - Label : 4, Result : 4 -> True
Test Sample 4222 - Label : 3, Result : 3 -> True
Test Sample 4223 - Label : 4, Result : 4 -> True
Test Sample 4224 - Label : 9, Result : 7 -> False
Test Sample 4225 - Label : 7, Result : 7 -> True
Test Sample 4226 - Label : 5, Result : 5 -> True
Test Sample 4227 - Label : 0, Result : 0 -> True
Test Sample 4228 - Label : 7, Result : 7 -> True
Test Sample 4229 - Label : 4, Result : 4 -> True
Test Sample 4230 - Label : 8, Result : 8 -> True
Test Sample 4231 - Label : 8, Result : 8 -> True
Test Sample 4232 - Label : 1, Result : 1 -> True
Test Sample 4233 - Label : 5, Result : 5 -> True
Test Sample 4234 - Label : 3, Result : 3 -> True
Test Sample 4235 - Label : 9, Result : 9 -> True
Test Sample 4236 - Label : 5, Result : 5 -> True
Test Sample 4237 - Label : 9, Result : 9 -> True
Test Sample 4238 - Label : 7, Result : 3 -> False
Test Sample 4239 - Label : 6, Result : 6 -> True
Test Sample 4240 - Label : 9, Result : 9 -> True
Test Sample 4241 - Label : 0, Result : 0 -> True
Test Sample 4242 - Label : 3, Result : 3 -> True
Test Sample 4243 - Label : 6, Result : 6 -> True
Test Sample 4244 - Label : 3, Result : 3 -> True
Test Sample 4245 - Label : 9, Result : 9 -> True
Test Sample 4246 - Label : 8, Result : 8 -> True
Test Sample 4247 - Label : 2, Result : 2 -> True
Test Sample 4248 - Label : 2, Result : 1 -> False
Test Sample 4249 - Label : 1, Result : 1 -> True
Test Sample 4250 - Label : 2, Result : 2 -> True
Test Sample 4251 - Label : 8, Result : 8 -> True
Test Sample 4252 - Label : 6, Result : 6 -> True
Test Sample 4253 - Label : 8, Result : 8 -> True
Test Sample 4254 - Label : 5, Result : 5 -> True
Test Sample 4255 - Label : 5, Result : 5 -> True
Test Sample 4256 - Label : 3, Result : 2 -> False
Test Sample 4257 - Label : 9, Result : 9 -> True
Test Sample 4258 - Label : 4, Result : 4 -> True
Test Sample 4259 - Label : 9, Result : 9 -> True
Test Sample 4260 - Label : 2, Result : 2 -> True
Test Sample 4261 - Label : 5, Result : 5 -> True
Test Sample 4262 - Label : 1, Result : 1 -> True
Test Sample 4263 - Label : 5, Result : 5 -> True
Test Sample 4264 - Label : 1, Result : 1 -> True
Test Sample 4265 - Label : 4, Result : 4 -> True
Test Sample 4266 - Label : 4, Result : 4 -> True
Test Sample 4267 - Label : 1, Result : 1 -> True
Test Sample 4268 - Label : 4, Result : 4 -> True
Test Sample 4269 - Label : 4, Result : 4 -> True
Test Sample 4270 - Label : 3, Result : 3 -> True
Test Sample 4271 - Label : 5, Result : 5 -> True
Test Sample 4272 - Label : 9, Result : 9 -> True
Test Sample 4273 - Label : 1, Result : 1 -> True
Test Sample 4274 - Label : 2, Result : 2 -> True
Test Sample 4275 - Label : 2, Result : 2 -> True
Test Sample 4276 - Label : 3, Result : 3 -> True
Test Sample 4277 - Label : 3, Result : 3 -> True
Test Sample 4278 - Label : 0, Result : 0 -> True
Test Sample 4279 - Label : 2, Result : 2 -> True
Test Sample 4280 - Label : 9, Result : 9 -> True
Test Sample 4281 - Label : 0, Result : 0 -> True
Test Sample 4282 - Label : 0, Result : 0 -> True
Test Sample 4283 - Label : 9, Result : 9 -> True
Test Sample 4284 - Label : 9, Result : 9 -> True
Test Sample 4285 - Label : 6, Result : 6 -> True
Test Sample 4286 - Label : 0, Result : 0 -> True
Test Sample 4287 - Label : 9, Result : 9 -> True
Test Sample 4288 - Label : 3, Result : 3 -> True
Test Sample 4289 - Label : 2, Result : 7 -> False
Test Sample 4290 - Label : 8, Result : 8 -> True
Test Sample 4291 - Label : 4, Result : 4 -> True
Test Sample 4292 - Label : 1, Result : 1 -> True
Test Sample 4293 - Label : 9, Result : 9 -> True
Test Sample 4294 - Label : 9, Result : 9 -> True
Test Sample 4295 - Label : 7, Result : 7 -> True
Test Sample 4296 - Label : 2, Result : 2 -> True
Test Sample 4297 - Label : 7, Result : 7 -> True
Test Sample 4298 - Label : 9, Result : 9 -> True
Test Sample 4299 - Label : 9, Result : 9 -> True
Test Sample 4300 - Label : 5, Result : 5 -> True
Test Sample 4301 - Label : 9, Result : 9 -> True
Test Sample 4302 - Label : 5, Result : 5 -> True
Test Sample 4303 - Label : 1, Result : 1 -> True
Test Sample 4304 - Label : 1, Result : 1 -> True
Test Sample 4305 - Label : 8, Result : 8 -> True
Test Sample 4306 - Label : 3, Result : 8 -> False
Test Sample 4307 - Label : 5, Result : 5 -> True
Test Sample 4308 - Label : 1, Result : 1 -> True
Test Sample 4309 - Label : 9, Result : 9 -> True
Test Sample 4310 - Label : 5, Result : 5 -> True
Test Sample 4311 - Label : 3, Result : 3 -> True
Test Sample 4312 - Label : 5, Result : 5 -> True
Test Sample 4313 - Label : 4, Result : 4 -> True
Test Sample 4314 - Label : 9, Result : 9 -> True
Test Sample 4315 - Label : 5, Result : 5 -> True
Test Sample 4316 - Label : 9, Result : 9 -> True
Test Sample 4317 - Label : 3, Result : 3 -> True
Test Sample 4318 - Label : 1, Result : 1 -> True
Test Sample 4319 - Label : 9, Result : 9 -> True
Test Sample 4320 - Label : 0, Result : 0 -> True
Test Sample 4321 - Label : 9, Result : 9 -> True
Test Sample 4322 - Label : 7, Result : 7 -> True
Test Sample 4323 - Label : 5, Result : 5 -> True
Test Sample 4324 - Label : 4, Result : 4 -> True
Test Sample 4325 - Label : 9, Result : 9 -> True
Test Sample 4326 - Label : 2, Result : 2 -> True
Test Sample 4327 - Label : 0, Result : 0 -> True
Test Sample 4328 - Label : 1, Result : 1 -> True
Test Sample 4329 - Label : 0, Result : 0 -> True
Test Sample 4330 - Label : 5, Result : 5 -> True
Test Sample 4331 - Label : 1, Result : 1 -> True
Test Sample 4332 - Label : 4, Result : 4 -> True
Test Sample 4333 - Label : 9, Result : 9 -> True
Test Sample 4334 - Label : 3, Result : 3 -> True
Test Sample 4335 - Label : 3, Result : 3 -> True
Test Sample 4336 - Label : 6, Result : 6 -> True
Test Sample 4337 - Label : 1, Result : 1 -> True
Test Sample 4338 - Label : 5, Result : 5 -> True
Test Sample 4339 - Label : 2, Result : 2 -> True
Test Sample 4340 - Label : 5, Result : 5 -> True
Test Sample 4341 - Label : 2, Result : 2 -> True
Test Sample 4342 - Label : 2, Result : 2 -> True
Test Sample 4343 - Label : 0, Result : 0 -> True
Test Sample 4344 - Label : 9, Result : 9 -> True
Test Sample 4345 - Label : 2, Result : 2 -> True
Test Sample 4346 - Label : 6, Result : 6 -> True
Test Sample 4347 - Label : 6, Result : 6 -> True
Test Sample 4348 - Label : 0, Result : 0 -> True
Test Sample 4349 - Label : 1, Result : 1 -> True
Test Sample 4350 - Label : 2, Result : 3 -> False
Test Sample 4351 - Label : 0, Result : 0 -> True
Test Sample 4352 - Label : 3, Result : 3 -> True
Test Sample 4353 - Label : 0, Result : 0 -> True
Test Sample 4354 - Label : 2, Result : 2 -> True
Test Sample 4355 - Label : 5, Result : 5 -> True
Test Sample 4356 - Label : 5, Result : 5 -> True
Test Sample 4357 - Label : 7, Result : 7 -> True
Test Sample 4358 - Label : 9, Result : 9 -> True
Test Sample 4359 - Label : 5, Result : 5 -> True
Test Sample 4360 - Label : 5, Result : 5 -> True
Test Sample 4361 - Label : 0, Result : 0 -> True
Test Sample 4362 - Label : 8, Result : 8 -> True
Test Sample 4363 - Label : 9, Result : 9 -> True
Test Sample 4364 - Label : 5, Result : 5 -> True
Test Sample 4365 - Label : 0, Result : 0 -> True
Test Sample 4366 - Label : 3, Result : 3 -> True
Test Sample 4367 - Label : 2, Result : 2 -> True
Test Sample 4368 - Label : 5, Result : 5 -> True
Test Sample 4369 - Label : 9, Result : 9 -> True
Test Sample 4370 - Label : 0, Result : 0 -> True
Test Sample 4371 - Label : 8, Result : 8 -> True
Test Sample 4372 - Label : 8, Result : 8 -> True
Test Sample 4373 - Label : 4, Result : 4 -> True
Test Sample 4374 - Label : 5, Result : 5 -> True
Test Sample 4375 - Label : 8, Result : 8 -> True
Test Sample 4376 - Label : 8, Result : 8 -> True
Test Sample 4377 - Label : 4, Result : 4 -> True
Test Sample 4378 - Label : 5, Result : 5 -> True
Test Sample 4379 - Label : 4, Result : 4 -> True
Test Sample 4380 - Label : 8, Result : 8 -> True
Test Sample 4381 - Label : 5, Result : 5 -> True
Test Sample 4382 - Label : 4, Result : 4 -> True
Test Sample 4383 - Label : 9, Result : 9 -> True
Test Sample 4384 - Label : 2, Result : 2 -> True
Test Sample 4385 - Label : 2, Result : 2 -> True
Test Sample 4386 - Label : 1, Result : 1 -> True
Test Sample 4387 - Label : 2, Result : 2 -> True
Test Sample 4388 - Label : 6, Result : 6 -> True
Test Sample 4389 - Label : 8, Result : 8 -> True
Test Sample 4390 - Label : 8, Result : 8 -> True
Test Sample 4391 - Label : 7, Result : 7 -> True
Test Sample 4392 - Label : 0, Result : 0 -> True
Test Sample 4393 - Label : 3, Result : 3 -> True
Test Sample 4394 - Label : 6, Result : 6 -> True
Test Sample 4395 - Label : 6, Result : 6 -> True
Test Sample 4396 - Label : 4, Result : 4 -> True
Test Sample 4397 - Label : 3, Result : 3 -> True
Test Sample 4398 - Label : 8, Result : 8 -> True
Test Sample 4399 - Label : 8, Result : 8 -> True
Test Sample 4400 - Label : 7, Result : 7 -> True
Test Sample 4401 - Label : 2, Result : 2 -> True
Test Sample 4402 - Label : 2, Result : 2 -> True
Test Sample 4403 - Label : 0, Result : 0 -> True
Test Sample 4404 - Label : 0, Result : 0 -> True
Test Sample 4405 - Label : 9, Result : 9 -> True
Test Sample 4406 - Label : 3, Result : 3 -> True
Test Sample 4407 - Label : 9, Result : 9 -> True
Test Sample 4408 - Label : 9, Result : 9 -> True
Test Sample 4409 - Label : 1, Result : 1 -> True
Test Sample 4410 - Label : 9, Result : 9 -> True
Test Sample 4411 - Label : 8, Result : 8 -> True
Test Sample 4412 - Label : 6, Result : 6 -> True
Test Sample 4413 - Label : 6, Result : 6 -> True
Test Sample 4414 - Label : 4, Result : 4 -> True
Test Sample 4415 - Label : 2, Result : 2 -> True
Test Sample 4416 - Label : 6, Result : 6 -> True
Test Sample 4417 - Label : 9, Result : 9 -> True
Test Sample 4418 - Label : 2, Result : 2 -> True
Test Sample 4419 - Label : 8, Result : 8 -> True
Test Sample 4420 - Label : 5, Result : 5 -> True
Test Sample 4421 - Label : 4, Result : 4 -> True
Test Sample 4422 - Label : 5, Result : 5 -> True
Test Sample 4423 - Label : 7, Result : 7 -> True
Test Sample 4424 - Label : 9, Result : 9 -> True
Test Sample 4425 - Label : 9, Result : 9 -> True
Test Sample 4426 - Label : 9, Result : 9 -> True
Test Sample 4427 - Label : 2, Result : 2 -> True
Test Sample 4428 - Label : 1, Result : 1 -> True
Test Sample 4429 - Label : 8, Result : 8 -> True
Test Sample 4430 - Label : 3, Result : 3 -> True
Test Sample 4431 - Label : 4, Result : 4 -> True
Test Sample 4432 - Label : 0, Result : 0 -> True
Test Sample 4433 - Label : 7, Result : 7 -> True
Test Sample 4434 - Label : 8, Result : 8 -> True
Test Sample 4435 - Label : 3, Result : 7 -> False
Test Sample 4436 - Label : 9, Result : 9 -> True
Test Sample 4437 - Label : 3, Result : 3 -> True
Test Sample 4438 - Label : 4, Result : 4 -> True
Test Sample 4439 - Label : 6, Result : 6 -> True
Test Sample 4440 - Label : 5, Result : 5 -> True
Test Sample 4441 - Label : 6, Result : 6 -> True
Test Sample 4442 - Label : 2, Result : 2 -> True
Test Sample 4443 - Label : 3, Result : 3 -> True
Test Sample 4444 - Label : 9, Result : 9 -> True
Test Sample 4445 - Label : 2, Result : 2 -> True
Test Sample 4446 - Label : 6, Result : 6 -> True
Test Sample 4447 - Label : 0, Result : 0 -> True
Test Sample 4448 - Label : 0, Result : 0 -> True
Test Sample 4449 - Label : 6, Result : 6 -> True
Test Sample 4450 - Label : 1, Result : 1 -> True
Test Sample 4451 - Label : 2, Result : 2 -> True
Test Sample 4452 - Label : 8, Result : 8 -> True
Test Sample 4453 - Label : 7, Result : 7 -> True
Test Sample 4454 - Label : 9, Result : 9 -> True
Test Sample 4455 - Label : 8, Result : 8 -> True
Test Sample 4456 - Label : 2, Result : 2 -> True
Test Sample 4457 - Label : 0, Result : 0 -> True
Test Sample 4458 - Label : 4, Result : 4 -> True
Test Sample 4459 - Label : 7, Result : 7 -> True
Test Sample 4460 - Label : 7, Result : 7 -> True
Test Sample 4461 - Label : 5, Result : 5 -> True
Test Sample 4462 - Label : 0, Result : 0 -> True
Test Sample 4463 - Label : 5, Result : 5 -> True
Test Sample 4464 - Label : 6, Result : 6 -> True
Test Sample 4465 - Label : 4, Result : 4 -> True
Test Sample 4466 - Label : 6, Result : 6 -> True
Test Sample 4467 - Label : 7, Result : 7 -> True
Test Sample 4468 - Label : 4, Result : 4 -> True
Test Sample 4469 - Label : 3, Result : 3 -> True
Test Sample 4470 - Label : 0, Result : 0 -> True
Test Sample 4471 - Label : 7, Result : 7 -> True
Test Sample 4472 - Label : 5, Result : 5 -> True
Test Sample 4473 - Label : 0, Result : 0 -> True
Test Sample 4474 - Label : 7, Result : 7 -> True
Test Sample 4475 - Label : 4, Result : 4 -> True
Test Sample 4476 - Label : 2, Result : 2 -> True
Test Sample 4477 - Label : 0, Result : 0 -> True
Test Sample 4478 - Label : 8, Result : 8 -> True
Test Sample 4479 - Label : 9, Result : 9 -> True
Test Sample 4480 - Label : 9, Result : 9 -> True
Test Sample 4481 - Label : 4, Result : 4 -> True
Test Sample 4482 - Label : 2, Result : 2 -> True
Test Sample 4483 - Label : 4, Result : 4 -> True
Test Sample 4484 - Label : 6, Result : 6 -> True
Test Sample 4485 - Label : 7, Result : 7 -> True
Test Sample 4486 - Label : 8, Result : 8 -> True
Test Sample 4487 - Label : 7, Result : 7 -> True
Test Sample 4488 - Label : 6, Result : 6 -> True
Test Sample 4489 - Label : 9, Result : 9 -> True
Test Sample 4490 - Label : 4, Result : 4 -> True
Test Sample 4491 - Label : 1, Result : 1 -> True
Test Sample 4492 - Label : 3, Result : 3 -> True
Test Sample 4493 - Label : 7, Result : 7 -> True
Test Sample 4494 - Label : 3, Result : 3 -> True
Test Sample 4495 - Label : 0, Result : 0 -> True
Test Sample 4496 - Label : 8, Result : 8 -> True
Test Sample 4497 - Label : 8, Result : 8 -> True
Test Sample 4498 - Label : 7, Result : 7 -> True
Test Sample 4499 - Label : 6, Result : 6 -> True
Test Sample 4500 - Label : 9, Result : 1 -> False
Test Sample 4501 - Label : 3, Result : 3 -> True
Test Sample 4502 - Label : 9, Result : 9 -> True
Test Sample 4503 - Label : 2, Result : 2 -> True
Test Sample 4504 - Label : 2, Result : 2 -> True
Test Sample 4505 - Label : 9, Result : 9 -> True
Test Sample 4506 - Label : 2, Result : 2 -> True
Test Sample 4507 - Label : 1, Result : 1 -> True
Test Sample 4508 - Label : 8, Result : 8 -> True
Test Sample 4509 - Label : 3, Result : 3 -> True
Test Sample 4510 - Label : 2, Result : 2 -> True
Test Sample 4511 - Label : 9, Result : 9 -> True
Test Sample 4512 - Label : 6, Result : 6 -> True
Test Sample 4513 - Label : 8, Result : 8 -> True
Test Sample 4514 - Label : 4, Result : 4 -> True
Test Sample 4515 - Label : 0, Result : 0 -> True
Test Sample 4516 - Label : 1, Result : 1 -> True
Test Sample 4517 - Label : 2, Result : 2 -> True
Test Sample 4518 - Label : 8, Result : 8 -> True
Test Sample 4519 - Label : 4, Result : 4 -> True
Test Sample 4520 - Label : 5, Result : 5 -> True
Test Sample 4521 - Label : 2, Result : 2 -> True
Test Sample 4522 - Label : 7, Result : 7 -> True
Test Sample 4523 - Label : 8, Result : 8 -> True
Test Sample 4524 - Label : 1, Result : 1 -> True
Test Sample 4525 - Label : 1, Result : 1 -> True
Test Sample 4526 - Label : 3, Result : 3 -> True
Test Sample 4527 - Label : 0, Result : 0 -> True
Test Sample 4528 - Label : 3, Result : 3 -> True
Test Sample 4529 - Label : 5, Result : 5 -> True
Test Sample 4530 - Label : 7, Result : 7 -> True
Test Sample 4531 - Label : 0, Result : 0 -> True
Test Sample 4532 - Label : 3, Result : 3 -> True
Test Sample 4533 - Label : 1, Result : 1 -> True
Test Sample 4534 - Label : 9, Result : 9 -> True
Test Sample 4535 - Label : 3, Result : 3 -> True
Test Sample 4536 - Label : 6, Result : 6 -> True
Test Sample 4537 - Label : 3, Result : 3 -> True
Test Sample 4538 - Label : 1, Result : 1 -> True
Test Sample 4539 - Label : 7, Result : 7 -> True
Test Sample 4540 - Label : 7, Result : 7 -> True
Test Sample 4541 - Label : 3, Result : 3 -> True
Test Sample 4542 - Label : 0, Result : 0 -> True
Test Sample 4543 - Label : 8, Result : 8 -> True
Test Sample 4544 - Label : 4, Result : 4 -> True
Test Sample 4545 - Label : 8, Result : 8 -> True
Test Sample 4546 - Label : 2, Result : 2 -> True
Test Sample 4547 - Label : 6, Result : 6 -> True
Test Sample 4548 - Label : 5, Result : 5 -> True
Test Sample 4549 - Label : 2, Result : 2 -> True
Test Sample 4550 - Label : 9, Result : 9 -> True
Test Sample 4551 - Label : 7, Result : 7 -> True
Test Sample 4552 - Label : 3, Result : 3 -> True
Test Sample 4553 - Label : 9, Result : 9 -> True
Test Sample 4554 - Label : 0, Result : 0 -> True
Test Sample 4555 - Label : 9, Result : 9 -> True
Test Sample 4556 - Label : 9, Result : 9 -> True
Test Sample 4557 - Label : 6, Result : 6 -> True
Test Sample 4558 - Label : 4, Result : 4 -> True
Test Sample 4559 - Label : 2, Result : 2 -> True
Test Sample 4560 - Label : 9, Result : 9 -> True
Test Sample 4561 - Label : 7, Result : 7 -> True
Test Sample 4562 - Label : 2, Result : 2 -> True
Test Sample 4563 - Label : 1, Result : 1 -> True
Test Sample 4564 - Label : 1, Result : 1 -> True
Test Sample 4565 - Label : 6, Result : 6 -> True
Test Sample 4566 - Label : 7, Result : 7 -> True
Test Sample 4567 - Label : 4, Result : 4 -> True
Test Sample 4568 - Label : 7, Result : 7 -> True
Test Sample 4569 - Label : 5, Result : 5 -> True
Test Sample 4570 - Label : 9, Result : 9 -> True
Test Sample 4571 - Label : 6, Result : 0 -> False
Test Sample 4572 - Label : 8, Result : 8 -> True
Test Sample 4573 - Label : 2, Result : 2 -> True
Test Sample 4574 - Label : 1, Result : 1 -> True
Test Sample 4575 - Label : 4, Result : 2 -> False
Test Sample 4576 - Label : 4, Result : 4 -> True
Test Sample 4577 - Label : 5, Result : 5 -> True
Test Sample 4578 - Label : 7, Result : 7 -> True
Test Sample 4579 - Label : 6, Result : 6 -> True
Test Sample 4580 - Label : 1, Result : 1 -> True
Test Sample 4581 - Label : 3, Result : 3 -> True
Test Sample 4582 - Label : 2, Result : 2 -> True
Test Sample 4583 - Label : 5, Result : 5 -> True
Test Sample 4584 - Label : 9, Result : 9 -> True
Test Sample 4585 - Label : 9, Result : 9 -> True
Test Sample 4586 - Label : 3, Result : 3 -> True
Test Sample 4587 - Label : 6, Result : 6 -> True
Test Sample 4588 - Label : 1, Result : 1 -> True
Test Sample 4589 - Label : 1, Result : 1 -> True
Test Sample 4590 - Label : 4, Result : 4 -> True
Test Sample 4591 - Label : 6, Result : 6 -> True
Test Sample 4592 - Label : 9, Result : 9 -> True
Test Sample 4593 - Label : 7, Result : 7 -> True
Test Sample 4594 - Label : 2, Result : 2 -> True
Test Sample 4595 - Label : 1, Result : 1 -> True
Test Sample 4596 - Label : 5, Result : 5 -> True
Test Sample 4597 - Label : 1, Result : 1 -> True
Test Sample 4598 - Label : 4, Result : 4 -> True
Test Sample 4599 - Label : 6, Result : 6 -> True
Test Sample 4600 - Label : 3, Result : 3 -> True
Test Sample 4601 - Label : 8, Result : 4 -> False
Test Sample 4602 - Label : 1, Result : 1 -> True
Test Sample 4603 - Label : 1, Result : 1 -> True
Test Sample 4604 - Label : 0, Result : 0 -> True
Test Sample 4605 - Label : 3, Result : 3 -> True
Test Sample 4606 - Label : 1, Result : 1 -> True
Test Sample 4607 - Label : 6, Result : 6 -> True
Test Sample 4608 - Label : 8, Result : 8 -> True
Test Sample 4609 - Label : 4, Result : 4 -> True
Test Sample 4610 - Label : 9, Result : 9 -> True
Test Sample 4611 - Label : 0, Result : 0 -> True
Test Sample 4612 - Label : 7, Result : 7 -> True
Test Sample 4613 - Label : 3, Result : 3 -> True
Test Sample 4614 - Label : 0, Result : 0 -> True
Test Sample 4615 - Label : 2, Result : 4 -> False
Test Sample 4616 - Label : 9, Result : 9 -> True
Test Sample 4617 - Label : 0, Result : 0 -> True
Test Sample 4618 - Label : 6, Result : 6 -> True
Test Sample 4619 - Label : 6, Result : 6 -> True
Test Sample 4620 - Label : 6, Result : 6 -> True
Test Sample 4621 - Label : 3, Result : 3 -> True
Test Sample 4622 - Label : 6, Result : 6 -> True
Test Sample 4623 - Label : 7, Result : 7 -> True
Test Sample 4624 - Label : 7, Result : 7 -> True
Test Sample 4625 - Label : 2, Result : 2 -> True
Test Sample 4626 - Label : 8, Result : 8 -> True
Test Sample 4627 - Label : 6, Result : 6 -> True
Test Sample 4628 - Label : 0, Result : 0 -> True
Test Sample 4629 - Label : 8, Result : 8 -> True
Test Sample 4630 - Label : 3, Result : 3 -> True
Test Sample 4631 - Label : 0, Result : 0 -> True
Test Sample 4632 - Label : 2, Result : 2 -> True
Test Sample 4633 - Label : 9, Result : 9 -> True
Test Sample 4634 - Label : 8, Result : 8 -> True
Test Sample 4635 - Label : 3, Result : 3 -> True
Test Sample 4636 - Label : 2, Result : 2 -> True
Test Sample 4637 - Label : 5, Result : 5 -> True
Test Sample 4638 - Label : 3, Result : 3 -> True
Test Sample 4639 - Label : 8, Result : 9 -> False
Test Sample 4640 - Label : 8, Result : 8 -> True
Test Sample 4641 - Label : 0, Result : 0 -> True
Test Sample 4642 - Label : 0, Result : 0 -> True
Test Sample 4643 - Label : 1, Result : 1 -> True
Test Sample 4644 - Label : 9, Result : 9 -> True
Test Sample 4645 - Label : 5, Result : 5 -> True
Test Sample 4646 - Label : 1, Result : 1 -> True
Test Sample 4647 - Label : 3, Result : 3 -> True
Test Sample 4648 - Label : 9, Result : 9 -> True
Test Sample 4649 - Label : 6, Result : 6 -> True
Test Sample 4650 - Label : 0, Result : 0 -> True
Test Sample 4651 - Label : 1, Result : 1 -> True
Test Sample 4652 - Label : 4, Result : 4 -> True
Test Sample 4653 - Label : 1, Result : 1 -> True
Test Sample 4654 - Label : 7, Result : 7 -> True
Test Sample 4655 - Label : 1, Result : 1 -> True
Test Sample 4656 - Label : 2, Result : 2 -> True
Test Sample 4657 - Label : 3, Result : 3 -> True
Test Sample 4658 - Label : 7, Result : 7 -> True
Test Sample 4659 - Label : 9, Result : 9 -> True
Test Sample 4660 - Label : 7, Result : 7 -> True
Test Sample 4661 - Label : 4, Result : 4 -> True
Test Sample 4662 - Label : 9, Result : 9 -> True
Test Sample 4663 - Label : 9, Result : 9 -> True
Test Sample 4664 - Label : 3, Result : 3 -> True
Test Sample 4665 - Label : 9, Result : 9 -> True
Test Sample 4666 - Label : 2, Result : 2 -> True
Test Sample 4667 - Label : 8, Result : 8 -> True
Test Sample 4668 - Label : 2, Result : 2 -> True
Test Sample 4669 - Label : 7, Result : 7 -> True
Test Sample 4670 - Label : 1, Result : 1 -> True
Test Sample 4671 - Label : 8, Result : 8 -> True
Test Sample 4672 - Label : 0, Result : 0 -> True
Test Sample 4673 - Label : 9, Result : 9 -> True
Test Sample 4674 - Label : 1, Result : 1 -> True
Test Sample 4675 - Label : 0, Result : 0 -> True
Test Sample 4676 - Label : 1, Result : 1 -> True
Test Sample 4677 - Label : 7, Result : 7 -> True
Test Sample 4678 - Label : 7, Result : 7 -> True
Test Sample 4679 - Label : 9, Result : 9 -> True
Test Sample 4680 - Label : 6, Result : 6 -> True
Test Sample 4681 - Label : 9, Result : 9 -> True
Test Sample 4682 - Label : 9, Result : 9 -> True
Test Sample 4683 - Label : 9, Result : 9 -> True
Test Sample 4684 - Label : 2, Result : 2 -> True
Test Sample 4685 - Label : 1, Result : 1 -> True
Test Sample 4686 - Label : 6, Result : 6 -> True
Test Sample 4687 - Label : 1, Result : 1 -> True
Test Sample 4688 - Label : 3, Result : 3 -> True
Test Sample 4689 - Label : 5, Result : 5 -> True
Test Sample 4690 - Label : 7, Result : 7 -> True
Test Sample 4691 - Label : 1, Result : 1 -> True
Test Sample 4692 - Label : 9, Result : 9 -> True
Test Sample 4693 - Label : 7, Result : 7 -> True
Test Sample 4694 - Label : 6, Result : 6 -> True
Test Sample 4695 - Label : 4, Result : 4 -> True
Test Sample 4696 - Label : 5, Result : 5 -> True
Test Sample 4697 - Label : 7, Result : 7 -> True
Test Sample 4698 - Label : 6, Result : 6 -> True
Test Sample 4699 - Label : 6, Result : 6 -> True
Test Sample 4700 - Label : 9, Result : 9 -> True
Test Sample 4701 - Label : 9, Result : 9 -> True
Test Sample 4702 - Label : 6, Result : 6 -> True
Test Sample 4703 - Label : 3, Result : 3 -> True
Test Sample 4704 - Label : 6, Result : 6 -> True
Test Sample 4705 - Label : 2, Result : 2 -> True
Test Sample 4706 - Label : 9, Result : 9 -> True
Test Sample 4707 - Label : 8, Result : 8 -> True
Test Sample 4708 - Label : 1, Result : 1 -> True
Test Sample 4709 - Label : 2, Result : 2 -> True
Test Sample 4710 - Label : 2, Result : 2 -> True
Test Sample 4711 - Label : 5, Result : 5 -> True
Test Sample 4712 - Label : 5, Result : 5 -> True
Test Sample 4713 - Label : 2, Result : 2 -> True
Test Sample 4714 - Label : 3, Result : 3 -> True
Test Sample 4715 - Label : 7, Result : 7 -> True
Test Sample 4716 - Label : 2, Result : 2 -> True
Test Sample 4717 - Label : 1, Result : 1 -> True
Test Sample 4718 - Label : 0, Result : 0 -> True
Test Sample 4719 - Label : 1, Result : 1 -> True
Test Sample 4720 - Label : 0, Result : 0 -> True
Test Sample 4721 - Label : 4, Result : 4 -> True
Test Sample 4722 - Label : 5, Result : 5 -> True
Test Sample 4723 - Label : 2, Result : 2 -> True
Test Sample 4724 - Label : 8, Result : 8 -> True
Test Sample 4725 - Label : 2, Result : 2 -> True
Test Sample 4726 - Label : 8, Result : 8 -> True
Test Sample 4727 - Label : 3, Result : 3 -> True
Test Sample 4728 - Label : 5, Result : 5 -> True
Test Sample 4729 - Label : 1, Result : 1 -> True
Test Sample 4730 - Label : 7, Result : 7 -> True
Test Sample 4731 - Label : 8, Result : 8 -> True
Test Sample 4732 - Label : 1, Result : 1 -> True
Test Sample 4733 - Label : 1, Result : 1 -> True
Test Sample 4734 - Label : 2, Result : 2 -> True
Test Sample 4735 - Label : 9, Result : 9 -> True
Test Sample 4736 - Label : 7, Result : 7 -> True
Test Sample 4737 - Label : 8, Result : 8 -> True
Test Sample 4738 - Label : 4, Result : 4 -> True
Test Sample 4739 - Label : 0, Result : 0 -> True
Test Sample 4740 - Label : 3, Result : 5 -> False
Test Sample 4741 - Label : 0, Result : 0 -> True
Test Sample 4742 - Label : 7, Result : 7 -> True
Test Sample 4743 - Label : 8, Result : 8 -> True
Test Sample 4744 - Label : 8, Result : 8 -> True
Test Sample 4745 - Label : 4, Result : 4 -> True
Test Sample 4746 - Label : 7, Result : 7 -> True
Test Sample 4747 - Label : 7, Result : 7 -> True
Test Sample 4748 - Label : 8, Result : 8 -> True
Test Sample 4749 - Label : 5, Result : 5 -> True
Test Sample 4750 - Label : 8, Result : 8 -> True
Test Sample 4751 - Label : 4, Result : 4 -> True
Test Sample 4752 - Label : 9, Result : 9 -> True
Test Sample 4753 - Label : 8, Result : 8 -> True
Test Sample 4754 - Label : 1, Result : 1 -> True
Test Sample 4755 - Label : 3, Result : 3 -> True
Test Sample 4756 - Label : 8, Result : 8 -> True
Test Sample 4757 - Label : 0, Result : 0 -> True
Test Sample 4758 - Label : 3, Result : 3 -> True
Test Sample 4759 - Label : 1, Result : 1 -> True
Test Sample 4760 - Label : 7, Result : 7 -> True
Test Sample 4761 - Label : 9, Result : 1 -> False
Test Sample 4762 - Label : 5, Result : 5 -> True
Test Sample 4763 - Label : 5, Result : 5 -> True
Test Sample 4764 - Label : 1, Result : 1 -> True
Test Sample 4765 - Label : 6, Result : 6 -> True
Test Sample 4766 - Label : 5, Result : 5 -> True
Test Sample 4767 - Label : 7, Result : 7 -> True
Test Sample 4768 - Label : 4, Result : 4 -> True
Test Sample 4769 - Label : 9, Result : 9 -> True
Test Sample 4770 - Label : 3, Result : 3 -> True
Test Sample 4771 - Label : 5, Result : 5 -> True
Test Sample 4772 - Label : 4, Result : 4 -> True
Test Sample 4773 - Label : 7, Result : 7 -> True
Test Sample 4774 - Label : 1, Result : 1 -> True
Test Sample 4775 - Label : 2, Result : 2 -> True
Test Sample 4776 - Label : 0, Result : 0 -> True
Test Sample 4777 - Label : 8, Result : 8 -> True
Test Sample 4778 - Label : 1, Result : 1 -> True
Test Sample 4779 - Label : 6, Result : 6 -> True
Test Sample 4780 - Label : 0, Result : 0 -> True
Test Sample 4781 - Label : 7, Result : 7 -> True
Test Sample 4782 - Label : 3, Result : 3 -> True
Test Sample 4783 - Label : 4, Result : 4 -> True
Test Sample 4784 - Label : 7, Result : 7 -> True
Test Sample 4785 - Label : 3, Result : 3 -> True
Test Sample 4786 - Label : 9, Result : 9 -> True
Test Sample 4787 - Label : 6, Result : 6 -> True
Test Sample 4788 - Label : 0, Result : 0 -> True
Test Sample 4789 - Label : 8, Result : 8 -> True
Test Sample 4790 - Label : 6, Result : 6 -> True
Test Sample 4791 - Label : 4, Result : 4 -> True
Test Sample 4792 - Label : 8, Result : 8 -> True
Test Sample 4793 - Label : 7, Result : 7 -> True
Test Sample 4794 - Label : 7, Result : 7 -> True
Test Sample 4795 - Label : 9, Result : 9 -> True
Test Sample 4796 - Label : 3, Result : 3 -> True
Test Sample 4797 - Label : 8, Result : 8 -> True
Test Sample 4798 - Label : 6, Result : 6 -> True
Test Sample 4799 - Label : 9, Result : 9 -> True
Test Sample 4800 - Label : 7, Result : 7 -> True
Test Sample 4801 - Label : 2, Result : 2 -> True
Test Sample 4802 - Label : 3, Result : 3 -> True
Test Sample 4803 - Label : 4, Result : 4 -> True
Test Sample 4804 - Label : 0, Result : 0 -> True
Test Sample 4805 - Label : 2, Result : 2 -> True
Test Sample 4806 - Label : 1, Result : 1 -> True
Test Sample 4807 - Label : 8, Result : 0 -> False
Test Sample 4808 - Label : 3, Result : 3 -> True
Test Sample 4809 - Label : 5, Result : 5 -> True
Test Sample 4810 - Label : 5, Result : 5 -> True
Test Sample 4811 - Label : 7, Result : 7 -> True
Test Sample 4812 - Label : 2, Result : 2 -> True
Test Sample 4813 - Label : 4, Result : 4 -> True
Test Sample 4814 - Label : 6, Result : 0 -> False
Test Sample 4815 - Label : 7, Result : 7 -> True
Test Sample 4816 - Label : 2, Result : 2 -> True
Test Sample 4817 - Label : 8, Result : 8 -> True
Test Sample 4818 - Label : 3, Result : 3 -> True
Test Sample 4819 - Label : 0, Result : 0 -> True
Test Sample 4820 - Label : 8, Result : 8 -> True
Test Sample 4821 - Label : 7, Result : 7 -> True
Test Sample 4822 - Label : 8, Result : 8 -> True
Test Sample 4823 - Label : 9, Result : 4 -> False
Test Sample 4824 - Label : 0, Result : 0 -> True
Test Sample 4825 - Label : 8, Result : 8 -> True
Test Sample 4826 - Label : 4, Result : 4 -> True
Test Sample 4827 - Label : 4, Result : 4 -> True
Test Sample 4828 - Label : 5, Result : 5 -> True
Test Sample 4829 - Label : 8, Result : 8 -> True
Test Sample 4830 - Label : 5, Result : 5 -> True
Test Sample 4831 - Label : 6, Result : 6 -> True
Test Sample 4832 - Label : 6, Result : 6 -> True
Test Sample 4833 - Label : 3, Result : 3 -> True
Test Sample 4834 - Label : 0, Result : 0 -> True
Test Sample 4835 - Label : 9, Result : 9 -> True
Test Sample 4836 - Label : 3, Result : 3 -> True
Test Sample 4837 - Label : 7, Result : 7 -> True
Test Sample 4838 - Label : 6, Result : 6 -> True
Test Sample 4839 - Label : 8, Result : 8 -> True
Test Sample 4840 - Label : 9, Result : 9 -> True
Test Sample 4841 - Label : 3, Result : 3 -> True
Test Sample 4842 - Label : 4, Result : 4 -> True
Test Sample 4843 - Label : 9, Result : 9 -> True
Test Sample 4844 - Label : 5, Result : 5 -> True
Test Sample 4845 - Label : 8, Result : 8 -> True
Test Sample 4846 - Label : 9, Result : 9 -> True
Test Sample 4847 - Label : 1, Result : 1 -> True
Test Sample 4848 - Label : 2, Result : 2 -> True
Test Sample 4849 - Label : 8, Result : 8 -> True
Test Sample 4850 - Label : 8, Result : 8 -> True
Test Sample 4851 - Label : 6, Result : 6 -> True
Test Sample 4852 - Label : 8, Result : 8 -> True
Test Sample 4853 - Label : 1, Result : 1 -> True
Test Sample 4854 - Label : 3, Result : 3 -> True
Test Sample 4855 - Label : 7, Result : 7 -> True
Test Sample 4856 - Label : 9, Result : 9 -> True
Test Sample 4857 - Label : 0, Result : 0 -> True
Test Sample 4858 - Label : 1, Result : 1 -> True
Test Sample 4859 - Label : 1, Result : 1 -> True
Test Sample 4860 - Label : 4, Result : 4 -> True
Test Sample 4861 - Label : 7, Result : 7 -> True
Test Sample 4862 - Label : 0, Result : 0 -> True
Test Sample 4863 - Label : 8, Result : 8 -> True
Test Sample 4864 - Label : 1, Result : 1 -> True
Test Sample 4865 - Label : 7, Result : 7 -> True
Test Sample 4866 - Label : 4, Result : 4 -> True
Test Sample 4867 - Label : 5, Result : 5 -> True
Test Sample 4868 - Label : 7, Result : 7 -> True
Test Sample 4869 - Label : 1, Result : 1 -> True
Test Sample 4870 - Label : 2, Result : 2 -> True
Test Sample 4871 - Label : 1, Result : 1 -> True
Test Sample 4872 - Label : 1, Result : 1 -> True
Test Sample 4873 - Label : 3, Result : 3 -> True
Test Sample 4874 - Label : 9, Result : 0 -> False
Test Sample 4875 - Label : 6, Result : 6 -> True
Test Sample 4876 - Label : 2, Result : 2 -> True
Test Sample 4877 - Label : 1, Result : 1 -> True
Test Sample 4878 - Label : 2, Result : 2 -> True
Test Sample 4879 - Label : 8, Result : 6 -> False
Test Sample 4880 - Label : 0, Result : 8 -> False
Test Sample 4881 - Label : 7, Result : 7 -> True
Test Sample 4882 - Label : 6, Result : 6 -> True
Test Sample 4883 - Label : 6, Result : 6 -> True
Test Sample 4884 - Label : 9, Result : 9 -> True
Test Sample 4885 - Label : 3, Result : 3 -> True
Test Sample 4886 - Label : 7, Result : 1 -> False
Test Sample 4887 - Label : 0, Result : 0 -> True
Test Sample 4888 - Label : 5, Result : 5 -> True
Test Sample 4889 - Label : 2, Result : 2 -> True
Test Sample 4890 - Label : 8, Result : 8 -> True
Test Sample 4891 - Label : 0, Result : 0 -> True
Test Sample 4892 - Label : 5, Result : 5 -> True
Test Sample 4893 - Label : 4, Result : 4 -> True
Test Sample 4894 - Label : 3, Result : 3 -> True
Test Sample 4895 - Label : 8, Result : 8 -> True
Test Sample 4896 - Label : 4, Result : 4 -> True
Test Sample 4897 - Label : 6, Result : 6 -> True
Test Sample 4898 - Label : 6, Result : 6 -> True
Test Sample 4899 - Label : 2, Result : 2 -> True
Test Sample 4900 - Label : 7, Result : 7 -> True
Test Sample 4901 - Label : 9, Result : 9 -> True
Test Sample 4902 - Label : 5, Result : 5 -> True
Test Sample 4903 - Label : 1, Result : 1 -> True
Test Sample 4904 - Label : 3, Result : 3 -> True
Test Sample 4905 - Label : 2, Result : 2 -> True
Test Sample 4906 - Label : 4, Result : 4 -> True
Test Sample 4907 - Label : 3, Result : 3 -> True
Test Sample 4908 - Label : 6, Result : 6 -> True
Test Sample 4909 - Label : 1, Result : 1 -> True
Test Sample 4910 - Label : 9, Result : 9 -> True
Test Sample 4911 - Label : 4, Result : 4 -> True
Test Sample 4912 - Label : 4, Result : 4 -> True
Test Sample 4913 - Label : 7, Result : 7 -> True
Test Sample 4914 - Label : 6, Result : 6 -> True
Test Sample 4915 - Label : 5, Result : 5 -> True
Test Sample 4916 - Label : 4, Result : 4 -> True
Test Sample 4917 - Label : 1, Result : 1 -> True
Test Sample 4918 - Label : 9, Result : 9 -> True
Test Sample 4919 - Label : 9, Result : 9 -> True
Test Sample 4920 - Label : 2, Result : 2 -> True
Test Sample 4921 - Label : 7, Result : 7 -> True
Test Sample 4922 - Label : 8, Result : 8 -> True
Test Sample 4923 - Label : 0, Result : 0 -> True
Test Sample 4924 - Label : 1, Result : 1 -> True
Test Sample 4925 - Label : 3, Result : 3 -> True
Test Sample 4926 - Label : 6, Result : 6 -> True
Test Sample 4927 - Label : 1, Result : 1 -> True
Test Sample 4928 - Label : 3, Result : 3 -> True
Test Sample 4929 - Label : 4, Result : 4 -> True
Test Sample 4930 - Label : 1, Result : 1 -> True
Test Sample 4931 - Label : 1, Result : 1 -> True
Test Sample 4932 - Label : 1, Result : 1 -> True
Test Sample 4933 - Label : 5, Result : 5 -> True
Test Sample 4934 - Label : 6, Result : 6 -> True
Test Sample 4935 - Label : 0, Result : 0 -> True
Test Sample 4936 - Label : 7, Result : 7 -> True
Test Sample 4937 - Label : 0, Result : 0 -> True
Test Sample 4938 - Label : 7, Result : 7 -> True
Test Sample 4939 - Label : 2, Result : 2 -> True
Test Sample 4940 - Label : 3, Result : 3 -> True
Test Sample 4941 - Label : 2, Result : 2 -> True
Test Sample 4942 - Label : 5, Result : 5 -> True
Test Sample 4943 - Label : 2, Result : 2 -> True
Test Sample 4944 - Label : 2, Result : 2 -> True
Test Sample 4945 - Label : 9, Result : 9 -> True
Test Sample 4946 - Label : 4, Result : 4 -> True
Test Sample 4947 - Label : 9, Result : 9 -> True
Test Sample 4948 - Label : 8, Result : 8 -> True
Test Sample 4949 - Label : 1, Result : 1 -> True
Test Sample 4950 - Label : 2, Result : 2 -> True
Test Sample 4951 - Label : 1, Result : 1 -> True
Test Sample 4952 - Label : 6, Result : 6 -> True
Test Sample 4953 - Label : 1, Result : 1 -> True
Test Sample 4954 - Label : 2, Result : 2 -> True
Test Sample 4955 - Label : 7, Result : 7 -> True
Test Sample 4956 - Label : 8, Result : 4 -> False
Test Sample 4957 - Label : 0, Result : 0 -> True
Test Sample 4958 - Label : 0, Result : 0 -> True
Test Sample 4959 - Label : 0, Result : 0 -> True
Test Sample 4960 - Label : 8, Result : 8 -> True
Test Sample 4961 - Label : 2, Result : 2 -> True
Test Sample 4962 - Label : 2, Result : 2 -> True
Test Sample 4963 - Label : 9, Result : 9 -> True
Test Sample 4964 - Label : 2, Result : 2 -> True
Test Sample 4965 - Label : 2, Result : 2 -> True
Test Sample 4966 - Label : 7, Result : 7 -> True
Test Sample 4967 - Label : 9, Result : 9 -> True
Test Sample 4968 - Label : 9, Result : 9 -> True
Test Sample 4969 - Label : 2, Result : 2 -> True
Test Sample 4970 - Label : 7, Result : 7 -> True
Test Sample 4971 - Label : 5, Result : 5 -> True
Test Sample 4972 - Label : 1, Result : 1 -> True
Test Sample 4973 - Label : 3, Result : 3 -> True
Test Sample 4974 - Label : 4, Result : 4 -> True
Test Sample 4975 - Label : 9, Result : 9 -> True
Test Sample 4976 - Label : 4, Result : 4 -> True
Test Sample 4977 - Label : 1, Result : 1 -> True
Test Sample 4978 - Label : 8, Result : 7 -> False
Test Sample 4979 - Label : 5, Result : 5 -> True
Test Sample 4980 - Label : 6, Result : 6 -> True
Test Sample 4981 - Label : 2, Result : 2 -> True
Test Sample 4982 - Label : 8, Result : 8 -> True
Test Sample 4983 - Label : 3, Result : 3 -> True
Test Sample 4984 - Label : 1, Result : 1 -> True
Test Sample 4985 - Label : 2, Result : 2 -> True
Test Sample 4986 - Label : 8, Result : 8 -> True
Test Sample 4987 - Label : 4, Result : 4 -> True
Test Sample 4988 - Label : 9, Result : 9 -> True
Test Sample 4989 - Label : 9, Result : 9 -> True
Test Sample 4990 - Label : 3, Result : 3 -> True
Test Sample 4991 - Label : 7, Result : 7 -> True
Test Sample 4992 - Label : 0, Result : 0 -> True
Test Sample 4993 - Label : 7, Result : 7 -> True
Test Sample 4994 - Label : 7, Result : 7 -> True
Test Sample 4995 - Label : 2, Result : 2 -> True
Test Sample 4996 - Label : 3, Result : 3 -> True
Test Sample 4997 - Label : 2, Result : 2 -> True
Test Sample 4998 - Label : 4, Result : 4 -> True
Test Sample 4999 - Label : 0, Result : 0 -> True
Test Sample 5000 - Label : 3, Result : 3 -> True
Test Sample 5001 - Label : 9, Result : 9 -> True
Test Sample 5002 - Label : 9, Result : 9 -> True
Test Sample 5003 - Label : 8, Result : 8 -> True
Test Sample 5004 - Label : 4, Result : 4 -> True
Test Sample 5005 - Label : 1, Result : 1 -> True
Test Sample 5006 - Label : 0, Result : 0 -> True
Test Sample 5007 - Label : 6, Result : 6 -> True
Test Sample 5008 - Label : 0, Result : 0 -> True
Test Sample 5009 - Label : 9, Result : 9 -> True
Test Sample 5010 - Label : 6, Result : 6 -> True
Test Sample 5011 - Label : 8, Result : 8 -> True
Test Sample 5012 - Label : 6, Result : 6 -> True
Test Sample 5013 - Label : 1, Result : 1 -> True
Test Sample 5014 - Label : 1, Result : 1 -> True
Test Sample 5015 - Label : 9, Result : 9 -> True
Test Sample 5016 - Label : 8, Result : 8 -> True
Test Sample 5017 - Label : 9, Result : 9 -> True
Test Sample 5018 - Label : 2, Result : 2 -> True
Test Sample 5019 - Label : 3, Result : 3 -> True
Test Sample 5020 - Label : 5, Result : 5 -> True
Test Sample 5021 - Label : 5, Result : 5 -> True
Test Sample 5022 - Label : 9, Result : 9 -> True
Test Sample 5023 - Label : 4, Result : 4 -> True
Test Sample 5024 - Label : 2, Result : 2 -> True
Test Sample 5025 - Label : 1, Result : 1 -> True
Test Sample 5026 - Label : 9, Result : 9 -> True
Test Sample 5027 - Label : 4, Result : 4 -> True
Test Sample 5028 - Label : 3, Result : 3 -> True
Test Sample 5029 - Label : 9, Result : 9 -> True
Test Sample 5030 - Label : 6, Result : 6 -> True
Test Sample 5031 - Label : 0, Result : 0 -> True
Test Sample 5032 - Label : 4, Result : 4 -> True
Test Sample 5033 - Label : 0, Result : 0 -> True
Test Sample 5034 - Label : 6, Result : 6 -> True
Test Sample 5035 - Label : 0, Result : 0 -> True
Test Sample 5036 - Label : 1, Result : 1 -> True
Test Sample 5037 - Label : 2, Result : 2 -> True
Test Sample 5038 - Label : 3, Result : 3 -> True
Test Sample 5039 - Label : 4, Result : 4 -> True
Test Sample 5040 - Label : 7, Result : 7 -> True
Test Sample 5041 - Label : 8, Result : 8 -> True
Test Sample 5042 - Label : 9, Result : 9 -> True
Test Sample 5043 - Label : 0, Result : 0 -> True
Test Sample 5044 - Label : 1, Result : 1 -> True
Test Sample 5045 - Label : 2, Result : 2 -> True
Test Sample 5046 - Label : 3, Result : 3 -> True
Test Sample 5047 - Label : 4, Result : 4 -> True
Test Sample 5048 - Label : 7, Result : 7 -> True
Test Sample 5049 - Label : 8, Result : 8 -> True
Test Sample 5050 - Label : 9, Result : 9 -> True
Test Sample 5051 - Label : 0, Result : 0 -> True
Test Sample 5052 - Label : 1, Result : 1 -> True
Test Sample 5053 - Label : 2, Result : 2 -> True
Test Sample 5054 - Label : 3, Result : 3 -> True
Test Sample 5055 - Label : 4, Result : 4 -> True
Test Sample 5056 - Label : 5, Result : 5 -> True
Test Sample 5057 - Label : 6, Result : 6 -> True
Test Sample 5058 - Label : 7, Result : 7 -> True
Test Sample 5059 - Label : 8, Result : 8 -> True
Test Sample 5060 - Label : 9, Result : 9 -> True
Test Sample 5061 - Label : 8, Result : 8 -> True
Test Sample 5062 - Label : 3, Result : 3 -> True
Test Sample 5063 - Label : 4, Result : 4 -> True
Test Sample 5064 - Label : 7, Result : 7 -> True
Test Sample 5065 - Label : 8, Result : 8 -> True
Test Sample 5066 - Label : 6, Result : 6 -> True
Test Sample 5067 - Label : 3, Result : 3 -> True
Test Sample 5068 - Label : 4, Result : 1 -> False
Test Sample 5069 - Label : 0, Result : 0 -> True
Test Sample 5070 - Label : 9, Result : 9 -> True
Test Sample 5071 - Label : 7, Result : 7 -> True
Test Sample 5072 - Label : 1, Result : 1 -> True
Test Sample 5073 - Label : 9, Result : 9 -> True
Test Sample 5074 - Label : 3, Result : 3 -> True
Test Sample 5075 - Label : 8, Result : 8 -> True
Test Sample 5076 - Label : 4, Result : 4 -> True
Test Sample 5077 - Label : 7, Result : 7 -> True
Test Sample 5078 - Label : 3, Result : 3 -> True
Test Sample 5079 - Label : 0, Result : 0 -> True
Test Sample 5080 - Label : 9, Result : 9 -> True
Test Sample 5081 - Label : 1, Result : 1 -> True
Test Sample 5082 - Label : 4, Result : 4 -> True
Test Sample 5083 - Label : 5, Result : 5 -> True
Test Sample 5084 - Label : 4, Result : 4 -> True
Test Sample 5085 - Label : 6, Result : 6 -> True
Test Sample 5086 - Label : 2, Result : 2 -> True
Test Sample 5087 - Label : 0, Result : 0 -> True
Test Sample 5088 - Label : 6, Result : 6 -> True
Test Sample 5089 - Label : 2, Result : 2 -> True
Test Sample 5090 - Label : 1, Result : 1 -> True
Test Sample 5091 - Label : 1, Result : 1 -> True
Test Sample 5092 - Label : 1, Result : 1 -> True
Test Sample 5093 - Label : 1, Result : 1 -> True
Test Sample 5094 - Label : 7, Result : 7 -> True
Test Sample 5095 - Label : 2, Result : 2 -> True
Test Sample 5096 - Label : 4, Result : 4 -> True
Test Sample 5097 - Label : 7, Result : 7 -> True
Test Sample 5098 - Label : 5, Result : 5 -> True
Test Sample 5099 - Label : 2, Result : 2 -> True
Test Sample 5100 - Label : 9, Result : 9 -> True
Test Sample 5101 - Label : 4, Result : 4 -> True
Test Sample 5102 - Label : 5, Result : 5 -> True
Test Sample 5103 - Label : 8, Result : 8 -> True
Test Sample 5104 - Label : 4, Result : 4 -> True
Test Sample 5105 - Label : 2, Result : 2 -> True
Test Sample 5106 - Label : 9, Result : 9 -> True
Test Sample 5107 - Label : 7, Result : 7 -> True
Test Sample 5108 - Label : 0, Result : 0 -> True
Test Sample 5109 - Label : 0, Result : 0 -> True
Test Sample 5110 - Label : 7, Result : 7 -> True
Test Sample 5111 - Label : 5, Result : 5 -> True
Test Sample 5112 - Label : 1, Result : 1 -> True
Test Sample 5113 - Label : 1, Result : 1 -> True
Test Sample 5114 - Label : 7, Result : 7 -> True
Test Sample 5115 - Label : 6, Result : 6 -> True
Test Sample 5116 - Label : 6, Result : 6 -> True
Test Sample 5117 - Label : 6, Result : 6 -> True
Test Sample 5118 - Label : 8, Result : 8 -> True
Test Sample 5119 - Label : 2, Result : 2 -> True
Test Sample 5120 - Label : 2, Result : 2 -> True
Test Sample 5121 - Label : 7, Result : 7 -> True
Test Sample 5122 - Label : 7, Result : 7 -> True
Test Sample 5123 - Label : 4, Result : 4 -> True
Test Sample 5124 - Label : 0, Result : 0 -> True
Test Sample 5125 - Label : 2, Result : 2 -> True
Test Sample 5126 - Label : 4, Result : 4 -> True
Test Sample 5127 - Label : 2, Result : 2 -> True
Test Sample 5128 - Label : 1, Result : 1 -> True
Test Sample 5129 - Label : 8, Result : 8 -> True
Test Sample 5130 - Label : 9, Result : 9 -> True
Test Sample 5131 - Label : 6, Result : 6 -> True
Test Sample 5132 - Label : 1, Result : 1 -> True
Test Sample 5133 - Label : 0, Result : 0 -> True
Test Sample 5134 - Label : 5, Result : 5 -> True
Test Sample 5135 - Label : 9, Result : 9 -> True
Test Sample 5136 - Label : 6, Result : 6 -> True
Test Sample 5137 - Label : 9, Result : 9 -> True
Test Sample 5138 - Label : 8, Result : 8 -> True
Test Sample 5139 - Label : 0, Result : 0 -> True
Test Sample 5140 - Label : 3, Result : 5 -> False
Test Sample 5141 - Label : 0, Result : 0 -> True
Test Sample 5142 - Label : 8, Result : 8 -> True
Test Sample 5143 - Label : 3, Result : 3 -> True
Test Sample 5144 - Label : 9, Result : 9 -> True
Test Sample 5145 - Label : 6, Result : 6 -> True
Test Sample 5146 - Label : 3, Result : 3 -> True
Test Sample 5147 - Label : 0, Result : 0 -> True
Test Sample 5148 - Label : 1, Result : 1 -> True
Test Sample 5149 - Label : 2, Result : 2 -> True
Test Sample 5150 - Label : 3, Result : 3 -> True
Test Sample 5151 - Label : 4, Result : 4 -> True
Test Sample 5152 - Label : 5, Result : 5 -> True
Test Sample 5153 - Label : 6, Result : 6 -> True
Test Sample 5154 - Label : 7, Result : 7 -> True
Test Sample 5155 - Label : 0, Result : 0 -> True
Test Sample 5156 - Label : 1, Result : 1 -> True
Test Sample 5157 - Label : 2, Result : 2 -> True
Test Sample 5158 - Label : 3, Result : 3 -> True
Test Sample 5159 - Label : 4, Result : 4 -> True
Test Sample 5160 - Label : 5, Result : 5 -> True
Test Sample 5161 - Label : 6, Result : 6 -> True
Test Sample 5162 - Label : 7, Result : 7 -> True
Test Sample 5163 - Label : 8, Result : 8 -> True
Test Sample 5164 - Label : 9, Result : 9 -> True
Test Sample 5165 - Label : 0, Result : 0 -> True
Test Sample 5166 - Label : 1, Result : 1 -> True
Test Sample 5167 - Label : 2, Result : 2 -> True
Test Sample 5168 - Label : 3, Result : 3 -> True
Test Sample 5169 - Label : 4, Result : 4 -> True
Test Sample 5170 - Label : 5, Result : 5 -> True
Test Sample 5171 - Label : 6, Result : 6 -> True
Test Sample 5172 - Label : 7, Result : 7 -> True
Test Sample 5173 - Label : 8, Result : 8 -> True
Test Sample 5174 - Label : 5, Result : 5 -> True
Test Sample 5175 - Label : 4, Result : 4 -> True
Test Sample 5176 - Label : 8, Result : 8 -> True
Test Sample 5177 - Label : 7, Result : 7 -> True
Test Sample 5178 - Label : 4, Result : 4 -> True
Test Sample 5179 - Label : 7, Result : 7 -> True
Test Sample 5180 - Label : 7, Result : 7 -> True
Test Sample 5181 - Label : 3, Result : 3 -> True
Test Sample 5182 - Label : 9, Result : 9 -> True
Test Sample 5183 - Label : 8, Result : 8 -> True
Test Sample 5184 - Label : 8, Result : 8 -> True
Test Sample 5185 - Label : 3, Result : 3 -> True
Test Sample 5186 - Label : 1, Result : 1 -> True
Test Sample 5187 - Label : 5, Result : 5 -> True
Test Sample 5188 - Label : 8, Result : 8 -> True
Test Sample 5189 - Label : 2, Result : 2 -> True
Test Sample 5190 - Label : 7, Result : 7 -> True
Test Sample 5191 - Label : 4, Result : 4 -> True
Test Sample 5192 - Label : 2, Result : 2 -> True
Test Sample 5193 - Label : 1, Result : 1 -> True
Test Sample 5194 - Label : 5, Result : 5 -> True
Test Sample 5195 - Label : 4, Result : 4 -> True
Test Sample 5196 - Label : 5, Result : 5 -> True
Test Sample 5197 - Label : 5, Result : 5 -> True
Test Sample 5198 - Label : 8, Result : 8 -> True
Test Sample 5199 - Label : 6, Result : 6 -> True
Test Sample 5200 - Label : 4, Result : 4 -> True
Test Sample 5201 - Label : 4, Result : 4 -> True
Test Sample 5202 - Label : 4, Result : 4 -> True
Test Sample 5203 - Label : 1, Result : 1 -> True
Test Sample 5204 - Label : 8, Result : 8 -> True
Test Sample 5205 - Label : 7, Result : 7 -> True
Test Sample 5206 - Label : 5, Result : 5 -> True
Test Sample 5207 - Label : 5, Result : 5 -> True
Test Sample 5208 - Label : 1, Result : 1 -> True
Test Sample 5209 - Label : 8, Result : 8 -> True
Test Sample 5210 - Label : 9, Result : 9 -> True
Test Sample 5211 - Label : 1, Result : 1 -> True
Test Sample 5212 - Label : 3, Result : 3 -> True
Test Sample 5213 - Label : 6, Result : 6 -> True
Test Sample 5214 - Label : 3, Result : 3 -> True
Test Sample 5215 - Label : 3, Result : 3 -> True
Test Sample 5216 - Label : 2, Result : 2 -> True
Test Sample 5217 - Label : 2, Result : 2 -> True
Test Sample 5218 - Label : 6, Result : 6 -> True
Test Sample 5219 - Label : 9, Result : 9 -> True
Test Sample 5220 - Label : 9, Result : 9 -> True
Test Sample 5221 - Label : 6, Result : 6 -> True
Test Sample 5222 - Label : 5, Result : 5 -> True
Test Sample 5223 - Label : 5, Result : 5 -> True
Test Sample 5224 - Label : 3, Result : 3 -> True
Test Sample 5225 - Label : 3, Result : 3 -> True
Test Sample 5226 - Label : 8, Result : 8 -> True
Test Sample 5227 - Label : 1, Result : 1 -> True
Test Sample 5228 - Label : 6, Result : 6 -> True
Test Sample 5229 - Label : 5, Result : 5 -> True
Test Sample 5230 - Label : 6, Result : 6 -> True
Test Sample 5231 - Label : 8, Result : 8 -> True
Test Sample 5232 - Label : 1, Result : 1 -> True
Test Sample 5233 - Label : 9, Result : 9 -> True
Test Sample 5234 - Label : 7, Result : 7 -> True
Test Sample 5235 - Label : 6, Result : 6 -> True
Test Sample 5236 - Label : 8, Result : 8 -> True
Test Sample 5237 - Label : 3, Result : 3 -> True
Test Sample 5238 - Label : 7, Result : 7 -> True
Test Sample 5239 - Label : 4, Result : 4 -> True
Test Sample 5240 - Label : 7, Result : 7 -> True
Test Sample 5241 - Label : 0, Result : 0 -> True
Test Sample 5242 - Label : 9, Result : 9 -> True
Test Sample 5243 - Label : 0, Result : 0 -> True
Test Sample 5244 - Label : 0, Result : 0 -> True
Test Sample 5245 - Label : 3, Result : 3 -> True
Test Sample 5246 - Label : 7, Result : 7 -> True
Test Sample 5247 - Label : 9, Result : 9 -> True
Test Sample 5248 - Label : 3, Result : 3 -> True
Test Sample 5249 - Label : 0, Result : 0 -> True
Test Sample 5250 - Label : 2, Result : 2 -> True
Test Sample 5251 - Label : 0, Result : 0 -> True
Test Sample 5252 - Label : 1, Result : 1 -> True
Test Sample 5253 - Label : 0, Result : 0 -> True
Test Sample 5254 - Label : 1, Result : 1 -> True
Test Sample 5255 - Label : 0, Result : 0 -> True
Test Sample 5256 - Label : 4, Result : 4 -> True
Test Sample 5257 - Label : 0, Result : 0 -> True
Test Sample 5258 - Label : 1, Result : 1 -> True
Test Sample 5259 - Label : 0, Result : 0 -> True
Test Sample 5260 - Label : 4, Result : 4 -> True
Test Sample 5261 - Label : 7, Result : 7 -> True
Test Sample 5262 - Label : 9, Result : 9 -> True
Test Sample 5263 - Label : 6, Result : 6 -> True
Test Sample 5264 - Label : 2, Result : 2 -> True
Test Sample 5265 - Label : 6, Result : 6 -> True
Test Sample 5266 - Label : 2, Result : 2 -> True
Test Sample 5267 - Label : 2, Result : 2 -> True
Test Sample 5268 - Label : 9, Result : 9 -> True
Test Sample 5269 - Label : 9, Result : 9 -> True
Test Sample 5270 - Label : 0, Result : 0 -> True
Test Sample 5271 - Label : 1, Result : 1 -> True
Test Sample 5272 - Label : 2, Result : 2 -> True
Test Sample 5273 - Label : 3, Result : 3 -> True
Test Sample 5274 - Label : 4, Result : 4 -> True
Test Sample 5275 - Label : 5, Result : 5 -> True
Test Sample 5276 - Label : 6, Result : 6 -> True
Test Sample 5277 - Label : 7, Result : 7 -> True
Test Sample 5278 - Label : 8, Result : 8 -> True
Test Sample 5279 - Label : 9, Result : 9 -> True
Test Sample 5280 - Label : 0, Result : 0 -> True
Test Sample 5281 - Label : 1, Result : 1 -> True
Test Sample 5282 - Label : 2, Result : 2 -> True
Test Sample 5283 - Label : 3, Result : 3 -> True
Test Sample 5284 - Label : 4, Result : 4 -> True
Test Sample 5285 - Label : 5, Result : 5 -> True
Test Sample 5286 - Label : 6, Result : 6 -> True
Test Sample 5287 - Label : 7, Result : 7 -> True
Test Sample 5288 - Label : 8, Result : 8 -> True
Test Sample 5289 - Label : 9, Result : 9 -> True
Test Sample 5290 - Label : 0, Result : 0 -> True
Test Sample 5291 - Label : 1, Result : 1 -> True
Test Sample 5292 - Label : 2, Result : 2 -> True
Test Sample 5293 - Label : 3, Result : 3 -> True
Test Sample 5294 - Label : 4, Result : 4 -> True
Test Sample 5295 - Label : 5, Result : 5 -> True
Test Sample 5296 - Label : 6, Result : 6 -> True
Test Sample 5297 - Label : 7, Result : 7 -> True
Test Sample 5298 - Label : 8, Result : 8 -> True
Test Sample 5299 - Label : 9, Result : 9 -> True
Test Sample 5300 - Label : 8, Result : 8 -> True
Test Sample 5301 - Label : 0, Result : 0 -> True
Test Sample 5302 - Label : 5, Result : 5 -> True
Test Sample 5303 - Label : 6, Result : 6 -> True
Test Sample 5304 - Label : 6, Result : 6 -> True
Test Sample 5305 - Label : 0, Result : 0 -> True
Test Sample 5306 - Label : 8, Result : 8 -> True
Test Sample 5307 - Label : 0, Result : 0 -> True
Test Sample 5308 - Label : 2, Result : 2 -> True
Test Sample 5309 - Label : 3, Result : 3 -> True
Test Sample 5310 - Label : 7, Result : 7 -> True
Test Sample 5311 - Label : 9, Result : 9 -> True
Test Sample 5312 - Label : 4, Result : 4 -> True
Test Sample 5313 - Label : 7, Result : 7 -> True
Test Sample 5314 - Label : 1, Result : 1 -> True
Test Sample 5315 - Label : 9, Result : 9 -> True
Test Sample 5316 - Label : 1, Result : 1 -> True
Test Sample 5317 - Label : 7, Result : 7 -> True
Test Sample 5318 - Label : 1, Result : 1 -> True
Test Sample 5319 - Label : 4, Result : 4 -> True
Test Sample 5320 - Label : 0, Result : 0 -> True
Test Sample 5321 - Label : 0, Result : 0 -> True
Test Sample 5322 - Label : 4, Result : 4 -> True
Test Sample 5323 - Label : 1, Result : 1 -> True
Test Sample 5324 - Label : 7, Result : 7 -> True
Test Sample 5325 - Label : 5, Result : 5 -> True
Test Sample 5326 - Label : 7, Result : 7 -> True
Test Sample 5327 - Label : 1, Result : 1 -> True
Test Sample 5328 - Label : 3, Result : 3 -> True
Test Sample 5329 - Label : 3, Result : 3 -> True
Test Sample 5330 - Label : 3, Result : 3 -> True
Test Sample 5331 - Label : 1, Result : 6 -> False
Test Sample 5332 - Label : 6, Result : 6 -> True
Test Sample 5333 - Label : 9, Result : 9 -> True
Test Sample 5334 - Label : 7, Result : 7 -> True
Test Sample 5335 - Label : 4, Result : 4 -> True
Test Sample 5336 - Label : 3, Result : 3 -> True
Test Sample 5337 - Label : 0, Result : 0 -> True
Test Sample 5338 - Label : 2, Result : 2 -> True
Test Sample 5339 - Label : 5, Result : 5 -> True
Test Sample 5340 - Label : 2, Result : 2 -> True
Test Sample 5341 - Label : 6, Result : 6 -> True
Test Sample 5342 - Label : 0, Result : 0 -> True
Test Sample 5343 - Label : 8, Result : 8 -> True
Test Sample 5344 - Label : 9, Result : 9 -> True
Test Sample 5345 - Label : 4, Result : 4 -> True
Test Sample 5346 - Label : 3, Result : 3 -> True
Test Sample 5347 - Label : 5, Result : 5 -> True
Test Sample 5348 - Label : 4, Result : 4 -> True
Test Sample 5349 - Label : 8, Result : 8 -> True
Test Sample 5350 - Label : 1, Result : 1 -> True
Test Sample 5351 - Label : 5, Result : 5 -> True
Test Sample 5352 - Label : 9, Result : 9 -> True
Test Sample 5353 - Label : 0, Result : 0 -> True
Test Sample 5354 - Label : 6, Result : 6 -> True
Test Sample 5355 - Label : 4, Result : 4 -> True
Test Sample 5356 - Label : 3, Result : 3 -> True
Test Sample 5357 - Label : 6, Result : 6 -> True
Test Sample 5358 - Label : 3, Result : 3 -> True
Test Sample 5359 - Label : 3, Result : 3 -> True
Test Sample 5360 - Label : 8, Result : 8 -> True
Test Sample 5361 - Label : 1, Result : 1 -> True
Test Sample 5362 - Label : 4, Result : 4 -> True
Test Sample 5363 - Label : 7, Result : 7 -> True
Test Sample 5364 - Label : 5, Result : 5 -> True
Test Sample 5365 - Label : 7, Result : 7 -> True
Test Sample 5366 - Label : 2, Result : 2 -> True
Test Sample 5367 - Label : 2, Result : 2 -> True
Test Sample 5368 - Label : 0, Result : 0 -> True
Test Sample 5369 - Label : 0, Result : 0 -> True
Test Sample 5370 - Label : 1, Result : 1 -> True
Test Sample 5371 - Label : 7, Result : 7 -> True
Test Sample 5372 - Label : 7, Result : 7 -> True
Test Sample 5373 - Label : 9, Result : 9 -> True
Test Sample 5374 - Label : 5, Result : 5 -> True
Test Sample 5375 - Label : 9, Result : 9 -> True
Test Sample 5376 - Label : 8, Result : 8 -> True
Test Sample 5377 - Label : 9, Result : 9 -> True
Test Sample 5378 - Label : 6, Result : 6 -> True
Test Sample 5379 - Label : 8, Result : 8 -> True
Test Sample 5380 - Label : 8, Result : 8 -> True
Test Sample 5381 - Label : 2, Result : 2 -> True
Test Sample 5382 - Label : 3, Result : 3 -> True
Test Sample 5383 - Label : 6, Result : 6 -> True
Test Sample 5384 - Label : 1, Result : 1 -> True
Test Sample 5385 - Label : 2, Result : 2 -> True
Test Sample 5386 - Label : 9, Result : 9 -> True
Test Sample 5387 - Label : 8, Result : 8 -> True
Test Sample 5388 - Label : 9, Result : 9 -> True
Test Sample 5389 - Label : 5, Result : 5 -> True
Test Sample 5390 - Label : 2, Result : 2 -> True
Test Sample 5391 - Label : 6, Result : 6 -> True
Test Sample 5392 - Label : 2, Result : 2 -> True
Test Sample 5393 - Label : 4, Result : 4 -> True
Test Sample 5394 - Label : 8, Result : 8 -> True
Test Sample 5395 - Label : 4, Result : 4 -> True
Test Sample 5396 - Label : 6, Result : 6 -> True
Test Sample 5397 - Label : 5, Result : 5 -> True
Test Sample 5398 - Label : 0, Result : 0 -> True
Test Sample 5399 - Label : 1, Result : 1 -> True
Test Sample 5400 - Label : 5, Result : 5 -> True
Test Sample 5401 - Label : 6, Result : 6 -> True
Test Sample 5402 - Label : 7, Result : 7 -> True
Test Sample 5403 - Label : 8, Result : 8 -> True
Test Sample 5404 - Label : 9, Result : 9 -> True
Test Sample 5405 - Label : 0, Result : 0 -> True
Test Sample 5406 - Label : 1, Result : 1 -> True
Test Sample 5407 - Label : 2, Result : 2 -> True
Test Sample 5408 - Label : 3, Result : 3 -> True
Test Sample 5409 - Label : 4, Result : 4 -> True
Test Sample 5410 - Label : 5, Result : 5 -> True
Test Sample 5411 - Label : 6, Result : 6 -> True
Test Sample 5412 - Label : 7, Result : 7 -> True
Test Sample 5413 - Label : 8, Result : 8 -> True
Test Sample 5414 - Label : 9, Result : 9 -> True
Test Sample 5415 - Label : 0, Result : 0 -> True
Test Sample 5416 - Label : 1, Result : 1 -> True
Test Sample 5417 - Label : 2, Result : 2 -> True
Test Sample 5418 - Label : 3, Result : 3 -> True
Test Sample 5419 - Label : 4, Result : 4 -> True
Test Sample 5420 - Label : 5, Result : 5 -> True
Test Sample 5421 - Label : 6, Result : 6 -> True
Test Sample 5422 - Label : 7, Result : 7 -> True
Test Sample 5423 - Label : 8, Result : 8 -> True
Test Sample 5424 - Label : 9, Result : 9 -> True
Test Sample 5425 - Label : 7, Result : 7 -> True
Test Sample 5426 - Label : 4, Result : 4 -> True
Test Sample 5427 - Label : 2, Result : 2 -> True
Test Sample 5428 - Label : 0, Result : 0 -> True
Test Sample 5429 - Label : 9, Result : 9 -> True
Test Sample 5430 - Label : 0, Result : 0 -> True
Test Sample 5431 - Label : 1, Result : 1 -> True
Test Sample 5432 - Label : 5, Result : 5 -> True
Test Sample 5433 - Label : 8, Result : 8 -> True
Test Sample 5434 - Label : 8, Result : 8 -> True
Test Sample 5435 - Label : 0, Result : 0 -> True
Test Sample 5436 - Label : 2, Result : 2 -> True
Test Sample 5437 - Label : 7, Result : 7 -> True
Test Sample 5438 - Label : 8, Result : 8 -> True
Test Sample 5439 - Label : 4, Result : 4 -> True
Test Sample 5440 - Label : 4, Result : 4 -> True
Test Sample 5441 - Label : 6, Result : 6 -> True
Test Sample 5442 - Label : 1, Result : 1 -> True
Test Sample 5443 - Label : 0, Result : 0 -> True
Test Sample 5444 - Label : 4, Result : 4 -> True
Test Sample 5445 - Label : 5, Result : 5 -> True
Test Sample 5446 - Label : 3, Result : 3 -> True
Test Sample 5447 - Label : 9, Result : 9 -> True
Test Sample 5448 - Label : 4, Result : 4 -> True
Test Sample 5449 - Label : 2, Result : 2 -> True
Test Sample 5450 - Label : 0, Result : 0 -> True
Test Sample 5451 - Label : 5, Result : 5 -> True
Test Sample 5452 - Label : 0, Result : 0 -> True
Test Sample 5453 - Label : 1, Result : 1 -> True
Test Sample 5454 - Label : 3, Result : 3 -> True
Test Sample 5455 - Label : 2, Result : 2 -> True
Test Sample 5456 - Label : 9, Result : 9 -> True
Test Sample 5457 - Label : 1, Result : 1 -> True
Test Sample 5458 - Label : 6, Result : 6 -> True
Test Sample 5459 - Label : 0, Result : 0 -> True
Test Sample 5460 - Label : 1, Result : 1 -> True
Test Sample 5461 - Label : 1, Result : 1 -> True
Test Sample 5462 - Label : 8, Result : 8 -> True
Test Sample 5463 - Label : 0, Result : 0 -> True
Test Sample 5464 - Label : 4, Result : 4 -> True
Test Sample 5465 - Label : 7, Result : 7 -> True
Test Sample 5466 - Label : 7, Result : 7 -> True
Test Sample 5467 - Label : 6, Result : 6 -> True
Test Sample 5468 - Label : 3, Result : 3 -> True
Test Sample 5469 - Label : 6, Result : 6 -> True
Test Sample 5470 - Label : 0, Result : 0 -> True
Test Sample 5471 - Label : 7, Result : 7 -> True
Test Sample 5472 - Label : 3, Result : 3 -> True
Test Sample 5473 - Label : 5, Result : 5 -> True
Test Sample 5474 - Label : 4, Result : 4 -> True
Test Sample 5475 - Label : 2, Result : 2 -> True
Test Sample 5476 - Label : 4, Result : 4 -> True
Test Sample 5477 - Label : 1, Result : 1 -> True
Test Sample 5478 - Label : 8, Result : 8 -> True
Test Sample 5479 - Label : 3, Result : 3 -> True
Test Sample 5480 - Label : 5, Result : 5 -> True
Test Sample 5481 - Label : 6, Result : 6 -> True
Test Sample 5482 - Label : 7, Result : 7 -> True
Test Sample 5483 - Label : 0, Result : 0 -> True
Test Sample 5484 - Label : 6, Result : 6 -> True
Test Sample 5485 - Label : 7, Result : 7 -> True
Test Sample 5486 - Label : 1, Result : 1 -> True
Test Sample 5487 - Label : 2, Result : 2 -> True
Test Sample 5488 - Label : 5, Result : 5 -> True
Test Sample 5489 - Label : 8, Result : 8 -> True
Test Sample 5490 - Label : 1, Result : 1 -> True
Test Sample 5491 - Label : 9, Result : 9 -> True
Test Sample 5492 - Label : 3, Result : 3 -> True
Test Sample 5493 - Label : 8, Result : 8 -> True
Test Sample 5494 - Label : 2, Result : 2 -> True
Test Sample 5495 - Label : 8, Result : 8 -> True
Test Sample 5496 - Label : 7, Result : 7 -> True
Test Sample 5497 - Label : 6, Result : 6 -> True
Test Sample 5498 - Label : 7, Result : 7 -> True
Test Sample 5499 - Label : 1, Result : 1 -> True
Test Sample 5500 - Label : 4, Result : 4 -> True
Test Sample 5501 - Label : 6, Result : 6 -> True
Test Sample 5502 - Label : 2, Result : 2 -> True
Test Sample 5503 - Label : 9, Result : 9 -> True
Test Sample 5504 - Label : 3, Result : 3 -> True
Test Sample 5505 - Label : 0, Result : 0 -> True
Test Sample 5506 - Label : 1, Result : 1 -> True
Test Sample 5507 - Label : 2, Result : 2 -> True
Test Sample 5508 - Label : 3, Result : 3 -> True
Test Sample 5509 - Label : 4, Result : 4 -> True
Test Sample 5510 - Label : 5, Result : 5 -> True
Test Sample 5511 - Label : 6, Result : 6 -> True
Test Sample 5512 - Label : 7, Result : 7 -> True
Test Sample 5513 - Label : 0, Result : 0 -> True
Test Sample 5514 - Label : 1, Result : 1 -> True
Test Sample 5515 - Label : 2, Result : 2 -> True
Test Sample 5516 - Label : 3, Result : 3 -> True
Test Sample 5517 - Label : 4, Result : 4 -> True
Test Sample 5518 - Label : 5, Result : 5 -> True
Test Sample 5519 - Label : 0, Result : 0 -> True
Test Sample 5520 - Label : 1, Result : 1 -> True
Test Sample 5521 - Label : 2, Result : 2 -> True
Test Sample 5522 - Label : 8, Result : 8 -> True
Test Sample 5523 - Label : 9, Result : 9 -> True
Test Sample 5524 - Label : 1, Result : 1 -> True
Test Sample 5525 - Label : 4, Result : 4 -> True
Test Sample 5526 - Label : 0, Result : 0 -> True
Test Sample 5527 - Label : 9, Result : 9 -> True
Test Sample 5528 - Label : 5, Result : 5 -> True
Test Sample 5529 - Label : 0, Result : 0 -> True
Test Sample 5530 - Label : 8, Result : 8 -> True
Test Sample 5531 - Label : 0, Result : 0 -> True
Test Sample 5532 - Label : 7, Result : 7 -> True
Test Sample 5533 - Label : 7, Result : 7 -> True
Test Sample 5534 - Label : 1, Result : 1 -> True
Test Sample 5535 - Label : 1, Result : 1 -> True
Test Sample 5536 - Label : 2, Result : 2 -> True
Test Sample 5537 - Label : 9, Result : 9 -> True
Test Sample 5538 - Label : 3, Result : 3 -> True
Test Sample 5539 - Label : 6, Result : 6 -> True
Test Sample 5540 - Label : 7, Result : 7 -> True
Test Sample 5541 - Label : 2, Result : 2 -> True
Test Sample 5542 - Label : 3, Result : 3 -> True
Test Sample 5543 - Label : 8, Result : 8 -> True
Test Sample 5544 - Label : 1, Result : 1 -> True
Test Sample 5545 - Label : 2, Result : 2 -> True
Test Sample 5546 - Label : 9, Result : 9 -> True
Test Sample 5547 - Label : 8, Result : 8 -> True
Test Sample 5548 - Label : 8, Result : 8 -> True
Test Sample 5549 - Label : 7, Result : 7 -> True
Test Sample 5550 - Label : 1, Result : 1 -> True
Test Sample 5551 - Label : 7, Result : 7 -> True
Test Sample 5552 - Label : 1, Result : 1 -> True
Test Sample 5553 - Label : 1, Result : 1 -> True
Test Sample 5554 - Label : 0, Result : 0 -> True
Test Sample 5555 - Label : 3, Result : 3 -> True
Test Sample 5556 - Label : 4, Result : 4 -> True
Test Sample 5557 - Label : 2, Result : 2 -> True
Test Sample 5558 - Label : 6, Result : 6 -> True
Test Sample 5559 - Label : 4, Result : 4 -> True
Test Sample 5560 - Label : 7, Result : 7 -> True
Test Sample 5561 - Label : 4, Result : 4 -> True
Test Sample 5562 - Label : 2, Result : 2 -> True
Test Sample 5563 - Label : 7, Result : 7 -> True
Test Sample 5564 - Label : 4, Result : 4 -> True
Test Sample 5565 - Label : 9, Result : 9 -> True
Test Sample 5566 - Label : 1, Result : 1 -> True
Test Sample 5567 - Label : 0, Result : 0 -> True
Test Sample 5568 - Label : 6, Result : 6 -> True
Test Sample 5569 - Label : 8, Result : 8 -> True
Test Sample 5570 - Label : 5, Result : 5 -> True
Test Sample 5571 - Label : 5, Result : 5 -> True
Test Sample 5572 - Label : 5, Result : 5 -> True
Test Sample 5573 - Label : 3, Result : 3 -> True
Test Sample 5574 - Label : 5, Result : 5 -> True
Test Sample 5575 - Label : 9, Result : 9 -> True
Test Sample 5576 - Label : 7, Result : 7 -> True
Test Sample 5577 - Label : 4, Result : 4 -> True
Test Sample 5578 - Label : 8, Result : 8 -> True
Test Sample 5579 - Label : 5, Result : 5 -> True
Test Sample 5580 - Label : 9, Result : 9 -> True
Test Sample 5581 - Label : 6, Result : 6 -> True
Test Sample 5582 - Label : 9, Result : 9 -> True
Test Sample 5583 - Label : 3, Result : 3 -> True
Test Sample 5584 - Label : 0, Result : 0 -> True
Test Sample 5585 - Label : 3, Result : 3 -> True
Test Sample 5586 - Label : 8, Result : 8 -> True
Test Sample 5587 - Label : 9, Result : 9 -> True
Test Sample 5588 - Label : 1, Result : 1 -> True
Test Sample 5589 - Label : 8, Result : 8 -> True
Test Sample 5590 - Label : 1, Result : 1 -> True
Test Sample 5591 - Label : 6, Result : 6 -> True
Test Sample 5592 - Label : 0, Result : 0 -> True
Test Sample 5593 - Label : 0, Result : 0 -> True
Test Sample 5594 - Label : 1, Result : 1 -> True
Test Sample 5595 - Label : 2, Result : 2 -> True
Test Sample 5596 - Label : 3, Result : 3 -> True
Test Sample 5597 - Label : 4, Result : 4 -> True
Test Sample 5598 - Label : 5, Result : 5 -> True
Test Sample 5599 - Label : 6, Result : 6 -> True
Test Sample 5600 - Label : 7, Result : 7 -> True
Test Sample 5601 - Label : 8, Result : 8 -> True
Test Sample 5602 - Label : 9, Result : 9 -> True
Test Sample 5603 - Label : 0, Result : 0 -> True
Test Sample 5604 - Label : 1, Result : 1 -> True
Test Sample 5605 - Label : 2, Result : 2 -> True
Test Sample 5606 - Label : 3, Result : 3 -> True
Test Sample 5607 - Label : 4, Result : 4 -> True
Test Sample 5608 - Label : 5, Result : 5 -> True
Test Sample 5609 - Label : 6, Result : 6 -> True
Test Sample 5610 - Label : 7, Result : 7 -> True
Test Sample 5611 - Label : 8, Result : 8 -> True
Test Sample 5612 - Label : 9, Result : 9 -> True
Test Sample 5613 - Label : 0, Result : 0 -> True
Test Sample 5614 - Label : 1, Result : 1 -> True
Test Sample 5615 - Label : 2, Result : 2 -> True
Test Sample 5616 - Label : 3, Result : 3 -> True
Test Sample 5617 - Label : 4, Result : 4 -> True
Test Sample 5618 - Label : 5, Result : 5 -> True
Test Sample 5619 - Label : 6, Result : 6 -> True
Test Sample 5620 - Label : 7, Result : 7 -> True
Test Sample 5621 - Label : 8, Result : 8 -> True
Test Sample 5622 - Label : 9, Result : 9 -> True
Test Sample 5623 - Label : 3, Result : 3 -> True
Test Sample 5624 - Label : 5, Result : 5 -> True
Test Sample 5625 - Label : 3, Result : 3 -> True
Test Sample 5626 - Label : 2, Result : 2 -> True
Test Sample 5627 - Label : 9, Result : 9 -> True
Test Sample 5628 - Label : 3, Result : 3 -> True
Test Sample 5629 - Label : 2, Result : 2 -> True
Test Sample 5630 - Label : 1, Result : 1 -> True
Test Sample 5631 - Label : 4, Result : 4 -> True
Test Sample 5632 - Label : 5, Result : 5 -> True
Test Sample 5633 - Label : 5, Result : 5 -> True
Test Sample 5634 - Label : 2, Result : 3 -> False
Test Sample 5635 - Label : 3, Result : 3 -> True
Test Sample 5636 - Label : 2, Result : 2 -> True
Test Sample 5637 - Label : 1, Result : 1 -> True
Test Sample 5638 - Label : 3, Result : 3 -> True
Test Sample 5639 - Label : 9, Result : 9 -> True
Test Sample 5640 - Label : 7, Result : 7 -> True
Test Sample 5641 - Label : 2, Result : 2 -> True
Test Sample 5642 - Label : 1, Result : 5 -> False
Test Sample 5643 - Label : 2, Result : 2 -> True
Test Sample 5644 - Label : 8, Result : 8 -> True
Test Sample 5645 - Label : 9, Result : 9 -> True
Test Sample 5646 - Label : 1, Result : 1 -> True
Test Sample 5647 - Label : 8, Result : 8 -> True
Test Sample 5648 - Label : 8, Result : 8 -> True
Test Sample 5649 - Label : 7, Result : 7 -> True
Test Sample 5650 - Label : 8, Result : 8 -> True
Test Sample 5651 - Label : 1, Result : 1 -> True
Test Sample 5652 - Label : 0, Result : 0 -> True
Test Sample 5653 - Label : 0, Result : 0 -> True
Test Sample 5654 - Label : 7, Result : 7 -> True
Test Sample 5655 - Label : 7, Result : 7 -> True
Test Sample 5656 - Label : 8, Result : 8 -> True
Test Sample 5657 - Label : 7, Result : 7 -> True
Test Sample 5658 - Label : 5, Result : 5 -> True
Test Sample 5659 - Label : 0, Result : 0 -> True
Test Sample 5660 - Label : 6, Result : 6 -> True
Test Sample 5661 - Label : 1, Result : 1 -> True
Test Sample 5662 - Label : 5, Result : 5 -> True
Test Sample 5663 - Label : 7, Result : 7 -> True
Test Sample 5664 - Label : 4, Result : 4 -> True
Test Sample 5665 - Label : 6, Result : 6 -> True
Test Sample 5666 - Label : 1, Result : 1 -> True
Test Sample 5667 - Label : 2, Result : 2 -> True
Test Sample 5668 - Label : 5, Result : 5 -> True
Test Sample 5669 - Label : 0, Result : 0 -> True
Test Sample 5670 - Label : 7, Result : 7 -> True
Test Sample 5671 - Label : 9, Result : 9 -> True
Test Sample 5672 - Label : 9, Result : 9 -> True
Test Sample 5673 - Label : 0, Result : 0 -> True
Test Sample 5674 - Label : 3, Result : 3 -> True
Test Sample 5675 - Label : 8, Result : 8 -> True
Test Sample 5676 - Label : 4, Result : 4 -> True
Test Sample 5677 - Label : 4, Result : 4 -> True
Test Sample 5678 - Label : 8, Result : 8 -> True
Test Sample 5679 - Label : 1, Result : 1 -> True
Test Sample 5680 - Label : 8, Result : 8 -> True
Test Sample 5681 - Label : 6, Result : 6 -> True
Test Sample 5682 - Label : 5, Result : 5 -> True
Test Sample 5683 - Label : 9, Result : 9 -> True
Test Sample 5684 - Label : 0, Result : 0 -> True
Test Sample 5685 - Label : 0, Result : 0 -> True
Test Sample 5686 - Label : 0, Result : 0 -> True
Test Sample 5687 - Label : 3, Result : 3 -> True
Test Sample 5688 - Label : 7, Result : 7 -> True
Test Sample 5689 - Label : 1, Result : 1 -> True
Test Sample 5690 - Label : 6, Result : 6 -> True
Test Sample 5691 - Label : 4, Result : 4 -> True
Test Sample 5692 - Label : 2, Result : 2 -> True
Test Sample 5693 - Label : 6, Result : 6 -> True
Test Sample 5694 - Label : 6, Result : 6 -> True
Test Sample 5695 - Label : 0, Result : 0 -> True
Test Sample 5696 - Label : 4, Result : 4 -> True
Test Sample 5697 - Label : 5, Result : 5 -> True
Test Sample 5698 - Label : 4, Result : 4 -> True
Test Sample 5699 - Label : 1, Result : 1 -> True
Test Sample 5700 - Label : 3, Result : 3 -> True
Test Sample 5701 - Label : 8, Result : 8 -> True
Test Sample 5702 - Label : 6, Result : 6 -> True
Test Sample 5703 - Label : 3, Result : 3 -> True
Test Sample 5704 - Label : 9, Result : 9 -> True
Test Sample 5705 - Label : 9, Result : 9 -> True
Test Sample 5706 - Label : 5, Result : 5 -> True
Test Sample 5707 - Label : 9, Result : 9 -> True
Test Sample 5708 - Label : 3, Result : 3 -> True
Test Sample 5709 - Label : 7, Result : 7 -> True
Test Sample 5710 - Label : 8, Result : 8 -> True
Test Sample 5711 - Label : 5, Result : 5 -> True
Test Sample 5712 - Label : 6, Result : 6 -> True
Test Sample 5713 - Label : 4, Result : 4 -> True
Test Sample 5714 - Label : 7, Result : 7 -> True
Test Sample 5715 - Label : 6, Result : 6 -> True
Test Sample 5716 - Label : 2, Result : 2 -> True
Test Sample 5717 - Label : 2, Result : 2 -> True
Test Sample 5718 - Label : 0, Result : 0 -> True
Test Sample 5719 - Label : 9, Result : 9 -> True
Test Sample 5720 - Label : 4, Result : 4 -> True
Test Sample 5721 - Label : 0, Result : 0 -> True
Test Sample 5722 - Label : 1, Result : 1 -> True
Test Sample 5723 - Label : 2, Result : 2 -> True
Test Sample 5724 - Label : 3, Result : 3 -> True
Test Sample 5725 - Label : 4, Result : 4 -> True
Test Sample 5726 - Label : 5, Result : 5 -> True
Test Sample 5727 - Label : 6, Result : 6 -> True
Test Sample 5728 - Label : 7, Result : 7 -> True
Test Sample 5729 - Label : 8, Result : 8 -> True
Test Sample 5730 - Label : 9, Result : 9 -> True
Test Sample 5731 - Label : 0, Result : 0 -> True
Test Sample 5732 - Label : 1, Result : 1 -> True
Test Sample 5733 - Label : 2, Result : 2 -> True
Test Sample 5734 - Label : 3, Result : 7 -> False
Test Sample 5735 - Label : 5, Result : 5 -> True
Test Sample 5736 - Label : 6, Result : 2 -> False
Test Sample 5737 - Label : 0, Result : 0 -> True
Test Sample 5738 - Label : 1, Result : 1 -> True
Test Sample 5739 - Label : 2, Result : 2 -> True
Test Sample 5740 - Label : 3, Result : 3 -> True
Test Sample 5741 - Label : 4, Result : 4 -> True
Test Sample 5742 - Label : 5, Result : 5 -> True
Test Sample 5743 - Label : 6, Result : 6 -> True
Test Sample 5744 - Label : 8, Result : 8 -> True
Test Sample 5745 - Label : 7, Result : 7 -> True
Test Sample 5746 - Label : 1, Result : 1 -> True
Test Sample 5747 - Label : 3, Result : 3 -> True
Test Sample 5748 - Label : 2, Result : 2 -> True
Test Sample 5749 - Label : 8, Result : 8 -> True
Test Sample 5750 - Label : 0, Result : 0 -> True
Test Sample 5751 - Label : 7, Result : 7 -> True
Test Sample 5752 - Label : 5, Result : 5 -> True
Test Sample 5753 - Label : 9, Result : 9 -> True
Test Sample 5754 - Label : 9, Result : 9 -> True
Test Sample 5755 - Label : 6, Result : 6 -> True
Test Sample 5756 - Label : 0, Result : 0 -> True
Test Sample 5757 - Label : 9, Result : 9 -> True
Test Sample 5758 - Label : 4, Result : 4 -> True
Test Sample 5759 - Label : 1, Result : 1 -> True
Test Sample 5760 - Label : 3, Result : 3 -> True
Test Sample 5761 - Label : 2, Result : 2 -> True
Test Sample 5762 - Label : 1, Result : 1 -> True
Test Sample 5763 - Label : 2, Result : 2 -> True
Test Sample 5764 - Label : 3, Result : 3 -> True
Test Sample 5765 - Label : 8, Result : 8 -> True
Test Sample 5766 - Label : 3, Result : 3 -> True
Test Sample 5767 - Label : 2, Result : 2 -> True
Test Sample 5768 - Label : 6, Result : 6 -> True
Test Sample 5769 - Label : 5, Result : 5 -> True
Test Sample 5770 - Label : 6, Result : 6 -> True
Test Sample 5771 - Label : 8, Result : 8 -> True
Test Sample 5772 - Label : 2, Result : 2 -> True
Test Sample 5773 - Label : 7, Result : 7 -> True
Test Sample 5774 - Label : 4, Result : 4 -> True
Test Sample 5775 - Label : 8, Result : 8 -> True
Test Sample 5776 - Label : 1, Result : 1 -> True
Test Sample 5777 - Label : 8, Result : 8 -> True
Test Sample 5778 - Label : 0, Result : 0 -> True
Test Sample 5779 - Label : 5, Result : 5 -> True
Test Sample 5780 - Label : 3, Result : 3 -> True
Test Sample 5781 - Label : 9, Result : 9 -> True
Test Sample 5782 - Label : 4, Result : 4 -> True
Test Sample 5783 - Label : 1, Result : 1 -> True
Test Sample 5784 - Label : 9, Result : 9 -> True
Test Sample 5785 - Label : 2, Result : 2 -> True
Test Sample 5786 - Label : 1, Result : 1 -> True
Test Sample 5787 - Label : 9, Result : 9 -> True
Test Sample 5788 - Label : 6, Result : 6 -> True
Test Sample 5789 - Label : 7, Result : 7 -> True
Test Sample 5790 - Label : 9, Result : 9 -> True
Test Sample 5791 - Label : 0, Result : 0 -> True
Test Sample 5792 - Label : 4, Result : 4 -> True
Test Sample 5793 - Label : 6, Result : 6 -> True
Test Sample 5794 - Label : 1, Result : 1 -> True
Test Sample 5795 - Label : 7, Result : 7 -> True
Test Sample 5796 - Label : 3, Result : 3 -> True
Test Sample 5797 - Label : 8, Result : 8 -> True
Test Sample 5798 - Label : 7, Result : 7 -> True
Test Sample 5799 - Label : 2, Result : 2 -> True
Test Sample 5800 - Label : 9, Result : 9 -> True
Test Sample 5801 - Label : 6, Result : 6 -> True
Test Sample 5802 - Label : 5, Result : 5 -> True
Test Sample 5803 - Label : 8, Result : 8 -> True
Test Sample 5804 - Label : 3, Result : 3 -> True
Test Sample 5805 - Label : 9, Result : 9 -> True
Test Sample 5806 - Label : 0, Result : 0 -> True
Test Sample 5807 - Label : 5, Result : 5 -> True
Test Sample 5808 - Label : 7, Result : 7 -> True
Test Sample 5809 - Label : 1, Result : 1 -> True
Test Sample 5810 - Label : 6, Result : 6 -> True
Test Sample 5811 - Label : 1, Result : 1 -> True
Test Sample 5812 - Label : 0, Result : 0 -> True
Test Sample 5813 - Label : 9, Result : 9 -> True
Test Sample 5814 - Label : 3, Result : 3 -> True
Test Sample 5815 - Label : 3, Result : 3 -> True
Test Sample 5816 - Label : 4, Result : 4 -> True
Test Sample 5817 - Label : 4, Result : 4 -> True
Test Sample 5818 - Label : 0, Result : 0 -> True
Test Sample 5819 - Label : 6, Result : 6 -> True
Test Sample 5820 - Label : 2, Result : 2 -> True
Test Sample 5821 - Label : 5, Result : 5 -> True
Test Sample 5822 - Label : 4, Result : 4 -> True
Test Sample 5823 - Label : 2, Result : 2 -> True
Test Sample 5824 - Label : 3, Result : 3 -> True
Test Sample 5825 - Label : 4, Result : 4 -> True
Test Sample 5826 - Label : 6, Result : 6 -> True
Test Sample 5827 - Label : 0, Result : 0 -> True
Test Sample 5828 - Label : 0, Result : 0 -> True
Test Sample 5829 - Label : 2, Result : 2 -> True
Test Sample 5830 - Label : 0, Result : 0 -> True
Test Sample 5831 - Label : 1, Result : 1 -> True
Test Sample 5832 - Label : 4, Result : 4 -> True
Test Sample 5833 - Label : 5, Result : 5 -> True
Test Sample 5834 - Label : 6, Result : 6 -> True
Test Sample 5835 - Label : 7, Result : 7 -> True
Test Sample 5836 - Label : 8, Result : 8 -> True
Test Sample 5837 - Label : 9, Result : 9 -> True
Test Sample 5838 - Label : 0, Result : 0 -> True
Test Sample 5839 - Label : 1, Result : 1 -> True
Test Sample 5840 - Label : 2, Result : 2 -> True
Test Sample 5841 - Label : 3, Result : 3 -> True
Test Sample 5842 - Label : 4, Result : 7 -> False
Test Sample 5843 - Label : 5, Result : 5 -> True
Test Sample 5844 - Label : 6, Result : 6 -> True
Test Sample 5845 - Label : 7, Result : 7 -> True
Test Sample 5846 - Label : 8, Result : 8 -> True
Test Sample 5847 - Label : 0, Result : 0 -> True
Test Sample 5848 - Label : 1, Result : 1 -> True
Test Sample 5849 - Label : 2, Result : 2 -> True
Test Sample 5850 - Label : 3, Result : 3 -> True
Test Sample 5851 - Label : 4, Result : 4 -> True
Test Sample 5852 - Label : 5, Result : 5 -> True
Test Sample 5853 - Label : 6, Result : 6 -> True
Test Sample 5854 - Label : 7, Result : 7 -> True
Test Sample 5855 - Label : 8, Result : 8 -> True
Test Sample 5856 - Label : 9, Result : 9 -> True
Test Sample 5857 - Label : 8, Result : 8 -> True
Test Sample 5858 - Label : 7, Result : 7 -> True
Test Sample 5859 - Label : 1, Result : 1 -> True
Test Sample 5860 - Label : 3, Result : 3 -> True
Test Sample 5861 - Label : 7, Result : 7 -> True
Test Sample 5862 - Label : 5, Result : 5 -> True
Test Sample 5863 - Label : 2, Result : 2 -> True
Test Sample 5864 - Label : 8, Result : 8 -> True
Test Sample 5865 - Label : 0, Result : 0 -> True
Test Sample 5866 - Label : 7, Result : 7 -> True
Test Sample 5867 - Label : 5, Result : 5 -> True
Test Sample 5868 - Label : 9, Result : 9 -> True
Test Sample 5869 - Label : 9, Result : 9 -> True
Test Sample 5870 - Label : 0, Result : 0 -> True
Test Sample 5871 - Label : 9, Result : 9 -> True
Test Sample 5872 - Label : 1, Result : 1 -> True
Test Sample 5873 - Label : 1, Result : 1 -> True
Test Sample 5874 - Label : 5, Result : 5 -> True
Test Sample 5875 - Label : 8, Result : 8 -> True
Test Sample 5876 - Label : 8, Result : 8 -> True
Test Sample 5877 - Label : 6, Result : 0 -> False
Test Sample 5878 - Label : 3, Result : 3 -> True
Test Sample 5879 - Label : 2, Result : 2 -> True
Test Sample 5880 - Label : 1, Result : 1 -> True
Test Sample 5881 - Label : 8, Result : 8 -> True
Test Sample 5882 - Label : 3, Result : 3 -> True
Test Sample 5883 - Label : 2, Result : 2 -> True
Test Sample 5884 - Label : 6, Result : 6 -> True
Test Sample 5885 - Label : 5, Result : 5 -> True
Test Sample 5886 - Label : 6, Result : 6 -> True
Test Sample 5887 - Label : 7, Result : 0 -> False
Test Sample 5888 - Label : 4, Result : 0 -> False
Test Sample 5889 - Label : 1, Result : 1 -> True
Test Sample 5890 - Label : 0, Result : 0 -> True
Test Sample 5891 - Label : 5, Result : 5 -> True
Test Sample 5892 - Label : 3, Result : 3 -> True
Test Sample 5893 - Label : 1, Result : 1 -> True
Test Sample 5894 - Label : 9, Result : 9 -> True
Test Sample 5895 - Label : 2, Result : 2 -> True
Test Sample 5896 - Label : 1, Result : 1 -> True
Test Sample 5897 - Label : 9, Result : 9 -> True
Test Sample 5898 - Label : 6, Result : 6 -> True
Test Sample 5899 - Label : 0, Result : 0 -> True
Test Sample 5900 - Label : 4, Result : 4 -> True
Test Sample 5901 - Label : 6, Result : 6 -> True
Test Sample 5902 - Label : 1, Result : 1 -> True
Test Sample 5903 - Label : 7, Result : 7 -> True
Test Sample 5904 - Label : 3, Result : 3 -> True
Test Sample 5905 - Label : 8, Result : 8 -> True
Test Sample 5906 - Label : 7, Result : 7 -> True
Test Sample 5907 - Label : 2, Result : 2 -> True
Test Sample 5908 - Label : 9, Result : 9 -> True
Test Sample 5909 - Label : 6, Result : 6 -> True
Test Sample 5910 - Label : 5, Result : 5 -> True
Test Sample 5911 - Label : 8, Result : 8 -> True
Test Sample 5912 - Label : 3, Result : 3 -> True
Test Sample 5913 - Label : 5, Result : 5 -> True
Test Sample 5914 - Label : 7, Result : 7 -> True
Test Sample 5915 - Label : 1, Result : 1 -> True
Test Sample 5916 - Label : 6, Result : 6 -> True
Test Sample 5917 - Label : 1, Result : 1 -> True
Test Sample 5918 - Label : 0, Result : 0 -> True
Test Sample 5919 - Label : 9, Result : 9 -> True
Test Sample 5920 - Label : 6, Result : 6 -> True
Test Sample 5921 - Label : 2, Result : 2 -> True
Test Sample 5922 - Label : 5, Result : 5 -> True
Test Sample 5923 - Label : 4, Result : 4 -> True
Test Sample 5924 - Label : 2, Result : 2 -> True
Test Sample 5925 - Label : 3, Result : 3 -> True
Test Sample 5926 - Label : 4, Result : 4 -> True
Test Sample 5927 - Label : 4, Result : 4 -> True
Test Sample 5928 - Label : 6, Result : 6 -> True
Test Sample 5929 - Label : 0, Result : 0 -> True
Test Sample 5930 - Label : 0, Result : 0 -> True
Test Sample 5931 - Label : 2, Result : 2 -> True
Test Sample 5932 - Label : 0, Result : 0 -> True
Test Sample 5933 - Label : 1, Result : 1 -> True
Test Sample 5934 - Label : 2, Result : 2 -> True
Test Sample 5935 - Label : 3, Result : 3 -> True
Test Sample 5936 - Label : 4, Result : 4 -> True
Test Sample 5937 - Label : 5, Result : 5 -> True
Test Sample 5938 - Label : 6, Result : 6 -> True
Test Sample 5939 - Label : 7, Result : 7 -> True
Test Sample 5940 - Label : 8, Result : 8 -> True
Test Sample 5941 - Label : 9, Result : 9 -> True
Test Sample 5942 - Label : 0, Result : 0 -> True
Test Sample 5943 - Label : 1, Result : 1 -> True
Test Sample 5944 - Label : 2, Result : 2 -> True
Test Sample 5945 - Label : 3, Result : 3 -> True
Test Sample 5946 - Label : 4, Result : 4 -> True
Test Sample 5947 - Label : 5, Result : 5 -> True
Test Sample 5948 - Label : 6, Result : 6 -> True
Test Sample 5949 - Label : 7, Result : 7 -> True
Test Sample 5950 - Label : 8, Result : 8 -> True
Test Sample 5951 - Label : 9, Result : 9 -> True
Test Sample 5952 - Label : 0, Result : 0 -> True
Test Sample 5953 - Label : 1, Result : 1 -> True
Test Sample 5954 - Label : 2, Result : 2 -> True
Test Sample 5955 - Label : 3, Result : 8 -> False
Test Sample 5956 - Label : 4, Result : 4 -> True
Test Sample 5957 - Label : 5, Result : 5 -> True
Test Sample 5958 - Label : 6, Result : 6 -> True
Test Sample 5959 - Label : 7, Result : 7 -> True
Test Sample 5960 - Label : 8, Result : 8 -> True
Test Sample 5961 - Label : 9, Result : 9 -> True
Test Sample 5962 - Label : 8, Result : 8 -> True
Test Sample 5963 - Label : 6, Result : 6 -> True
Test Sample 5964 - Label : 5, Result : 5 -> True
Test Sample 5965 - Label : 0, Result : 0 -> True
Test Sample 5966 - Label : 6, Result : 6 -> True
Test Sample 5967 - Label : 8, Result : 8 -> True
Test Sample 5968 - Label : 9, Result : 9 -> True
Test Sample 5969 - Label : 4, Result : 4 -> True
Test Sample 5970 - Label : 1, Result : 1 -> True
Test Sample 5971 - Label : 9, Result : 9 -> True
Test Sample 5972 - Label : 5, Result : 5 -> True
Test Sample 5973 - Label : 3, Result : 3 -> True
Test Sample 5974 - Label : 0, Result : 0 -> True
Test Sample 5975 - Label : 4, Result : 4 -> True
Test Sample 5976 - Label : 8, Result : 8 -> True
Test Sample 5977 - Label : 9, Result : 9 -> True
Test Sample 5978 - Label : 1, Result : 1 -> True
Test Sample 5979 - Label : 4, Result : 4 -> True
Test Sample 5980 - Label : 0, Result : 0 -> True
Test Sample 5981 - Label : 5, Result : 5 -> True
Test Sample 5982 - Label : 5, Result : 5 -> True
Test Sample 5983 - Label : 2, Result : 2 -> True
Test Sample 5984 - Label : 1, Result : 1 -> True
Test Sample 5985 - Label : 5, Result : 5 -> True
Test Sample 5986 - Label : 4, Result : 4 -> True
Test Sample 5987 - Label : 0, Result : 0 -> True
Test Sample 5988 - Label : 7, Result : 7 -> True
Test Sample 5989 - Label : 6, Result : 6 -> True
Test Sample 5990 - Label : 0, Result : 0 -> True
Test Sample 5991 - Label : 1, Result : 1 -> True
Test Sample 5992 - Label : 7, Result : 7 -> True
Test Sample 5993 - Label : 0, Result : 0 -> True
Test Sample 5994 - Label : 6, Result : 6 -> True
Test Sample 5995 - Label : 8, Result : 8 -> True
Test Sample 5996 - Label : 9, Result : 9 -> True
Test Sample 5997 - Label : 5, Result : 5 -> True
Test Sample 5998 - Label : 1, Result : 1 -> True
Test Sample 5999 - Label : 7, Result : 7 -> True
Test Sample 6000 - Label : 9, Result : 9 -> True
Test Sample 6001 - Label : 8, Result : 8 -> True
Test Sample 6002 - Label : 6, Result : 6 -> True
Test Sample 6003 - Label : 0, Result : 0 -> True
Test Sample 6004 - Label : 8, Result : 8 -> True
Test Sample 6005 - Label : 1, Result : 1 -> True
Test Sample 6006 - Label : 7, Result : 7 -> True
Test Sample 6007 - Label : 7, Result : 7 -> True
Test Sample 6008 - Label : 1, Result : 1 -> True
Test Sample 6009 - Label : 3, Result : 3 -> True
Test Sample 6010 - Label : 2, Result : 2 -> True
Test Sample 6011 - Label : 3, Result : 3 -> True
Test Sample 6012 - Label : 1, Result : 1 -> True
Test Sample 6013 - Label : 4, Result : 4 -> True
Test Sample 6014 - Label : 2, Result : 2 -> True
Test Sample 6015 - Label : 0, Result : 0 -> True
Test Sample 6016 - Label : 0, Result : 0 -> True
Test Sample 6017 - Label : 7, Result : 7 -> True
Test Sample 6018 - Label : 8, Result : 8 -> True
Test Sample 6019 - Label : 4, Result : 4 -> True
Test Sample 6020 - Label : 6, Result : 6 -> True
Test Sample 6021 - Label : 4, Result : 4 -> True
Test Sample 6022 - Label : 9, Result : 9 -> True
Test Sample 6023 - Label : 3, Result : 3 -> True
Test Sample 6024 - Label : 8, Result : 8 -> True
Test Sample 6025 - Label : 4, Result : 4 -> True
Test Sample 6026 - Label : 7, Result : 7 -> True
Test Sample 6027 - Label : 2, Result : 2 -> True
Test Sample 6028 - Label : 5, Result : 5 -> True
Test Sample 6029 - Label : 6, Result : 6 -> True
Test Sample 6030 - Label : 3, Result : 3 -> True
Test Sample 6031 - Label : 6, Result : 6 -> True
Test Sample 6032 - Label : 9, Result : 9 -> True
Test Sample 6033 - Label : 6, Result : 6 -> True
Test Sample 6034 - Label : 3, Result : 3 -> True
Test Sample 6035 - Label : 2, Result : 2 -> True
Test Sample 6036 - Label : 2, Result : 2 -> True
Test Sample 6037 - Label : 4, Result : 4 -> True
Test Sample 6038 - Label : 6, Result : 6 -> True
Test Sample 6039 - Label : 9, Result : 9 -> True
Test Sample 6040 - Label : 0, Result : 0 -> True
Test Sample 6041 - Label : 2, Result : 2 -> True
Test Sample 6042 - Label : 5, Result : 5 -> True
Test Sample 6043 - Label : 5, Result : 5 -> True
Test Sample 6044 - Label : 1, Result : 1 -> True
Test Sample 6045 - Label : 3, Result : 3 -> True
Test Sample 6046 - Label : 3, Result : 3 -> True
Test Sample 6047 - Label : 9, Result : 9 -> True
Test Sample 6048 - Label : 7, Result : 7 -> True
Test Sample 6049 - Label : 8, Result : 8 -> True
Test Sample 6050 - Label : 7, Result : 7 -> True
Test Sample 6051 - Label : 2, Result : 2 -> True
Test Sample 6052 - Label : 2, Result : 2 -> True
Test Sample 6053 - Label : 5, Result : 5 -> True
Test Sample 6054 - Label : 7, Result : 7 -> True
Test Sample 6055 - Label : 9, Result : 9 -> True
Test Sample 6056 - Label : 8, Result : 8 -> True
Test Sample 6057 - Label : 2, Result : 2 -> True
Test Sample 6058 - Label : 1, Result : 1 -> True
Test Sample 6059 - Label : 3, Result : 3 -> True
Test Sample 6060 - Label : 1, Result : 1 -> True
Test Sample 6061 - Label : 3, Result : 3 -> True
Test Sample 6062 - Label : 0, Result : 0 -> True
Test Sample 6063 - Label : 1, Result : 1 -> True
Test Sample 6064 - Label : 2, Result : 2 -> True
Test Sample 6065 - Label : 3, Result : 3 -> True
Test Sample 6066 - Label : 4, Result : 4 -> True
Test Sample 6067 - Label : 5, Result : 5 -> True
Test Sample 6068 - Label : 6, Result : 6 -> True
Test Sample 6069 - Label : 7, Result : 7 -> True
Test Sample 6070 - Label : 8, Result : 8 -> True
Test Sample 6071 - Label : 9, Result : 9 -> True
Test Sample 6072 - Label : 0, Result : 0 -> True
Test Sample 6073 - Label : 1, Result : 1 -> True
Test Sample 6074 - Label : 2, Result : 2 -> True
Test Sample 6075 - Label : 3, Result : 3 -> True
Test Sample 6076 - Label : 4, Result : 4 -> True
Test Sample 6077 - Label : 5, Result : 5 -> True
Test Sample 6078 - Label : 6, Result : 6 -> True
Test Sample 6079 - Label : 7, Result : 7 -> True
Test Sample 6080 - Label : 8, Result : 8 -> True
Test Sample 6081 - Label : 9, Result : 9 -> True
Test Sample 6082 - Label : 0, Result : 0 -> True
Test Sample 6083 - Label : 1, Result : 1 -> True
Test Sample 6084 - Label : 2, Result : 2 -> True
Test Sample 6085 - Label : 3, Result : 3 -> True
Test Sample 6086 - Label : 4, Result : 4 -> True
Test Sample 6087 - Label : 5, Result : 5 -> True
Test Sample 6088 - Label : 6, Result : 6 -> True
Test Sample 6089 - Label : 7, Result : 7 -> True
Test Sample 6090 - Label : 8, Result : 8 -> True
Test Sample 6091 - Label : 9, Result : 5 -> False
Test Sample 6092 - Label : 1, Result : 1 -> True
Test Sample 6093 - Label : 2, Result : 2 -> True
Test Sample 6094 - Label : 6, Result : 6 -> True
Test Sample 6095 - Label : 5, Result : 5 -> True
Test Sample 6096 - Label : 3, Result : 3 -> True
Test Sample 6097 - Label : 0, Result : 0 -> True
Test Sample 6098 - Label : 7, Result : 7 -> True
Test Sample 6099 - Label : 0, Result : 0 -> True
Test Sample 6100 - Label : 4, Result : 4 -> True
Test Sample 6101 - Label : 1, Result : 1 -> True
Test Sample 6102 - Label : 4, Result : 4 -> True
Test Sample 6103 - Label : 3, Result : 3 -> True
Test Sample 6104 - Label : 6, Result : 6 -> True
Test Sample 6105 - Label : 7, Result : 7 -> True
Test Sample 6106 - Label : 2, Result : 2 -> True
Test Sample 6107 - Label : 3, Result : 3 -> True
Test Sample 6108 - Label : 1, Result : 1 -> True
Test Sample 6109 - Label : 2, Result : 2 -> True
Test Sample 6110 - Label : 1, Result : 1 -> True
Test Sample 6111 - Label : 2, Result : 2 -> True
Test Sample 6112 - Label : 9, Result : 9 -> True
Test Sample 6113 - Label : 6, Result : 6 -> True
Test Sample 6114 - Label : 0, Result : 0 -> True
Test Sample 6115 - Label : 1, Result : 1 -> True
Test Sample 6116 - Label : 3, Result : 3 -> True
Test Sample 6117 - Label : 0, Result : 0 -> True
Test Sample 6118 - Label : 2, Result : 2 -> True
Test Sample 6119 - Label : 7, Result : 7 -> True
Test Sample 6120 - Label : 5, Result : 5 -> True
Test Sample 6121 - Label : 7, Result : 7 -> True
Test Sample 6122 - Label : 6, Result : 6 -> True
Test Sample 6123 - Label : 2, Result : 2 -> True
Test Sample 6124 - Label : 9, Result : 9 -> True
Test Sample 6125 - Label : 1, Result : 1 -> True
Test Sample 6126 - Label : 9, Result : 9 -> True
Test Sample 6127 - Label : 0, Result : 0 -> True
Test Sample 6128 - Label : 6, Result : 6 -> True
Test Sample 6129 - Label : 0, Result : 0 -> True
Test Sample 6130 - Label : 6, Result : 6 -> True
Test Sample 6131 - Label : 0, Result : 0 -> True
Test Sample 6132 - Label : 2, Result : 2 -> True
Test Sample 6133 - Label : 0, Result : 0 -> True
Test Sample 6134 - Label : 6, Result : 6 -> True
Test Sample 6135 - Label : 1, Result : 1 -> True
Test Sample 6136 - Label : 5, Result : 5 -> True
Test Sample 6137 - Label : 8, Result : 8 -> True
Test Sample 6138 - Label : 4, Result : 4 -> True
Test Sample 6139 - Label : 3, Result : 3 -> True
Test Sample 6140 - Label : 0, Result : 0 -> True
Test Sample 6141 - Label : 1, Result : 1 -> True
Test Sample 6142 - Label : 5, Result : 5 -> True
Test Sample 6143 - Label : 4, Result : 4 -> True
Test Sample 6144 - Label : 4, Result : 4 -> True
Test Sample 6145 - Label : 8, Result : 8 -> True
Test Sample 6146 - Label : 5, Result : 5 -> True
Test Sample 6147 - Label : 7, Result : 7 -> True
Test Sample 6148 - Label : 5, Result : 5 -> True
Test Sample 6149 - Label : 7, Result : 7 -> True
Test Sample 6150 - Label : 8, Result : 8 -> True
Test Sample 6151 - Label : 3, Result : 3 -> True
Test Sample 6152 - Label : 4, Result : 4 -> True
Test Sample 6153 - Label : 8, Result : 8 -> True
Test Sample 6154 - Label : 8, Result : 8 -> True
Test Sample 6155 - Label : 5, Result : 5 -> True
Test Sample 6156 - Label : 2, Result : 2 -> True
Test Sample 6157 - Label : 9, Result : 9 -> True
Test Sample 6158 - Label : 7, Result : 7 -> True
Test Sample 6159 - Label : 1, Result : 1 -> True
Test Sample 6160 - Label : 3, Result : 3 -> True
Test Sample 6161 - Label : 8, Result : 8 -> True
Test Sample 6162 - Label : 1, Result : 1 -> True
Test Sample 6163 - Label : 0, Result : 0 -> True
Test Sample 6164 - Label : 7, Result : 7 -> True
Test Sample 6165 - Label : 5, Result : 5 -> True
Test Sample 6166 - Label : 9, Result : 9 -> True
Test Sample 6167 - Label : 6, Result : 6 -> True
Test Sample 6168 - Label : 9, Result : 9 -> True
Test Sample 6169 - Label : 4, Result : 4 -> True
Test Sample 6170 - Label : 7, Result : 7 -> True
Test Sample 6171 - Label : 7, Result : 7 -> True
Test Sample 6172 - Label : 9, Result : 5 -> False
Test Sample 6173 - Label : 9, Result : 9 -> True
Test Sample 6174 - Label : 3, Result : 3 -> True
Test Sample 6175 - Label : 4, Result : 4 -> True
Test Sample 6176 - Label : 4, Result : 4 -> True
Test Sample 6177 - Label : 3, Result : 3 -> True
Test Sample 6178 - Label : 8, Result : 8 -> True
Test Sample 6179 - Label : 6, Result : 6 -> True
Test Sample 6180 - Label : 2, Result : 2 -> True
Test Sample 6181 - Label : 0, Result : 0 -> True
Test Sample 6182 - Label : 1, Result : 1 -> True
Test Sample 6183 - Label : 2, Result : 2 -> True
Test Sample 6184 - Label : 3, Result : 3 -> True
Test Sample 6185 - Label : 4, Result : 4 -> True
Test Sample 6186 - Label : 5, Result : 5 -> True
Test Sample 6187 - Label : 6, Result : 6 -> True
Test Sample 6188 - Label : 7, Result : 7 -> True
Test Sample 6189 - Label : 8, Result : 8 -> True
Test Sample 6190 - Label : 9, Result : 9 -> True
Test Sample 6191 - Label : 0, Result : 0 -> True
Test Sample 6192 - Label : 1, Result : 1 -> True
Test Sample 6193 - Label : 2, Result : 2 -> True
Test Sample 6194 - Label : 3, Result : 3 -> True
Test Sample 6195 - Label : 4, Result : 4 -> True
Test Sample 6196 - Label : 5, Result : 5 -> True
Test Sample 6197 - Label : 6, Result : 6 -> True
Test Sample 6198 - Label : 7, Result : 7 -> True
Test Sample 6199 - Label : 8, Result : 8 -> True
Test Sample 6200 - Label : 9, Result : 9 -> True
Test Sample 6201 - Label : 0, Result : 0 -> True
Test Sample 6202 - Label : 1, Result : 1 -> True
Test Sample 6203 - Label : 2, Result : 2 -> True
Test Sample 6204 - Label : 3, Result : 3 -> True
Test Sample 6205 - Label : 4, Result : 4 -> True
Test Sample 6206 - Label : 5, Result : 5 -> True
Test Sample 6207 - Label : 6, Result : 6 -> True
Test Sample 6208 - Label : 7, Result : 7 -> True
Test Sample 6209 - Label : 8, Result : 8 -> True
Test Sample 6210 - Label : 9, Result : 9 -> True
Test Sample 6211 - Label : 0, Result : 0 -> True
Test Sample 6212 - Label : 8, Result : 8 -> True
Test Sample 6213 - Label : 3, Result : 3 -> True
Test Sample 6214 - Label : 9, Result : 9 -> True
Test Sample 6215 - Label : 5, Result : 5 -> True
Test Sample 6216 - Label : 5, Result : 5 -> True
Test Sample 6217 - Label : 2, Result : 2 -> True
Test Sample 6218 - Label : 6, Result : 6 -> True
Test Sample 6219 - Label : 8, Result : 8 -> True
Test Sample 6220 - Label : 4, Result : 4 -> True
Test Sample 6221 - Label : 9, Result : 9 -> True
Test Sample 6222 - Label : 1, Result : 1 -> True
Test Sample 6223 - Label : 7, Result : 7 -> True
Test Sample 6224 - Label : 1, Result : 1 -> True
Test Sample 6225 - Label : 2, Result : 2 -> True
Test Sample 6226 - Label : 3, Result : 3 -> True
Test Sample 6227 - Label : 5, Result : 5 -> True
Test Sample 6228 - Label : 9, Result : 9 -> True
Test Sample 6229 - Label : 6, Result : 6 -> True
Test Sample 6230 - Label : 9, Result : 9 -> True
Test Sample 6231 - Label : 1, Result : 1 -> True
Test Sample 6232 - Label : 1, Result : 1 -> True
Test Sample 6233 - Label : 1, Result : 1 -> True
Test Sample 6234 - Label : 2, Result : 2 -> True
Test Sample 6235 - Label : 9, Result : 9 -> True
Test Sample 6236 - Label : 5, Result : 5 -> True
Test Sample 6237 - Label : 6, Result : 6 -> True
Test Sample 6238 - Label : 8, Result : 8 -> True
Test Sample 6239 - Label : 1, Result : 1 -> True
Test Sample 6240 - Label : 2, Result : 2 -> True
Test Sample 6241 - Label : 0, Result : 0 -> True
Test Sample 6242 - Label : 7, Result : 7 -> True
Test Sample 6243 - Label : 7, Result : 7 -> True
Test Sample 6244 - Label : 5, Result : 5 -> True
Test Sample 6245 - Label : 8, Result : 8 -> True
Test Sample 6246 - Label : 2, Result : 2 -> True
Test Sample 6247 - Label : 9, Result : 9 -> True
Test Sample 6248 - Label : 8, Result : 8 -> True
Test Sample 6249 - Label : 9, Result : 9 -> True
Test Sample 6250 - Label : 0, Result : 0 -> True
Test Sample 6251 - Label : 4, Result : 4 -> True
Test Sample 6252 - Label : 6, Result : 6 -> True
Test Sample 6253 - Label : 7, Result : 7 -> True
Test Sample 6254 - Label : 1, Result : 1 -> True
Test Sample 6255 - Label : 3, Result : 3 -> True
Test Sample 6256 - Label : 4, Result : 4 -> True
Test Sample 6257 - Label : 5, Result : 5 -> True
Test Sample 6258 - Label : 6, Result : 6 -> True
Test Sample 6259 - Label : 0, Result : 0 -> True
Test Sample 6260 - Label : 3, Result : 3 -> True
Test Sample 6261 - Label : 6, Result : 6 -> True
Test Sample 6262 - Label : 8, Result : 8 -> True
Test Sample 6263 - Label : 7, Result : 7 -> True
Test Sample 6264 - Label : 0, Result : 0 -> True
Test Sample 6265 - Label : 4, Result : 4 -> True
Test Sample 6266 - Label : 2, Result : 2 -> True
Test Sample 6267 - Label : 7, Result : 7 -> True
Test Sample 6268 - Label : 4, Result : 4 -> True
Test Sample 6269 - Label : 7, Result : 7 -> True
Test Sample 6270 - Label : 5, Result : 5 -> True
Test Sample 6271 - Label : 4, Result : 4 -> True
Test Sample 6272 - Label : 3, Result : 3 -> True
Test Sample 6273 - Label : 4, Result : 4 -> True
Test Sample 6274 - Label : 2, Result : 2 -> True
Test Sample 6275 - Label : 8, Result : 8 -> True
Test Sample 6276 - Label : 1, Result : 1 -> True
Test Sample 6277 - Label : 5, Result : 5 -> True
Test Sample 6278 - Label : 1, Result : 1 -> True
Test Sample 6279 - Label : 2, Result : 2 -> True
Test Sample 6280 - Label : 0, Result : 0 -> True
Test Sample 6281 - Label : 2, Result : 2 -> True
Test Sample 6282 - Label : 5, Result : 5 -> True
Test Sample 6283 - Label : 6, Result : 6 -> True
Test Sample 6284 - Label : 4, Result : 4 -> True
Test Sample 6285 - Label : 3, Result : 3 -> True
Test Sample 6286 - Label : 0, Result : 0 -> True
Test Sample 6287 - Label : 0, Result : 0 -> True
Test Sample 6288 - Label : 0, Result : 0 -> True
Test Sample 6289 - Label : 3, Result : 3 -> True
Test Sample 6290 - Label : 3, Result : 3 -> True
Test Sample 6291 - Label : 5, Result : 5 -> True
Test Sample 6292 - Label : 7, Result : 7 -> True
Test Sample 6293 - Label : 0, Result : 0 -> True
Test Sample 6294 - Label : 6, Result : 6 -> True
Test Sample 6295 - Label : 4, Result : 4 -> True
Test Sample 6296 - Label : 8, Result : 8 -> True
Test Sample 6297 - Label : 8, Result : 8 -> True
Test Sample 6298 - Label : 6, Result : 6 -> True
Test Sample 6299 - Label : 3, Result : 3 -> True
Test Sample 6300 - Label : 4, Result : 4 -> True
Test Sample 6301 - Label : 6, Result : 6 -> True
Test Sample 6302 - Label : 9, Result : 9 -> True
Test Sample 6303 - Label : 9, Result : 9 -> True
Test Sample 6304 - Label : 8, Result : 8 -> True
Test Sample 6305 - Label : 2, Result : 2 -> True
Test Sample 6306 - Label : 7, Result : 7 -> True
Test Sample 6307 - Label : 7, Result : 7 -> True
Test Sample 6308 - Label : 1, Result : 1 -> True
Test Sample 6309 - Label : 0, Result : 0 -> True
Test Sample 6310 - Label : 1, Result : 1 -> True
Test Sample 6311 - Label : 2, Result : 2 -> True
Test Sample 6312 - Label : 3, Result : 3 -> True
Test Sample 6313 - Label : 4, Result : 4 -> True
Test Sample 6314 - Label : 5, Result : 5 -> True
Test Sample 6315 - Label : 6, Result : 6 -> True
Test Sample 6316 - Label : 7, Result : 7 -> True
Test Sample 6317 - Label : 8, Result : 8 -> True
Test Sample 6318 - Label : 9, Result : 9 -> True
Test Sample 6319 - Label : 0, Result : 0 -> True
Test Sample 6320 - Label : 1, Result : 1 -> True
Test Sample 6321 - Label : 2, Result : 2 -> True
Test Sample 6322 - Label : 3, Result : 3 -> True
Test Sample 6323 - Label : 4, Result : 4 -> True
Test Sample 6324 - Label : 5, Result : 5 -> True
Test Sample 6325 - Label : 6, Result : 6 -> True
Test Sample 6326 - Label : 7, Result : 7 -> True
Test Sample 6327 - Label : 8, Result : 8 -> True
Test Sample 6328 - Label : 0, Result : 0 -> True
Test Sample 6329 - Label : 1, Result : 1 -> True
Test Sample 6330 - Label : 2, Result : 2 -> True
Test Sample 6331 - Label : 3, Result : 3 -> True
Test Sample 6332 - Label : 4, Result : 4 -> True
Test Sample 6333 - Label : 5, Result : 5 -> True
Test Sample 6334 - Label : 6, Result : 6 -> True
Test Sample 6335 - Label : 7, Result : 7 -> True
Test Sample 6336 - Label : 8, Result : 8 -> True
Test Sample 6337 - Label : 2, Result : 2 -> True
Test Sample 6338 - Label : 1, Result : 1 -> True
Test Sample 6339 - Label : 7, Result : 7 -> True
Test Sample 6340 - Label : 2, Result : 2 -> True
Test Sample 6341 - Label : 5, Result : 5 -> True
Test Sample 6342 - Label : 0, Result : 0 -> True
Test Sample 6343 - Label : 8, Result : 8 -> True
Test Sample 6344 - Label : 0, Result : 0 -> True
Test Sample 6345 - Label : 2, Result : 2 -> True
Test Sample 6346 - Label : 7, Result : 7 -> True
Test Sample 6347 - Label : 8, Result : 8 -> True
Test Sample 6348 - Label : 8, Result : 8 -> True
Test Sample 6349 - Label : 3, Result : 3 -> True
Test Sample 6350 - Label : 6, Result : 6 -> True
Test Sample 6351 - Label : 0, Result : 0 -> True
Test Sample 6352 - Label : 2, Result : 2 -> True
Test Sample 6353 - Label : 7, Result : 7 -> True
Test Sample 6354 - Label : 6, Result : 6 -> True
Test Sample 6355 - Label : 6, Result : 6 -> True
Test Sample 6356 - Label : 1, Result : 1 -> True
Test Sample 6357 - Label : 2, Result : 2 -> True
Test Sample 6358 - Label : 8, Result : 8 -> True
Test Sample 6359 - Label : 8, Result : 8 -> True
Test Sample 6360 - Label : 7, Result : 7 -> True
Test Sample 6361 - Label : 7, Result : 7 -> True
Test Sample 6362 - Label : 4, Result : 4 -> True
Test Sample 6363 - Label : 7, Result : 7 -> True
Test Sample 6364 - Label : 7, Result : 7 -> True
Test Sample 6365 - Label : 3, Result : 3 -> True
Test Sample 6366 - Label : 7, Result : 7 -> True
Test Sample 6367 - Label : 4, Result : 4 -> True
Test Sample 6368 - Label : 5, Result : 5 -> True
Test Sample 6369 - Label : 4, Result : 4 -> True
Test Sample 6370 - Label : 3, Result : 3 -> True
Test Sample 6371 - Label : 3, Result : 3 -> True
Test Sample 6372 - Label : 8, Result : 8 -> True
Test Sample 6373 - Label : 4, Result : 4 -> True
Test Sample 6374 - Label : 1, Result : 1 -> True
Test Sample 6375 - Label : 1, Result : 1 -> True
Test Sample 6376 - Label : 9, Result : 9 -> True
Test Sample 6377 - Label : 7, Result : 7 -> True
Test Sample 6378 - Label : 4, Result : 4 -> True
Test Sample 6379 - Label : 3, Result : 3 -> True
Test Sample 6380 - Label : 7, Result : 7 -> True
Test Sample 6381 - Label : 3, Result : 3 -> True
Test Sample 6382 - Label : 3, Result : 3 -> True
Test Sample 6383 - Label : 0, Result : 0 -> True
Test Sample 6384 - Label : 2, Result : 2 -> True
Test Sample 6385 - Label : 5, Result : 5 -> True
Test Sample 6386 - Label : 5, Result : 5 -> True
Test Sample 6387 - Label : 6, Result : 6 -> True
Test Sample 6388 - Label : 6, Result : 6 -> True
Test Sample 6389 - Label : 3, Result : 3 -> True
Test Sample 6390 - Label : 5, Result : 5 -> True
Test Sample 6391 - Label : 2, Result : 2 -> True
Test Sample 6392 - Label : 5, Result : 5 -> True
Test Sample 6393 - Label : 9, Result : 9 -> True
Test Sample 6394 - Label : 9, Result : 9 -> True
Test Sample 6395 - Label : 8, Result : 8 -> True
Test Sample 6396 - Label : 4, Result : 4 -> True
Test Sample 6397 - Label : 1, Result : 1 -> True
Test Sample 6398 - Label : 0, Result : 0 -> True
Test Sample 6399 - Label : 6, Result : 6 -> True
Test Sample 6400 - Label : 0, Result : 0 -> True
Test Sample 6401 - Label : 9, Result : 9 -> True
Test Sample 6402 - Label : 6, Result : 6 -> True
Test Sample 6403 - Label : 8, Result : 8 -> True
Test Sample 6404 - Label : 8, Result : 8 -> True
Test Sample 6405 - Label : 5, Result : 5 -> True
Test Sample 6406 - Label : 6, Result : 6 -> True
Test Sample 6407 - Label : 1, Result : 1 -> True
Test Sample 6408 - Label : 1, Result : 1 -> True
Test Sample 6409 - Label : 9, Result : 9 -> True
Test Sample 6410 - Label : 8, Result : 8 -> True
Test Sample 6411 - Label : 9, Result : 9 -> True
Test Sample 6412 - Label : 2, Result : 2 -> True
Test Sample 6413 - Label : 3, Result : 3 -> True
Test Sample 6414 - Label : 5, Result : 5 -> True
Test Sample 6415 - Label : 5, Result : 5 -> True
Test Sample 6416 - Label : 9, Result : 9 -> True
Test Sample 6417 - Label : 4, Result : 4 -> True
Test Sample 6418 - Label : 2, Result : 2 -> True
Test Sample 6419 - Label : 1, Result : 1 -> True
Test Sample 6420 - Label : 9, Result : 9 -> True
Test Sample 6421 - Label : 3, Result : 3 -> True
Test Sample 6422 - Label : 9, Result : 9 -> True
Test Sample 6423 - Label : 2, Result : 2 -> True
Test Sample 6424 - Label : 0, Result : 0 -> True
Test Sample 6425 - Label : 6, Result : 6 -> True
Test Sample 6426 - Label : 0, Result : 0 -> True
Test Sample 6427 - Label : 4, Result : 4 -> True
Test Sample 6428 - Label : 0, Result : 0 -> True
Test Sample 6429 - Label : 0, Result : 0 -> True
Test Sample 6430 - Label : 1, Result : 1 -> True
Test Sample 6431 - Label : 2, Result : 2 -> True
Test Sample 6432 - Label : 3, Result : 3 -> True
Test Sample 6433 - Label : 4, Result : 4 -> True
Test Sample 6434 - Label : 7, Result : 7 -> True
Test Sample 6435 - Label : 8, Result : 8 -> True
Test Sample 6436 - Label : 9, Result : 9 -> True
Test Sample 6437 - Label : 0, Result : 0 -> True
Test Sample 6438 - Label : 1, Result : 1 -> True
Test Sample 6439 - Label : 2, Result : 2 -> True
Test Sample 6440 - Label : 3, Result : 3 -> True
Test Sample 6441 - Label : 7, Result : 7 -> True
Test Sample 6442 - Label : 8, Result : 8 -> True
Test Sample 6443 - Label : 9, Result : 9 -> True
Test Sample 6444 - Label : 0, Result : 0 -> True
Test Sample 6445 - Label : 1, Result : 1 -> True
Test Sample 6446 - Label : 2, Result : 2 -> True
Test Sample 6447 - Label : 3, Result : 3 -> True
Test Sample 6448 - Label : 4, Result : 4 -> True
Test Sample 6449 - Label : 7, Result : 7 -> True
Test Sample 6450 - Label : 8, Result : 8 -> True
Test Sample 6451 - Label : 9, Result : 9 -> True
Test Sample 6452 - Label : 7, Result : 7 -> True
Test Sample 6453 - Label : 3, Result : 3 -> True
Test Sample 6454 - Label : 0, Result : 0 -> True
Test Sample 6455 - Label : 3, Result : 3 -> True
Test Sample 6456 - Label : 1, Result : 1 -> True
Test Sample 6457 - Label : 8, Result : 8 -> True
Test Sample 6458 - Label : 7, Result : 7 -> True
Test Sample 6459 - Label : 6, Result : 6 -> True
Test Sample 6460 - Label : 4, Result : 4 -> True
Test Sample 6461 - Label : 0, Result : 0 -> True
Test Sample 6462 - Label : 2, Result : 2 -> True
Test Sample 6463 - Label : 6, Result : 6 -> True
Test Sample 6464 - Label : 8, Result : 8 -> True
Test Sample 6465 - Label : 3, Result : 3 -> True
Test Sample 6466 - Label : 2, Result : 2 -> True
Test Sample 6467 - Label : 8, Result : 8 -> True
Test Sample 6468 - Label : 1, Result : 1 -> True
Test Sample 6469 - Label : 2, Result : 2 -> True
Test Sample 6470 - Label : 0, Result : 0 -> True
Test Sample 6471 - Label : 7, Result : 7 -> True
Test Sample 6472 - Label : 1, Result : 1 -> True
Test Sample 6473 - Label : 0, Result : 0 -> True
Test Sample 6474 - Label : 4, Result : 4 -> True
Test Sample 6475 - Label : 4, Result : 4 -> True
Test Sample 6476 - Label : 5, Result : 5 -> True
Test Sample 6477 - Label : 8, Result : 8 -> True
Test Sample 6478 - Label : 0, Result : 0 -> True
Test Sample 6479 - Label : 6, Result : 6 -> True
Test Sample 6480 - Label : 2, Result : 2 -> True
Test Sample 6481 - Label : 3, Result : 3 -> True
Test Sample 6482 - Label : 1, Result : 1 -> True
Test Sample 6483 - Label : 5, Result : 5 -> True
Test Sample 6484 - Label : 1, Result : 1 -> True
Test Sample 6485 - Label : 8, Result : 8 -> True
Test Sample 6486 - Label : 5, Result : 5 -> True
Test Sample 6487 - Label : 9, Result : 9 -> True
Test Sample 6488 - Label : 4, Result : 4 -> True
Test Sample 6489 - Label : 0, Result : 0 -> True
Test Sample 6490 - Label : 7, Result : 7 -> True
Test Sample 6491 - Label : 5, Result : 5 -> True
Test Sample 6492 - Label : 8, Result : 8 -> True
Test Sample 6493 - Label : 8, Result : 8 -> True
Test Sample 6494 - Label : 3, Result : 3 -> True
Test Sample 6495 - Label : 8, Result : 8 -> True
Test Sample 6496 - Label : 9, Result : 9 -> True
Test Sample 6497 - Label : 2, Result : 2 -> True
Test Sample 6498 - Label : 6, Result : 6 -> True
Test Sample 6499 - Label : 2, Result : 2 -> True
Test Sample 6500 - Label : 5, Result : 5 -> True
Test Sample 6501 - Label : 3, Result : 3 -> True
Test Sample 6502 - Label : 1, Result : 1 -> True
Test Sample 6503 - Label : 7, Result : 7 -> True
Test Sample 6504 - Label : 3, Result : 3 -> True
Test Sample 6505 - Label : 9, Result : 0 -> False
Test Sample 6506 - Label : 1, Result : 1 -> True
Test Sample 6507 - Label : 9, Result : 9 -> True
Test Sample 6508 - Label : 9, Result : 9 -> True
Test Sample 6509 - Label : 6, Result : 6 -> True
Test Sample 6510 - Label : 0, Result : 0 -> True
Test Sample 6511 - Label : 3, Result : 3 -> True
Test Sample 6512 - Label : 9, Result : 9 -> True
Test Sample 6513 - Label : 2, Result : 2 -> True
Test Sample 6514 - Label : 8, Result : 8 -> True
Test Sample 6515 - Label : 1, Result : 1 -> True
Test Sample 6516 - Label : 4, Result : 4 -> True
Test Sample 6517 - Label : 3, Result : 3 -> True
Test Sample 6518 - Label : 5, Result : 5 -> True
Test Sample 6519 - Label : 2, Result : 2 -> True
Test Sample 6520 - Label : 9, Result : 9 -> True
Test Sample 6521 - Label : 2, Result : 2 -> True
Test Sample 6522 - Label : 5, Result : 5 -> True
Test Sample 6523 - Label : 8, Result : 8 -> True
Test Sample 6524 - Label : 9, Result : 9 -> True
Test Sample 6525 - Label : 5, Result : 5 -> True
Test Sample 6526 - Label : 0, Result : 0 -> True
Test Sample 6527 - Label : 1, Result : 1 -> True
Test Sample 6528 - Label : 2, Result : 2 -> True
Test Sample 6529 - Label : 4, Result : 4 -> True
Test Sample 6530 - Label : 5, Result : 5 -> True
Test Sample 6531 - Label : 6, Result : 6 -> True
Test Sample 6532 - Label : 0, Result : 0 -> True
Test Sample 6533 - Label : 1, Result : 1 -> True
Test Sample 6534 - Label : 2, Result : 2 -> True
Test Sample 6535 - Label : 3, Result : 3 -> True
Test Sample 6536 - Label : 4, Result : 4 -> True
Test Sample 6537 - Label : 5, Result : 5 -> True
Test Sample 6538 - Label : 6, Result : 6 -> True
Test Sample 6539 - Label : 7, Result : 7 -> True
Test Sample 6540 - Label : 1, Result : 1 -> True
Test Sample 6541 - Label : 2, Result : 2 -> True
Test Sample 6542 - Label : 3, Result : 3 -> True
Test Sample 6543 - Label : 4, Result : 4 -> True
Test Sample 6544 - Label : 5, Result : 5 -> True
Test Sample 6545 - Label : 1, Result : 1 -> True
Test Sample 6546 - Label : 0, Result : 0 -> True
Test Sample 6547 - Label : 4, Result : 4 -> True
Test Sample 6548 - Label : 5, Result : 5 -> True
Test Sample 6549 - Label : 6, Result : 6 -> True
Test Sample 6550 - Label : 6, Result : 6 -> True
Test Sample 6551 - Label : 3, Result : 3 -> True
Test Sample 6552 - Label : 4, Result : 4 -> True
Test Sample 6553 - Label : 4, Result : 4 -> True
Test Sample 6554 - Label : 2, Result : 2 -> True
Test Sample 6555 - Label : 8, Result : 9 -> False
Test Sample 6556 - Label : 1, Result : 1 -> True
Test Sample 6557 - Label : 0, Result : 0 -> True
Test Sample 6558 - Label : 6, Result : 6 -> True
Test Sample 6559 - Label : 4, Result : 4 -> True
Test Sample 6560 - Label : 9, Result : 9 -> True
Test Sample 6561 - Label : 7, Result : 7 -> True
Test Sample 6562 - Label : 2, Result : 2 -> True
Test Sample 6563 - Label : 3, Result : 3 -> True
Test Sample 6564 - Label : 3, Result : 3 -> True
Test Sample 6565 - Label : 9, Result : 9 -> True
Test Sample 6566 - Label : 2, Result : 2 -> True
Test Sample 6567 - Label : 0, Result : 0 -> True
Test Sample 6568 - Label : 9, Result : 9 -> True
Test Sample 6569 - Label : 3, Result : 3 -> True
Test Sample 6570 - Label : 3, Result : 3 -> True
Test Sample 6571 - Label : 9, Result : 9 -> True
Test Sample 6572 - Label : 1, Result : 1 -> True
Test Sample 6573 - Label : 5, Result : 5 -> True
Test Sample 6574 - Label : 2, Result : 2 -> True
Test Sample 6575 - Label : 3, Result : 3 -> True
Test Sample 6576 - Label : 7, Result : 1 -> False
Test Sample 6577 - Label : 7, Result : 7 -> True
Test Sample 6578 - Label : 8, Result : 8 -> True
Test Sample 6579 - Label : 4, Result : 4 -> True
Test Sample 6580 - Label : 0, Result : 0 -> True
Test Sample 6581 - Label : 2, Result : 2 -> True
Test Sample 6582 - Label : 4, Result : 4 -> True
Test Sample 6583 - Label : 0, Result : 0 -> True
Test Sample 6584 - Label : 2, Result : 2 -> True
Test Sample 6585 - Label : 4, Result : 4 -> True
Test Sample 6586 - Label : 7, Result : 7 -> True
Test Sample 6587 - Label : 8, Result : 8 -> True
Test Sample 6588 - Label : 0, Result : 0 -> True
Test Sample 6589 - Label : 7, Result : 7 -> True
Test Sample 6590 - Label : 0, Result : 0 -> True
Test Sample 6591 - Label : 6, Result : 6 -> True
Test Sample 6592 - Label : 9, Result : 9 -> True
Test Sample 6593 - Label : 3, Result : 3 -> True
Test Sample 6594 - Label : 2, Result : 2 -> True
Test Sample 6595 - Label : 8, Result : 8 -> True
Test Sample 6596 - Label : 6, Result : 6 -> True
Test Sample 6597 - Label : 0, Result : 7 -> False
Test Sample 6598 - Label : 5, Result : 5 -> True
Test Sample 6599 - Label : 7, Result : 7 -> True
Test Sample 6600 - Label : 5, Result : 5 -> True
Test Sample 6601 - Label : 1, Result : 1 -> True
Test Sample 6602 - Label : 0, Result : 0 -> True
Test Sample 6603 - Label : 8, Result : 7 -> False
Test Sample 6604 - Label : 1, Result : 1 -> True
Test Sample 6605 - Label : 6, Result : 6 -> True
Test Sample 6606 - Label : 7, Result : 7 -> True
Test Sample 6607 - Label : 2, Result : 2 -> True
Test Sample 6608 - Label : 9, Result : 5 -> False
Test Sample 6609 - Label : 7, Result : 7 -> True
Test Sample 6610 - Label : 9, Result : 9 -> True
Test Sample 6611 - Label : 5, Result : 5 -> True
Test Sample 6612 - Label : 8, Result : 8 -> True
Test Sample 6613 - Label : 6, Result : 6 -> True
Test Sample 6614 - Label : 2, Result : 2 -> True
Test Sample 6615 - Label : 6, Result : 6 -> True
Test Sample 6616 - Label : 2, Result : 2 -> True
Test Sample 6617 - Label : 8, Result : 8 -> True
Test Sample 6618 - Label : 1, Result : 1 -> True
Test Sample 6619 - Label : 7, Result : 7 -> True
Test Sample 6620 - Label : 5, Result : 5 -> True
Test Sample 6621 - Label : 0, Result : 0 -> True
Test Sample 6622 - Label : 1, Result : 1 -> True
Test Sample 6623 - Label : 1, Result : 1 -> True
Test Sample 6624 - Label : 3, Result : 3 -> True
Test Sample 6625 - Label : 8, Result : 8 -> True
Test Sample 6626 - Label : 4, Result : 4 -> True
Test Sample 6627 - Label : 9, Result : 9 -> True
Test Sample 6628 - Label : 1, Result : 1 -> True
Test Sample 6629 - Label : 8, Result : 8 -> True
Test Sample 6630 - Label : 6, Result : 6 -> True
Test Sample 6631 - Label : 8, Result : 8 -> True
Test Sample 6632 - Label : 9, Result : 9 -> True
Test Sample 6633 - Label : 0, Result : 0 -> True
Test Sample 6634 - Label : 1, Result : 1 -> True
Test Sample 6635 - Label : 2, Result : 2 -> True
Test Sample 6636 - Label : 3, Result : 3 -> True
Test Sample 6637 - Label : 4, Result : 4 -> True
Test Sample 6638 - Label : 5, Result : 5 -> True
Test Sample 6639 - Label : 6, Result : 6 -> True
Test Sample 6640 - Label : 7, Result : 7 -> True
Test Sample 6641 - Label : 8, Result : 8 -> True
Test Sample 6642 - Label : 9, Result : 9 -> True
Test Sample 6643 - Label : 0, Result : 0 -> True
Test Sample 6644 - Label : 1, Result : 1 -> True
Test Sample 6645 - Label : 2, Result : 2 -> True
Test Sample 6646 - Label : 3, Result : 3 -> True
Test Sample 6647 - Label : 4, Result : 4 -> True
Test Sample 6648 - Label : 7, Result : 7 -> True
Test Sample 6649 - Label : 8, Result : 8 -> True
Test Sample 6650 - Label : 9, Result : 9 -> True
Test Sample 6651 - Label : 0, Result : 2 -> False
Test Sample 6652 - Label : 1, Result : 1 -> True
Test Sample 6653 - Label : 7, Result : 7 -> True
Test Sample 6654 - Label : 8, Result : 8 -> True
Test Sample 6655 - Label : 9, Result : 9 -> True
Test Sample 6656 - Label : 9, Result : 9 -> True
Test Sample 6657 - Label : 8, Result : 8 -> True
Test Sample 6658 - Label : 9, Result : 9 -> True
Test Sample 6659 - Label : 8, Result : 8 -> True
Test Sample 6660 - Label : 4, Result : 4 -> True
Test Sample 6661 - Label : 1, Result : 1 -> True
Test Sample 6662 - Label : 7, Result : 7 -> True
Test Sample 6663 - Label : 7, Result : 7 -> True
Test Sample 6664 - Label : 3, Result : 3 -> True
Test Sample 6665 - Label : 3, Result : 3 -> True
Test Sample 6666 - Label : 7, Result : 7 -> True
Test Sample 6667 - Label : 6, Result : 6 -> True
Test Sample 6668 - Label : 6, Result : 6 -> True
Test Sample 6669 - Label : 6, Result : 6 -> True
Test Sample 6670 - Label : 1, Result : 1 -> True
Test Sample 6671 - Label : 9, Result : 9 -> True
Test Sample 6672 - Label : 0, Result : 0 -> True
Test Sample 6673 - Label : 1, Result : 1 -> True
Test Sample 6674 - Label : 7, Result : 7 -> True
Test Sample 6675 - Label : 6, Result : 6 -> True
Test Sample 6676 - Label : 3, Result : 3 -> True
Test Sample 6677 - Label : 2, Result : 2 -> True
Test Sample 6678 - Label : 1, Result : 1 -> True
Test Sample 6679 - Label : 7, Result : 7 -> True
Test Sample 6680 - Label : 1, Result : 1 -> True
Test Sample 6681 - Label : 3, Result : 3 -> True
Test Sample 6682 - Label : 9, Result : 9 -> True
Test Sample 6683 - Label : 1, Result : 1 -> True
Test Sample 6684 - Label : 7, Result : 7 -> True
Test Sample 6685 - Label : 6, Result : 6 -> True
Test Sample 6686 - Label : 8, Result : 8 -> True
Test Sample 6687 - Label : 4, Result : 4 -> True
Test Sample 6688 - Label : 1, Result : 1 -> True
Test Sample 6689 - Label : 4, Result : 4 -> True
Test Sample 6690 - Label : 3, Result : 3 -> True
Test Sample 6691 - Label : 6, Result : 6 -> True
Test Sample 6692 - Label : 9, Result : 9 -> True
Test Sample 6693 - Label : 6, Result : 6 -> True
Test Sample 6694 - Label : 1, Result : 1 -> True
Test Sample 6695 - Label : 4, Result : 4 -> True
Test Sample 6696 - Label : 4, Result : 4 -> True
Test Sample 6697 - Label : 7, Result : 7 -> True
Test Sample 6698 - Label : 2, Result : 2 -> True
Test Sample 6699 - Label : 4, Result : 4 -> True
Test Sample 6700 - Label : 4, Result : 4 -> True
Test Sample 6701 - Label : 0, Result : 0 -> True
Test Sample 6702 - Label : 1, Result : 1 -> True
Test Sample 6703 - Label : 2, Result : 2 -> True
Test Sample 6704 - Label : 3, Result : 3 -> True
Test Sample 6705 - Label : 4, Result : 4 -> True
Test Sample 6706 - Label : 5, Result : 5 -> True
Test Sample 6707 - Label : 6, Result : 6 -> True
Test Sample 6708 - Label : 7, Result : 7 -> True
Test Sample 6709 - Label : 8, Result : 8 -> True
Test Sample 6710 - Label : 9, Result : 9 -> True
Test Sample 6711 - Label : 0, Result : 0 -> True
Test Sample 6712 - Label : 1, Result : 1 -> True
Test Sample 6713 - Label : 2, Result : 2 -> True
Test Sample 6714 - Label : 3, Result : 3 -> True
Test Sample 6715 - Label : 4, Result : 4 -> True
Test Sample 6716 - Label : 5, Result : 5 -> True
Test Sample 6717 - Label : 6, Result : 6 -> True
Test Sample 6718 - Label : 9, Result : 9 -> True
Test Sample 6719 - Label : 0, Result : 0 -> True
Test Sample 6720 - Label : 1, Result : 1 -> True
Test Sample 6721 - Label : 2, Result : 2 -> True
Test Sample 6722 - Label : 3, Result : 3 -> True
Test Sample 6723 - Label : 4, Result : 4 -> True
Test Sample 6724 - Label : 7, Result : 7 -> True
Test Sample 6725 - Label : 8, Result : 8 -> True
Test Sample 6726 - Label : 1, Result : 1 -> True
Test Sample 6727 - Label : 3, Result : 3 -> True
Test Sample 6728 - Label : 5, Result : 5 -> True
Test Sample 6729 - Label : 1, Result : 1 -> True
Test Sample 6730 - Label : 7, Result : 7 -> True
Test Sample 6731 - Label : 7, Result : 7 -> True
Test Sample 6732 - Label : 2, Result : 2 -> True
Test Sample 6733 - Label : 1, Result : 1 -> True
Test Sample 6734 - Label : 4, Result : 4 -> True
Test Sample 6735 - Label : 8, Result : 8 -> True
Test Sample 6736 - Label : 3, Result : 3 -> True
Test Sample 6737 - Label : 4, Result : 4 -> True
Test Sample 6738 - Label : 4, Result : 4 -> True
Test Sample 6739 - Label : 3, Result : 3 -> True
Test Sample 6740 - Label : 9, Result : 0 -> False
Test Sample 6741 - Label : 7, Result : 7 -> True
Test Sample 6742 - Label : 4, Result : 4 -> True
Test Sample 6743 - Label : 1, Result : 1 -> True
Test Sample 6744 - Label : 2, Result : 8 -> False
Test Sample 6745 - Label : 3, Result : 3 -> True
Test Sample 6746 - Label : 5, Result : 5 -> True
Test Sample 6747 - Label : 9, Result : 9 -> True
Test Sample 6748 - Label : 1, Result : 1 -> True
Test Sample 6749 - Label : 6, Result : 6 -> True
Test Sample 6750 - Label : 0, Result : 0 -> True
Test Sample 6751 - Label : 1, Result : 1 -> True
Test Sample 6752 - Label : 0, Result : 0 -> True
Test Sample 6753 - Label : 0, Result : 0 -> True
Test Sample 6754 - Label : 2, Result : 2 -> True
Test Sample 6755 - Label : 8, Result : 9 -> False
Test Sample 6756 - Label : 7, Result : 7 -> True
Test Sample 6757 - Label : 1, Result : 1 -> True
Test Sample 6758 - Label : 1, Result : 1 -> True
Test Sample 6759 - Label : 4, Result : 4 -> True
Test Sample 6760 - Label : 0, Result : 0 -> True
Test Sample 6761 - Label : 4, Result : 4 -> True
Test Sample 6762 - Label : 7, Result : 7 -> True
Test Sample 6763 - Label : 3, Result : 3 -> True
Test Sample 6764 - Label : 6, Result : 6 -> True
Test Sample 6765 - Label : 8, Result : 8 -> True
Test Sample 6766 - Label : 0, Result : 0 -> True
Test Sample 6767 - Label : 3, Result : 3 -> True
Test Sample 6768 - Label : 7, Result : 7 -> True
Test Sample 6769 - Label : 4, Result : 4 -> True
Test Sample 6770 - Label : 0, Result : 0 -> True
Test Sample 6771 - Label : 6, Result : 6 -> True
Test Sample 6772 - Label : 9, Result : 9 -> True
Test Sample 6773 - Label : 2, Result : 2 -> True
Test Sample 6774 - Label : 6, Result : 6 -> True
Test Sample 6775 - Label : 5, Result : 5 -> True
Test Sample 6776 - Label : 8, Result : 8 -> True
Test Sample 6777 - Label : 6, Result : 6 -> True
Test Sample 6778 - Label : 9, Result : 9 -> True
Test Sample 6779 - Label : 0, Result : 0 -> True
Test Sample 6780 - Label : 4, Result : 4 -> True
Test Sample 6781 - Label : 0, Result : 0 -> True
Test Sample 6782 - Label : 6, Result : 6 -> True
Test Sample 6783 - Label : 1, Result : 1 -> True
Test Sample 6784 - Label : 9, Result : 9 -> True
Test Sample 6785 - Label : 2, Result : 2 -> True
Test Sample 6786 - Label : 0, Result : 0 -> True
Test Sample 6787 - Label : 9, Result : 9 -> True
Test Sample 6788 - Label : 5, Result : 5 -> True
Test Sample 6789 - Label : 1, Result : 1 -> True
Test Sample 6790 - Label : 3, Result : 3 -> True
Test Sample 6791 - Label : 7, Result : 7 -> True
Test Sample 6792 - Label : 6, Result : 6 -> True
Test Sample 6793 - Label : 9, Result : 9 -> True
Test Sample 6794 - Label : 3, Result : 3 -> True
Test Sample 6795 - Label : 0, Result : 0 -> True
Test Sample 6796 - Label : 2, Result : 2 -> True
Test Sample 6797 - Label : 2, Result : 2 -> True
Test Sample 6798 - Label : 0, Result : 0 -> True
Test Sample 6799 - Label : 1, Result : 1 -> True
Test Sample 6800 - Label : 2, Result : 2 -> True
Test Sample 6801 - Label : 3, Result : 3 -> True
Test Sample 6802 - Label : 4, Result : 4 -> True
Test Sample 6803 - Label : 5, Result : 5 -> True
Test Sample 6804 - Label : 6, Result : 6 -> True
Test Sample 6805 - Label : 7, Result : 7 -> True
Test Sample 6806 - Label : 8, Result : 8 -> True
Test Sample 6807 - Label : 9, Result : 9 -> True
Test Sample 6808 - Label : 0, Result : 0 -> True
Test Sample 6809 - Label : 1, Result : 1 -> True
Test Sample 6810 - Label : 2, Result : 2 -> True
Test Sample 6811 - Label : 3, Result : 3 -> True
Test Sample 6812 - Label : 4, Result : 4 -> True
Test Sample 6813 - Label : 5, Result : 5 -> True
Test Sample 6814 - Label : 6, Result : 6 -> True
Test Sample 6815 - Label : 7, Result : 7 -> True
Test Sample 6816 - Label : 8, Result : 8 -> True
Test Sample 6817 - Label : 9, Result : 9 -> True
Test Sample 6818 - Label : 0, Result : 0 -> True
Test Sample 6819 - Label : 1, Result : 1 -> True
Test Sample 6820 - Label : 2, Result : 2 -> True
Test Sample 6821 - Label : 3, Result : 3 -> True
Test Sample 6822 - Label : 4, Result : 4 -> True
Test Sample 6823 - Label : 5, Result : 5 -> True
Test Sample 6824 - Label : 6, Result : 6 -> True
Test Sample 6825 - Label : 7, Result : 7 -> True
Test Sample 6826 - Label : 8, Result : 8 -> True
Test Sample 6827 - Label : 9, Result : 9 -> True
Test Sample 6828 - Label : 2, Result : 2 -> True
Test Sample 6829 - Label : 1, Result : 1 -> True
Test Sample 6830 - Label : 7, Result : 7 -> True
Test Sample 6831 - Label : 2, Result : 2 -> True
Test Sample 6832 - Label : 5, Result : 5 -> True
Test Sample 6833 - Label : 0, Result : 0 -> True
Test Sample 6834 - Label : 8, Result : 8 -> True
Test Sample 6835 - Label : 0, Result : 0 -> True
Test Sample 6836 - Label : 2, Result : 2 -> True
Test Sample 6837 - Label : 7, Result : 7 -> True
Test Sample 6838 - Label : 8, Result : 8 -> True
Test Sample 6839 - Label : 8, Result : 8 -> True
Test Sample 6840 - Label : 3, Result : 3 -> True
Test Sample 6841 - Label : 0, Result : 0 -> True
Test Sample 6842 - Label : 6, Result : 6 -> True
Test Sample 6843 - Label : 0, Result : 0 -> True
Test Sample 6844 - Label : 2, Result : 2 -> True
Test Sample 6845 - Label : 7, Result : 7 -> True
Test Sample 6846 - Label : 6, Result : 6 -> True
Test Sample 6847 - Label : 6, Result : 4 -> False
Test Sample 6848 - Label : 1, Result : 1 -> True
Test Sample 6849 - Label : 2, Result : 2 -> True
Test Sample 6850 - Label : 8, Result : 8 -> True
Test Sample 6851 - Label : 8, Result : 8 -> True
Test Sample 6852 - Label : 7, Result : 7 -> True
Test Sample 6853 - Label : 7, Result : 7 -> True
Test Sample 6854 - Label : 4, Result : 4 -> True
Test Sample 6855 - Label : 7, Result : 7 -> True
Test Sample 6856 - Label : 7, Result : 7 -> True
Test Sample 6857 - Label : 3, Result : 3 -> True
Test Sample 6858 - Label : 7, Result : 7 -> True
Test Sample 6859 - Label : 4, Result : 4 -> True
Test Sample 6860 - Label : 5, Result : 5 -> True
Test Sample 6861 - Label : 4, Result : 4 -> True
Test Sample 6862 - Label : 3, Result : 3 -> True
Test Sample 6863 - Label : 3, Result : 3 -> True
Test Sample 6864 - Label : 8, Result : 8 -> True
Test Sample 6865 - Label : 4, Result : 4 -> True
Test Sample 6866 - Label : 5, Result : 5 -> True
Test Sample 6867 - Label : 4, Result : 4 -> True
Test Sample 6868 - Label : 1, Result : 1 -> True
Test Sample 6869 - Label : 1, Result : 1 -> True
Test Sample 6870 - Label : 9, Result : 9 -> True
Test Sample 6871 - Label : 7, Result : 7 -> True
Test Sample 6872 - Label : 4, Result : 4 -> True
Test Sample 6873 - Label : 3, Result : 3 -> True
Test Sample 6874 - Label : 7, Result : 7 -> True
Test Sample 6875 - Label : 3, Result : 3 -> True
Test Sample 6876 - Label : 3, Result : 3 -> True
Test Sample 6877 - Label : 0, Result : 0 -> True
Test Sample 6878 - Label : 2, Result : 2 -> True
Test Sample 6879 - Label : 5, Result : 5 -> True
Test Sample 6880 - Label : 5, Result : 5 -> True
Test Sample 6881 - Label : 6, Result : 6 -> True
Test Sample 6882 - Label : 3, Result : 3 -> True
Test Sample 6883 - Label : 1, Result : 1 -> True
Test Sample 6884 - Label : 5, Result : 5 -> True
Test Sample 6885 - Label : 2, Result : 2 -> True
Test Sample 6886 - Label : 5, Result : 5 -> True
Test Sample 6887 - Label : 9, Result : 9 -> True
Test Sample 6888 - Label : 9, Result : 9 -> True
Test Sample 6889 - Label : 8, Result : 8 -> True
Test Sample 6890 - Label : 4, Result : 4 -> True
Test Sample 6891 - Label : 1, Result : 1 -> True
Test Sample 6892 - Label : 0, Result : 0 -> True
Test Sample 6893 - Label : 6, Result : 6 -> True
Test Sample 6894 - Label : 0, Result : 0 -> True
Test Sample 6895 - Label : 9, Result : 9 -> True
Test Sample 6896 - Label : 6, Result : 6 -> True
Test Sample 6897 - Label : 8, Result : 8 -> True
Test Sample 6898 - Label : 8, Result : 8 -> True
Test Sample 6899 - Label : 5, Result : 5 -> True
Test Sample 6900 - Label : 6, Result : 6 -> True
Test Sample 6901 - Label : 1, Result : 1 -> True
Test Sample 6902 - Label : 1, Result : 1 -> True
Test Sample 6903 - Label : 9, Result : 9 -> True
Test Sample 6904 - Label : 8, Result : 8 -> True
Test Sample 6905 - Label : 9, Result : 9 -> True
Test Sample 6906 - Label : 2, Result : 2 -> True
Test Sample 6907 - Label : 3, Result : 3 -> True
Test Sample 6908 - Label : 5, Result : 5 -> True
Test Sample 6909 - Label : 5, Result : 5 -> True
Test Sample 6910 - Label : 9, Result : 9 -> True
Test Sample 6911 - Label : 4, Result : 4 -> True
Test Sample 6912 - Label : 2, Result : 2 -> True
Test Sample 6913 - Label : 1, Result : 1 -> True
Test Sample 6914 - Label : 9, Result : 9 -> True
Test Sample 6915 - Label : 4, Result : 4 -> True
Test Sample 6916 - Label : 9, Result : 9 -> True
Test Sample 6917 - Label : 1, Result : 1 -> True
Test Sample 6918 - Label : 3, Result : 3 -> True
Test Sample 6919 - Label : 9, Result : 9 -> True
Test Sample 6920 - Label : 2, Result : 2 -> True
Test Sample 6921 - Label : 0, Result : 0 -> True
Test Sample 6922 - Label : 6, Result : 6 -> True
Test Sample 6923 - Label : 0, Result : 0 -> True
Test Sample 6924 - Label : 4, Result : 4 -> True
Test Sample 6925 - Label : 0, Result : 0 -> True
Test Sample 6926 - Label : 6, Result : 6 -> True
Test Sample 6927 - Label : 0, Result : 0 -> True
Test Sample 6928 - Label : 1, Result : 1 -> True
Test Sample 6929 - Label : 2, Result : 2 -> True
Test Sample 6930 - Label : 3, Result : 3 -> True
Test Sample 6931 - Label : 4, Result : 4 -> True
Test Sample 6932 - Label : 5, Result : 5 -> True
Test Sample 6933 - Label : 6, Result : 6 -> True
Test Sample 6934 - Label : 7, Result : 7 -> True
Test Sample 6935 - Label : 8, Result : 8 -> True
Test Sample 6936 - Label : 9, Result : 9 -> True
Test Sample 6937 - Label : 0, Result : 0 -> True
Test Sample 6938 - Label : 1, Result : 1 -> True
Test Sample 6939 - Label : 2, Result : 2 -> True
Test Sample 6940 - Label : 3, Result : 3 -> True
Test Sample 6941 - Label : 4, Result : 4 -> True
Test Sample 6942 - Label : 5, Result : 5 -> True
Test Sample 6943 - Label : 6, Result : 6 -> True
Test Sample 6944 - Label : 7, Result : 7 -> True
Test Sample 6945 - Label : 8, Result : 8 -> True
Test Sample 6946 - Label : 9, Result : 9 -> True
Test Sample 6947 - Label : 0, Result : 0 -> True
Test Sample 6948 - Label : 1, Result : 1 -> True
Test Sample 6949 - Label : 2, Result : 2 -> True
Test Sample 6950 - Label : 3, Result : 3 -> True
Test Sample 6951 - Label : 4, Result : 4 -> True
Test Sample 6952 - Label : 5, Result : 5 -> True
Test Sample 6953 - Label : 6, Result : 6 -> True
Test Sample 6954 - Label : 7, Result : 7 -> True
Test Sample 6955 - Label : 8, Result : 8 -> True
Test Sample 6956 - Label : 9, Result : 9 -> True
Test Sample 6957 - Label : 3, Result : 3 -> True
Test Sample 6958 - Label : 8, Result : 8 -> True
Test Sample 6959 - Label : 0, Result : 0 -> True
Test Sample 6960 - Label : 7, Result : 7 -> True
Test Sample 6961 - Label : 1, Result : 1 -> True
Test Sample 6962 - Label : 0, Result : 0 -> True
Test Sample 6963 - Label : 7, Result : 7 -> True
Test Sample 6964 - Label : 5, Result : 5 -> True
Test Sample 6965 - Label : 5, Result : 5 -> True
Test Sample 6966 - Label : 6, Result : 6 -> True
Test Sample 6967 - Label : 9, Result : 9 -> True
Test Sample 6968 - Label : 0, Result : 0 -> True
Test Sample 6969 - Label : 1, Result : 1 -> True
Test Sample 6970 - Label : 0, Result : 0 -> True
Test Sample 6971 - Label : 0, Result : 0 -> True
Test Sample 6972 - Label : 8, Result : 8 -> True
Test Sample 6973 - Label : 3, Result : 3 -> True
Test Sample 6974 - Label : 4, Result : 4 -> True
Test Sample 6975 - Label : 3, Result : 3 -> True
Test Sample 6976 - Label : 1, Result : 1 -> True
Test Sample 6977 - Label : 5, Result : 5 -> True
Test Sample 6978 - Label : 0, Result : 0 -> True
Test Sample 6979 - Label : 0, Result : 0 -> True
Test Sample 6980 - Label : 9, Result : 9 -> True
Test Sample 6981 - Label : 5, Result : 5 -> True
Test Sample 6982 - Label : 3, Result : 3 -> True
Test Sample 6983 - Label : 4, Result : 4 -> True
Test Sample 6984 - Label : 9, Result : 9 -> True
Test Sample 6985 - Label : 3, Result : 3 -> True
Test Sample 6986 - Label : 7, Result : 7 -> True
Test Sample 6987 - Label : 6, Result : 6 -> True
Test Sample 6988 - Label : 9, Result : 9 -> True
Test Sample 6989 - Label : 2, Result : 2 -> True
Test Sample 6990 - Label : 4, Result : 4 -> True
Test Sample 6991 - Label : 5, Result : 5 -> True
Test Sample 6992 - Label : 7, Result : 7 -> True
Test Sample 6993 - Label : 2, Result : 2 -> True
Test Sample 6994 - Label : 6, Result : 6 -> True
Test Sample 6995 - Label : 4, Result : 4 -> True
Test Sample 6996 - Label : 9, Result : 9 -> True
Test Sample 6997 - Label : 4, Result : 4 -> True
Test Sample 6998 - Label : 9, Result : 9 -> True
Test Sample 6999 - Label : 4, Result : 4 -> True
Test Sample 7000 - Label : 1, Result : 1 -> True
Test Sample 7001 - Label : 2, Result : 2 -> True
Test Sample 7002 - Label : 2, Result : 2 -> True
Test Sample 7003 - Label : 5, Result : 5 -> True
Test Sample 7004 - Label : 8, Result : 8 -> True
Test Sample 7005 - Label : 1, Result : 1 -> True
Test Sample 7006 - Label : 3, Result : 3 -> True
Test Sample 7007 - Label : 2, Result : 2 -> True
Test Sample 7008 - Label : 9, Result : 9 -> True
Test Sample 7009 - Label : 4, Result : 4 -> True
Test Sample 7010 - Label : 3, Result : 3 -> True
Test Sample 7011 - Label : 8, Result : 8 -> True
Test Sample 7012 - Label : 2, Result : 2 -> True
Test Sample 7013 - Label : 2, Result : 2 -> True
Test Sample 7014 - Label : 1, Result : 1 -> True
Test Sample 7015 - Label : 2, Result : 2 -> True
Test Sample 7016 - Label : 8, Result : 8 -> True
Test Sample 7017 - Label : 6, Result : 6 -> True
Test Sample 7018 - Label : 5, Result : 5 -> True
Test Sample 7019 - Label : 1, Result : 1 -> True
Test Sample 7020 - Label : 6, Result : 6 -> True
Test Sample 7021 - Label : 7, Result : 7 -> True
Test Sample 7022 - Label : 2, Result : 2 -> True
Test Sample 7023 - Label : 1, Result : 1 -> True
Test Sample 7024 - Label : 3, Result : 3 -> True
Test Sample 7025 - Label : 9, Result : 9 -> True
Test Sample 7026 - Label : 3, Result : 3 -> True
Test Sample 7027 - Label : 8, Result : 8 -> True
Test Sample 7028 - Label : 7, Result : 7 -> True
Test Sample 7029 - Label : 5, Result : 5 -> True
Test Sample 7030 - Label : 7, Result : 7 -> True
Test Sample 7031 - Label : 0, Result : 0 -> True
Test Sample 7032 - Label : 7, Result : 7 -> True
Test Sample 7033 - Label : 4, Result : 4 -> True
Test Sample 7034 - Label : 8, Result : 8 -> True
Test Sample 7035 - Label : 8, Result : 8 -> True
Test Sample 7036 - Label : 5, Result : 5 -> True
Test Sample 7037 - Label : 0, Result : 0 -> True
Test Sample 7038 - Label : 6, Result : 6 -> True
Test Sample 7039 - Label : 6, Result : 6 -> True
Test Sample 7040 - Label : 3, Result : 3 -> True
Test Sample 7041 - Label : 7, Result : 7 -> True
Test Sample 7042 - Label : 6, Result : 6 -> True
Test Sample 7043 - Label : 9, Result : 9 -> True
Test Sample 7044 - Label : 9, Result : 9 -> True
Test Sample 7045 - Label : 4, Result : 4 -> True
Test Sample 7046 - Label : 8, Result : 8 -> True
Test Sample 7047 - Label : 4, Result : 4 -> True
Test Sample 7048 - Label : 1, Result : 1 -> True
Test Sample 7049 - Label : 0, Result : 0 -> True
Test Sample 7050 - Label : 6, Result : 6 -> True
Test Sample 7051 - Label : 6, Result : 6 -> True
Test Sample 7052 - Label : 0, Result : 0 -> True
Test Sample 7053 - Label : 1, Result : 1 -> True
Test Sample 7054 - Label : 2, Result : 2 -> True
Test Sample 7055 - Label : 3, Result : 3 -> True
Test Sample 7056 - Label : 4, Result : 4 -> True
Test Sample 7057 - Label : 5, Result : 5 -> True
Test Sample 7058 - Label : 6, Result : 6 -> True
Test Sample 7059 - Label : 7, Result : 7 -> True
Test Sample 7060 - Label : 8, Result : 8 -> True
Test Sample 7061 - Label : 9, Result : 9 -> True
Test Sample 7062 - Label : 0, Result : 0 -> True
Test Sample 7063 - Label : 1, Result : 1 -> True
Test Sample 7064 - Label : 2, Result : 2 -> True
Test Sample 7065 - Label : 3, Result : 3 -> True
Test Sample 7066 - Label : 4, Result : 4 -> True
Test Sample 7067 - Label : 5, Result : 5 -> True
Test Sample 7068 - Label : 6, Result : 6 -> True
Test Sample 7069 - Label : 7, Result : 7 -> True
Test Sample 7070 - Label : 8, Result : 8 -> True
Test Sample 7071 - Label : 9, Result : 9 -> True
Test Sample 7072 - Label : 0, Result : 0 -> True
Test Sample 7073 - Label : 1, Result : 1 -> True
Test Sample 7074 - Label : 2, Result : 2 -> True
Test Sample 7075 - Label : 3, Result : 3 -> True
Test Sample 7076 - Label : 4, Result : 4 -> True
Test Sample 7077 - Label : 5, Result : 5 -> True
Test Sample 7078 - Label : 6, Result : 6 -> True
Test Sample 7079 - Label : 7, Result : 7 -> True
Test Sample 7080 - Label : 8, Result : 8 -> True
Test Sample 7081 - Label : 9, Result : 9 -> True
Test Sample 7082 - Label : 7, Result : 7 -> True
Test Sample 7083 - Label : 4, Result : 4 -> True
Test Sample 7084 - Label : 0, Result : 0 -> True
Test Sample 7085 - Label : 4, Result : 4 -> True
Test Sample 7086 - Label : 0, Result : 0 -> True
Test Sample 7087 - Label : 1, Result : 1 -> True
Test Sample 7088 - Label : 7, Result : 7 -> True
Test Sample 7089 - Label : 9, Result : 9 -> True
Test Sample 7090 - Label : 5, Result : 5 -> True
Test Sample 7091 - Label : 1, Result : 1 -> True
Test Sample 7092 - Label : 4, Result : 4 -> True
Test Sample 7093 - Label : 2, Result : 2 -> True
Test Sample 7094 - Label : 8, Result : 8 -> True
Test Sample 7095 - Label : 9, Result : 9 -> True
Test Sample 7096 - Label : 4, Result : 4 -> True
Test Sample 7097 - Label : 3, Result : 3 -> True
Test Sample 7098 - Label : 7, Result : 7 -> True
Test Sample 7099 - Label : 8, Result : 8 -> True
Test Sample 7100 - Label : 2, Result : 2 -> True
Test Sample 7101 - Label : 4, Result : 4 -> True
Test Sample 7102 - Label : 4, Result : 4 -> True
Test Sample 7103 - Label : 3, Result : 3 -> True
Test Sample 7104 - Label : 3, Result : 3 -> True
Test Sample 7105 - Label : 6, Result : 6 -> True
Test Sample 7106 - Label : 9, Result : 9 -> True
Test Sample 7107 - Label : 9, Result : 9 -> True
Test Sample 7108 - Label : 5, Result : 5 -> True
Test Sample 7109 - Label : 8, Result : 8 -> True
Test Sample 7110 - Label : 6, Result : 6 -> True
Test Sample 7111 - Label : 7, Result : 7 -> True
Test Sample 7112 - Label : 0, Result : 0 -> True
Test Sample 7113 - Label : 6, Result : 6 -> True
Test Sample 7114 - Label : 8, Result : 8 -> True
Test Sample 7115 - Label : 2, Result : 2 -> True
Test Sample 7116 - Label : 6, Result : 6 -> True
Test Sample 7117 - Label : 3, Result : 3 -> True
Test Sample 7118 - Label : 9, Result : 9 -> True
Test Sample 7119 - Label : 3, Result : 3 -> True
Test Sample 7120 - Label : 2, Result : 2 -> True
Test Sample 7121 - Label : 8, Result : 9 -> False
Test Sample 7122 - Label : 6, Result : 6 -> True
Test Sample 7123 - Label : 1, Result : 1 -> True
Test Sample 7124 - Label : 7, Result : 7 -> True
Test Sample 7125 - Label : 4, Result : 4 -> True
Test Sample 7126 - Label : 8, Result : 8 -> True
Test Sample 7127 - Label : 8, Result : 8 -> True
Test Sample 7128 - Label : 9, Result : 9 -> True
Test Sample 7129 - Label : 0, Result : 0 -> True
Test Sample 7130 - Label : 3, Result : 3 -> True
Test Sample 7131 - Label : 3, Result : 3 -> True
Test Sample 7132 - Label : 9, Result : 9 -> True
Test Sample 7133 - Label : 0, Result : 0 -> True
Test Sample 7134 - Label : 5, Result : 5 -> True
Test Sample 7135 - Label : 2, Result : 2 -> True
Test Sample 7136 - Label : 9, Result : 9 -> True
Test Sample 7137 - Label : 4, Result : 4 -> True
Test Sample 7138 - Label : 1, Result : 1 -> True
Test Sample 7139 - Label : 0, Result : 0 -> True
Test Sample 7140 - Label : 3, Result : 3 -> True
Test Sample 7141 - Label : 7, Result : 7 -> True
Test Sample 7142 - Label : 5, Result : 5 -> True
Test Sample 7143 - Label : 8, Result : 8 -> True
Test Sample 7144 - Label : 7, Result : 7 -> True
Test Sample 7145 - Label : 7, Result : 7 -> True
Test Sample 7146 - Label : 8, Result : 8 -> True
Test Sample 7147 - Label : 2, Result : 2 -> True
Test Sample 7148 - Label : 9, Result : 9 -> True
Test Sample 7149 - Label : 7, Result : 7 -> True
Test Sample 7150 - Label : 1, Result : 1 -> True
Test Sample 7151 - Label : 2, Result : 2 -> True
Test Sample 7152 - Label : 6, Result : 6 -> True
Test Sample 7153 - Label : 4, Result : 4 -> True
Test Sample 7154 - Label : 2, Result : 2 -> True
Test Sample 7155 - Label : 5, Result : 5 -> True
Test Sample 7156 - Label : 2, Result : 2 -> True
Test Sample 7157 - Label : 3, Result : 3 -> True
Test Sample 7158 - Label : 6, Result : 6 -> True
Test Sample 7159 - Label : 6, Result : 6 -> True
Test Sample 7160 - Label : 5, Result : 5 -> True
Test Sample 7161 - Label : 0, Result : 0 -> True
Test Sample 7162 - Label : 0, Result : 0 -> True
Test Sample 7163 - Label : 2, Result : 2 -> True
Test Sample 7164 - Label : 8, Result : 8 -> True
Test Sample 7165 - Label : 1, Result : 1 -> True
Test Sample 7166 - Label : 6, Result : 6 -> True
Test Sample 7167 - Label : 1, Result : 1 -> True
Test Sample 7168 - Label : 0, Result : 0 -> True
Test Sample 7169 - Label : 4, Result : 4 -> True
Test Sample 7170 - Label : 3, Result : 3 -> True
Test Sample 7171 - Label : 1, Result : 1 -> True
Test Sample 7172 - Label : 6, Result : 6 -> True
Test Sample 7173 - Label : 1, Result : 1 -> True
Test Sample 7174 - Label : 9, Result : 9 -> True
Test Sample 7175 - Label : 0, Result : 0 -> True
Test Sample 7176 - Label : 1, Result : 1 -> True
Test Sample 7177 - Label : 4, Result : 4 -> True
Test Sample 7178 - Label : 5, Result : 5 -> True
Test Sample 7179 - Label : 6, Result : 6 -> True
Test Sample 7180 - Label : 7, Result : 7 -> True
Test Sample 7181 - Label : 8, Result : 8 -> True
Test Sample 7182 - Label : 9, Result : 9 -> True
Test Sample 7183 - Label : 1, Result : 1 -> True
Test Sample 7184 - Label : 2, Result : 2 -> True
Test Sample 7185 - Label : 3, Result : 3 -> True
Test Sample 7186 - Label : 4, Result : 4 -> True
Test Sample 7187 - Label : 5, Result : 5 -> True
Test Sample 7188 - Label : 6, Result : 6 -> True
Test Sample 7189 - Label : 7, Result : 7 -> True
Test Sample 7190 - Label : 0, Result : 0 -> True
Test Sample 7191 - Label : 1, Result : 1 -> True
Test Sample 7192 - Label : 2, Result : 2 -> True
Test Sample 7193 - Label : 3, Result : 3 -> True
Test Sample 7194 - Label : 4, Result : 4 -> True
Test Sample 7195 - Label : 5, Result : 5 -> True
Test Sample 7196 - Label : 6, Result : 6 -> True
Test Sample 7197 - Label : 7, Result : 7 -> True
Test Sample 7198 - Label : 8, Result : 8 -> True
Test Sample 7199 - Label : 9, Result : 9 -> True
Test Sample 7200 - Label : 8, Result : 8 -> True
Test Sample 7201 - Label : 4, Result : 4 -> True
Test Sample 7202 - Label : 0, Result : 0 -> True
Test Sample 7203 - Label : 0, Result : 0 -> True
Test Sample 7204 - Label : 7, Result : 7 -> True
Test Sample 7205 - Label : 2, Result : 2 -> True
Test Sample 7206 - Label : 4, Result : 4 -> True
Test Sample 7207 - Label : 3, Result : 3 -> True
Test Sample 7208 - Label : 8, Result : 8 -> True
Test Sample 7209 - Label : 6, Result : 6 -> True
Test Sample 7210 - Label : 6, Result : 6 -> True
Test Sample 7211 - Label : 3, Result : 3 -> True
Test Sample 7212 - Label : 2, Result : 2 -> True
Test Sample 7213 - Label : 6, Result : 6 -> True
Test Sample 7214 - Label : 3, Result : 3 -> True
Test Sample 7215 - Label : 3, Result : 3 -> True
Test Sample 7216 - Label : 0, Result : 0 -> True
Test Sample 7217 - Label : 1, Result : 1 -> True
Test Sample 7218 - Label : 4, Result : 4 -> True
Test Sample 7219 - Label : 7, Result : 7 -> True
Test Sample 7220 - Label : 8, Result : 8 -> True
Test Sample 7221 - Label : 0, Result : 0 -> True
Test Sample 7222 - Label : 3, Result : 3 -> True
Test Sample 7223 - Label : 1, Result : 1 -> True
Test Sample 7224 - Label : 9, Result : 9 -> True
Test Sample 7225 - Label : 0, Result : 0 -> True
Test Sample 7226 - Label : 1, Result : 1 -> True
Test Sample 7227 - Label : 9, Result : 9 -> True
Test Sample 7228 - Label : 1, Result : 1 -> True
Test Sample 7229 - Label : 2, Result : 2 -> True
Test Sample 7230 - Label : 7, Result : 7 -> True
Test Sample 7231 - Label : 0, Result : 0 -> True
Test Sample 7232 - Label : 1, Result : 1 -> True
Test Sample 7233 - Label : 3, Result : 3 -> True
Test Sample 7234 - Label : 8, Result : 8 -> True
Test Sample 7235 - Label : 2, Result : 2 -> True
Test Sample 7236 - Label : 9, Result : 9 -> True
Test Sample 7237 - Label : 2, Result : 2 -> True
Test Sample 7238 - Label : 7, Result : 7 -> True
Test Sample 7239 - Label : 6, Result : 6 -> True
Test Sample 7240 - Label : 5, Result : 5 -> True
Test Sample 7241 - Label : 5, Result : 5 -> True
Test Sample 7242 - Label : 9, Result : 9 -> True
Test Sample 7243 - Label : 9, Result : 9 -> True
Test Sample 7244 - Label : 8, Result : 8 -> True
Test Sample 7245 - Label : 2, Result : 2 -> True
Test Sample 7246 - Label : 9, Result : 9 -> True
Test Sample 7247 - Label : 1, Result : 1 -> True
Test Sample 7248 - Label : 3, Result : 3 -> True
Test Sample 7249 - Label : 2, Result : 2 -> True
Test Sample 7250 - Label : 3, Result : 3 -> True
Test Sample 7251 - Label : 4, Result : 4 -> True
Test Sample 7252 - Label : 3, Result : 3 -> True
Test Sample 7253 - Label : 1, Result : 1 -> True
Test Sample 7254 - Label : 9, Result : 9 -> True
Test Sample 7255 - Label : 0, Result : 0 -> True
Test Sample 7256 - Label : 9, Result : 9 -> True
Test Sample 7257 - Label : 3, Result : 3 -> True
Test Sample 7258 - Label : 6, Result : 6 -> True
Test Sample 7259 - Label : 8, Result : 8 -> True
Test Sample 7260 - Label : 7, Result : 7 -> True
Test Sample 7261 - Label : 0, Result : 0 -> True
Test Sample 7262 - Label : 1, Result : 1 -> True
Test Sample 7263 - Label : 0, Result : 0 -> True
Test Sample 7264 - Label : 5, Result : 5 -> True
Test Sample 7265 - Label : 8, Result : 3 -> False
Test Sample 7266 - Label : 2, Result : 2 -> True
Test Sample 7267 - Label : 7, Result : 7 -> True
Test Sample 7268 - Label : 7, Result : 7 -> True
Test Sample 7269 - Label : 0, Result : 0 -> True
Test Sample 7270 - Label : 1, Result : 1 -> True
Test Sample 7271 - Label : 2, Result : 2 -> True
Test Sample 7272 - Label : 3, Result : 3 -> True
Test Sample 7273 - Label : 4, Result : 4 -> True
Test Sample 7274 - Label : 5, Result : 5 -> True
Test Sample 7275 - Label : 6, Result : 6 -> True
Test Sample 7276 - Label : 7, Result : 7 -> True
Test Sample 7277 - Label : 8, Result : 8 -> True
Test Sample 7278 - Label : 9, Result : 9 -> True
Test Sample 7279 - Label : 0, Result : 0 -> True
Test Sample 7280 - Label : 1, Result : 1 -> True
Test Sample 7281 - Label : 2, Result : 2 -> True
Test Sample 7282 - Label : 3, Result : 3 -> True
Test Sample 7283 - Label : 4, Result : 4 -> True
Test Sample 7284 - Label : 5, Result : 5 -> True
Test Sample 7285 - Label : 6, Result : 6 -> True
Test Sample 7286 - Label : 7, Result : 7 -> True
Test Sample 7287 - Label : 8, Result : 8 -> True
Test Sample 7288 - Label : 9, Result : 9 -> True
Test Sample 7289 - Label : 0, Result : 0 -> True
Test Sample 7290 - Label : 1, Result : 1 -> True
Test Sample 7291 - Label : 2, Result : 2 -> True
Test Sample 7292 - Label : 3, Result : 3 -> True
Test Sample 7293 - Label : 4, Result : 4 -> True
Test Sample 7294 - Label : 5, Result : 5 -> True
Test Sample 7295 - Label : 6, Result : 6 -> True
Test Sample 7296 - Label : 7, Result : 7 -> True
Test Sample 7297 - Label : 8, Result : 8 -> True
Test Sample 7298 - Label : 9, Result : 9 -> True
Test Sample 7299 - Label : 1, Result : 1 -> True
Test Sample 7300 - Label : 7, Result : 7 -> True
Test Sample 7301 - Label : 4, Result : 4 -> True
Test Sample 7302 - Label : 8, Result : 8 -> True
Test Sample 7303 - Label : 1, Result : 1 -> True
Test Sample 7304 - Label : 5, Result : 5 -> True
Test Sample 7305 - Label : 6, Result : 6 -> True
Test Sample 7306 - Label : 5, Result : 5 -> True
Test Sample 7307 - Label : 7, Result : 7 -> True
Test Sample 7308 - Label : 2, Result : 2 -> True
Test Sample 7309 - Label : 8, Result : 8 -> True
Test Sample 7310 - Label : 6, Result : 6 -> True
Test Sample 7311 - Label : 3, Result : 3 -> True
Test Sample 7312 - Label : 3, Result : 3 -> True
Test Sample 7313 - Label : 8, Result : 8 -> True
Test Sample 7314 - Label : 6, Result : 6 -> True
Test Sample 7315 - Label : 5, Result : 5 -> True
Test Sample 7316 - Label : 4, Result : 4 -> True
Test Sample 7317 - Label : 0, Result : 0 -> True
Test Sample 7318 - Label : 9, Result : 9 -> True
Test Sample 7319 - Label : 1, Result : 1 -> True
Test Sample 7320 - Label : 7, Result : 7 -> True
Test Sample 7321 - Label : 2, Result : 2 -> True
Test Sample 7322 - Label : 9, Result : 9 -> True
Test Sample 7323 - Label : 1, Result : 1 -> True
Test Sample 7324 - Label : 5, Result : 5 -> True
Test Sample 7325 - Label : 1, Result : 1 -> True
Test Sample 7326 - Label : 3, Result : 3 -> True
Test Sample 7327 - Label : 2, Result : 2 -> True
Test Sample 7328 - Label : 2, Result : 2 -> True
Test Sample 7329 - Label : 3, Result : 3 -> True
Test Sample 7330 - Label : 0, Result : 0 -> True
Test Sample 7331 - Label : 6, Result : 6 -> True
Test Sample 7332 - Label : 4, Result : 4 -> True
Test Sample 7333 - Label : 3, Result : 3 -> True
Test Sample 7334 - Label : 7, Result : 7 -> True
Test Sample 7335 - Label : 6, Result : 6 -> True
Test Sample 7336 - Label : 9, Result : 9 -> True
Test Sample 7337 - Label : 0, Result : 0 -> True
Test Sample 7338 - Label : 4, Result : 4 -> True
Test Sample 7339 - Label : 8, Result : 8 -> True
Test Sample 7340 - Label : 1, Result : 1 -> True
Test Sample 7341 - Label : 4, Result : 4 -> True
Test Sample 7342 - Label : 0, Result : 0 -> True
Test Sample 7343 - Label : 6, Result : 6 -> True
Test Sample 7344 - Label : 1, Result : 1 -> True
Test Sample 7345 - Label : 2, Result : 2 -> True
Test Sample 7346 - Label : 6, Result : 6 -> True
Test Sample 7347 - Label : 9, Result : 9 -> True
Test Sample 7348 - Label : 2, Result : 2 -> True
Test Sample 7349 - Label : 2, Result : 2 -> True
Test Sample 7350 - Label : 3, Result : 3 -> True
Test Sample 7351 - Label : 5, Result : 5 -> True
Test Sample 7352 - Label : 5, Result : 5 -> True
Test Sample 7353 - Label : 1, Result : 1 -> True
Test Sample 7354 - Label : 0, Result : 0 -> True
Test Sample 7355 - Label : 7, Result : 7 -> True
Test Sample 7356 - Label : 7, Result : 7 -> True
Test Sample 7357 - Label : 9, Result : 9 -> True
Test Sample 7358 - Label : 6, Result : 6 -> True
Test Sample 7359 - Label : 2, Result : 2 -> True
Test Sample 7360 - Label : 9, Result : 9 -> True
Test Sample 7361 - Label : 4, Result : 4 -> True
Test Sample 7362 - Label : 7, Result : 7 -> True
Test Sample 7363 - Label : 0, Result : 0 -> True
Test Sample 7364 - Label : 2, Result : 2 -> True
Test Sample 7365 - Label : 3, Result : 3 -> True
Test Sample 7366 - Label : 4, Result : 4 -> True
Test Sample 7367 - Label : 0, Result : 0 -> True
Test Sample 7368 - Label : 0, Result : 0 -> True
Test Sample 7369 - Label : 8, Result : 8 -> True
Test Sample 7370 - Label : 8, Result : 8 -> True
Test Sample 7371 - Label : 8, Result : 8 -> True
Test Sample 7372 - Label : 5, Result : 5 -> True
Test Sample 7373 - Label : 1, Result : 1 -> True
Test Sample 7374 - Label : 3, Result : 3 -> True
Test Sample 7375 - Label : 7, Result : 7 -> True
Test Sample 7376 - Label : 4, Result : 4 -> True
Test Sample 7377 - Label : 9, Result : 9 -> True
Test Sample 7378 - Label : 8, Result : 8 -> True
Test Sample 7379 - Label : 8, Result : 8 -> True
Test Sample 7380 - Label : 9, Result : 9 -> True
Test Sample 7381 - Label : 0, Result : 0 -> True
Test Sample 7382 - Label : 9, Result : 9 -> True
Test Sample 7383 - Label : 8, Result : 8 -> True
Test Sample 7384 - Label : 9, Result : 9 -> True
Test Sample 7385 - Label : 0, Result : 0 -> True
Test Sample 7386 - Label : 2, Result : 2 -> True
Test Sample 7387 - Label : 6, Result : 6 -> True
Test Sample 7388 - Label : 5, Result : 5 -> True
Test Sample 7389 - Label : 6, Result : 6 -> True
Test Sample 7390 - Label : 7, Result : 7 -> True
Test Sample 7391 - Label : 4, Result : 4 -> True
Test Sample 7392 - Label : 7, Result : 7 -> True
Test Sample 7393 - Label : 5, Result : 5 -> True
Test Sample 7394 - Label : 4, Result : 4 -> True
Test Sample 7395 - Label : 1, Result : 1 -> True
Test Sample 7396 - Label : 3, Result : 3 -> True
Test Sample 7397 - Label : 5, Result : 5 -> True
Test Sample 7398 - Label : 3, Result : 3 -> True
Test Sample 7399 - Label : 1, Result : 1 -> True
Test Sample 7400 - Label : 2, Result : 2 -> True
Test Sample 7401 - Label : 3, Result : 3 -> True
Test Sample 7402 - Label : 4, Result : 4 -> True
Test Sample 7403 - Label : 5, Result : 5 -> True
Test Sample 7404 - Label : 6, Result : 6 -> True
Test Sample 7405 - Label : 1, Result : 1 -> True
Test Sample 7406 - Label : 2, Result : 2 -> True
Test Sample 7407 - Label : 3, Result : 3 -> True
Test Sample 7408 - Label : 4, Result : 4 -> True
Test Sample 7409 - Label : 6, Result : 6 -> True
Test Sample 7410 - Label : 0, Result : 0 -> True
Test Sample 7411 - Label : 1, Result : 1 -> True
Test Sample 7412 - Label : 2, Result : 2 -> True
Test Sample 7413 - Label : 4, Result : 4 -> True
Test Sample 7414 - Label : 5, Result : 5 -> True
Test Sample 7415 - Label : 6, Result : 6 -> True
Test Sample 7416 - Label : 7, Result : 7 -> True
Test Sample 7417 - Label : 8, Result : 8 -> True
Test Sample 7418 - Label : 1, Result : 1 -> True
Test Sample 7419 - Label : 7, Result : 7 -> True
Test Sample 7420 - Label : 2, Result : 2 -> True
Test Sample 7421 - Label : 4, Result : 4 -> True
Test Sample 7422 - Label : 1, Result : 1 -> True
Test Sample 7423 - Label : 4, Result : 4 -> True
Test Sample 7424 - Label : 1, Result : 1 -> True
Test Sample 7425 - Label : 4, Result : 4 -> True
Test Sample 7426 - Label : 9, Result : 9 -> True
Test Sample 7427 - Label : 6, Result : 6 -> True
Test Sample 7428 - Label : 8, Result : 8 -> True
Test Sample 7429 - Label : 4, Result : 4 -> True
Test Sample 7430 - Label : 5, Result : 5 -> True
Test Sample 7431 - Label : 3, Result : 3 -> True
Test Sample 7432 - Label : 7, Result : 7 -> True
Test Sample 7433 - Label : 8, Result : 8 -> True
Test Sample 7434 - Label : 4, Result : 8 -> False
Test Sample 7435 - Label : 3, Result : 3 -> True
Test Sample 7436 - Label : 3, Result : 3 -> True
Test Sample 7437 - Label : 5, Result : 5 -> True
Test Sample 7438 - Label : 6, Result : 6 -> True
Test Sample 7439 - Label : 7, Result : 7 -> True
Test Sample 7440 - Label : 0, Result : 0 -> True
Test Sample 7441 - Label : 6, Result : 6 -> True
Test Sample 7442 - Label : 1, Result : 1 -> True
Test Sample 7443 - Label : 6, Result : 6 -> True
Test Sample 7444 - Label : 8, Result : 8 -> True
Test Sample 7445 - Label : 7, Result : 7 -> True
Test Sample 7446 - Label : 0, Result : 0 -> True
Test Sample 7447 - Label : 1, Result : 1 -> True
Test Sample 7448 - Label : 5, Result : 5 -> True
Test Sample 7449 - Label : 0, Result : 0 -> True
Test Sample 7450 - Label : 8, Result : 8 -> True
Test Sample 7451 - Label : 5, Result : 5 -> True
Test Sample 7452 - Label : 0, Result : 0 -> True
Test Sample 7453 - Label : 1, Result : 1 -> True
Test Sample 7454 - Label : 5, Result : 5 -> True
Test Sample 7455 - Label : 8, Result : 8 -> True
Test Sample 7456 - Label : 4, Result : 4 -> True
Test Sample 7457 - Label : 2, Result : 2 -> True
Test Sample 7458 - Label : 3, Result : 3 -> True
Test Sample 7459 - Label : 9, Result : 9 -> True
Test Sample 7460 - Label : 7, Result : 7 -> True
Test Sample 7461 - Label : 6, Result : 6 -> True
Test Sample 7462 - Label : 9, Result : 9 -> True
Test Sample 7463 - Label : 1, Result : 1 -> True
Test Sample 7464 - Label : 9, Result : 9 -> True
Test Sample 7465 - Label : 0, Result : 0 -> True
Test Sample 7466 - Label : 6, Result : 6 -> True
Test Sample 7467 - Label : 7, Result : 7 -> True
Test Sample 7468 - Label : 1, Result : 1 -> True
Test Sample 7469 - Label : 2, Result : 2 -> True
Test Sample 7470 - Label : 3, Result : 3 -> True
Test Sample 7471 - Label : 9, Result : 9 -> True
Test Sample 7472 - Label : 2, Result : 2 -> True
Test Sample 7473 - Label : 4, Result : 4 -> True
Test Sample 7474 - Label : 5, Result : 5 -> True
Test Sample 7475 - Label : 5, Result : 5 -> True
Test Sample 7476 - Label : 3, Result : 3 -> True
Test Sample 7477 - Label : 7, Result : 7 -> True
Test Sample 7478 - Label : 5, Result : 5 -> True
Test Sample 7479 - Label : 3, Result : 3 -> True
Test Sample 7480 - Label : 1, Result : 1 -> True
Test Sample 7481 - Label : 8, Result : 8 -> True
Test Sample 7482 - Label : 2, Result : 2 -> True
Test Sample 7483 - Label : 2, Result : 2 -> True
Test Sample 7484 - Label : 3, Result : 3 -> True
Test Sample 7485 - Label : 0, Result : 0 -> True
Test Sample 7486 - Label : 2, Result : 2 -> True
Test Sample 7487 - Label : 9, Result : 9 -> True
Test Sample 7488 - Label : 4, Result : 4 -> True
Test Sample 7489 - Label : 9, Result : 9 -> True
Test Sample 7490 - Label : 7, Result : 7 -> True
Test Sample 7491 - Label : 0, Result : 0 -> True
Test Sample 7492 - Label : 2, Result : 2 -> True
Test Sample 7493 - Label : 7, Result : 7 -> True
Test Sample 7494 - Label : 4, Result : 4 -> True
Test Sample 7495 - Label : 9, Result : 9 -> True
Test Sample 7496 - Label : 9, Result : 9 -> True
Test Sample 7497 - Label : 2, Result : 2 -> True
Test Sample 7498 - Label : 5, Result : 5 -> True
Test Sample 7499 - Label : 9, Result : 9 -> True
Test Sample 7500 - Label : 8, Result : 8 -> True
Test Sample 7501 - Label : 3, Result : 3 -> True
Test Sample 7502 - Label : 8, Result : 8 -> True
Test Sample 7503 - Label : 6, Result : 6 -> True
Test Sample 7504 - Label : 7, Result : 7 -> True
Test Sample 7505 - Label : 0, Result : 0 -> True
Test Sample 7506 - Label : 0, Result : 0 -> True
Test Sample 7507 - Label : 1, Result : 1 -> True
Test Sample 7508 - Label : 2, Result : 2 -> True
Test Sample 7509 - Label : 3, Result : 3 -> True
Test Sample 7510 - Label : 4, Result : 4 -> True
Test Sample 7511 - Label : 5, Result : 5 -> True
Test Sample 7512 - Label : 6, Result : 6 -> True
Test Sample 7513 - Label : 7, Result : 7 -> True
Test Sample 7514 - Label : 8, Result : 8 -> True
Test Sample 7515 - Label : 9, Result : 9 -> True
Test Sample 7516 - Label : 0, Result : 0 -> True
Test Sample 7517 - Label : 1, Result : 1 -> True
Test Sample 7518 - Label : 2, Result : 2 -> True
Test Sample 7519 - Label : 3, Result : 3 -> True
Test Sample 7520 - Label : 4, Result : 4 -> True
Test Sample 7521 - Label : 5, Result : 5 -> True
Test Sample 7522 - Label : 6, Result : 6 -> True
Test Sample 7523 - Label : 7, Result : 7 -> True
Test Sample 7524 - Label : 8, Result : 8 -> True
Test Sample 7525 - Label : 9, Result : 9 -> True
Test Sample 7526 - Label : 0, Result : 0 -> True
Test Sample 7527 - Label : 1, Result : 1 -> True
Test Sample 7528 - Label : 2, Result : 2 -> True
Test Sample 7529 - Label : 3, Result : 3 -> True
Test Sample 7530 - Label : 4, Result : 4 -> True
Test Sample 7531 - Label : 5, Result : 5 -> True
Test Sample 7532 - Label : 6, Result : 6 -> True
Test Sample 7533 - Label : 7, Result : 7 -> True
Test Sample 7534 - Label : 8, Result : 8 -> True
Test Sample 7535 - Label : 9, Result : 9 -> True
Test Sample 7536 - Label : 0, Result : 0 -> True
Test Sample 7537 - Label : 0, Result : 0 -> True
Test Sample 7538 - Label : 7, Result : 7 -> True
Test Sample 7539 - Label : 2, Result : 2 -> True
Test Sample 7540 - Label : 6, Result : 6 -> True
Test Sample 7541 - Label : 5, Result : 5 -> True
Test Sample 7542 - Label : 5, Result : 5 -> True
Test Sample 7543 - Label : 3, Result : 3 -> True
Test Sample 7544 - Label : 7, Result : 7 -> True
Test Sample 7545 - Label : 8, Result : 8 -> True
Test Sample 7546 - Label : 6, Result : 6 -> True
Test Sample 7547 - Label : 6, Result : 6 -> True
Test Sample 7548 - Label : 6, Result : 6 -> True
Test Sample 7549 - Label : 6, Result : 6 -> True
Test Sample 7550 - Label : 4, Result : 4 -> True
Test Sample 7551 - Label : 3, Result : 3 -> True
Test Sample 7552 - Label : 8, Result : 8 -> True
Test Sample 7553 - Label : 8, Result : 8 -> True
Test Sample 7554 - Label : 3, Result : 3 -> True
Test Sample 7555 - Label : 0, Result : 0 -> True
Test Sample 7556 - Label : 1, Result : 1 -> True
Test Sample 7557 - Label : 9, Result : 9 -> True
Test Sample 7558 - Label : 0, Result : 0 -> True
Test Sample 7559 - Label : 5, Result : 5 -> True
Test Sample 7560 - Label : 4, Result : 4 -> True
Test Sample 7561 - Label : 1, Result : 1 -> True
Test Sample 7562 - Label : 9, Result : 9 -> True
Test Sample 7563 - Label : 1, Result : 1 -> True
Test Sample 7564 - Label : 2, Result : 2 -> True
Test Sample 7565 - Label : 7, Result : 7 -> True
Test Sample 7566 - Label : 0, Result : 0 -> True
Test Sample 7567 - Label : 1, Result : 1 -> True
Test Sample 7568 - Label : 3, Result : 3 -> True
Test Sample 7569 - Label : 8, Result : 8 -> True
Test Sample 7570 - Label : 2, Result : 2 -> True
Test Sample 7571 - Label : 9, Result : 9 -> True
Test Sample 7572 - Label : 2, Result : 2 -> True
Test Sample 7573 - Label : 7, Result : 7 -> True
Test Sample 7574 - Label : 4, Result : 4 -> True
Test Sample 7575 - Label : 2, Result : 2 -> True
Test Sample 7576 - Label : 6, Result : 6 -> True
Test Sample 7577 - Label : 5, Result : 5 -> True
Test Sample 7578 - Label : 5, Result : 5 -> True
Test Sample 7579 - Label : 9, Result : 9 -> True
Test Sample 7580 - Label : 9, Result : 9 -> True
Test Sample 7581 - Label : 1, Result : 1 -> True
Test Sample 7582 - Label : 1, Result : 1 -> True
Test Sample 7583 - Label : 5, Result : 5 -> True
Test Sample 7584 - Label : 7, Result : 7 -> True
Test Sample 7585 - Label : 6, Result : 6 -> True
Test Sample 7586 - Label : 8, Result : 8 -> True
Test Sample 7587 - Label : 2, Result : 2 -> True
Test Sample 7588 - Label : 9, Result : 9 -> True
Test Sample 7589 - Label : 4, Result : 4 -> True
Test Sample 7590 - Label : 3, Result : 3 -> True
Test Sample 7591 - Label : 1, Result : 1 -> True
Test Sample 7592 - Label : 9, Result : 9 -> True
Test Sample 7593 - Label : 0, Result : 0 -> True
Test Sample 7594 - Label : 9, Result : 9 -> True
Test Sample 7595 - Label : 3, Result : 3 -> True
Test Sample 7596 - Label : 6, Result : 6 -> True
Test Sample 7597 - Label : 8, Result : 8 -> True
Test Sample 7598 - Label : 7, Result : 7 -> True
Test Sample 7599 - Label : 0, Result : 0 -> True
Test Sample 7600 - Label : 1, Result : 1 -> True
Test Sample 7601 - Label : 0, Result : 0 -> True
Test Sample 7602 - Label : 5, Result : 5 -> True
Test Sample 7603 - Label : 8, Result : 8 -> True
Test Sample 7604 - Label : 2, Result : 2 -> True
Test Sample 7605 - Label : 7, Result : 7 -> True
Test Sample 7606 - Label : 7, Result : 7 -> True
Test Sample 7607 - Label : 0, Result : 0 -> True
Test Sample 7608 - Label : 1, Result : 1 -> True
Test Sample 7609 - Label : 2, Result : 2 -> True
Test Sample 7610 - Label : 3, Result : 3 -> True
Test Sample 7611 - Label : 4, Result : 4 -> True
Test Sample 7612 - Label : 5, Result : 5 -> True
Test Sample 7613 - Label : 6, Result : 6 -> True
Test Sample 7614 - Label : 7, Result : 7 -> True
Test Sample 7615 - Label : 8, Result : 8 -> True
Test Sample 7616 - Label : 9, Result : 9 -> True
Test Sample 7617 - Label : 0, Result : 0 -> True
Test Sample 7618 - Label : 1, Result : 1 -> True
Test Sample 7619 - Label : 2, Result : 2 -> True
Test Sample 7620 - Label : 3, Result : 3 -> True
Test Sample 7621 - Label : 4, Result : 4 -> True
Test Sample 7622 - Label : 5, Result : 5 -> True
Test Sample 7623 - Label : 8, Result : 8 -> True
Test Sample 7624 - Label : 9, Result : 9 -> True
Test Sample 7625 - Label : 0, Result : 0 -> True
Test Sample 7626 - Label : 1, Result : 1 -> True
Test Sample 7627 - Label : 2, Result : 2 -> True
Test Sample 7628 - Label : 3, Result : 3 -> True
Test Sample 7629 - Label : 4, Result : 4 -> True
Test Sample 7630 - Label : 5, Result : 5 -> True
Test Sample 7631 - Label : 6, Result : 6 -> True
Test Sample 7632 - Label : 7, Result : 7 -> True
Test Sample 7633 - Label : 8, Result : 8 -> True
Test Sample 7634 - Label : 9, Result : 9 -> True
Test Sample 7635 - Label : 2, Result : 2 -> True
Test Sample 7636 - Label : 1, Result : 1 -> True
Test Sample 7637 - Label : 2, Result : 2 -> True
Test Sample 7638 - Label : 1, Result : 1 -> True
Test Sample 7639 - Label : 3, Result : 3 -> True
Test Sample 7640 - Label : 9, Result : 9 -> True
Test Sample 7641 - Label : 9, Result : 9 -> True
Test Sample 7642 - Label : 8, Result : 8 -> True
Test Sample 7643 - Label : 5, Result : 5 -> True
Test Sample 7644 - Label : 3, Result : 3 -> True
Test Sample 7645 - Label : 7, Result : 7 -> True
Test Sample 7646 - Label : 0, Result : 0 -> True
Test Sample 7647 - Label : 7, Result : 7 -> True
Test Sample 7648 - Label : 7, Result : 7 -> True
Test Sample 7649 - Label : 5, Result : 5 -> True
Test Sample 7650 - Label : 7, Result : 7 -> True
Test Sample 7651 - Label : 9, Result : 9 -> True
Test Sample 7652 - Label : 9, Result : 9 -> True
Test Sample 7653 - Label : 4, Result : 4 -> True
Test Sample 7654 - Label : 7, Result : 7 -> True
Test Sample 7655 - Label : 0, Result : 0 -> True
Test Sample 7656 - Label : 3, Result : 3 -> True
Test Sample 7657 - Label : 4, Result : 4 -> True
Test Sample 7658 - Label : 1, Result : 1 -> True
Test Sample 7659 - Label : 5, Result : 5 -> True
Test Sample 7660 - Label : 8, Result : 8 -> True
Test Sample 7661 - Label : 1, Result : 1 -> True
Test Sample 7662 - Label : 4, Result : 4 -> True
Test Sample 7663 - Label : 8, Result : 8 -> True
Test Sample 7664 - Label : 4, Result : 4 -> True
Test Sample 7665 - Label : 1, Result : 1 -> True
Test Sample 7666 - Label : 8, Result : 8 -> True
Test Sample 7667 - Label : 6, Result : 6 -> True
Test Sample 7668 - Label : 6, Result : 6 -> True
Test Sample 7669 - Label : 4, Result : 4 -> True
Test Sample 7670 - Label : 6, Result : 6 -> True
Test Sample 7671 - Label : 0, Result : 0 -> True
Test Sample 7672 - Label : 5, Result : 5 -> True
Test Sample 7673 - Label : 5, Result : 5 -> True
Test Sample 7674 - Label : 3, Result : 3 -> True
Test Sample 7675 - Label : 3, Result : 3 -> True
Test Sample 7676 - Label : 5, Result : 5 -> True
Test Sample 7677 - Label : 7, Result : 7 -> True
Test Sample 7678 - Label : 2, Result : 2 -> True
Test Sample 7679 - Label : 5, Result : 5 -> True
Test Sample 7680 - Label : 9, Result : 9 -> True
Test Sample 7681 - Label : 6, Result : 6 -> True
Test Sample 7682 - Label : 9, Result : 9 -> True
Test Sample 7683 - Label : 2, Result : 2 -> True
Test Sample 7684 - Label : 6, Result : 6 -> True
Test Sample 7685 - Label : 2, Result : 2 -> True
Test Sample 7686 - Label : 1, Result : 1 -> True
Test Sample 7687 - Label : 2, Result : 2 -> True
Test Sample 7688 - Label : 0, Result : 0 -> True
Test Sample 7689 - Label : 8, Result : 8 -> True
Test Sample 7690 - Label : 3, Result : 3 -> True
Test Sample 7691 - Label : 8, Result : 8 -> True
Test Sample 7692 - Label : 3, Result : 3 -> True
Test Sample 7693 - Label : 0, Result : 0 -> True
Test Sample 7694 - Label : 8, Result : 8 -> True
Test Sample 7695 - Label : 7, Result : 7 -> True
Test Sample 7696 - Label : 4, Result : 4 -> True
Test Sample 7697 - Label : 9, Result : 9 -> True
Test Sample 7698 - Label : 5, Result : 5 -> True
Test Sample 7699 - Label : 0, Result : 0 -> True
Test Sample 7700 - Label : 9, Result : 9 -> True
Test Sample 7701 - Label : 7, Result : 7 -> True
Test Sample 7702 - Label : 0, Result : 0 -> True
Test Sample 7703 - Label : 0, Result : 0 -> True
Test Sample 7704 - Label : 4, Result : 4 -> True
Test Sample 7705 - Label : 6, Result : 6 -> True
Test Sample 7706 - Label : 0, Result : 0 -> True
Test Sample 7707 - Label : 9, Result : 9 -> True
Test Sample 7708 - Label : 1, Result : 1 -> True
Test Sample 7709 - Label : 6, Result : 6 -> True
Test Sample 7710 - Label : 2, Result : 2 -> True
Test Sample 7711 - Label : 7, Result : 7 -> True
Test Sample 7712 - Label : 6, Result : 6 -> True
Test Sample 7713 - Label : 8, Result : 8 -> True
Test Sample 7714 - Label : 3, Result : 3 -> True
Test Sample 7715 - Label : 5, Result : 5 -> True
Test Sample 7716 - Label : 2, Result : 2 -> True
Test Sample 7717 - Label : 1, Result : 1 -> True
Test Sample 7718 - Label : 8, Result : 8 -> True
Test Sample 7719 - Label : 3, Result : 3 -> True
Test Sample 7720 - Label : 8, Result : 8 -> True
Test Sample 7721 - Label : 6, Result : 6 -> True
Test Sample 7722 - Label : 1, Result : 1 -> True
Test Sample 7723 - Label : 0, Result : 0 -> True
Test Sample 7724 - Label : 2, Result : 2 -> True
Test Sample 7725 - Label : 1, Result : 1 -> True
Test Sample 7726 - Label : 4, Result : 4 -> True
Test Sample 7727 - Label : 0, Result : 0 -> True
Test Sample 7728 - Label : 1, Result : 1 -> True
Test Sample 7729 - Label : 2, Result : 2 -> True
Test Sample 7730 - Label : 3, Result : 3 -> True
Test Sample 7731 - Label : 4, Result : 4 -> True
Test Sample 7732 - Label : 5, Result : 5 -> True
Test Sample 7733 - Label : 6, Result : 6 -> True
Test Sample 7734 - Label : 7, Result : 7 -> True
Test Sample 7735 - Label : 8, Result : 8 -> True
Test Sample 7736 - Label : 9, Result : 9 -> True
Test Sample 7737 - Label : 0, Result : 0 -> True
Test Sample 7738 - Label : 1, Result : 1 -> True
Test Sample 7739 - Label : 2, Result : 2 -> True
Test Sample 7740 - Label : 3, Result : 3 -> True
Test Sample 7741 - Label : 4, Result : 4 -> True
Test Sample 7742 - Label : 5, Result : 5 -> True
Test Sample 7743 - Label : 6, Result : 6 -> True
Test Sample 7744 - Label : 7, Result : 7 -> True
Test Sample 7745 - Label : 8, Result : 8 -> True
Test Sample 7746 - Label : 9, Result : 9 -> True
Test Sample 7747 - Label : 0, Result : 0 -> True
Test Sample 7748 - Label : 1, Result : 1 -> True
Test Sample 7749 - Label : 2, Result : 2 -> True
Test Sample 7750 - Label : 3, Result : 3 -> True
Test Sample 7751 - Label : 4, Result : 4 -> True
Test Sample 7752 - Label : 5, Result : 5 -> True
Test Sample 7753 - Label : 6, Result : 6 -> True
Test Sample 7754 - Label : 7, Result : 7 -> True
Test Sample 7755 - Label : 8, Result : 8 -> True
Test Sample 7756 - Label : 9, Result : 9 -> True
Test Sample 7757 - Label : 7, Result : 7 -> True
Test Sample 7758 - Label : 6, Result : 6 -> True
Test Sample 7759 - Label : 4, Result : 4 -> True
Test Sample 7760 - Label : 7, Result : 7 -> True
Test Sample 7761 - Label : 6, Result : 6 -> True
Test Sample 7762 - Label : 2, Result : 2 -> True
Test Sample 7763 - Label : 3, Result : 3 -> True
Test Sample 7764 - Label : 4, Result : 4 -> True
Test Sample 7765 - Label : 8, Result : 8 -> True
Test Sample 7766 - Label : 7, Result : 7 -> True
Test Sample 7767 - Label : 8, Result : 8 -> True
Test Sample 7768 - Label : 6, Result : 6 -> True
Test Sample 7769 - Label : 9, Result : 9 -> True
Test Sample 7770 - Label : 8, Result : 8 -> True
Test Sample 7771 - Label : 3, Result : 3 -> True
Test Sample 7772 - Label : 2, Result : 2 -> True
Test Sample 7773 - Label : 2, Result : 2 -> True
Test Sample 7774 - Label : 8, Result : 8 -> True
Test Sample 7775 - Label : 4, Result : 4 -> True
Test Sample 7776 - Label : 8, Result : 8 -> True
Test Sample 7777 - Label : 5, Result : 5 -> True
Test Sample 7778 - Label : 6, Result : 6 -> True
Test Sample 7779 - Label : 5, Result : 5 -> True
Test Sample 7780 - Label : 0, Result : 0 -> True
Test Sample 7781 - Label : 2, Result : 2 -> True
Test Sample 7782 - Label : 0, Result : 0 -> True
Test Sample 7783 - Label : 1, Result : 1 -> True
Test Sample 7784 - Label : 1, Result : 1 -> True
Test Sample 7785 - Label : 2, Result : 2 -> True
Test Sample 7786 - Label : 9, Result : 9 -> True
Test Sample 7787 - Label : 6, Result : 6 -> True
Test Sample 7788 - Label : 8, Result : 8 -> True
Test Sample 7789 - Label : 2, Result : 2 -> True
Test Sample 7790 - Label : 1, Result : 1 -> True
Test Sample 7791 - Label : 0, Result : 0 -> True
Test Sample 7792 - Label : 6, Result : 6 -> True
Test Sample 7793 - Label : 5, Result : 5 -> True
Test Sample 7794 - Label : 2, Result : 2 -> True
Test Sample 7795 - Label : 9, Result : 9 -> True
Test Sample 7796 - Label : 7, Result : 7 -> True
Test Sample 7797 - Label : 5, Result : 5 -> True
Test Sample 7798 - Label : 3, Result : 3 -> True
Test Sample 7799 - Label : 9, Result : 9 -> True
Test Sample 7800 - Label : 3, Result : 3 -> True
Test Sample 7801 - Label : 7, Result : 7 -> True
Test Sample 7802 - Label : 1, Result : 1 -> True
Test Sample 7803 - Label : 8, Result : 8 -> True
Test Sample 7804 - Label : 3, Result : 3 -> True
Test Sample 7805 - Label : 8, Result : 8 -> True
Test Sample 7806 - Label : 1, Result : 1 -> True
Test Sample 7807 - Label : 9, Result : 9 -> True
Test Sample 7808 - Label : 5, Result : 5 -> True
Test Sample 7809 - Label : 5, Result : 5 -> True
Test Sample 7810 - Label : 0, Result : 0 -> True
Test Sample 7811 - Label : 1, Result : 1 -> True
Test Sample 7812 - Label : 1, Result : 1 -> True
Test Sample 7813 - Label : 9, Result : 9 -> True
Test Sample 7814 - Label : 8, Result : 8 -> True
Test Sample 7815 - Label : 2, Result : 2 -> True
Test Sample 7816 - Label : 6, Result : 6 -> True
Test Sample 7817 - Label : 0, Result : 0 -> True
Test Sample 7818 - Label : 4, Result : 4 -> True
Test Sample 7819 - Label : 5, Result : 5 -> True
Test Sample 7820 - Label : 0, Result : 0 -> True
Test Sample 7821 - Label : 3, Result : 3 -> True
Test Sample 7822 - Label : 1, Result : 1 -> True
Test Sample 7823 - Label : 8, Result : 8 -> True
Test Sample 7824 - Label : 6, Result : 6 -> True
Test Sample 7825 - Label : 7, Result : 7 -> True
Test Sample 7826 - Label : 5, Result : 5 -> True
Test Sample 7827 - Label : 9, Result : 9 -> True
Test Sample 7828 - Label : 9, Result : 9 -> True
Test Sample 7829 - Label : 3, Result : 3 -> True
Test Sample 7830 - Label : 0, Result : 0 -> True
Test Sample 7831 - Label : 3, Result : 3 -> True
Test Sample 7832 - Label : 1, Result : 1 -> True
Test Sample 7833 - Label : 4, Result : 4 -> True
Test Sample 7834 - Label : 4, Result : 4 -> True
Test Sample 7835 - Label : 0, Result : 0 -> True
Test Sample 7836 - Label : 4, Result : 4 -> True
Test Sample 7837 - Label : 9, Result : 9 -> True
Test Sample 7838 - Label : 0, Result : 0 -> True
Test Sample 7839 - Label : 1, Result : 1 -> True
Test Sample 7840 - Label : 2, Result : 2 -> True
Test Sample 7841 - Label : 3, Result : 3 -> True
Test Sample 7842 - Label : 5, Result : 8 -> False
Test Sample 7843 - Label : 6, Result : 6 -> True
Test Sample 7844 - Label : 7, Result : 7 -> True
Test Sample 7845 - Label : 8, Result : 8 -> True
Test Sample 7846 - Label : 0, Result : 0 -> True
Test Sample 7847 - Label : 1, Result : 1 -> True
Test Sample 7848 - Label : 2, Result : 2 -> True
Test Sample 7849 - Label : 3, Result : 3 -> True
Test Sample 7850 - Label : 5, Result : 5 -> True
Test Sample 7851 - Label : 6, Result : 6 -> True
Test Sample 7852 - Label : 7, Result : 7 -> True
Test Sample 7853 - Label : 8, Result : 8 -> True
Test Sample 7854 - Label : 9, Result : 9 -> True
Test Sample 7855 - Label : 0, Result : 0 -> True
Test Sample 7856 - Label : 1, Result : 1 -> True
Test Sample 7857 - Label : 2, Result : 2 -> True
Test Sample 7858 - Label : 3, Result : 3 -> True
Test Sample 7859 - Label : 5, Result : 5 -> True
Test Sample 7860 - Label : 6, Result : 6 -> True
Test Sample 7861 - Label : 7, Result : 7 -> True
Test Sample 7862 - Label : 8, Result : 8 -> True
Test Sample 7863 - Label : 9, Result : 9 -> True
Test Sample 7864 - Label : 9, Result : 9 -> True
Test Sample 7865 - Label : 7, Result : 7 -> True
Test Sample 7866 - Label : 0, Result : 0 -> True
Test Sample 7867 - Label : 9, Result : 9 -> True
Test Sample 7868 - Label : 0, Result : 0 -> True
Test Sample 7869 - Label : 1, Result : 1 -> True
Test Sample 7870 - Label : 5, Result : 5 -> True
Test Sample 7871 - Label : 8, Result : 8 -> True
Test Sample 7872 - Label : 8, Result : 8 -> True
Test Sample 7873 - Label : 0, Result : 0 -> True
Test Sample 7874 - Label : 9, Result : 9 -> True
Test Sample 7875 - Label : 3, Result : 3 -> True
Test Sample 7876 - Label : 2, Result : 2 -> True
Test Sample 7877 - Label : 7, Result : 7 -> True
Test Sample 7878 - Label : 8, Result : 8 -> True
Test Sample 7879 - Label : 4, Result : 4 -> True
Test Sample 7880 - Label : 6, Result : 6 -> True
Test Sample 7881 - Label : 1, Result : 1 -> True
Test Sample 7882 - Label : 0, Result : 0 -> True
Test Sample 7883 - Label : 4, Result : 4 -> True
Test Sample 7884 - Label : 9, Result : 9 -> True
Test Sample 7885 - Label : 4, Result : 4 -> True
Test Sample 7886 - Label : 2, Result : 4 -> False
Test Sample 7887 - Label : 0, Result : 0 -> True
Test Sample 7888 - Label : 5, Result : 5 -> True
Test Sample 7889 - Label : 0, Result : 0 -> True
Test Sample 7890 - Label : 1, Result : 1 -> True
Test Sample 7891 - Label : 6, Result : 6 -> True
Test Sample 7892 - Label : 9, Result : 9 -> True
Test Sample 7893 - Label : 3, Result : 3 -> True
Test Sample 7894 - Label : 2, Result : 2 -> True
Test Sample 7895 - Label : 9, Result : 9 -> True
Test Sample 7896 - Label : 1, Result : 1 -> True
Test Sample 7897 - Label : 6, Result : 6 -> True
Test Sample 7898 - Label : 0, Result : 0 -> True
Test Sample 7899 - Label : 1, Result : 1 -> True
Test Sample 7900 - Label : 1, Result : 1 -> True
Test Sample 7901 - Label : 8, Result : 8 -> True
Test Sample 7902 - Label : 7, Result : 7 -> True
Test Sample 7903 - Label : 7, Result : 7 -> True
Test Sample 7904 - Label : 6, Result : 6 -> True
Test Sample 7905 - Label : 3, Result : 3 -> True
Test Sample 7906 - Label : 6, Result : 6 -> True
Test Sample 7907 - Label : 0, Result : 0 -> True
Test Sample 7908 - Label : 7, Result : 7 -> True
Test Sample 7909 - Label : 2, Result : 2 -> True
Test Sample 7910 - Label : 4, Result : 4 -> True
Test Sample 7911 - Label : 1, Result : 1 -> True
Test Sample 7912 - Label : 7, Result : 7 -> True
Test Sample 7913 - Label : 0, Result : 0 -> True
Test Sample 7914 - Label : 6, Result : 6 -> True
Test Sample 7915 - Label : 7, Result : 7 -> True
Test Sample 7916 - Label : 1, Result : 1 -> True
Test Sample 7917 - Label : 2, Result : 2 -> True
Test Sample 7918 - Label : 5, Result : 5 -> True
Test Sample 7919 - Label : 8, Result : 8 -> True
Test Sample 7920 - Label : 1, Result : 1 -> True
Test Sample 7921 - Label : 8, Result : 8 -> True
Test Sample 7922 - Label : 2, Result : 2 -> True
Test Sample 7923 - Label : 8, Result : 8 -> True
Test Sample 7924 - Label : 7, Result : 7 -> True
Test Sample 7925 - Label : 6, Result : 6 -> True
Test Sample 7926 - Label : 8, Result : 8 -> True
Test Sample 7927 - Label : 7, Result : 7 -> True
Test Sample 7928 - Label : 1, Result : 1 -> True
Test Sample 7929 - Label : 6, Result : 6 -> True
Test Sample 7930 - Label : 2, Result : 2 -> True
Test Sample 7931 - Label : 9, Result : 9 -> True
Test Sample 7932 - Label : 3, Result : 3 -> True
Test Sample 7933 - Label : 0, Result : 0 -> True
Test Sample 7934 - Label : 1, Result : 1 -> True
Test Sample 7935 - Label : 2, Result : 2 -> True
Test Sample 7936 - Label : 3, Result : 3 -> True
Test Sample 7937 - Label : 4, Result : 4 -> True
Test Sample 7938 - Label : 5, Result : 5 -> True
Test Sample 7939 - Label : 6, Result : 6 -> True
Test Sample 7940 - Label : 7, Result : 7 -> True
Test Sample 7941 - Label : 8, Result : 8 -> True
Test Sample 7942 - Label : 9, Result : 9 -> True
Test Sample 7943 - Label : 0, Result : 0 -> True
Test Sample 7944 - Label : 1, Result : 1 -> True
Test Sample 7945 - Label : 2, Result : 2 -> True
Test Sample 7946 - Label : 3, Result : 3 -> True
Test Sample 7947 - Label : 4, Result : 4 -> True
Test Sample 7948 - Label : 5, Result : 5 -> True
Test Sample 7949 - Label : 6, Result : 6 -> True
Test Sample 7950 - Label : 7, Result : 7 -> True
Test Sample 7951 - Label : 8, Result : 8 -> True
Test Sample 7952 - Label : 9, Result : 9 -> True
Test Sample 7953 - Label : 0, Result : 0 -> True
Test Sample 7954 - Label : 1, Result : 1 -> True
Test Sample 7955 - Label : 2, Result : 2 -> True
Test Sample 7956 - Label : 3, Result : 3 -> True
Test Sample 7957 - Label : 4, Result : 4 -> True
Test Sample 7958 - Label : 5, Result : 5 -> True
Test Sample 7959 - Label : 6, Result : 6 -> True
Test Sample 7960 - Label : 7, Result : 7 -> True
Test Sample 7961 - Label : 8, Result : 8 -> True
Test Sample 7962 - Label : 9, Result : 9 -> True
Test Sample 7963 - Label : 8, Result : 8 -> True
Test Sample 7964 - Label : 9, Result : 9 -> True
Test Sample 7965 - Label : 5, Result : 5 -> True
Test Sample 7966 - Label : 7, Result : 7 -> True
Test Sample 7967 - Label : 0, Result : 0 -> True
Test Sample 7968 - Label : 3, Result : 3 -> True
Test Sample 7969 - Label : 1, Result : 1 -> True
Test Sample 7970 - Label : 6, Result : 6 -> True
Test Sample 7971 - Label : 8, Result : 8 -> True
Test Sample 7972 - Label : 4, Result : 4 -> True
Test Sample 7973 - Label : 1, Result : 1 -> True
Test Sample 7974 - Label : 5, Result : 5 -> True
Test Sample 7975 - Label : 6, Result : 6 -> True
Test Sample 7976 - Label : 4, Result : 4 -> True
Test Sample 7977 - Label : 2, Result : 2 -> True
Test Sample 7978 - Label : 7, Result : 7 -> True
Test Sample 7979 - Label : 8, Result : 8 -> True
Test Sample 7980 - Label : 1, Result : 1 -> True
Test Sample 7981 - Label : 3, Result : 3 -> True
Test Sample 7982 - Label : 4, Result : 4 -> True
Test Sample 7983 - Label : 3, Result : 3 -> True
Test Sample 7984 - Label : 4, Result : 4 -> True
Test Sample 7985 - Label : 7, Result : 7 -> True
Test Sample 7986 - Label : 2, Result : 2 -> True
Test Sample 7987 - Label : 0, Result : 0 -> True
Test Sample 7988 - Label : 5, Result : 5 -> True
Test Sample 7989 - Label : 0, Result : 0 -> True
Test Sample 7990 - Label : 1, Result : 1 -> True
Test Sample 7991 - Label : 9, Result : 9 -> True
Test Sample 7992 - Label : 2, Result : 2 -> True
Test Sample 7993 - Label : 3, Result : 3 -> True
Test Sample 7994 - Label : 2, Result : 2 -> True
Test Sample 7995 - Label : 3, Result : 3 -> True
Test Sample 7996 - Label : 5, Result : 5 -> True
Test Sample 7997 - Label : 5, Result : 5 -> True
Test Sample 7998 - Label : 7, Result : 7 -> True
Test Sample 7999 - Label : 8, Result : 8 -> True
Test Sample 8000 - Label : 4, Result : 4 -> True
Test Sample 8001 - Label : 9, Result : 9 -> True
Test Sample 8002 - Label : 9, Result : 9 -> True
Test Sample 8003 - Label : 7, Result : 7 -> True
Test Sample 8004 - Label : 1, Result : 1 -> True
Test Sample 8005 - Label : 1, Result : 1 -> True
Test Sample 8006 - Label : 9, Result : 9 -> True
Test Sample 8007 - Label : 0, Result : 0 -> True
Test Sample 8008 - Label : 7, Result : 7 -> True
Test Sample 8009 - Label : 8, Result : 8 -> True
Test Sample 8010 - Label : 3, Result : 3 -> True
Test Sample 8011 - Label : 4, Result : 4 -> True
Test Sample 8012 - Label : 8, Result : 8 -> True
Test Sample 8013 - Label : 6, Result : 6 -> True
Test Sample 8014 - Label : 3, Result : 3 -> True
Test Sample 8015 - Label : 8, Result : 8 -> True
Test Sample 8016 - Label : 0, Result : 0 -> True
Test Sample 8017 - Label : 9, Result : 9 -> True
Test Sample 8018 - Label : 6, Result : 6 -> True
Test Sample 8019 - Label : 2, Result : 2 -> True
Test Sample 8020 - Label : 1, Result : 1 -> True
Test Sample 8021 - Label : 0, Result : 0 -> True
Test Sample 8022 - Label : 1, Result : 1 -> True
Test Sample 8023 - Label : 0, Result : 0 -> True
Test Sample 8024 - Label : 6, Result : 6 -> True
Test Sample 8025 - Label : 2, Result : 2 -> True
Test Sample 8026 - Label : 3, Result : 3 -> True
Test Sample 8027 - Label : 8, Result : 8 -> True
Test Sample 8028 - Label : 9, Result : 9 -> True
Test Sample 8029 - Label : 0, Result : 0 -> True
Test Sample 8030 - Label : 7, Result : 7 -> True
Test Sample 8031 - Label : 2, Result : 2 -> True
Test Sample 8032 - Label : 3, Result : 3 -> True
Test Sample 8033 - Label : 4, Result : 4 -> True
Test Sample 8034 - Label : 5, Result : 5 -> True
Test Sample 8035 - Label : 5, Result : 5 -> True
Test Sample 8036 - Label : 2, Result : 2 -> True
Test Sample 8037 - Label : 8, Result : 8 -> True
Test Sample 8038 - Label : 5, Result : 5 -> True
Test Sample 8039 - Label : 4, Result : 4 -> True
Test Sample 8040 - Label : 6, Result : 6 -> True
Test Sample 8041 - Label : 6, Result : 6 -> True
Test Sample 8042 - Label : 6, Result : 6 -> True
Test Sample 8043 - Label : 7, Result : 7 -> True
Test Sample 8044 - Label : 9, Result : 9 -> True
Test Sample 8045 - Label : 1, Result : 1 -> True
Test Sample 8046 - Label : 8, Result : 8 -> True
Test Sample 8047 - Label : 2, Result : 2 -> True
Test Sample 8048 - Label : 1, Result : 1 -> True
Test Sample 8049 - Label : 5, Result : 5 -> True
Test Sample 8050 - Label : 3, Result : 3 -> True
Test Sample 8051 - Label : 4, Result : 4 -> True
Test Sample 8052 - Label : 7, Result : 7 -> True
Test Sample 8053 - Label : 9, Result : 9 -> True
Test Sample 8054 - Label : 4, Result : 4 -> True
Test Sample 8055 - Label : 0, Result : 0 -> True
Test Sample 8056 - Label : 0, Result : 0 -> True
Test Sample 8057 - Label : 0, Result : 0 -> True
Test Sample 8058 - Label : 1, Result : 1 -> True
Test Sample 8059 - Label : 2, Result : 1 -> False
Test Sample 8060 - Label : 3, Result : 3 -> True
Test Sample 8061 - Label : 4, Result : 4 -> True
Test Sample 8062 - Label : 5, Result : 5 -> True
Test Sample 8063 - Label : 6, Result : 6 -> True
Test Sample 8064 - Label : 7, Result : 7 -> True
Test Sample 8065 - Label : 8, Result : 8 -> True
Test Sample 8066 - Label : 9, Result : 9 -> True
Test Sample 8067 - Label : 0, Result : 0 -> True
Test Sample 8068 - Label : 1, Result : 1 -> True
Test Sample 8069 - Label : 2, Result : 2 -> True
Test Sample 8070 - Label : 3, Result : 3 -> True
Test Sample 8071 - Label : 4, Result : 4 -> True
Test Sample 8072 - Label : 5, Result : 5 -> True
Test Sample 8073 - Label : 6, Result : 6 -> True
Test Sample 8074 - Label : 7, Result : 7 -> True
Test Sample 8075 - Label : 8, Result : 8 -> True
Test Sample 8076 - Label : 9, Result : 9 -> True
Test Sample 8077 - Label : 0, Result : 0 -> True
Test Sample 8078 - Label : 1, Result : 1 -> True
Test Sample 8079 - Label : 2, Result : 2 -> True
Test Sample 8080 - Label : 3, Result : 3 -> True
Test Sample 8081 - Label : 4, Result : 4 -> True
Test Sample 8082 - Label : 5, Result : 5 -> True
Test Sample 8083 - Label : 6, Result : 6 -> True
Test Sample 8084 - Label : 9, Result : 9 -> True
Test Sample 8085 - Label : 0, Result : 0 -> True
Test Sample 8086 - Label : 1, Result : 1 -> True
Test Sample 8087 - Label : 3, Result : 3 -> True
Test Sample 8088 - Label : 1, Result : 1 -> True
Test Sample 8089 - Label : 5, Result : 5 -> True
Test Sample 8090 - Label : 1, Result : 1 -> True
Test Sample 8091 - Label : 2, Result : 1 -> False
Test Sample 8092 - Label : 4, Result : 4 -> True
Test Sample 8093 - Label : 9, Result : 9 -> True
Test Sample 8094 - Label : 2, Result : 1 -> False
Test Sample 8095 - Label : 4, Result : 4 -> True
Test Sample 8096 - Label : 6, Result : 6 -> True
Test Sample 8097 - Label : 8, Result : 8 -> True
Test Sample 8098 - Label : 0, Result : 0 -> True
Test Sample 8099 - Label : 1, Result : 1 -> True
Test Sample 8100 - Label : 1, Result : 1 -> True
Test Sample 8101 - Label : 9, Result : 9 -> True
Test Sample 8102 - Label : 2, Result : 2 -> True
Test Sample 8103 - Label : 6, Result : 6 -> True
Test Sample 8104 - Label : 6, Result : 6 -> True
Test Sample 8105 - Label : 8, Result : 8 -> True
Test Sample 8106 - Label : 7, Result : 7 -> True
Test Sample 8107 - Label : 4, Result : 4 -> True
Test Sample 8108 - Label : 2, Result : 2 -> True
Test Sample 8109 - Label : 9, Result : 9 -> True
Test Sample 8110 - Label : 7, Result : 7 -> True
Test Sample 8111 - Label : 0, Result : 0 -> True
Test Sample 8112 - Label : 2, Result : 2 -> True
Test Sample 8113 - Label : 1, Result : 1 -> True
Test Sample 8114 - Label : 0, Result : 0 -> True
Test Sample 8115 - Label : 3, Result : 3 -> True
Test Sample 8116 - Label : 6, Result : 6 -> True
Test Sample 8117 - Label : 0, Result : 0 -> True
Test Sample 8118 - Label : 1, Result : 1 -> True
Test Sample 8119 - Label : 2, Result : 2 -> True
Test Sample 8120 - Label : 3, Result : 3 -> True
Test Sample 8121 - Label : 4, Result : 4 -> True
Test Sample 8122 - Label : 5, Result : 5 -> True
Test Sample 8123 - Label : 6, Result : 6 -> True
Test Sample 8124 - Label : 7, Result : 7 -> True
Test Sample 8125 - Label : 8, Result : 8 -> True
Test Sample 8126 - Label : 9, Result : 9 -> True
Test Sample 8127 - Label : 0, Result : 0 -> True
Test Sample 8128 - Label : 1, Result : 1 -> True
Test Sample 8129 - Label : 2, Result : 2 -> True
Test Sample 8130 - Label : 3, Result : 3 -> True
Test Sample 8131 - Label : 4, Result : 4 -> True
Test Sample 8132 - Label : 5, Result : 5 -> True
Test Sample 8133 - Label : 6, Result : 6 -> True
Test Sample 8134 - Label : 7, Result : 7 -> True
Test Sample 8135 - Label : 8, Result : 8 -> True
Test Sample 8136 - Label : 9, Result : 9 -> True
Test Sample 8137 - Label : 0, Result : 0 -> True
Test Sample 8138 - Label : 1, Result : 1 -> True
Test Sample 8139 - Label : 2, Result : 2 -> True
Test Sample 8140 - Label : 3, Result : 3 -> True
Test Sample 8141 - Label : 4, Result : 4 -> True
Test Sample 8142 - Label : 5, Result : 5 -> True
Test Sample 8143 - Label : 6, Result : 6 -> True
Test Sample 8144 - Label : 7, Result : 7 -> True
Test Sample 8145 - Label : 8, Result : 8 -> True
Test Sample 8146 - Label : 9, Result : 9 -> True
Test Sample 8147 - Label : 8, Result : 8 -> True
Test Sample 8148 - Label : 6, Result : 6 -> True
Test Sample 8149 - Label : 5, Result : 5 -> True
Test Sample 8150 - Label : 9, Result : 9 -> True
Test Sample 8151 - Label : 7, Result : 7 -> True
Test Sample 8152 - Label : 0, Result : 0 -> True
Test Sample 8153 - Label : 2, Result : 2 -> True
Test Sample 8154 - Label : 3, Result : 3 -> True
Test Sample 8155 - Label : 4, Result : 4 -> True
Test Sample 8156 - Label : 3, Result : 3 -> True
Test Sample 8157 - Label : 8, Result : 8 -> True
Test Sample 8158 - Label : 5, Result : 5 -> True
Test Sample 8159 - Label : 1, Result : 1 -> True
Test Sample 8160 - Label : 5, Result : 5 -> True
Test Sample 8161 - Label : 2, Result : 2 -> True
Test Sample 8162 - Label : 3, Result : 3 -> True
Test Sample 8163 - Label : 0, Result : 0 -> True
Test Sample 8164 - Label : 1, Result : 1 -> True
Test Sample 8165 - Label : 2, Result : 2 -> True
Test Sample 8166 - Label : 1, Result : 1 -> True
Test Sample 8167 - Label : 3, Result : 3 -> True
Test Sample 8168 - Label : 2, Result : 2 -> True
Test Sample 8169 - Label : 6, Result : 6 -> True
Test Sample 8170 - Label : 5, Result : 5 -> True
Test Sample 8171 - Label : 3, Result : 3 -> True
Test Sample 8172 - Label : 0, Result : 0 -> True
Test Sample 8173 - Label : 7, Result : 7 -> True
Test Sample 8174 - Label : 2, Result : 2 -> True
Test Sample 8175 - Label : 7, Result : 7 -> True
Test Sample 8176 - Label : 4, Result : 4 -> True
Test Sample 8177 - Label : 6, Result : 6 -> True
Test Sample 8178 - Label : 4, Result : 4 -> True
Test Sample 8179 - Label : 0, Result : 0 -> True
Test Sample 8180 - Label : 5, Result : 5 -> True
Test Sample 8181 - Label : 9, Result : 9 -> True
Test Sample 8182 - Label : 9, Result : 9 -> True
Test Sample 8183 - Label : 8, Result : 8 -> True
Test Sample 8184 - Label : 9, Result : 9 -> True
Test Sample 8185 - Label : 5, Result : 5 -> True
Test Sample 8186 - Label : 3, Result : 3 -> True
Test Sample 8187 - Label : 1, Result : 1 -> True
Test Sample 8188 - Label : 7, Result : 7 -> True
Test Sample 8189 - Label : 4, Result : 4 -> True
Test Sample 8190 - Label : 7, Result : 7 -> True
Test Sample 8191 - Label : 6, Result : 6 -> True
Test Sample 8192 - Label : 5, Result : 5 -> True
Test Sample 8193 - Label : 4, Result : 4 -> True
Test Sample 8194 - Label : 0, Result : 0 -> True
Test Sample 8195 - Label : 0, Result : 0 -> True
Test Sample 8196 - Label : 6, Result : 6 -> True
Test Sample 8197 - Label : 6, Result : 6 -> True
Test Sample 8198 - Label : 2, Result : 2 -> True
Test Sample 8199 - Label : 0, Result : 0 -> True
Test Sample 8200 - Label : 6, Result : 6 -> True
Test Sample 8201 - Label : 3, Result : 3 -> True
Test Sample 8202 - Label : 7, Result : 7 -> True
Test Sample 8203 - Label : 7, Result : 7 -> True
Test Sample 8204 - Label : 4, Result : 4 -> True
Test Sample 8205 - Label : 4, Result : 4 -> True
Test Sample 8206 - Label : 3, Result : 3 -> True
Test Sample 8207 - Label : 9, Result : 9 -> True
Test Sample 8208 - Label : 2, Result : 2 -> True
Test Sample 8209 - Label : 8, Result : 8 -> True
Test Sample 8210 - Label : 9, Result : 9 -> True
Test Sample 8211 - Label : 6, Result : 6 -> True
Test Sample 8212 - Label : 0, Result : 0 -> True
Test Sample 8213 - Label : 9, Result : 9 -> True
Test Sample 8214 - Label : 5, Result : 5 -> True
Test Sample 8215 - Label : 3, Result : 3 -> True
Test Sample 8216 - Label : 8, Result : 8 -> True
Test Sample 8217 - Label : 8, Result : 8 -> True
Test Sample 8218 - Label : 7, Result : 7 -> True
Test Sample 8219 - Label : 1, Result : 1 -> True
Test Sample 8220 - Label : 4, Result : 4 -> True
Test Sample 8221 - Label : 0, Result : 0 -> True
Test Sample 8222 - Label : 4, Result : 4 -> True
Test Sample 8223 - Label : 8, Result : 8 -> True
Test Sample 8224 - Label : 5, Result : 5 -> True
Test Sample 8225 - Label : 2, Result : 2 -> True
Test Sample 8226 - Label : 3, Result : 3 -> True
Test Sample 8227 - Label : 9, Result : 9 -> True
Test Sample 8228 - Label : 0, Result : 0 -> True
Test Sample 8229 - Label : 1, Result : 1 -> True
Test Sample 8230 - Label : 9, Result : 9 -> True
Test Sample 8231 - Label : 1, Result : 1 -> True
Test Sample 8232 - Label : 5, Result : 5 -> True
Test Sample 8233 - Label : 1, Result : 1 -> True
Test Sample 8234 - Label : 7, Result : 7 -> True
Test Sample 8235 - Label : 4, Result : 4 -> True
Test Sample 8236 - Label : 8, Result : 8 -> True
Test Sample 8237 - Label : 6, Result : 6 -> True
Test Sample 8238 - Label : 2, Result : 2 -> True
Test Sample 8239 - Label : 1, Result : 1 -> True
Test Sample 8240 - Label : 6, Result : 6 -> True
Test Sample 8241 - Label : 8, Result : 8 -> True
Test Sample 8242 - Label : 8, Result : 8 -> True
Test Sample 8243 - Label : 0, Result : 0 -> True
Test Sample 8244 - Label : 1, Result : 1 -> True
Test Sample 8245 - Label : 2, Result : 2 -> True
Test Sample 8246 - Label : 3, Result : 3 -> True
Test Sample 8247 - Label : 4, Result : 4 -> True
Test Sample 8248 - Label : 7, Result : 7 -> True
Test Sample 8249 - Label : 8, Result : 8 -> True
Test Sample 8250 - Label : 9, Result : 9 -> True
Test Sample 8251 - Label : 0, Result : 0 -> True
Test Sample 8252 - Label : 1, Result : 1 -> True
Test Sample 8253 - Label : 2, Result : 2 -> True
Test Sample 8254 - Label : 3, Result : 3 -> True
Test Sample 8255 - Label : 4, Result : 4 -> True
Test Sample 8256 - Label : 6, Result : 6 -> True
Test Sample 8257 - Label : 7, Result : 7 -> True
Test Sample 8258 - Label : 8, Result : 8 -> True
Test Sample 8259 - Label : 9, Result : 9 -> True
Test Sample 8260 - Label : 0, Result : 0 -> True
Test Sample 8261 - Label : 1, Result : 1 -> True
Test Sample 8262 - Label : 2, Result : 2 -> True
Test Sample 8263 - Label : 3, Result : 3 -> True
Test Sample 8264 - Label : 4, Result : 4 -> True
Test Sample 8265 - Label : 7, Result : 7 -> True
Test Sample 8266 - Label : 8, Result : 8 -> True
Test Sample 8267 - Label : 9, Result : 9 -> True
Test Sample 8268 - Label : 1, Result : 1 -> True
Test Sample 8269 - Label : 4, Result : 4 -> True
Test Sample 8270 - Label : 5, Result : 5 -> True
Test Sample 8271 - Label : 3, Result : 3 -> True
Test Sample 8272 - Label : 3, Result : 3 -> True
Test Sample 8273 - Label : 0, Result : 0 -> True
Test Sample 8274 - Label : 9, Result : 9 -> True
Test Sample 8275 - Label : 5, Result : 5 -> True
Test Sample 8276 - Label : 4, Result : 4 -> True
Test Sample 8277 - Label : 3, Result : 3 -> True
Test Sample 8278 - Label : 0, Result : 0 -> True
Test Sample 8279 - Label : 8, Result : 8 -> True
Test Sample 8280 - Label : 4, Result : 4 -> True
Test Sample 8281 - Label : 6, Result : 6 -> True
Test Sample 8282 - Label : 7, Result : 7 -> True
Test Sample 8283 - Label : 0, Result : 0 -> True
Test Sample 8284 - Label : 7, Result : 7 -> True
Test Sample 8285 - Label : 7, Result : 7 -> True
Test Sample 8286 - Label : 1, Result : 1 -> True
Test Sample 8287 - Label : 6, Result : 6 -> True
Test Sample 8288 - Label : 9, Result : 9 -> True
Test Sample 8289 - Label : 1, Result : 1 -> True
Test Sample 8290 - Label : 3, Result : 3 -> True
Test Sample 8291 - Label : 6, Result : 6 -> True
Test Sample 8292 - Label : 2, Result : 2 -> True
Test Sample 8293 - Label : 3, Result : 3 -> True
Test Sample 8294 - Label : 8, Result : 8 -> True
Test Sample 8295 - Label : 2, Result : 2 -> True
Test Sample 8296 - Label : 3, Result : 3 -> True
Test Sample 8297 - Label : 8, Result : 8 -> True
Test Sample 8298 - Label : 9, Result : 9 -> True
Test Sample 8299 - Label : 5, Result : 5 -> True
Test Sample 8300 - Label : 8, Result : 8 -> True
Test Sample 8301 - Label : 8, Result : 8 -> True
Test Sample 8302 - Label : 7, Result : 7 -> True
Test Sample 8303 - Label : 1, Result : 1 -> True
Test Sample 8304 - Label : 7, Result : 7 -> True
Test Sample 8305 - Label : 1, Result : 1 -> True
Test Sample 8306 - Label : 1, Result : 1 -> True
Test Sample 8307 - Label : 0, Result : 0 -> True
Test Sample 8308 - Label : 3, Result : 3 -> True
Test Sample 8309 - Label : 4, Result : 4 -> True
Test Sample 8310 - Label : 2, Result : 2 -> True
Test Sample 8311 - Label : 6, Result : 6 -> True
Test Sample 8312 - Label : 4, Result : 4 -> True
Test Sample 8313 - Label : 7, Result : 7 -> True
Test Sample 8314 - Label : 4, Result : 4 -> True
Test Sample 8315 - Label : 2, Result : 2 -> True
Test Sample 8316 - Label : 7, Result : 7 -> True
Test Sample 8317 - Label : 4, Result : 4 -> True
Test Sample 8318 - Label : 2, Result : 2 -> True
Test Sample 8319 - Label : 9, Result : 9 -> True
Test Sample 8320 - Label : 2, Result : 2 -> True
Test Sample 8321 - Label : 7, Result : 7 -> True
Test Sample 8322 - Label : 9, Result : 9 -> True
Test Sample 8323 - Label : 2, Result : 2 -> True
Test Sample 8324 - Label : 1, Result : 1 -> True
Test Sample 8325 - Label : 0, Result : 0 -> True
Test Sample 8326 - Label : 6, Result : 6 -> True
Test Sample 8327 - Label : 5, Result : 5 -> True
Test Sample 8328 - Label : 3, Result : 3 -> True
Test Sample 8329 - Label : 4, Result : 4 -> True
Test Sample 8330 - Label : 8, Result : 8 -> True
Test Sample 8331 - Label : 5, Result : 5 -> True
Test Sample 8332 - Label : 9, Result : 7 -> False
Test Sample 8333 - Label : 6, Result : 6 -> True
Test Sample 8334 - Label : 9, Result : 9 -> True
Test Sample 8335 - Label : 0, Result : 0 -> True
Test Sample 8336 - Label : 6, Result : 6 -> True
Test Sample 8337 - Label : 3, Result : 3 -> True
Test Sample 8338 - Label : 0, Result : 0 -> True
Test Sample 8339 - Label : 8, Result : 8 -> True
Test Sample 8340 - Label : 1, Result : 1 -> True
Test Sample 8341 - Label : 6, Result : 6 -> True
Test Sample 8342 - Label : 0, Result : 0 -> True
Test Sample 8343 - Label : 0, Result : 0 -> True
Test Sample 8344 - Label : 1, Result : 1 -> True
Test Sample 8345 - Label : 2, Result : 2 -> True
Test Sample 8346 - Label : 3, Result : 3 -> True
Test Sample 8347 - Label : 4, Result : 4 -> True
Test Sample 8348 - Label : 5, Result : 5 -> True
Test Sample 8349 - Label : 6, Result : 6 -> True
Test Sample 8350 - Label : 7, Result : 7 -> True
Test Sample 8351 - Label : 0, Result : 0 -> True
Test Sample 8352 - Label : 1, Result : 1 -> True
Test Sample 8353 - Label : 2, Result : 2 -> True
Test Sample 8354 - Label : 3, Result : 3 -> True
Test Sample 8355 - Label : 4, Result : 4 -> True
Test Sample 8356 - Label : 7, Result : 7 -> True
Test Sample 8357 - Label : 8, Result : 8 -> True
Test Sample 8358 - Label : 9, Result : 9 -> True
Test Sample 8359 - Label : 0, Result : 0 -> True
Test Sample 8360 - Label : 1, Result : 1 -> True
Test Sample 8361 - Label : 2, Result : 2 -> True
Test Sample 8362 - Label : 3, Result : 3 -> True
Test Sample 8363 - Label : 4, Result : 4 -> True
Test Sample 8364 - Label : 7, Result : 7 -> True
Test Sample 8365 - Label : 2, Result : 2 -> True
Test Sample 8366 - Label : 5, Result : 5 -> True
Test Sample 8367 - Label : 1, Result : 1 -> True
Test Sample 8368 - Label : 6, Result : 6 -> True
Test Sample 8369 - Label : 4, Result : 4 -> True
Test Sample 8370 - Label : 3, Result : 3 -> True
Test Sample 8371 - Label : 9, Result : 9 -> True
Test Sample 8372 - Label : 9, Result : 9 -> True
Test Sample 8373 - Label : 0, Result : 0 -> True
Test Sample 8374 - Label : 9, Result : 9 -> True
Test Sample 8375 - Label : 7, Result : 7 -> True
Test Sample 8376 - Label : 1, Result : 1 -> True
Test Sample 8377 - Label : 6, Result : 6 -> True
Test Sample 8378 - Label : 4, Result : 4 -> True
Test Sample 8379 - Label : 3, Result : 3 -> True
Test Sample 8380 - Label : 6, Result : 6 -> True
Test Sample 8381 - Label : 2, Result : 2 -> True
Test Sample 8382 - Label : 0, Result : 0 -> True
Test Sample 8383 - Label : 9, Result : 9 -> True
Test Sample 8384 - Label : 8, Result : 8 -> True
Test Sample 8385 - Label : 6, Result : 6 -> True
Test Sample 8386 - Label : 5, Result : 5 -> True
Test Sample 8387 - Label : 7, Result : 7 -> True
Test Sample 8388 - Label : 0, Result : 0 -> True
Test Sample 8389 - Label : 0, Result : 0 -> True
Test Sample 8390 - Label : 1, Result : 1 -> True
Test Sample 8391 - Label : 7, Result : 7 -> True
Test Sample 8392 - Label : 4, Result : 4 -> True
Test Sample 8393 - Label : 3, Result : 3 -> True
Test Sample 8394 - Label : 2, Result : 2 -> True
Test Sample 8395 - Label : 4, Result : 4 -> True
Test Sample 8396 - Label : 1, Result : 1 -> True
Test Sample 8397 - Label : 3, Result : 3 -> True
Test Sample 8398 - Label : 7, Result : 7 -> True
Test Sample 8399 - Label : 6, Result : 6 -> True
Test Sample 8400 - Label : 4, Result : 4 -> True
Test Sample 8401 - Label : 7, Result : 7 -> True
Test Sample 8402 - Label : 7, Result : 7 -> True
Test Sample 8403 - Label : 7, Result : 7 -> True
Test Sample 8404 - Label : 9, Result : 9 -> True
Test Sample 8405 - Label : 8, Result : 8 -> True
Test Sample 8406 - Label : 4, Result : 4 -> True
Test Sample 8407 - Label : 3, Result : 3 -> True
Test Sample 8408 - Label : 8, Result : 8 -> True
Test Sample 8409 - Label : 2, Result : 2 -> True
Test Sample 8410 - Label : 8, Result : 8 -> True
Test Sample 8411 - Label : 3, Result : 3 -> True
Test Sample 8412 - Label : 5, Result : 5 -> True
Test Sample 8413 - Label : 8, Result : 8 -> True
Test Sample 8414 - Label : 0, Result : 0 -> True
Test Sample 8415 - Label : 5, Result : 5 -> True
Test Sample 8416 - Label : 4, Result : 4 -> True
Test Sample 8417 - Label : 7, Result : 7 -> True
Test Sample 8418 - Label : 1, Result : 1 -> True
Test Sample 8419 - Label : 3, Result : 3 -> True
Test Sample 8420 - Label : 1, Result : 1 -> True
Test Sample 8421 - Label : 7, Result : 7 -> True
Test Sample 8422 - Label : 9, Result : 9 -> True
Test Sample 8423 - Label : 6, Result : 6 -> True
Test Sample 8424 - Label : 2, Result : 2 -> True
Test Sample 8425 - Label : 0, Result : 0 -> True
Test Sample 8426 - Label : 9, Result : 9 -> True
Test Sample 8427 - Label : 1, Result : 1 -> True
Test Sample 8428 - Label : 7, Result : 7 -> True
Test Sample 8429 - Label : 3, Result : 3 -> True
Test Sample 8430 - Label : 3, Result : 3 -> True
Test Sample 8431 - Label : 9, Result : 9 -> True
Test Sample 8432 - Label : 1, Result : 1 -> True
Test Sample 8433 - Label : 6, Result : 6 -> True
Test Sample 8434 - Label : 4, Result : 4 -> True
Test Sample 8435 - Label : 3, Result : 3 -> True
Test Sample 8436 - Label : 9, Result : 9 -> True
Test Sample 8437 - Label : 8, Result : 8 -> True
Test Sample 8438 - Label : 2, Result : 2 -> True
Test Sample 8439 - Label : 1, Result : 1 -> True
Test Sample 8440 - Label : 8, Result : 8 -> True
Test Sample 8441 - Label : 6, Result : 6 -> True
Test Sample 8442 - Label : 4, Result : 4 -> True
Test Sample 8443 - Label : 1, Result : 1 -> True
Test Sample 8444 - Label : 5, Result : 5 -> True
Test Sample 8445 - Label : 5, Result : 5 -> True
Test Sample 8446 - Label : 6, Result : 6 -> True
Test Sample 8447 - Label : 5, Result : 5 -> True
Test Sample 8448 - Label : 0, Result : 0 -> True
Test Sample 8449 - Label : 1, Result : 1 -> True
Test Sample 8450 - Label : 2, Result : 2 -> True
Test Sample 8451 - Label : 3, Result : 3 -> True
Test Sample 8452 - Label : 4, Result : 4 -> True
Test Sample 8453 - Label : 5, Result : 5 -> True
Test Sample 8454 - Label : 6, Result : 6 -> True
Test Sample 8455 - Label : 7, Result : 7 -> True
Test Sample 8456 - Label : 8, Result : 8 -> True
Test Sample 8457 - Label : 9, Result : 9 -> True
Test Sample 8458 - Label : 0, Result : 0 -> True
Test Sample 8459 - Label : 1, Result : 1 -> True
Test Sample 8460 - Label : 2, Result : 2 -> True
Test Sample 8461 - Label : 3, Result : 3 -> True
Test Sample 8462 - Label : 4, Result : 4 -> True
Test Sample 8463 - Label : 5, Result : 5 -> True
Test Sample 8464 - Label : 6, Result : 6 -> True
Test Sample 8465 - Label : 7, Result : 7 -> True
Test Sample 8466 - Label : 8, Result : 8 -> True
Test Sample 8467 - Label : 9, Result : 9 -> True
Test Sample 8468 - Label : 0, Result : 0 -> True
Test Sample 8469 - Label : 1, Result : 1 -> True
Test Sample 8470 - Label : 2, Result : 2 -> True
Test Sample 8471 - Label : 3, Result : 3 -> True
Test Sample 8472 - Label : 4, Result : 4 -> True
Test Sample 8473 - Label : 5, Result : 5 -> True
Test Sample 8474 - Label : 6, Result : 6 -> True
Test Sample 8475 - Label : 7, Result : 7 -> True
Test Sample 8476 - Label : 8, Result : 8 -> True
Test Sample 8477 - Label : 9, Result : 9 -> True
Test Sample 8478 - Label : 6, Result : 6 -> True
Test Sample 8479 - Label : 9, Result : 9 -> True
Test Sample 8480 - Label : 7, Result : 7 -> True
Test Sample 8481 - Label : 0, Result : 0 -> True
Test Sample 8482 - Label : 2, Result : 2 -> True
Test Sample 8483 - Label : 3, Result : 3 -> True
Test Sample 8484 - Label : 4, Result : 4 -> True
Test Sample 8485 - Label : 3, Result : 3 -> True
Test Sample 8486 - Label : 8, Result : 8 -> True
Test Sample 8487 - Label : 5, Result : 5 -> True
Test Sample 8488 - Label : 1, Result : 1 -> True
Test Sample 8489 - Label : 3, Result : 3 -> True
Test Sample 8490 - Label : 0, Result : 0 -> True
Test Sample 8491 - Label : 1, Result : 1 -> True
Test Sample 8492 - Label : 2, Result : 2 -> True
Test Sample 8493 - Label : 1, Result : 1 -> True
Test Sample 8494 - Label : 3, Result : 3 -> True
Test Sample 8495 - Label : 2, Result : 2 -> True
Test Sample 8496 - Label : 0, Result : 0 -> True
Test Sample 8497 - Label : 7, Result : 7 -> True
Test Sample 8498 - Label : 2, Result : 2 -> True
Test Sample 8499 - Label : 6, Result : 6 -> True
Test Sample 8500 - Label : 4, Result : 4 -> True
Test Sample 8501 - Label : 0, Result : 0 -> True
Test Sample 8502 - Label : 5, Result : 5 -> True
Test Sample 8503 - Label : 9, Result : 9 -> True
Test Sample 8504 - Label : 9, Result : 9 -> True
Test Sample 8505 - Label : 8, Result : 8 -> True
Test Sample 8506 - Label : 9, Result : 9 -> True
Test Sample 8507 - Label : 5, Result : 5 -> True
Test Sample 8508 - Label : 3, Result : 3 -> True
Test Sample 8509 - Label : 1, Result : 1 -> True
Test Sample 8510 - Label : 7, Result : 7 -> True
Test Sample 8511 - Label : 4, Result : 4 -> True
Test Sample 8512 - Label : 7, Result : 7 -> True
Test Sample 8513 - Label : 0, Result : 0 -> True
Test Sample 8514 - Label : 0, Result : 0 -> True
Test Sample 8515 - Label : 6, Result : 6 -> True
Test Sample 8516 - Label : 6, Result : 6 -> True
Test Sample 8517 - Label : 6, Result : 6 -> True
Test Sample 8518 - Label : 3, Result : 3 -> True
Test Sample 8519 - Label : 7, Result : 7 -> True
Test Sample 8520 - Label : 4, Result : 4 -> True
Test Sample 8521 - Label : 2, Result : 2 -> True
Test Sample 8522 - Label : 8, Result : 8 -> True
Test Sample 8523 - Label : 9, Result : 9 -> True
Test Sample 8524 - Label : 8, Result : 8 -> True
Test Sample 8525 - Label : 7, Result : 7 -> True
Test Sample 8526 - Label : 1, Result : 1 -> True
Test Sample 8527 - Label : 4, Result : 4 -> True
Test Sample 8528 - Label : 0, Result : 0 -> True
Test Sample 8529 - Label : 4, Result : 4 -> True
Test Sample 8530 - Label : 8, Result : 8 -> True
Test Sample 8531 - Label : 5, Result : 5 -> True
Test Sample 8532 - Label : 2, Result : 2 -> True
Test Sample 8533 - Label : 3, Result : 3 -> True
Test Sample 8534 - Label : 9, Result : 9 -> True
Test Sample 8535 - Label : 0, Result : 0 -> True
Test Sample 8536 - Label : 1, Result : 1 -> True
Test Sample 8537 - Label : 9, Result : 9 -> True
Test Sample 8538 - Label : 1, Result : 1 -> True
Test Sample 8539 - Label : 5, Result : 5 -> True
Test Sample 8540 - Label : 1, Result : 1 -> True
Test Sample 8541 - Label : 7, Result : 7 -> True
Test Sample 8542 - Label : 6, Result : 6 -> True
Test Sample 8543 - Label : 1, Result : 1 -> True
Test Sample 8544 - Label : 2, Result : 2 -> True
Test Sample 8545 - Label : 1, Result : 1 -> True
Test Sample 8546 - Label : 6, Result : 6 -> True
Test Sample 8547 - Label : 8, Result : 8 -> True
Test Sample 8548 - Label : 0, Result : 0 -> True
Test Sample 8549 - Label : 1, Result : 1 -> True
Test Sample 8550 - Label : 2, Result : 2 -> True
Test Sample 8551 - Label : 3, Result : 3 -> True
Test Sample 8552 - Label : 4, Result : 4 -> True
Test Sample 8553 - Label : 5, Result : 5 -> True
Test Sample 8554 - Label : 6, Result : 6 -> True
Test Sample 8555 - Label : 7, Result : 7 -> True
Test Sample 8556 - Label : 8, Result : 8 -> True
Test Sample 8557 - Label : 9, Result : 9 -> True
Test Sample 8558 - Label : 0, Result : 0 -> True
Test Sample 8559 - Label : 1, Result : 1 -> True
Test Sample 8560 - Label : 2, Result : 2 -> True
Test Sample 8561 - Label : 3, Result : 3 -> True
Test Sample 8562 - Label : 4, Result : 4 -> True
Test Sample 8563 - Label : 5, Result : 5 -> True
Test Sample 8564 - Label : 6, Result : 6 -> True
Test Sample 8565 - Label : 7, Result : 7 -> True
Test Sample 8566 - Label : 8, Result : 8 -> True
Test Sample 8567 - Label : 0, Result : 0 -> True
Test Sample 8568 - Label : 1, Result : 1 -> True
Test Sample 8569 - Label : 2, Result : 2 -> True
Test Sample 8570 - Label : 3, Result : 3 -> True
Test Sample 8571 - Label : 5, Result : 5 -> True
Test Sample 8572 - Label : 6, Result : 6 -> True
Test Sample 8573 - Label : 7, Result : 7 -> True
Test Sample 8574 - Label : 8, Result : 8 -> True
Test Sample 8575 - Label : 1, Result : 1 -> True
Test Sample 8576 - Label : 0, Result : 0 -> True
Test Sample 8577 - Label : 4, Result : 4 -> True
Test Sample 8578 - Label : 5, Result : 5 -> True
Test Sample 8579 - Label : 6, Result : 6 -> True
Test Sample 8580 - Label : 6, Result : 6 -> True
Test Sample 8581 - Label : 3, Result : 3 -> True
Test Sample 8582 - Label : 4, Result : 4 -> True
Test Sample 8583 - Label : 4, Result : 4 -> True
Test Sample 8584 - Label : 2, Result : 2 -> True
Test Sample 8585 - Label : 8, Result : 8 -> True
Test Sample 8586 - Label : 1, Result : 1 -> True
Test Sample 8587 - Label : 0, Result : 0 -> True
Test Sample 8588 - Label : 6, Result : 6 -> True
Test Sample 8589 - Label : 4, Result : 4 -> True
Test Sample 8590 - Label : 9, Result : 9 -> True
Test Sample 8591 - Label : 7, Result : 7 -> True
Test Sample 8592 - Label : 2, Result : 2 -> True
Test Sample 8593 - Label : 9, Result : 9 -> True
Test Sample 8594 - Label : 2, Result : 2 -> True
Test Sample 8595 - Label : 0, Result : 0 -> True
Test Sample 8596 - Label : 9, Result : 9 -> True
Test Sample 8597 - Label : 3, Result : 3 -> True
Test Sample 8598 - Label : 3, Result : 3 -> True
Test Sample 8599 - Label : 9, Result : 9 -> True
Test Sample 8600 - Label : 1, Result : 1 -> True
Test Sample 8601 - Label : 5, Result : 5 -> True
Test Sample 8602 - Label : 2, Result : 2 -> True
Test Sample 8603 - Label : 3, Result : 3 -> True
Test Sample 8604 - Label : 1, Result : 1 -> True
Test Sample 8605 - Label : 6, Result : 6 -> True
Test Sample 8606 - Label : 7, Result : 7 -> True
Test Sample 8607 - Label : 3, Result : 3 -> True
Test Sample 8608 - Label : 7, Result : 7 -> True
Test Sample 8609 - Label : 8, Result : 8 -> True
Test Sample 8610 - Label : 4, Result : 4 -> True
Test Sample 8611 - Label : 0, Result : 0 -> True
Test Sample 8612 - Label : 2, Result : 2 -> True
Test Sample 8613 - Label : 4, Result : 4 -> True
Test Sample 8614 - Label : 0, Result : 0 -> True
Test Sample 8615 - Label : 2, Result : 2 -> True
Test Sample 8616 - Label : 4, Result : 4 -> True
Test Sample 8617 - Label : 7, Result : 7 -> True
Test Sample 8618 - Label : 8, Result : 8 -> True
Test Sample 8619 - Label : 0, Result : 0 -> True
Test Sample 8620 - Label : 7, Result : 7 -> True
Test Sample 8621 - Label : 0, Result : 0 -> True
Test Sample 8622 - Label : 6, Result : 6 -> True
Test Sample 8623 - Label : 9, Result : 9 -> True
Test Sample 8624 - Label : 3, Result : 3 -> True
Test Sample 8625 - Label : 2, Result : 2 -> True
Test Sample 8626 - Label : 4, Result : 4 -> True
Test Sample 8627 - Label : 8, Result : 8 -> True
Test Sample 8628 - Label : 6, Result : 6 -> True
Test Sample 8629 - Label : 0, Result : 0 -> True
Test Sample 8630 - Label : 5, Result : 5 -> True
Test Sample 8631 - Label : 7, Result : 7 -> True
Test Sample 8632 - Label : 5, Result : 5 -> True
Test Sample 8633 - Label : 1, Result : 1 -> True
Test Sample 8634 - Label : 0, Result : 0 -> True
Test Sample 8635 - Label : 8, Result : 8 -> True
Test Sample 8636 - Label : 1, Result : 1 -> True
Test Sample 8637 - Label : 6, Result : 6 -> True
Test Sample 8638 - Label : 7, Result : 7 -> True
Test Sample 8639 - Label : 2, Result : 2 -> True
Test Sample 8640 - Label : 9, Result : 9 -> True
Test Sample 8641 - Label : 7, Result : 7 -> True
Test Sample 8642 - Label : 9, Result : 9 -> True
Test Sample 8643 - Label : 5, Result : 5 -> True
Test Sample 8644 - Label : 6, Result : 6 -> True
Test Sample 8645 - Label : 5, Result : 5 -> True
Test Sample 8646 - Label : 2, Result : 2 -> True
Test Sample 8647 - Label : 6, Result : 6 -> True
Test Sample 8648 - Label : 2, Result : 2 -> True
Test Sample 8649 - Label : 8, Result : 8 -> True
Test Sample 8650 - Label : 1, Result : 1 -> True
Test Sample 8651 - Label : 7, Result : 7 -> True
Test Sample 8652 - Label : 5, Result : 5 -> True
Test Sample 8653 - Label : 5, Result : 5 -> True
Test Sample 8654 - Label : 7, Result : 7 -> True
Test Sample 8655 - Label : 3, Result : 3 -> True
Test Sample 8656 - Label : 5, Result : 5 -> True
Test Sample 8657 - Label : 0, Result : 0 -> True
Test Sample 8658 - Label : 1, Result : 1 -> True
Test Sample 8659 - Label : 1, Result : 1 -> True
Test Sample 8660 - Label : 3, Result : 3 -> True
Test Sample 8661 - Label : 8, Result : 8 -> True
Test Sample 8662 - Label : 4, Result : 4 -> True
Test Sample 8663 - Label : 9, Result : 9 -> True
Test Sample 8664 - Label : 4, Result : 4 -> True
Test Sample 8665 - Label : 5, Result : 5 -> True
Test Sample 8666 - Label : 1, Result : 1 -> True
Test Sample 8667 - Label : 8, Result : 8 -> True
Test Sample 8668 - Label : 6, Result : 6 -> True
Test Sample 8669 - Label : 8, Result : 8 -> True
Test Sample 8670 - Label : 9, Result : 9 -> True
Test Sample 8671 - Label : 0, Result : 0 -> True
Test Sample 8672 - Label : 1, Result : 1 -> True
Test Sample 8673 - Label : 2, Result : 2 -> True
Test Sample 8674 - Label : 3, Result : 3 -> True
Test Sample 8675 - Label : 4, Result : 4 -> True
Test Sample 8676 - Label : 5, Result : 5 -> True
Test Sample 8677 - Label : 6, Result : 6 -> True
Test Sample 8678 - Label : 7, Result : 7 -> True
Test Sample 8679 - Label : 8, Result : 8 -> True
Test Sample 8680 - Label : 9, Result : 9 -> True
Test Sample 8681 - Label : 0, Result : 0 -> True
Test Sample 8682 - Label : 1, Result : 1 -> True
Test Sample 8683 - Label : 2, Result : 2 -> True
Test Sample 8684 - Label : 3, Result : 3 -> True
Test Sample 8685 - Label : 4, Result : 4 -> True
Test Sample 8686 - Label : 5, Result : 5 -> True
Test Sample 8687 - Label : 6, Result : 6 -> True
Test Sample 8688 - Label : 7, Result : 7 -> True
Test Sample 8689 - Label : 8, Result : 8 -> True
Test Sample 8690 - Label : 9, Result : 9 -> True
Test Sample 8691 - Label : 0, Result : 0 -> True
Test Sample 8692 - Label : 1, Result : 1 -> True
Test Sample 8693 - Label : 2, Result : 2 -> True
Test Sample 8694 - Label : 3, Result : 3 -> True
Test Sample 8695 - Label : 4, Result : 4 -> True
Test Sample 8696 - Label : 5, Result : 5 -> True
Test Sample 8697 - Label : 6, Result : 6 -> True
Test Sample 8698 - Label : 7, Result : 7 -> True
Test Sample 8699 - Label : 8, Result : 8 -> True
Test Sample 8700 - Label : 9, Result : 9 -> True
Test Sample 8701 - Label : 3, Result : 3 -> True
Test Sample 8702 - Label : 5, Result : 5 -> True
Test Sample 8703 - Label : 3, Result : 3 -> True
Test Sample 8704 - Label : 2, Result : 2 -> True
Test Sample 8705 - Label : 9, Result : 9 -> True
Test Sample 8706 - Label : 3, Result : 3 -> True
Test Sample 8707 - Label : 2, Result : 2 -> True
Test Sample 8708 - Label : 1, Result : 1 -> True
Test Sample 8709 - Label : 4, Result : 4 -> True
Test Sample 8710 - Label : 5, Result : 5 -> True
Test Sample 8711 - Label : 5, Result : 5 -> True
Test Sample 8712 - Label : 2, Result : 2 -> True
Test Sample 8713 - Label : 3, Result : 3 -> True
Test Sample 8714 - Label : 2, Result : 2 -> True
Test Sample 8715 - Label : 1, Result : 1 -> True
Test Sample 8716 - Label : 3, Result : 3 -> True
Test Sample 8717 - Label : 9, Result : 9 -> True
Test Sample 8718 - Label : 7, Result : 7 -> True
Test Sample 8719 - Label : 2, Result : 2 -> True
Test Sample 8720 - Label : 1, Result : 1 -> True
Test Sample 8721 - Label : 2, Result : 2 -> True
Test Sample 8722 - Label : 8, Result : 8 -> True
Test Sample 8723 - Label : 9, Result : 9 -> True
Test Sample 8724 - Label : 1, Result : 1 -> True
Test Sample 8725 - Label : 8, Result : 8 -> True
Test Sample 8726 - Label : 8, Result : 8 -> True
Test Sample 8727 - Label : 7, Result : 7 -> True
Test Sample 8728 - Label : 8, Result : 8 -> True
Test Sample 8729 - Label : 1, Result : 1 -> True
Test Sample 8730 - Label : 0, Result : 0 -> True
Test Sample 8731 - Label : 0, Result : 0 -> True
Test Sample 8732 - Label : 6, Result : 6 -> True
Test Sample 8733 - Label : 7, Result : 7 -> True
Test Sample 8734 - Label : 7, Result : 7 -> True
Test Sample 8735 - Label : 8, Result : 8 -> True
Test Sample 8736 - Label : 7, Result : 7 -> True
Test Sample 8737 - Label : 5, Result : 5 -> True
Test Sample 8738 - Label : 0, Result : 0 -> True
Test Sample 8739 - Label : 6, Result : 6 -> True
Test Sample 8740 - Label : 1, Result : 1 -> True
Test Sample 8741 - Label : 5, Result : 5 -> True
Test Sample 8742 - Label : 7, Result : 7 -> True
Test Sample 8743 - Label : 4, Result : 4 -> True
Test Sample 8744 - Label : 6, Result : 6 -> True
Test Sample 8745 - Label : 1, Result : 1 -> True
Test Sample 8746 - Label : 2, Result : 2 -> True
Test Sample 8747 - Label : 5, Result : 5 -> True
Test Sample 8748 - Label : 0, Result : 0 -> True
Test Sample 8749 - Label : 7, Result : 7 -> True
Test Sample 8750 - Label : 9, Result : 9 -> True
Test Sample 8751 - Label : 9, Result : 9 -> True
Test Sample 8752 - Label : 0, Result : 0 -> True
Test Sample 8753 - Label : 3, Result : 3 -> True
Test Sample 8754 - Label : 4, Result : 4 -> True
Test Sample 8755 - Label : 4, Result : 4 -> True
Test Sample 8756 - Label : 8, Result : 8 -> True
Test Sample 8757 - Label : 4, Result : 4 -> True
Test Sample 8758 - Label : 1, Result : 1 -> True
Test Sample 8759 - Label : 8, Result : 8 -> True
Test Sample 8760 - Label : 6, Result : 6 -> True
Test Sample 8761 - Label : 5, Result : 5 -> True
Test Sample 8762 - Label : 9, Result : 9 -> True
Test Sample 8763 - Label : 0, Result : 0 -> True
Test Sample 8764 - Label : 0, Result : 0 -> True
Test Sample 8765 - Label : 0, Result : 0 -> True
Test Sample 8766 - Label : 3, Result : 3 -> True
Test Sample 8767 - Label : 7, Result : 7 -> True
Test Sample 8768 - Label : 1, Result : 1 -> True
Test Sample 8769 - Label : 6, Result : 6 -> True
Test Sample 8770 - Label : 4, Result : 4 -> True
Test Sample 8771 - Label : 6, Result : 6 -> True
Test Sample 8772 - Label : 0, Result : 0 -> True
Test Sample 8773 - Label : 4, Result : 4 -> True
Test Sample 8774 - Label : 5, Result : 5 -> True
Test Sample 8775 - Label : 4, Result : 4 -> True
Test Sample 8776 - Label : 1, Result : 1 -> True
Test Sample 8777 - Label : 3, Result : 3 -> True
Test Sample 8778 - Label : 8, Result : 8 -> True
Test Sample 8779 - Label : 6, Result : 6 -> True
Test Sample 8780 - Label : 3, Result : 3 -> True
Test Sample 8781 - Label : 9, Result : 9 -> True
Test Sample 8782 - Label : 9, Result : 9 -> True
Test Sample 8783 - Label : 5, Result : 5 -> True
Test Sample 8784 - Label : 9, Result : 9 -> True
Test Sample 8785 - Label : 3, Result : 3 -> True
Test Sample 8786 - Label : 7, Result : 7 -> True
Test Sample 8787 - Label : 8, Result : 8 -> True
Test Sample 8788 - Label : 5, Result : 5 -> True
Test Sample 8789 - Label : 6, Result : 6 -> True
Test Sample 8790 - Label : 4, Result : 4 -> True
Test Sample 8791 - Label : 7, Result : 7 -> True
Test Sample 8792 - Label : 6, Result : 6 -> True
Test Sample 8793 - Label : 2, Result : 2 -> True
Test Sample 8794 - Label : 2, Result : 2 -> True
Test Sample 8795 - Label : 0, Result : 0 -> True
Test Sample 8796 - Label : 9, Result : 9 -> True
Test Sample 8797 - Label : 4, Result : 4 -> True
Test Sample 8798 - Label : 0, Result : 0 -> True
Test Sample 8799 - Label : 1, Result : 1 -> True
Test Sample 8800 - Label : 2, Result : 2 -> True
Test Sample 8801 - Label : 3, Result : 3 -> True
Test Sample 8802 - Label : 4, Result : 4 -> True
Test Sample 8803 - Label : 5, Result : 5 -> True
Test Sample 8804 - Label : 6, Result : 6 -> True
Test Sample 8805 - Label : 7, Result : 7 -> True
Test Sample 8806 - Label : 8, Result : 8 -> True
Test Sample 8807 - Label : 9, Result : 9 -> True
Test Sample 8808 - Label : 0, Result : 0 -> True
Test Sample 8809 - Label : 1, Result : 1 -> True
Test Sample 8810 - Label : 2, Result : 2 -> True
Test Sample 8811 - Label : 3, Result : 3 -> True
Test Sample 8812 - Label : 4, Result : 4 -> True
Test Sample 8813 - Label : 5, Result : 5 -> True
Test Sample 8814 - Label : 6, Result : 6 -> True
Test Sample 8815 - Label : 7, Result : 7 -> True
Test Sample 8816 - Label : 8, Result : 8 -> True
Test Sample 8817 - Label : 9, Result : 9 -> True
Test Sample 8818 - Label : 0, Result : 0 -> True
Test Sample 8819 - Label : 1, Result : 1 -> True
Test Sample 8820 - Label : 2, Result : 2 -> True
Test Sample 8821 - Label : 3, Result : 3 -> True
Test Sample 8822 - Label : 4, Result : 4 -> True
Test Sample 8823 - Label : 5, Result : 5 -> True
Test Sample 8824 - Label : 6, Result : 6 -> True
Test Sample 8825 - Label : 7, Result : 7 -> True
Test Sample 8826 - Label : 8, Result : 8 -> True
Test Sample 8827 - Label : 9, Result : 9 -> True
Test Sample 8828 - Label : 6, Result : 6 -> True
Test Sample 8829 - Label : 4, Result : 4 -> True
Test Sample 8830 - Label : 2, Result : 2 -> True
Test Sample 8831 - Label : 6, Result : 6 -> True
Test Sample 8832 - Label : 4, Result : 4 -> True
Test Sample 8833 - Label : 7, Result : 7 -> True
Test Sample 8834 - Label : 5, Result : 5 -> True
Test Sample 8835 - Label : 5, Result : 5 -> True
Test Sample 8836 - Label : 4, Result : 4 -> True
Test Sample 8837 - Label : 7, Result : 7 -> True
Test Sample 8838 - Label : 2, Result : 2 -> True
Test Sample 8839 - Label : 9, Result : 9 -> True
Test Sample 8840 - Label : 3, Result : 3 -> True
Test Sample 8841 - Label : 9, Result : 9 -> True
Test Sample 8842 - Label : 3, Result : 3 -> True
Test Sample 8843 - Label : 8, Result : 8 -> True
Test Sample 8844 - Label : 2, Result : 2 -> True
Test Sample 8845 - Label : 0, Result : 0 -> True
Test Sample 8846 - Label : 9, Result : 9 -> True
Test Sample 8847 - Label : 5, Result : 5 -> True
Test Sample 8848 - Label : 6, Result : 6 -> True
Test Sample 8849 - Label : 0, Result : 0 -> True
Test Sample 8850 - Label : 1, Result : 1 -> True
Test Sample 8851 - Label : 0, Result : 0 -> True
Test Sample 8852 - Label : 6, Result : 6 -> True
Test Sample 8853 - Label : 5, Result : 5 -> True
Test Sample 8854 - Label : 3, Result : 3 -> True
Test Sample 8855 - Label : 5, Result : 5 -> True
Test Sample 8856 - Label : 3, Result : 3 -> True
Test Sample 8857 - Label : 8, Result : 8 -> True
Test Sample 8858 - Label : 0, Result : 0 -> True
Test Sample 8859 - Label : 0, Result : 0 -> True
Test Sample 8860 - Label : 3, Result : 3 -> True
Test Sample 8861 - Label : 4, Result : 4 -> True
Test Sample 8862 - Label : 1, Result : 1 -> True
Test Sample 8863 - Label : 5, Result : 5 -> True
Test Sample 8864 - Label : 3, Result : 3 -> True
Test Sample 8865 - Label : 0, Result : 0 -> True
Test Sample 8866 - Label : 8, Result : 8 -> True
Test Sample 8867 - Label : 3, Result : 3 -> True
Test Sample 8868 - Label : 0, Result : 0 -> True
Test Sample 8869 - Label : 6, Result : 6 -> True
Test Sample 8870 - Label : 2, Result : 2 -> True
Test Sample 8871 - Label : 7, Result : 7 -> True
Test Sample 8872 - Label : 8, Result : 8 -> True
Test Sample 8873 - Label : 1, Result : 1 -> True
Test Sample 8874 - Label : 7, Result : 7 -> True
Test Sample 8875 - Label : 1, Result : 1 -> True
Test Sample 8876 - Label : 3, Result : 3 -> True
Test Sample 8877 - Label : 8, Result : 8 -> True
Test Sample 8878 - Label : 5, Result : 5 -> True
Test Sample 8879 - Label : 4, Result : 4 -> True
Test Sample 8880 - Label : 2, Result : 2 -> True
Test Sample 8881 - Label : 0, Result : 0 -> True
Test Sample 8882 - Label : 9, Result : 9 -> True
Test Sample 8883 - Label : 7, Result : 7 -> True
Test Sample 8884 - Label : 6, Result : 6 -> True
Test Sample 8885 - Label : 7, Result : 7 -> True
Test Sample 8886 - Label : 4, Result : 4 -> True
Test Sample 8887 - Label : 1, Result : 1 -> True
Test Sample 8888 - Label : 6, Result : 6 -> True
Test Sample 8889 - Label : 2, Result : 2 -> True
Test Sample 8890 - Label : 6, Result : 6 -> True
Test Sample 8891 - Label : 7, Result : 7 -> True
Test Sample 8892 - Label : 1, Result : 1 -> True
Test Sample 8893 - Label : 9, Result : 9 -> True
Test Sample 8894 - Label : 8, Result : 8 -> True
Test Sample 8895 - Label : 0, Result : 0 -> True
Test Sample 8896 - Label : 6, Result : 6 -> True
Test Sample 8897 - Label : 9, Result : 9 -> True
Test Sample 8898 - Label : 4, Result : 4 -> True
Test Sample 8899 - Label : 9, Result : 9 -> True
Test Sample 8900 - Label : 9, Result : 9 -> True
Test Sample 8901 - Label : 6, Result : 6 -> True
Test Sample 8902 - Label : 2, Result : 2 -> True
Test Sample 8903 - Label : 3, Result : 3 -> True
Test Sample 8904 - Label : 7, Result : 7 -> True
Test Sample 8905 - Label : 1, Result : 1 -> True
Test Sample 8906 - Label : 9, Result : 9 -> True
Test Sample 8907 - Label : 2, Result : 2 -> True
Test Sample 8908 - Label : 2, Result : 2 -> True
Test Sample 8909 - Label : 5, Result : 5 -> True
Test Sample 8910 - Label : 3, Result : 3 -> True
Test Sample 8911 - Label : 7, Result : 7 -> True
Test Sample 8912 - Label : 8, Result : 8 -> True
Test Sample 8913 - Label : 0, Result : 0 -> True
Test Sample 8914 - Label : 1, Result : 1 -> True
Test Sample 8915 - Label : 2, Result : 2 -> True
Test Sample 8916 - Label : 3, Result : 3 -> True
Test Sample 8917 - Label : 4, Result : 4 -> True
Test Sample 8918 - Label : 7, Result : 7 -> True
Test Sample 8919 - Label : 8, Result : 8 -> True
Test Sample 8920 - Label : 9, Result : 9 -> True
Test Sample 8921 - Label : 0, Result : 0 -> True
Test Sample 8922 - Label : 1, Result : 1 -> True
Test Sample 8923 - Label : 2, Result : 2 -> True
Test Sample 8924 - Label : 3, Result : 3 -> True
Test Sample 8925 - Label : 4, Result : 4 -> True
Test Sample 8926 - Label : 7, Result : 7 -> True
Test Sample 8927 - Label : 8, Result : 8 -> True
Test Sample 8928 - Label : 9, Result : 9 -> True
Test Sample 8929 - Label : 0, Result : 0 -> True
Test Sample 8930 - Label : 1, Result : 1 -> True
Test Sample 8931 - Label : 7, Result : 7 -> True
Test Sample 8932 - Label : 8, Result : 8 -> True
Test Sample 8933 - Label : 9, Result : 9 -> True
Test Sample 8934 - Label : 8, Result : 8 -> True
Test Sample 8935 - Label : 9, Result : 9 -> True
Test Sample 8936 - Label : 2, Result : 2 -> True
Test Sample 8937 - Label : 6, Result : 6 -> True
Test Sample 8938 - Label : 1, Result : 1 -> True
Test Sample 8939 - Label : 3, Result : 3 -> True
Test Sample 8940 - Label : 5, Result : 5 -> True
Test Sample 8941 - Label : 4, Result : 4 -> True
Test Sample 8942 - Label : 8, Result : 8 -> True
Test Sample 8943 - Label : 2, Result : 2 -> True
Test Sample 8944 - Label : 6, Result : 6 -> True
Test Sample 8945 - Label : 4, Result : 4 -> True
Test Sample 8946 - Label : 3, Result : 3 -> True
Test Sample 8947 - Label : 4, Result : 4 -> True
Test Sample 8948 - Label : 5, Result : 5 -> True
Test Sample 8949 - Label : 9, Result : 9 -> True
Test Sample 8950 - Label : 2, Result : 2 -> True
Test Sample 8951 - Label : 0, Result : 0 -> True
Test Sample 8952 - Label : 3, Result : 3 -> True
Test Sample 8953 - Label : 9, Result : 9 -> True
Test Sample 8954 - Label : 4, Result : 4 -> True
Test Sample 8955 - Label : 9, Result : 9 -> True
Test Sample 8956 - Label : 7, Result : 7 -> True
Test Sample 8957 - Label : 3, Result : 3 -> True
Test Sample 8958 - Label : 8, Result : 8 -> True
Test Sample 8959 - Label : 7, Result : 7 -> True
Test Sample 8960 - Label : 4, Result : 4 -> True
Test Sample 8961 - Label : 4, Result : 4 -> True
Test Sample 8962 - Label : 9, Result : 9 -> True
Test Sample 8963 - Label : 8, Result : 8 -> True
Test Sample 8964 - Label : 5, Result : 5 -> True
Test Sample 8965 - Label : 8, Result : 8 -> True
Test Sample 8966 - Label : 2, Result : 2 -> True
Test Sample 8967 - Label : 6, Result : 6 -> True
Test Sample 8968 - Label : 6, Result : 6 -> True
Test Sample 8969 - Label : 2, Result : 2 -> True
Test Sample 8970 - Label : 3, Result : 3 -> True
Test Sample 8971 - Label : 1, Result : 1 -> True
Test Sample 8972 - Label : 3, Result : 3 -> True
Test Sample 8973 - Label : 2, Result : 2 -> True
Test Sample 8974 - Label : 7, Result : 7 -> True
Test Sample 8975 - Label : 3, Result : 3 -> True
Test Sample 8976 - Label : 1, Result : 1 -> True
Test Sample 8977 - Label : 9, Result : 9 -> True
Test Sample 8978 - Label : 0, Result : 0 -> True
Test Sample 8979 - Label : 1, Result : 1 -> True
Test Sample 8980 - Label : 1, Result : 1 -> True
Test Sample 8981 - Label : 3, Result : 3 -> True
Test Sample 8982 - Label : 5, Result : 5 -> True
Test Sample 8983 - Label : 0, Result : 0 -> True
Test Sample 8984 - Label : 7, Result : 7 -> True
Test Sample 8985 - Label : 8, Result : 8 -> True
Test Sample 8986 - Label : 1, Result : 1 -> True
Test Sample 8987 - Label : 5, Result : 5 -> True
Test Sample 8988 - Label : 1, Result : 1 -> True
Test Sample 8989 - Label : 4, Result : 4 -> True
Test Sample 8990 - Label : 6, Result : 6 -> True
Test Sample 8991 - Label : 0, Result : 0 -> True
Test Sample 8992 - Label : 0, Result : 0 -> True
Test Sample 8993 - Label : 4, Result : 4 -> True
Test Sample 8994 - Label : 9, Result : 9 -> True
Test Sample 8995 - Label : 1, Result : 1 -> True
Test Sample 8996 - Label : 6, Result : 6 -> True
Test Sample 8997 - Label : 6, Result : 6 -> True
Test Sample 8998 - Label : 9, Result : 9 -> True
Test Sample 8999 - Label : 0, Result : 0 -> True
Test Sample 9000 - Label : 7, Result : 7 -> True
Test Sample 9001 - Label : 6, Result : 6 -> True
Test Sample 9002 - Label : 1, Result : 1 -> True
Test Sample 9003 - Label : 1, Result : 1 -> True
Test Sample 9004 - Label : 0, Result : 0 -> True
Test Sample 9005 - Label : 1, Result : 1 -> True
Test Sample 9006 - Label : 2, Result : 2 -> True
Test Sample 9007 - Label : 3, Result : 3 -> True
Test Sample 9008 - Label : 4, Result : 4 -> True
Test Sample 9009 - Label : 7, Result : 2 -> False
Test Sample 9010 - Label : 2, Result : 2 -> True
Test Sample 9011 - Label : 3, Result : 3 -> True
Test Sample 9012 - Label : 4, Result : 4 -> True
Test Sample 9013 - Label : 5, Result : 5 -> True
Test Sample 9014 - Label : 6, Result : 6 -> True
Test Sample 9015 - Label : 7, Result : 2 -> False
Test Sample 9016 - Label : 0, Result : 0 -> True
Test Sample 9017 - Label : 1, Result : 1 -> True
Test Sample 9018 - Label : 2, Result : 2 -> True
Test Sample 9019 - Label : 7, Result : 2 -> False
Test Sample 9020 - Label : 8, Result : 8 -> True
Test Sample 9021 - Label : 6, Result : 6 -> True
Test Sample 9022 - Label : 3, Result : 3 -> True
Test Sample 9023 - Label : 9, Result : 9 -> True
Test Sample 9024 - Label : 7, Result : 7 -> True
Test Sample 9025 - Label : 1, Result : 1 -> True
Test Sample 9026 - Label : 9, Result : 9 -> True
Test Sample 9027 - Label : 3, Result : 3 -> True
Test Sample 9028 - Label : 9, Result : 9 -> True
Test Sample 9029 - Label : 6, Result : 6 -> True
Test Sample 9030 - Label : 1, Result : 1 -> True
Test Sample 9031 - Label : 7, Result : 7 -> True
Test Sample 9032 - Label : 2, Result : 2 -> True
Test Sample 9033 - Label : 4, Result : 4 -> True
Test Sample 9034 - Label : 4, Result : 4 -> True
Test Sample 9035 - Label : 5, Result : 5 -> True
Test Sample 9036 - Label : 7, Result : 7 -> True
Test Sample 9037 - Label : 0, Result : 0 -> True
Test Sample 9038 - Label : 0, Result : 0 -> True
Test Sample 9039 - Label : 1, Result : 1 -> True
Test Sample 9040 - Label : 6, Result : 6 -> True
Test Sample 9041 - Label : 6, Result : 6 -> True
Test Sample 9042 - Label : 8, Result : 8 -> True
Test Sample 9043 - Label : 2, Result : 2 -> True
Test Sample 9044 - Label : 7, Result : 7 -> True
Test Sample 9045 - Label : 7, Result : 7 -> True
Test Sample 9046 - Label : 2, Result : 2 -> True
Test Sample 9047 - Label : 4, Result : 4 -> True
Test Sample 9048 - Label : 2, Result : 2 -> True
Test Sample 9049 - Label : 1, Result : 1 -> True
Test Sample 9050 - Label : 6, Result : 6 -> True
Test Sample 9051 - Label : 1, Result : 1 -> True
Test Sample 9052 - Label : 0, Result : 0 -> True
Test Sample 9053 - Label : 6, Result : 6 -> True
Test Sample 9054 - Label : 9, Result : 9 -> True
Test Sample 9055 - Label : 8, Result : 8 -> True
Test Sample 9056 - Label : 3, Result : 3 -> True
Test Sample 9057 - Label : 9, Result : 9 -> True
Test Sample 9058 - Label : 6, Result : 6 -> True
Test Sample 9059 - Label : 3, Result : 3 -> True
Test Sample 9060 - Label : 0, Result : 0 -> True
Test Sample 9061 - Label : 1, Result : 1 -> True
Test Sample 9062 - Label : 2, Result : 2 -> True
Test Sample 9063 - Label : 3, Result : 3 -> True
Test Sample 9064 - Label : 4, Result : 4 -> True
Test Sample 9065 - Label : 5, Result : 5 -> True
Test Sample 9066 - Label : 6, Result : 6 -> True
Test Sample 9067 - Label : 7, Result : 7 -> True
Test Sample 9068 - Label : 8, Result : 8 -> True
Test Sample 9069 - Label : 9, Result : 9 -> True
Test Sample 9070 - Label : 0, Result : 0 -> True
Test Sample 9071 - Label : 1, Result : 1 -> True
Test Sample 9072 - Label : 2, Result : 2 -> True
Test Sample 9073 - Label : 3, Result : 3 -> True
Test Sample 9074 - Label : 4, Result : 4 -> True
Test Sample 9075 - Label : 5, Result : 5 -> True
Test Sample 9076 - Label : 6, Result : 6 -> True
Test Sample 9077 - Label : 7, Result : 7 -> True
Test Sample 9078 - Label : 8, Result : 8 -> True
Test Sample 9079 - Label : 9, Result : 9 -> True
Test Sample 9080 - Label : 0, Result : 0 -> True
Test Sample 9081 - Label : 1, Result : 1 -> True
Test Sample 9082 - Label : 2, Result : 2 -> True
Test Sample 9083 - Label : 3, Result : 3 -> True
Test Sample 9084 - Label : 4, Result : 4 -> True
Test Sample 9085 - Label : 5, Result : 5 -> True
Test Sample 9086 - Label : 6, Result : 6 -> True
Test Sample 9087 - Label : 7, Result : 7 -> True
Test Sample 9088 - Label : 8, Result : 8 -> True
Test Sample 9089 - Label : 9, Result : 9 -> True
Test Sample 9090 - Label : 1, Result : 1 -> True
Test Sample 9091 - Label : 6, Result : 6 -> True
Test Sample 9092 - Label : 8, Result : 8 -> True
Test Sample 9093 - Label : 9, Result : 9 -> True
Test Sample 9094 - Label : 9, Result : 9 -> True
Test Sample 9095 - Label : 0, Result : 0 -> True
Test Sample 9096 - Label : 1, Result : 1 -> True
Test Sample 9097 - Label : 2, Result : 2 -> True
Test Sample 9098 - Label : 4, Result : 4 -> True
Test Sample 9099 - Label : 4, Result : 4 -> True
Test Sample 9100 - Label : 3, Result : 3 -> True
Test Sample 9101 - Label : 7, Result : 7 -> True
Test Sample 9102 - Label : 4, Result : 4 -> True
Test Sample 9103 - Label : 4, Result : 4 -> True
Test Sample 9104 - Label : 4, Result : 4 -> True
Test Sample 9105 - Label : 0, Result : 0 -> True
Test Sample 9106 - Label : 3, Result : 3 -> True
Test Sample 9107 - Label : 8, Result : 8 -> True
Test Sample 9108 - Label : 7, Result : 7 -> True
Test Sample 9109 - Label : 5, Result : 5 -> True
Test Sample 9110 - Label : 8, Result : 8 -> True
Test Sample 9111 - Label : 2, Result : 2 -> True
Test Sample 9112 - Label : 1, Result : 1 -> True
Test Sample 9113 - Label : 7, Result : 7 -> True
Test Sample 9114 - Label : 5, Result : 5 -> True
Test Sample 9115 - Label : 3, Result : 3 -> True
Test Sample 9116 - Label : 8, Result : 8 -> True
Test Sample 9117 - Label : 5, Result : 5 -> True
Test Sample 9118 - Label : 2, Result : 2 -> True
Test Sample 9119 - Label : 5, Result : 5 -> True
Test Sample 9120 - Label : 1, Result : 1 -> True
Test Sample 9121 - Label : 1, Result : 1 -> True
Test Sample 9122 - Label : 6, Result : 6 -> True
Test Sample 9123 - Label : 2, Result : 2 -> True
Test Sample 9124 - Label : 1, Result : 1 -> True
Test Sample 9125 - Label : 3, Result : 3 -> True
Test Sample 9126 - Label : 8, Result : 8 -> True
Test Sample 9127 - Label : 6, Result : 6 -> True
Test Sample 9128 - Label : 4, Result : 4 -> True
Test Sample 9129 - Label : 2, Result : 2 -> True
Test Sample 9130 - Label : 6, Result : 6 -> True
Test Sample 9131 - Label : 2, Result : 2 -> True
Test Sample 9132 - Label : 5, Result : 5 -> True
Test Sample 9133 - Label : 5, Result : 5 -> True
Test Sample 9134 - Label : 0, Result : 0 -> True
Test Sample 9135 - Label : 2, Result : 2 -> True
Test Sample 9136 - Label : 8, Result : 8 -> True
Test Sample 9137 - Label : 0, Result : 0 -> True
Test Sample 9138 - Label : 6, Result : 6 -> True
Test Sample 9139 - Label : 8, Result : 8 -> True
Test Sample 9140 - Label : 1, Result : 1 -> True
Test Sample 9141 - Label : 7, Result : 7 -> True
Test Sample 9142 - Label : 9, Result : 9 -> True
Test Sample 9143 - Label : 1, Result : 1 -> True
Test Sample 9144 - Label : 9, Result : 9 -> True
Test Sample 9145 - Label : 2, Result : 2 -> True
Test Sample 9146 - Label : 6, Result : 6 -> True
Test Sample 9147 - Label : 7, Result : 7 -> True
Test Sample 9148 - Label : 6, Result : 6 -> True
Test Sample 9149 - Label : 6, Result : 6 -> True
Test Sample 9150 - Label : 8, Result : 8 -> True
Test Sample 9151 - Label : 7, Result : 7 -> True
Test Sample 9152 - Label : 4, Result : 4 -> True
Test Sample 9153 - Label : 9, Result : 9 -> True
Test Sample 9154 - Label : 2, Result : 2 -> True
Test Sample 9155 - Label : 1, Result : 1 -> True
Test Sample 9156 - Label : 3, Result : 3 -> True
Test Sample 9157 - Label : 3, Result : 3 -> True
Test Sample 9158 - Label : 0, Result : 0 -> True
Test Sample 9159 - Label : 5, Result : 5 -> True
Test Sample 9160 - Label : 5, Result : 5 -> True
Test Sample 9161 - Label : 8, Result : 8 -> True
Test Sample 9162 - Label : 0, Result : 0 -> True
Test Sample 9163 - Label : 3, Result : 3 -> True
Test Sample 9164 - Label : 7, Result : 7 -> True
Test Sample 9165 - Label : 9, Result : 9 -> True
Test Sample 9166 - Label : 7, Result : 7 -> True
Test Sample 9167 - Label : 0, Result : 0 -> True
Test Sample 9168 - Label : 2, Result : 2 -> True
Test Sample 9169 - Label : 7, Result : 7 -> True
Test Sample 9170 - Label : 9, Result : 9 -> True
Test Sample 9171 - Label : 1, Result : 1 -> True
Test Sample 9172 - Label : 7, Result : 7 -> True
Test Sample 9173 - Label : 8, Result : 8 -> True
Test Sample 9174 - Label : 0, Result : 0 -> True
Test Sample 9175 - Label : 3, Result : 3 -> True
Test Sample 9176 - Label : 5, Result : 5 -> True
Test Sample 9177 - Label : 3, Result : 3 -> True
Test Sample 9178 - Label : 6, Result : 6 -> True
Test Sample 9179 - Label : 0, Result : 0 -> True
Test Sample 9180 - Label : 1, Result : 1 -> True
Test Sample 9181 - Label : 2, Result : 2 -> True
Test Sample 9182 - Label : 3, Result : 3 -> True
Test Sample 9183 - Label : 4, Result : 4 -> True
Test Sample 9184 - Label : 5, Result : 5 -> True
Test Sample 9185 - Label : 6, Result : 6 -> True
Test Sample 9186 - Label : 7, Result : 7 -> True
Test Sample 9187 - Label : 8, Result : 8 -> True
Test Sample 9188 - Label : 9, Result : 9 -> True
Test Sample 9189 - Label : 0, Result : 0 -> True
Test Sample 9190 - Label : 1, Result : 1 -> True
Test Sample 9191 - Label : 2, Result : 2 -> True
Test Sample 9192 - Label : 3, Result : 3 -> True
Test Sample 9193 - Label : 4, Result : 4 -> True
Test Sample 9194 - Label : 5, Result : 5 -> True
Test Sample 9195 - Label : 6, Result : 6 -> True
Test Sample 9196 - Label : 7, Result : 7 -> True
Test Sample 9197 - Label : 8, Result : 8 -> True
Test Sample 9198 - Label : 9, Result : 9 -> True
Test Sample 9199 - Label : 0, Result : 0 -> True
Test Sample 9200 - Label : 1, Result : 1 -> True
Test Sample 9201 - Label : 2, Result : 2 -> True
Test Sample 9202 - Label : 3, Result : 3 -> True
Test Sample 9203 - Label : 4, Result : 4 -> True
Test Sample 9204 - Label : 7, Result : 7 -> True
Test Sample 9205 - Label : 8, Result : 8 -> True
Test Sample 9206 - Label : 9, Result : 9 -> True
Test Sample 9207 - Label : 6, Result : 6 -> True
Test Sample 9208 - Label : 4, Result : 4 -> True
Test Sample 9209 - Label : 2, Result : 2 -> True
Test Sample 9210 - Label : 6, Result : 6 -> True
Test Sample 9211 - Label : 4, Result : 4 -> True
Test Sample 9212 - Label : 7, Result : 7 -> True
Test Sample 9213 - Label : 8, Result : 8 -> True
Test Sample 9214 - Label : 9, Result : 9 -> True
Test Sample 9215 - Label : 2, Result : 2 -> True
Test Sample 9216 - Label : 9, Result : 9 -> True
Test Sample 9217 - Label : 3, Result : 3 -> True
Test Sample 9218 - Label : 9, Result : 9 -> True
Test Sample 9219 - Label : 3, Result : 3 -> True
Test Sample 9220 - Label : 0, Result : 0 -> True
Test Sample 9221 - Label : 0, Result : 0 -> True
Test Sample 9222 - Label : 1, Result : 1 -> True
Test Sample 9223 - Label : 0, Result : 0 -> True
Test Sample 9224 - Label : 4, Result : 4 -> True
Test Sample 9225 - Label : 2, Result : 2 -> True
Test Sample 9226 - Label : 6, Result : 6 -> True
Test Sample 9227 - Label : 3, Result : 3 -> True
Test Sample 9228 - Label : 5, Result : 5 -> True
Test Sample 9229 - Label : 3, Result : 3 -> True
Test Sample 9230 - Label : 0, Result : 0 -> True
Test Sample 9231 - Label : 3, Result : 3 -> True
Test Sample 9232 - Label : 4, Result : 4 -> True
Test Sample 9233 - Label : 1, Result : 1 -> True
Test Sample 9234 - Label : 5, Result : 5 -> True
Test Sample 9235 - Label : 3, Result : 3 -> True
Test Sample 9236 - Label : 0, Result : 0 -> True
Test Sample 9237 - Label : 8, Result : 8 -> True
Test Sample 9238 - Label : 3, Result : 3 -> True
Test Sample 9239 - Label : 0, Result : 0 -> True
Test Sample 9240 - Label : 6, Result : 6 -> True
Test Sample 9241 - Label : 1, Result : 1 -> True
Test Sample 9242 - Label : 7, Result : 7 -> True
Test Sample 9243 - Label : 8, Result : 8 -> True
Test Sample 9244 - Label : 0, Result : 0 -> True
Test Sample 9245 - Label : 9, Result : 9 -> True
Test Sample 9246 - Label : 2, Result : 2 -> True
Test Sample 9247 - Label : 6, Result : 6 -> True
Test Sample 9248 - Label : 7, Result : 7 -> True
Test Sample 9249 - Label : 1, Result : 1 -> True
Test Sample 9250 - Label : 9, Result : 9 -> True
Test Sample 9251 - Label : 6, Result : 6 -> True
Test Sample 9252 - Label : 9, Result : 9 -> True
Test Sample 9253 - Label : 4, Result : 4 -> True
Test Sample 9254 - Label : 9, Result : 9 -> True
Test Sample 9255 - Label : 9, Result : 9 -> True
Test Sample 9256 - Label : 6, Result : 6 -> True
Test Sample 9257 - Label : 7, Result : 7 -> True
Test Sample 9258 - Label : 1, Result : 1 -> True
Test Sample 9259 - Label : 2, Result : 2 -> True
Test Sample 9260 - Label : 5, Result : 5 -> True
Test Sample 9261 - Label : 3, Result : 3 -> True
Test Sample 9262 - Label : 7, Result : 7 -> True
Test Sample 9263 - Label : 8, Result : 8 -> True
Test Sample 9264 - Label : 0, Result : 0 -> True
Test Sample 9265 - Label : 1, Result : 1 -> True
Test Sample 9266 - Label : 2, Result : 2 -> True
Test Sample 9267 - Label : 4, Result : 4 -> True
Test Sample 9268 - Label : 5, Result : 5 -> True
Test Sample 9269 - Label : 6, Result : 6 -> True
Test Sample 9270 - Label : 7, Result : 7 -> True
Test Sample 9271 - Label : 8, Result : 8 -> True
Test Sample 9272 - Label : 9, Result : 9 -> True
Test Sample 9273 - Label : 0, Result : 0 -> True
Test Sample 9274 - Label : 1, Result : 1 -> True
Test Sample 9275 - Label : 3, Result : 3 -> True
Test Sample 9276 - Label : 4, Result : 4 -> True
Test Sample 9277 - Label : 5, Result : 5 -> True
Test Sample 9278 - Label : 6, Result : 6 -> True
Test Sample 9279 - Label : 7, Result : 7 -> True
Test Sample 9280 - Label : 8, Result : 8 -> True
Test Sample 9281 - Label : 0, Result : 0 -> True
Test Sample 9282 - Label : 1, Result : 1 -> True
Test Sample 9283 - Label : 3, Result : 3 -> True
Test Sample 9284 - Label : 4, Result : 4 -> True
Test Sample 9285 - Label : 7, Result : 7 -> True
Test Sample 9286 - Label : 8, Result : 8 -> True
Test Sample 9287 - Label : 9, Result : 9 -> True
Test Sample 9288 - Label : 7, Result : 7 -> True
Test Sample 9289 - Label : 5, Result : 5 -> True
Test Sample 9290 - Label : 5, Result : 5 -> True
Test Sample 9291 - Label : 1, Result : 1 -> True
Test Sample 9292 - Label : 9, Result : 9 -> True
Test Sample 9293 - Label : 9, Result : 9 -> True
Test Sample 9294 - Label : 7, Result : 7 -> True
Test Sample 9295 - Label : 1, Result : 1 -> True
Test Sample 9296 - Label : 0, Result : 0 -> True
Test Sample 9297 - Label : 0, Result : 0 -> True
Test Sample 9298 - Label : 5, Result : 5 -> True
Test Sample 9299 - Label : 9, Result : 9 -> True
Test Sample 9300 - Label : 7, Result : 7 -> True
Test Sample 9301 - Label : 1, Result : 1 -> True
Test Sample 9302 - Label : 7, Result : 7 -> True
Test Sample 9303 - Label : 2, Result : 2 -> True
Test Sample 9304 - Label : 2, Result : 2 -> True
Test Sample 9305 - Label : 3, Result : 3 -> True
Test Sample 9306 - Label : 6, Result : 6 -> True
Test Sample 9307 - Label : 8, Result : 8 -> True
Test Sample 9308 - Label : 3, Result : 3 -> True
Test Sample 9309 - Label : 2, Result : 2 -> True
Test Sample 9310 - Label : 0, Result : 0 -> True
Test Sample 9311 - Label : 0, Result : 0 -> True
Test Sample 9312 - Label : 6, Result : 6 -> True
Test Sample 9313 - Label : 1, Result : 1 -> True
Test Sample 9314 - Label : 7, Result : 7 -> True
Test Sample 9315 - Label : 5, Result : 5 -> True
Test Sample 9316 - Label : 8, Result : 8 -> True
Test Sample 9317 - Label : 6, Result : 6 -> True
Test Sample 9318 - Label : 2, Result : 2 -> True
Test Sample 9319 - Label : 9, Result : 9 -> True
Test Sample 9320 - Label : 4, Result : 4 -> True
Test Sample 9321 - Label : 8, Result : 8 -> True
Test Sample 9322 - Label : 8, Result : 8 -> True
Test Sample 9323 - Label : 7, Result : 7 -> True
Test Sample 9324 - Label : 1, Result : 1 -> True
Test Sample 9325 - Label : 0, Result : 0 -> True
Test Sample 9326 - Label : 8, Result : 8 -> True
Test Sample 9327 - Label : 7, Result : 7 -> True
Test Sample 9328 - Label : 7, Result : 7 -> True
Test Sample 9329 - Label : 5, Result : 5 -> True
Test Sample 9330 - Label : 8, Result : 8 -> True
Test Sample 9331 - Label : 5, Result : 5 -> True
Test Sample 9332 - Label : 3, Result : 3 -> True
Test Sample 9333 - Label : 4, Result : 4 -> True
Test Sample 9334 - Label : 6, Result : 6 -> True
Test Sample 9335 - Label : 1, Result : 1 -> True
Test Sample 9336 - Label : 1, Result : 1 -> True
Test Sample 9337 - Label : 5, Result : 5 -> True
Test Sample 9338 - Label : 5, Result : 5 -> True
Test Sample 9339 - Label : 0, Result : 0 -> True
Test Sample 9340 - Label : 7, Result : 7 -> True
Test Sample 9341 - Label : 2, Result : 2 -> True
Test Sample 9342 - Label : 3, Result : 3 -> True
Test Sample 9343 - Label : 6, Result : 6 -> True
Test Sample 9344 - Label : 4, Result : 4 -> True
Test Sample 9345 - Label : 1, Result : 1 -> True
Test Sample 9346 - Label : 2, Result : 2 -> True
Test Sample 9347 - Label : 4, Result : 4 -> True
Test Sample 9348 - Label : 1, Result : 1 -> True
Test Sample 9349 - Label : 5, Result : 5 -> True
Test Sample 9350 - Label : 4, Result : 4 -> True
Test Sample 9351 - Label : 2, Result : 2 -> True
Test Sample 9352 - Label : 0, Result : 0 -> True
Test Sample 9353 - Label : 4, Result : 4 -> True
Test Sample 9354 - Label : 8, Result : 8 -> True
Test Sample 9355 - Label : 6, Result : 6 -> True
Test Sample 9356 - Label : 1, Result : 1 -> True
Test Sample 9357 - Label : 9, Result : 9 -> True
Test Sample 9358 - Label : 0, Result : 0 -> True
Test Sample 9359 - Label : 2, Result : 2 -> True
Test Sample 9360 - Label : 5, Result : 5 -> True
Test Sample 9361 - Label : 6, Result : 6 -> True
Test Sample 9362 - Label : 9, Result : 9 -> True
Test Sample 9363 - Label : 3, Result : 3 -> True
Test Sample 9364 - Label : 6, Result : 6 -> True
Test Sample 9365 - Label : 3, Result : 3 -> True
Test Sample 9366 - Label : 6, Result : 6 -> True
Test Sample 9367 - Label : 0, Result : 0 -> True
Test Sample 9368 - Label : 1, Result : 1 -> True
Test Sample 9369 - Label : 2, Result : 2 -> True
Test Sample 9370 - Label : 3, Result : 3 -> True
Test Sample 9371 - Label : 4, Result : 4 -> True
Test Sample 9372 - Label : 5, Result : 5 -> True
Test Sample 9373 - Label : 6, Result : 6 -> True
Test Sample 9374 - Label : 7, Result : 7 -> True
Test Sample 9375 - Label : 8, Result : 8 -> True
Test Sample 9376 - Label : 9, Result : 9 -> True
Test Sample 9377 - Label : 0, Result : 0 -> True
Test Sample 9378 - Label : 1, Result : 1 -> True
Test Sample 9379 - Label : 2, Result : 2 -> True
Test Sample 9380 - Label : 3, Result : 3 -> True
Test Sample 9381 - Label : 4, Result : 4 -> True
Test Sample 9382 - Label : 5, Result : 5 -> True
Test Sample 9383 - Label : 6, Result : 6 -> True
Test Sample 9384 - Label : 7, Result : 7 -> True
Test Sample 9385 - Label : 8, Result : 8 -> True
Test Sample 9386 - Label : 9, Result : 9 -> True
Test Sample 9387 - Label : 0, Result : 0 -> True
Test Sample 9388 - Label : 1, Result : 1 -> True
Test Sample 9389 - Label : 2, Result : 2 -> True
Test Sample 9390 - Label : 3, Result : 3 -> True
Test Sample 9391 - Label : 5, Result : 5 -> True
Test Sample 9392 - Label : 6, Result : 6 -> True
Test Sample 9393 - Label : 7, Result : 7 -> True
Test Sample 9394 - Label : 8, Result : 8 -> True
Test Sample 9395 - Label : 1, Result : 1 -> True
Test Sample 9396 - Label : 0, Result : 0 -> True
Test Sample 9397 - Label : 9, Result : 9 -> True
Test Sample 9398 - Label : 5, Result : 5 -> True
Test Sample 9399 - Label : 7, Result : 7 -> True
Test Sample 9400 - Label : 5, Result : 5 -> True
Test Sample 9401 - Label : 1, Result : 1 -> True
Test Sample 9402 - Label : 8, Result : 8 -> True
Test Sample 9403 - Label : 6, Result : 6 -> True
Test Sample 9404 - Label : 9, Result : 9 -> True
Test Sample 9405 - Label : 0, Result : 0 -> True
Test Sample 9406 - Label : 4, Result : 4 -> True
Test Sample 9407 - Label : 1, Result : 1 -> True
Test Sample 9408 - Label : 9, Result : 9 -> True
Test Sample 9409 - Label : 3, Result : 3 -> True
Test Sample 9410 - Label : 8, Result : 8 -> True
Test Sample 9411 - Label : 4, Result : 4 -> True
Test Sample 9412 - Label : 4, Result : 4 -> True
Test Sample 9413 - Label : 7, Result : 7 -> True
Test Sample 9414 - Label : 0, Result : 0 -> True
Test Sample 9415 - Label : 1, Result : 1 -> True
Test Sample 9416 - Label : 9, Result : 9 -> True
Test Sample 9417 - Label : 2, Result : 2 -> True
Test Sample 9418 - Label : 8, Result : 8 -> True
Test Sample 9419 - Label : 7, Result : 7 -> True
Test Sample 9420 - Label : 8, Result : 8 -> True
Test Sample 9421 - Label : 2, Result : 2 -> True
Test Sample 9422 - Label : 5, Result : 5 -> True
Test Sample 9423 - Label : 9, Result : 9 -> True
Test Sample 9424 - Label : 6, Result : 6 -> True
Test Sample 9425 - Label : 0, Result : 0 -> True
Test Sample 9426 - Label : 6, Result : 6 -> True
Test Sample 9427 - Label : 5, Result : 5 -> True
Test Sample 9428 - Label : 5, Result : 5 -> True
Test Sample 9429 - Label : 3, Result : 3 -> True
Test Sample 9430 - Label : 3, Result : 3 -> True
Test Sample 9431 - Label : 3, Result : 3 -> True
Test Sample 9432 - Label : 9, Result : 9 -> True
Test Sample 9433 - Label : 8, Result : 8 -> True
Test Sample 9434 - Label : 1, Result : 1 -> True
Test Sample 9435 - Label : 1, Result : 1 -> True
Test Sample 9436 - Label : 0, Result : 0 -> True
Test Sample 9437 - Label : 6, Result : 6 -> True
Test Sample 9438 - Label : 1, Result : 1 -> True
Test Sample 9439 - Label : 0, Result : 0 -> True
Test Sample 9440 - Label : 0, Result : 0 -> True
Test Sample 9441 - Label : 6, Result : 6 -> True
Test Sample 9442 - Label : 2, Result : 2 -> True
Test Sample 9443 - Label : 1, Result : 1 -> True
Test Sample 9444 - Label : 1, Result : 1 -> True
Test Sample 9445 - Label : 3, Result : 3 -> True
Test Sample 9446 - Label : 2, Result : 2 -> True
Test Sample 9447 - Label : 7, Result : 7 -> True
Test Sample 9448 - Label : 7, Result : 7 -> True
Test Sample 9449 - Label : 8, Result : 8 -> True
Test Sample 9450 - Label : 8, Result : 8 -> True
Test Sample 9451 - Label : 7, Result : 7 -> True
Test Sample 9452 - Label : 8, Result : 8 -> True
Test Sample 9453 - Label : 4, Result : 4 -> True
Test Sample 9454 - Label : 6, Result : 6 -> True
Test Sample 9455 - Label : 0, Result : 0 -> True
Test Sample 9456 - Label : 2, Result : 2 -> True
Test Sample 9457 - Label : 0, Result : 0 -> True
Test Sample 9458 - Label : 7, Result : 7 -> True
Test Sample 9459 - Label : 0, Result : 0 -> True
Test Sample 9460 - Label : 3, Result : 3 -> True
Test Sample 9461 - Label : 6, Result : 6 -> True
Test Sample 9462 - Label : 8, Result : 8 -> True
Test Sample 9463 - Label : 7, Result : 7 -> True
Test Sample 9464 - Label : 1, Result : 1 -> True
Test Sample 9465 - Label : 5, Result : 5 -> True
Test Sample 9466 - Label : 9, Result : 9 -> True
Test Sample 9467 - Label : 9, Result : 9 -> True
Test Sample 9468 - Label : 3, Result : 3 -> True
Test Sample 9469 - Label : 7, Result : 7 -> True
Test Sample 9470 - Label : 2, Result : 2 -> True
Test Sample 9471 - Label : 4, Result : 4 -> True
Test Sample 9472 - Label : 9, Result : 9 -> True
Test Sample 9473 - Label : 4, Result : 4 -> True
Test Sample 9474 - Label : 3, Result : 3 -> True
Test Sample 9475 - Label : 6, Result : 6 -> True
Test Sample 9476 - Label : 2, Result : 2 -> True
Test Sample 9477 - Label : 2, Result : 2 -> True
Test Sample 9478 - Label : 5, Result : 5 -> True
Test Sample 9479 - Label : 3, Result : 3 -> True
Test Sample 9480 - Label : 2, Result : 2 -> True
Test Sample 9481 - Label : 5, Result : 5 -> True
Test Sample 9482 - Label : 5, Result : 5 -> True
Test Sample 9483 - Label : 9, Result : 9 -> True
Test Sample 9484 - Label : 4, Result : 4 -> True
Test Sample 9485 - Label : 1, Result : 1 -> True
Test Sample 9486 - Label : 7, Result : 7 -> True
Test Sample 9487 - Label : 2, Result : 2 -> True
Test Sample 9488 - Label : 0, Result : 0 -> True
Test Sample 9489 - Label : 1, Result : 1 -> True
Test Sample 9490 - Label : 2, Result : 2 -> True
Test Sample 9491 - Label : 3, Result : 3 -> True
Test Sample 9492 - Label : 4, Result : 4 -> True
Test Sample 9493 - Label : 5, Result : 5 -> True
Test Sample 9494 - Label : 6, Result : 6 -> True
Test Sample 9495 - Label : 7, Result : 7 -> True
Test Sample 9496 - Label : 8, Result : 8 -> True
Test Sample 9497 - Label : 9, Result : 9 -> True
Test Sample 9498 - Label : 0, Result : 0 -> True
Test Sample 9499 - Label : 1, Result : 1 -> True
Test Sample 9500 - Label : 2, Result : 2 -> True
Test Sample 9501 - Label : 3, Result : 3 -> True
Test Sample 9502 - Label : 4, Result : 4 -> True
Test Sample 9503 - Label : 5, Result : 5 -> True
Test Sample 9504 - Label : 6, Result : 6 -> True
Test Sample 9505 - Label : 7, Result : 7 -> True
Test Sample 9506 - Label : 8, Result : 8 -> True
Test Sample 9507 - Label : 9, Result : 9 -> True
Test Sample 9508 - Label : 0, Result : 0 -> True
Test Sample 9509 - Label : 1, Result : 1 -> True
Test Sample 9510 - Label : 2, Result : 2 -> True
Test Sample 9511 - Label : 3, Result : 3 -> True
Test Sample 9512 - Label : 4, Result : 4 -> True
Test Sample 9513 - Label : 5, Result : 5 -> True
Test Sample 9514 - Label : 6, Result : 6 -> True
Test Sample 9515 - Label : 7, Result : 7 -> True
Test Sample 9516 - Label : 8, Result : 8 -> True
Test Sample 9517 - Label : 9, Result : 9 -> True
Test Sample 9518 - Label : 1, Result : 1 -> True
Test Sample 9519 - Label : 0, Result : 0 -> True
Test Sample 9520 - Label : 1, Result : 1 -> True
Test Sample 9521 - Label : 2, Result : 2 -> True
Test Sample 9522 - Label : 7, Result : 7 -> True
Test Sample 9523 - Label : 5, Result : 5 -> True
Test Sample 9524 - Label : 3, Result : 3 -> True
Test Sample 9525 - Label : 4, Result : 4 -> True
Test Sample 9526 - Label : 4, Result : 4 -> True
Test Sample 9527 - Label : 0, Result : 0 -> True
Test Sample 9528 - Label : 0, Result : 0 -> True
Test Sample 9529 - Label : 6, Result : 6 -> True
Test Sample 9530 - Label : 9, Result : 9 -> True
Test Sample 9531 - Label : 6, Result : 6 -> True
Test Sample 9532 - Label : 6, Result : 6 -> True
Test Sample 9533 - Label : 5, Result : 5 -> True
Test Sample 9534 - Label : 7, Result : 7 -> True
Test Sample 9535 - Label : 2, Result : 2 -> True
Test Sample 9536 - Label : 3, Result : 3 -> True
Test Sample 9537 - Label : 4, Result : 4 -> True
Test Sample 9538 - Label : 4, Result : 4 -> True
Test Sample 9539 - Label : 9, Result : 9 -> True
Test Sample 9540 - Label : 1, Result : 1 -> True
Test Sample 9541 - Label : 4, Result : 4 -> True
Test Sample 9542 - Label : 0, Result : 0 -> True
Test Sample 9543 - Label : 7, Result : 7 -> True
Test Sample 9544 - Label : 9, Result : 9 -> True
Test Sample 9545 - Label : 5, Result : 5 -> True
Test Sample 9546 - Label : 7, Result : 7 -> True
Test Sample 9547 - Label : 2, Result : 2 -> True
Test Sample 9548 - Label : 3, Result : 3 -> True
Test Sample 9549 - Label : 1, Result : 1 -> True
Test Sample 9550 - Label : 4, Result : 4 -> True
Test Sample 9551 - Label : 4, Result : 4 -> True
Test Sample 9552 - Label : 0, Result : 0 -> True
Test Sample 9553 - Label : 9, Result : 9 -> True
Test Sample 9554 - Label : 9, Result : 9 -> True
Test Sample 9555 - Label : 6, Result : 6 -> True
Test Sample 9556 - Label : 1, Result : 1 -> True
Test Sample 9557 - Label : 8, Result : 8 -> True
Test Sample 9558 - Label : 3, Result : 3 -> True
Test Sample 9559 - Label : 3, Result : 3 -> True
Test Sample 9560 - Label : 7, Result : 7 -> True
Test Sample 9561 - Label : 3, Result : 3 -> True
Test Sample 9562 - Label : 9, Result : 9 -> True
Test Sample 9563 - Label : 8, Result : 8 -> True
Test Sample 9564 - Label : 8, Result : 8 -> True
Test Sample 9565 - Label : 4, Result : 4 -> True
Test Sample 9566 - Label : 7, Result : 7 -> True
Test Sample 9567 - Label : 7, Result : 7 -> True
Test Sample 9568 - Label : 6, Result : 6 -> True
Test Sample 9569 - Label : 2, Result : 2 -> True
Test Sample 9570 - Label : 1, Result : 1 -> True
Test Sample 9571 - Label : 9, Result : 9 -> True
Test Sample 9572 - Label : 8, Result : 8 -> True
Test Sample 9573 - Label : 7, Result : 7 -> True
Test Sample 9574 - Label : 8, Result : 8 -> True
Test Sample 9575 - Label : 8, Result : 8 -> True
Test Sample 9576 - Label : 7, Result : 7 -> True
Test Sample 9577 - Label : 2, Result : 2 -> True
Test Sample 9578 - Label : 2, Result : 2 -> True
Test Sample 9579 - Label : 3, Result : 3 -> True
Test Sample 9580 - Label : 9, Result : 9 -> True
Test Sample 9581 - Label : 3, Result : 3 -> True
Test Sample 9582 - Label : 3, Result : 3 -> True
Test Sample 9583 - Label : 5, Result : 5 -> True
Test Sample 9584 - Label : 5, Result : 5 -> True
Test Sample 9585 - Label : 0, Result : 0 -> True
Test Sample 9586 - Label : 7, Result : 7 -> True
Test Sample 9587 - Label : 9, Result : 4 -> False
Test Sample 9588 - Label : 5, Result : 5 -> True
Test Sample 9589 - Label : 6, Result : 6 -> True
Test Sample 9590 - Label : 5, Result : 5 -> True
Test Sample 9591 - Label : 1, Result : 1 -> True
Test Sample 9592 - Label : 4, Result : 4 -> True
Test Sample 9593 - Label : 1, Result : 1 -> True
Test Sample 9594 - Label : 1, Result : 1 -> True
Test Sample 9595 - Label : 2, Result : 2 -> True
Test Sample 9596 - Label : 8, Result : 8 -> True
Test Sample 9597 - Label : 2, Result : 2 -> True
Test Sample 9598 - Label : 6, Result : 6 -> True
Test Sample 9599 - Label : 1, Result : 1 -> True
Test Sample 9600 - Label : 5, Result : 5 -> True
Test Sample 9601 - Label : 0, Result : 0 -> True
Test Sample 9602 - Label : 1, Result : 1 -> True
Test Sample 9603 - Label : 2, Result : 2 -> True
Test Sample 9604 - Label : 3, Result : 3 -> True
Test Sample 9605 - Label : 4, Result : 4 -> True
Test Sample 9606 - Label : 5, Result : 5 -> True
Test Sample 9607 - Label : 6, Result : 6 -> True
Test Sample 9608 - Label : 7, Result : 7 -> True
Test Sample 9609 - Label : 8, Result : 8 -> True
Test Sample 9610 - Label : 9, Result : 9 -> True
Test Sample 9611 - Label : 0, Result : 0 -> True
Test Sample 9612 - Label : 1, Result : 1 -> True
Test Sample 9613 - Label : 2, Result : 2 -> True
Test Sample 9614 - Label : 3, Result : 3 -> True
Test Sample 9615 - Label : 4, Result : 4 -> True
Test Sample 9616 - Label : 5, Result : 5 -> True
Test Sample 9617 - Label : 6, Result : 6 -> True
Test Sample 9618 - Label : 7, Result : 7 -> True
Test Sample 9619 - Label : 8, Result : 8 -> True
Test Sample 9620 - Label : 9, Result : 9 -> True
Test Sample 9621 - Label : 0, Result : 0 -> True
Test Sample 9622 - Label : 1, Result : 1 -> True
Test Sample 9623 - Label : 2, Result : 2 -> True
Test Sample 9624 - Label : 3, Result : 3 -> True
Test Sample 9625 - Label : 4, Result : 4 -> True
Test Sample 9626 - Label : 5, Result : 5 -> True
Test Sample 9627 - Label : 6, Result : 6 -> True
Test Sample 9628 - Label : 7, Result : 7 -> True
Test Sample 9629 - Label : 8, Result : 8 -> True
Test Sample 9630 - Label : 8, Result : 8 -> True
Test Sample 9631 - Label : 0, Result : 0 -> True
Test Sample 9632 - Label : 6, Result : 6 -> True
Test Sample 9633 - Label : 0, Result : 0 -> True
Test Sample 9634 - Label : 0, Result : 0 -> True
Test Sample 9635 - Label : 2, Result : 2 -> True
Test Sample 9636 - Label : 3, Result : 3 -> True
Test Sample 9637 - Label : 7, Result : 7 -> True
Test Sample 9638 - Label : 9, Result : 7 -> False
Test Sample 9639 - Label : 4, Result : 4 -> True
Test Sample 9640 - Label : 7, Result : 7 -> True
Test Sample 9641 - Label : 1, Result : 1 -> True
Test Sample 9642 - Label : 9, Result : 7 -> False
Test Sample 9643 - Label : 1, Result : 1 -> True
Test Sample 9644 - Label : 7, Result : 7 -> True
Test Sample 9645 - Label : 1, Result : 1 -> True
Test Sample 9646 - Label : 4, Result : 4 -> True
Test Sample 9647 - Label : 0, Result : 0 -> True
Test Sample 9648 - Label : 0, Result : 0 -> True
Test Sample 9649 - Label : 1, Result : 1 -> True
Test Sample 9650 - Label : 7, Result : 7 -> True
Test Sample 9651 - Label : 5, Result : 5 -> True
Test Sample 9652 - Label : 7, Result : 7 -> True
Test Sample 9653 - Label : 1, Result : 1 -> True
Test Sample 9654 - Label : 3, Result : 3 -> True
Test Sample 9655 - Label : 3, Result : 3 -> True
Test Sample 9656 - Label : 3, Result : 3 -> True
Test Sample 9657 - Label : 1, Result : 1 -> True
Test Sample 9658 - Label : 6, Result : 6 -> True
Test Sample 9659 - Label : 9, Result : 9 -> True
Test Sample 9660 - Label : 7, Result : 7 -> True
Test Sample 9661 - Label : 1, Result : 1 -> True
Test Sample 9662 - Label : 3, Result : 3 -> True
Test Sample 9663 - Label : 0, Result : 0 -> True
Test Sample 9664 - Label : 2, Result : 7 -> False
Test Sample 9665 - Label : 6, Result : 6 -> True
Test Sample 9666 - Label : 0, Result : 0 -> True
Test Sample 9667 - Label : 8, Result : 8 -> True
Test Sample 9668 - Label : 9, Result : 9 -> True
Test Sample 9669 - Label : 4, Result : 4 -> True
Test Sample 9670 - Label : 3, Result : 3 -> True
Test Sample 9671 - Label : 5, Result : 5 -> True
Test Sample 9672 - Label : 4, Result : 4 -> True
Test Sample 9673 - Label : 8, Result : 8 -> True
Test Sample 9674 - Label : 1, Result : 1 -> True
Test Sample 9675 - Label : 5, Result : 5 -> True
Test Sample 9676 - Label : 9, Result : 9 -> True
Test Sample 9677 - Label : 0, Result : 0 -> True
Test Sample 9678 - Label : 6, Result : 6 -> True
Test Sample 9679 - Label : 6, Result : 3 -> False
Test Sample 9680 - Label : 3, Result : 3 -> True
Test Sample 9681 - Label : 8, Result : 8 -> True
Test Sample 9682 - Label : 1, Result : 1 -> True
Test Sample 9683 - Label : 4, Result : 4 -> True
Test Sample 9684 - Label : 7, Result : 7 -> True
Test Sample 9685 - Label : 5, Result : 5 -> True
Test Sample 9686 - Label : 2, Result : 2 -> True
Test Sample 9687 - Label : 0, Result : 0 -> True
Test Sample 9688 - Label : 0, Result : 0 -> True
Test Sample 9689 - Label : 1, Result : 1 -> True
Test Sample 9690 - Label : 7, Result : 7 -> True
Test Sample 9691 - Label : 8, Result : 8 -> True
Test Sample 9692 - Label : 9, Result : 7 -> False
Test Sample 9693 - Label : 6, Result : 6 -> True
Test Sample 9694 - Label : 8, Result : 8 -> True
Test Sample 9695 - Label : 8, Result : 8 -> True
Test Sample 9696 - Label : 2, Result : 2 -> True
Test Sample 9697 - Label : 3, Result : 3 -> True
Test Sample 9698 - Label : 6, Result : 6 -> True
Test Sample 9699 - Label : 1, Result : 1 -> True
Test Sample 9700 - Label : 2, Result : 2 -> True
Test Sample 9701 - Label : 9, Result : 9 -> True
Test Sample 9702 - Label : 5, Result : 5 -> True
Test Sample 9703 - Label : 2, Result : 2 -> True
Test Sample 9704 - Label : 0, Result : 0 -> True
Test Sample 9705 - Label : 1, Result : 1 -> True
Test Sample 9706 - Label : 2, Result : 2 -> True
Test Sample 9707 - Label : 3, Result : 3 -> True
Test Sample 9708 - Label : 4, Result : 4 -> True
Test Sample 9709 - Label : 5, Result : 5 -> True
Test Sample 9710 - Label : 6, Result : 6 -> True
Test Sample 9711 - Label : 7, Result : 7 -> True
Test Sample 9712 - Label : 8, Result : 8 -> True
Test Sample 9713 - Label : 9, Result : 9 -> True
Test Sample 9714 - Label : 0, Result : 0 -> True
Test Sample 9715 - Label : 1, Result : 1 -> True
Test Sample 9716 - Label : 2, Result : 3 -> False
Test Sample 9717 - Label : 3, Result : 3 -> True
Test Sample 9718 - Label : 4, Result : 4 -> True
Test Sample 9719 - Label : 5, Result : 5 -> True
Test Sample 9720 - Label : 6, Result : 6 -> True
Test Sample 9721 - Label : 7, Result : 7 -> True
Test Sample 9722 - Label : 8, Result : 8 -> True
Test Sample 9723 - Label : 9, Result : 9 -> True
Test Sample 9724 - Label : 0, Result : 0 -> True
Test Sample 9725 - Label : 1, Result : 1 -> True
Test Sample 9726 - Label : 2, Result : 2 -> True
Test Sample 9727 - Label : 3, Result : 3 -> True
Test Sample 9728 - Label : 4, Result : 4 -> True
Test Sample 9729 - Label : 5, Result : 6 -> False
Test Sample 9730 - Label : 6, Result : 6 -> True
Test Sample 9731 - Label : 7, Result : 7 -> True
Test Sample 9732 - Label : 8, Result : 8 -> True
Test Sample 9733 - Label : 9, Result : 9 -> True
Test Sample 9734 - Label : 7, Result : 7 -> True
Test Sample 9735 - Label : 4, Result : 4 -> True
Test Sample 9736 - Label : 6, Result : 6 -> True
Test Sample 9737 - Label : 1, Result : 1 -> True
Test Sample 9738 - Label : 4, Result : 4 -> True
Test Sample 9739 - Label : 0, Result : 0 -> True
Test Sample 9740 - Label : 9, Result : 9 -> True
Test Sample 9741 - Label : 9, Result : 7 -> False
Test Sample 9742 - Label : 3, Result : 3 -> True
Test Sample 9743 - Label : 7, Result : 7 -> True
Test Sample 9744 - Label : 8, Result : 8 -> True
Test Sample 9745 - Label : 4, Result : 4 -> True
Test Sample 9746 - Label : 7, Result : 7 -> True
Test Sample 9747 - Label : 5, Result : 5 -> True
Test Sample 9748 - Label : 8, Result : 8 -> True
Test Sample 9749 - Label : 5, Result : 5 -> True
Test Sample 9750 - Label : 3, Result : 3 -> True
Test Sample 9751 - Label : 2, Result : 2 -> True
Test Sample 9752 - Label : 2, Result : 3 -> False
Test Sample 9753 - Label : 0, Result : 0 -> True
Test Sample 9754 - Label : 5, Result : 5 -> True
Test Sample 9755 - Label : 8, Result : 8 -> True
Test Sample 9756 - Label : 6, Result : 6 -> True
Test Sample 9757 - Label : 0, Result : 0 -> True
Test Sample 9758 - Label : 3, Result : 3 -> True
Test Sample 9759 - Label : 8, Result : 8 -> True
Test Sample 9760 - Label : 1, Result : 1 -> True
Test Sample 9761 - Label : 0, Result : 0 -> True
Test Sample 9762 - Label : 3, Result : 3 -> True
Test Sample 9763 - Label : 0, Result : 0 -> True
Test Sample 9764 - Label : 4, Result : 4 -> True
Test Sample 9765 - Label : 7, Result : 7 -> True
Test Sample 9766 - Label : 4, Result : 4 -> True
Test Sample 9767 - Label : 9, Result : 9 -> True
Test Sample 9768 - Label : 2, Result : 3 -> False
Test Sample 9769 - Label : 9, Result : 9 -> True
Test Sample 9770 - Label : 5, Result : 0 -> False
Test Sample 9771 - Label : 7, Result : 7 -> True
Test Sample 9772 - Label : 1, Result : 1 -> True
Test Sample 9773 - Label : 7, Result : 7 -> True
Test Sample 9774 - Label : 1, Result : 1 -> True
Test Sample 9775 - Label : 6, Result : 6 -> True
Test Sample 9776 - Label : 6, Result : 6 -> True
Test Sample 9777 - Label : 5, Result : 5 -> True
Test Sample 9778 - Label : 6, Result : 6 -> True
Test Sample 9779 - Label : 2, Result : 2 -> True
Test Sample 9780 - Label : 8, Result : 8 -> True
Test Sample 9781 - Label : 7, Result : 7 -> True
Test Sample 9782 - Label : 6, Result : 6 -> True
Test Sample 9783 - Label : 4, Result : 4 -> True
Test Sample 9784 - Label : 9, Result : 9 -> True
Test Sample 9785 - Label : 9, Result : 9 -> True
Test Sample 9786 - Label : 5, Result : 5 -> True
Test Sample 9787 - Label : 3, Result : 3 -> True
Test Sample 9788 - Label : 7, Result : 7 -> True
Test Sample 9789 - Label : 4, Result : 4 -> True
Test Sample 9790 - Label : 3, Result : 3 -> True
Test Sample 9791 - Label : 0, Result : 0 -> True
Test Sample 9792 - Label : 4, Result : 1 -> False
Test Sample 9793 - Label : 6, Result : 6 -> True
Test Sample 9794 - Label : 6, Result : 6 -> True
Test Sample 9795 - Label : 1, Result : 1 -> True
Test Sample 9796 - Label : 1, Result : 1 -> True
Test Sample 9797 - Label : 3, Result : 3 -> True
Test Sample 9798 - Label : 2, Result : 2 -> True
Test Sample 9799 - Label : 1, Result : 1 -> True
Test Sample 9800 - Label : 0, Result : 0 -> True
Test Sample 9801 - Label : 0, Result : 0 -> True
Test Sample 9802 - Label : 1, Result : 1 -> True
Test Sample 9803 - Label : 2, Result : 2 -> True
Test Sample 9804 - Label : 3, Result : 3 -> True
Test Sample 9805 - Label : 4, Result : 4 -> True
Test Sample 9806 - Label : 7, Result : 7 -> True
Test Sample 9807 - Label : 8, Result : 8 -> True
Test Sample 9808 - Label : 9, Result : 9 -> True
Test Sample 9809 - Label : 0, Result : 0 -> True
Test Sample 9810 - Label : 1, Result : 1 -> True
Test Sample 9811 - Label : 2, Result : 8 -> False
Test Sample 9812 - Label : 3, Result : 3 -> True
Test Sample 9813 - Label : 4, Result : 4 -> True
Test Sample 9814 - Label : 5, Result : 5 -> True
Test Sample 9815 - Label : 6, Result : 6 -> True
Test Sample 9816 - Label : 7, Result : 7 -> True
Test Sample 9817 - Label : 8, Result : 8 -> True
Test Sample 9818 - Label : 0, Result : 0 -> True
Test Sample 9819 - Label : 1, Result : 1 -> True
Test Sample 9820 - Label : 2, Result : 2 -> True
Test Sample 9821 - Label : 3, Result : 3 -> True
Test Sample 9822 - Label : 4, Result : 4 -> True
Test Sample 9823 - Label : 7, Result : 7 -> True
Test Sample 9824 - Label : 8, Result : 8 -> True
Test Sample 9825 - Label : 9, Result : 9 -> True
Test Sample 9826 - Label : 0, Result : 0 -> True
Test Sample 9827 - Label : 8, Result : 8 -> True
Test Sample 9828 - Label : 3, Result : 3 -> True
Test Sample 9829 - Label : 9, Result : 9 -> True
Test Sample 9830 - Label : 5, Result : 5 -> True
Test Sample 9831 - Label : 5, Result : 5 -> True
Test Sample 9832 - Label : 2, Result : 2 -> True
Test Sample 9833 - Label : 6, Result : 6 -> True
Test Sample 9834 - Label : 8, Result : 8 -> True
Test Sample 9835 - Label : 4, Result : 4 -> True
Test Sample 9836 - Label : 1, Result : 1 -> True
Test Sample 9837 - Label : 7, Result : 7 -> True
Test Sample 9838 - Label : 1, Result : 1 -> True
Test Sample 9839 - Label : 2, Result : 2 -> True
Test Sample 9840 - Label : 3, Result : 3 -> True
Test Sample 9841 - Label : 5, Result : 5 -> True
Test Sample 9842 - Label : 6, Result : 6 -> True
Test Sample 9843 - Label : 9, Result : 9 -> True
Test Sample 9844 - Label : 1, Result : 1 -> True
Test Sample 9845 - Label : 1, Result : 1 -> True
Test Sample 9846 - Label : 1, Result : 1 -> True
Test Sample 9847 - Label : 2, Result : 2 -> True
Test Sample 9848 - Label : 1, Result : 1 -> True
Test Sample 9849 - Label : 2, Result : 2 -> True
Test Sample 9850 - Label : 0, Result : 0 -> True
Test Sample 9851 - Label : 7, Result : 7 -> True
Test Sample 9852 - Label : 7, Result : 7 -> True
Test Sample 9853 - Label : 5, Result : 5 -> True
Test Sample 9854 - Label : 8, Result : 8 -> True
Test Sample 9855 - Label : 2, Result : 2 -> True
Test Sample 9856 - Label : 9, Result : 5 -> False
Test Sample 9857 - Label : 8, Result : 8 -> True
Test Sample 9858 - Label : 6, Result : 6 -> True
Test Sample 9859 - Label : 7, Result : 7 -> True
Test Sample 9860 - Label : 3, Result : 3 -> True
Test Sample 9861 - Label : 4, Result : 4 -> True
Test Sample 9862 - Label : 6, Result : 6 -> True
Test Sample 9863 - Label : 8, Result : 8 -> True
Test Sample 9864 - Label : 7, Result : 7 -> True
Test Sample 9865 - Label : 0, Result : 0 -> True
Test Sample 9866 - Label : 4, Result : 4 -> True
Test Sample 9867 - Label : 2, Result : 2 -> True
Test Sample 9868 - Label : 7, Result : 7 -> True
Test Sample 9869 - Label : 7, Result : 7 -> True
Test Sample 9870 - Label : 5, Result : 5 -> True
Test Sample 9871 - Label : 4, Result : 4 -> True
Test Sample 9872 - Label : 3, Result : 3 -> True
Test Sample 9873 - Label : 4, Result : 4 -> True
Test Sample 9874 - Label : 2, Result : 2 -> True
Test Sample 9875 - Label : 8, Result : 8 -> True
Test Sample 9876 - Label : 1, Result : 1 -> True
Test Sample 9877 - Label : 5, Result : 5 -> True
Test Sample 9878 - Label : 1, Result : 1 -> True
Test Sample 9879 - Label : 0, Result : 0 -> True
Test Sample 9880 - Label : 2, Result : 2 -> True
Test Sample 9881 - Label : 3, Result : 3 -> True
Test Sample 9882 - Label : 3, Result : 3 -> True
Test Sample 9883 - Label : 5, Result : 5 -> True
Test Sample 9884 - Label : 7, Result : 7 -> True
Test Sample 9885 - Label : 0, Result : 0 -> True
Test Sample 9886 - Label : 6, Result : 6 -> True
Test Sample 9887 - Label : 8, Result : 8 -> True
Test Sample 9888 - Label : 6, Result : 6 -> True
Test Sample 9889 - Label : 3, Result : 3 -> True
Test Sample 9890 - Label : 9, Result : 9 -> True
Test Sample 9891 - Label : 9, Result : 9 -> True
Test Sample 9892 - Label : 8, Result : 5 -> False
Test Sample 9893 - Label : 2, Result : 2 -> True
Test Sample 9894 - Label : 7, Result : 7 -> True
Test Sample 9895 - Label : 7, Result : 7 -> True
Test Sample 9896 - Label : 1, Result : 1 -> True
Test Sample 9897 - Label : 0, Result : 0 -> True
Test Sample 9898 - Label : 1, Result : 1 -> True
Test Sample 9899 - Label : 7, Result : 7 -> True
Test Sample 9900 - Label : 8, Result : 8 -> True
Test Sample 9901 - Label : 9, Result : 9 -> True
Test Sample 9902 - Label : 0, Result : 0 -> True
Test Sample 9903 - Label : 1, Result : 1 -> True
Test Sample 9904 - Label : 2, Result : 2 -> True
Test Sample 9905 - Label : 3, Result : 8 -> False
Test Sample 9906 - Label : 4, Result : 4 -> True
Test Sample 9907 - Label : 5, Result : 5 -> True
Test Sample 9908 - Label : 6, Result : 6 -> True
Test Sample 9909 - Label : 7, Result : 7 -> True
Test Sample 9910 - Label : 8, Result : 8 -> True
Test Sample 9911 - Label : 0, Result : 0 -> True
Test Sample 9912 - Label : 1, Result : 1 -> True
Test Sample 9913 - Label : 2, Result : 2 -> True
Test Sample 9914 - Label : 3, Result : 3 -> True
Test Sample 9915 - Label : 4, Result : 4 -> True
Test Sample 9916 - Label : 7, Result : 7 -> True
Test Sample 9917 - Label : 8, Result : 8 -> True
Test Sample 9918 - Label : 9, Result : 9 -> True
Test Sample 9919 - Label : 7, Result : 7 -> True
Test Sample 9920 - Label : 8, Result : 8 -> True
Test Sample 9921 - Label : 6, Result : 6 -> True
Test Sample 9922 - Label : 4, Result : 4 -> True
Test Sample 9923 - Label : 1, Result : 1 -> True
Test Sample 9924 - Label : 9, Result : 9 -> True
Test Sample 9925 - Label : 3, Result : 3 -> True
Test Sample 9926 - Label : 8, Result : 8 -> True
Test Sample 9927 - Label : 4, Result : 4 -> True
Test Sample 9928 - Label : 4, Result : 4 -> True
Test Sample 9929 - Label : 7, Result : 7 -> True
Test Sample 9930 - Label : 0, Result : 0 -> True
Test Sample 9931 - Label : 1, Result : 1 -> True
Test Sample 9932 - Label : 9, Result : 9 -> True
Test Sample 9933 - Label : 2, Result : 2 -> True
Test Sample 9934 - Label : 8, Result : 8 -> True
Test Sample 9935 - Label : 7, Result : 7 -> True
Test Sample 9936 - Label : 8, Result : 8 -> True
Test Sample 9937 - Label : 2, Result : 2 -> True
Test Sample 9938 - Label : 6, Result : 6 -> True
Test Sample 9939 - Label : 0, Result : 0 -> True
Test Sample 9940 - Label : 6, Result : 6 -> True
Test Sample 9941 - Label : 5, Result : 5 -> True
Test Sample 9942 - Label : 3, Result : 3 -> True
Test Sample 9943 - Label : 3, Result : 3 -> True
Test Sample 9944 - Label : 3, Result : 3 -> True
Test Sample 9945 - Label : 9, Result : 9 -> True
Test Sample 9946 - Label : 1, Result : 1 -> True
Test Sample 9947 - Label : 4, Result : 4 -> True
Test Sample 9948 - Label : 0, Result : 0 -> True
Test Sample 9949 - Label : 6, Result : 6 -> True
Test Sample 9950 - Label : 1, Result : 1 -> True
Test Sample 9951 - Label : 0, Result : 0 -> True
Test Sample 9952 - Label : 0, Result : 0 -> True
Test Sample 9953 - Label : 6, Result : 6 -> True
Test Sample 9954 - Label : 2, Result : 2 -> True
Test Sample 9955 - Label : 1, Result : 1 -> True
Test Sample 9956 - Label : 1, Result : 1 -> True
Test Sample 9957 - Label : 7, Result : 7 -> True
Test Sample 9958 - Label : 7, Result : 7 -> True
Test Sample 9959 - Label : 8, Result : 8 -> True
Test Sample 9960 - Label : 4, Result : 4 -> True
Test Sample 9961 - Label : 6, Result : 6 -> True
Test Sample 9962 - Label : 0, Result : 0 -> True
Test Sample 9963 - Label : 7, Result : 7 -> True
Test Sample 9964 - Label : 0, Result : 0 -> True
Test Sample 9965 - Label : 3, Result : 3 -> True
Test Sample 9966 - Label : 6, Result : 6 -> True
Test Sample 9967 - Label : 8, Result : 8 -> True
Test Sample 9968 - Label : 7, Result : 7 -> True
Test Sample 9969 - Label : 1, Result : 1 -> True
Test Sample 9970 - Label : 5, Result : 5 -> True
Test Sample 9971 - Label : 2, Result : 2 -> True
Test Sample 9972 - Label : 4, Result : 4 -> True
Test Sample 9973 - Label : 9, Result : 9 -> True
Test Sample 9974 - Label : 4, Result : 4 -> True
Test Sample 9975 - Label : 3, Result : 3 -> True
Test Sample 9976 - Label : 6, Result : 6 -> True
Test Sample 9977 - Label : 4, Result : 4 -> True
Test Sample 9978 - Label : 1, Result : 1 -> True
Test Sample 9979 - Label : 7, Result : 7 -> True
Test Sample 9980 - Label : 2, Result : 2 -> True
Test Sample 9981 - Label : 6, Result : 6 -> True
Test Sample 9982 - Label : 5, Result : 6 -> False
Test Sample 9983 - Label : 0, Result : 0 -> True
Test Sample 9984 - Label : 1, Result : 1 -> True
Test Sample 9985 - Label : 2, Result : 2 -> True
Test Sample 9986 - Label : 3, Result : 3 -> True
Test Sample 9987 - Label : 4, Result : 4 -> True
Test Sample 9988 - Label : 5, Result : 5 -> True
Test Sample 9989 - Label : 6, Result : 6 -> True
Test Sample 9990 - Label : 7, Result : 7 -> True
Test Sample 9991 - Label : 8, Result : 8 -> True
Test Sample 9992 - Label : 9, Result : 9 -> True
Test Sample 9993 - Label : 0, Result : 0 -> True
Test Sample 9994 - Label : 1, Result : 1 -> True
Test Sample 9995 - Label : 2, Result : 2 -> True
Test Sample 9996 - Label : 3, Result : 3 -> True
Test Sample 9997 - Label : 4, Result : 4 -> True
Test Sample 9998 - Label : 5, Result : 5 -> True
Test Sample 9999 - Label : 6, Result : 6 -> True
Test Result : True - 9789, False - 211, Error Rate - 0.0211
